[DEBUG] Subcategoría duplicada omitida por URL: [Gato] Alimento Seco -> https://super.lider.cl/browse/mascotas/perro/alimento-seco/07089592_29432822_59354834
[DEBUG] Subcategoría duplicada omitida por URL: [Gato] Alimento Humedo -> https://super.lider.cl/browse/mascotas/perro/alimento-humedo/07089592_29432822_02175062
[DEBUG] Subcategoría duplicada omitida por URL: [Gato] Snack y Premios -> https://super.lider.cl/browse/mascotas/perro/snack-y-premios/07089592_29432822_49543527
[DEBUG] Subcategoría duplicada omitida por URL: [Gato] Alimento Seco -> https://super.lider.cl/browse/mascotas/gato/alimento-seco/07089592_85723699_38537300
[DEBUG] Subcategoría duplicada omitida por URL: [Gato] Alimento Humedo -> https://super.lider.cl/browse/mascotas/gato/alimento-humedo/07089592_85723699_39598429
[DEBUG] Subcategoría duplicada omitida por URL: [Gato] Snack y Premios -> https://super.lider.cl/browse/mascotas/gato/snack-y-premios/07089592_85723699_83034796
[DEBUG] Subcategoría duplicada omitida por URL: [Gato] Alimento Conejo -> https://super.lider.cl/browse/mascotas/otras-mascotas/alimento-conejo/07089592_42714284_49619948
[DEBUG] Subcategoría duplicada omitida por URL: [Gato] Alimento Pajaro -> https://super.lider.cl/browse/mascotas/otras-mascotas/alimento-pajaro/07089592_42714284_59337773
[DEBUG] Subcategoría duplicada omitida por URL: [Gato] Alimento Roedor -> https://super.lider.cl/browse/mascotas/otras-mascotas/alimento-roedor/07089592_42714284_53427902
[DEBUG] Subcategoría duplicada omitida por URL: [Gato] Arena para Gato -> https://super.lider.cl/browse/mascotas/higiene-y-bienestar/arena-para-gato/07089592_02342029_67185424
[DEBUG] Subcategoría duplicada omitida por URL: [Gato] Bolsas y Accesorios Sanitarios -> https://super.lider.cl/browse/mascotas/higiene-y-bienestar/bolsas-y-accesorios-sanitarios/07089592_02342029_52790901
[DEBUG] Subcategoría duplicada omitida por URL: [Gato] Baño y Limpieza -> https://super.lider.cl/browse/mascotas/higiene-y-bienestar/bao-y-limpieza/07089592_02342029_81556437
[DEBUG] Subcategoría duplicada omitida por URL: [Gato] Collares arnes y correas -> https://super.lider.cl/browse/mascotas/accesorios-y-juguetes/collares-arnes-y-correas/07089592_73368248_78844187
[DEBUG] Subcategoría duplicada omitida por URL: [Gato] Casas platos y accesorios -> https://super.lider.cl/browse/mascotas/accesorios-y-juguetes/casas-platos-y-accesorios/07089592_73368248_54392300
[DEBUG] Subcategoría duplicada omitida por URL: [Gato] Juguetes y Rascadores -> https://super.lider.cl/browse/mascotas/accesorios-y-juguetes/juguetes-y-rascadores/07089592_73368248_99350993
[DEBUG] Subcategoría duplicada omitida por URL: [Otras Mascotas] Alimento Seco -> https://super.lider.cl/browse/mascotas/perro/alimento-seco/07089592_29432822_59354834
[DEBUG] Subcategoría duplicada omitida por URL: [Otras Mascotas] Alimento Humedo -> https://super.lider.cl/browse/mascotas/perro/alimento-humedo/07089592_29432822_02175062
[DEBUG] Subcategoría duplicada omitida por URL: [Otras Mascotas] Snack y Premios -> https://super.lider.cl/browse/mascotas/perro/snack-y-premios/07089592_29432822_49543527
[DEBUG] Subcategoría duplicada omitida por URL: [Otras Mascotas] Alimento Seco -> https://super.lider.cl/browse/mascotas/gato/alimento-seco/07089592_85723699_38537300
[DEBUG] Subcategoría duplicada omitida por URL: [Otras Mascotas] Alimento Humedo -> https://super.lider.cl/browse/mascotas/gato/alimento-humedo/07089592_85723699_39598429
[DEBUG] Subcategoría duplicada omitida por URL: [Otras Mascotas] Snack y Premios -> https://super.lider.cl/browse/mascotas/gato/snack-y-premios/07089592_85723699_83034796
[DEBUG] Subcategoría duplicada omitida por URL: [Otras Mascotas] Alimento Conejo -> https://super.lider.cl/browse/mascotas/otras-mascotas/alimento-conejo/07089592_42714284_49619948
[DEBUG] Subcategoría duplicada omitida por URL: [Otras Mascotas] Alimento Pajaro -> https://super.lider.cl/browse/mascotas/otras-mascotas/alimento-pajaro/07089592_42714284_59337773
[DEBUG] Subcategoría duplicada omitida por URL: [Otras Mascotas] Alimento Roedor -> https://super.lider.cl/browse/mascotas/otras-mascotas/alimento-roedor/07089592_42714284_53427902
[DEBUG] Subcategoría duplicada omitida por URL: [Otras Mascotas] Arena para Gato -> https://super.lider.cl/browse/mascotas/higiene-y-bienestar/arena-para-gato/07089592_02342029_67185424
[DEBUG] Subcategoría duplicada omitida por URL: [Otras Mascotas] Bolsas y Accesorios Sanitarios -> https://super.lider.cl/browse/mascotas/higiene-y-bienestar/bolsas-y-accesorios-sanitarios/07089592_02342029_52790901
[DEBUG] Subcategoría duplicada omitida por URL: [Otras Mascotas] Baño y Limpieza -> https://super.lider.cl/browse/mascotas/higiene-y-bienestar/bao-y-limpieza/07089592_02342029_81556437
[DEBUG] Subcategoría duplicada omitida por URL: [Otras Mascotas] Collares arnes y correas -> https://super.lider.cl/browse/mascotas/accesorios-y-juguetes/collares-arnes-y-correas/07089592_73368248_78844187
[DEBUG] Subcategoría duplicada omitida por URL: [Otras Mascotas] Casas platos y accesorios -> https://super.lider.cl/browse/mascotas/accesorios-y-juguetes/casas-platos-y-accesorios/07089592_73368248_54392300
[DEBUG] Subcategoría duplicada omitida por URL: [Otras Mascotas] Juguetes y Rascadores -> https://super.lider.cl/browse/mascotas/accesorios-y-juguetes/juguetes-y-rascadores/07089592_73368248_99350993
[DEBUG] Subcategoría duplicada omitida por URL: [Higiene y Bienestar] Alimento Seco -> https://super.lider.cl/browse/mascotas/perro/alimento-seco/07089592_29432822_59354834
[DEBUG] Subcategoría duplicada omitida por URL: [Higiene y Bienestar] Alimento Humedo -> https://super.lider.cl/browse/mascotas/perro/alimento-humedo/07089592_29432822_02175062
[DEBUG] Subcategoría duplicada omitida por URL: [Higiene y Bienestar] Snack y Premios -> https://super.lider.cl/browse/mascotas/perro/snack-y-premios/07089592_29432822_49543527
[DEBUG] Subcategoría duplicada omitida por URL: [Higiene y Bienestar] Alimento Seco -> https://super.lider.cl/browse/mascotas/gato/alimento-seco/07089592_85723699_38537300
[DEBUG] Subcategoría duplicada omitida por URL: [Higiene y Bienestar] Alimento Humedo -> https://super.lider.cl/browse/mascotas/gato/alimento-humedo/07089592_85723699_39598429
[DEBUG] Subcategoría duplicada omitida por URL: [Higiene y Bienestar] Snack y Premios -> https://super.lider.cl/browse/mascotas/gato/snack-y-premios/07089592_85723699_83034796
[DEBUG] Subcategoría duplicada omitida por URL: [Higiene y Bienestar] Alimento Conejo -> https://super.lider.cl/browse/mascotas/otras-mascotas/alimento-conejo/07089592_42714284_49619948
[DEBUG] Subcategoría duplicada omitida por URL: [Higiene y Bienestar] Alimento Pajaro -> https://super.lider.cl/browse/mascotas/otras-mascotas/alimento-pajaro/07089592_42714284_59337773
[DEBUG] Subcategoría duplicada omitida por URL: [Higiene y Bienestar] Alimento Roedor -> https://super.lider.cl/browse/mascotas/otras-mascotas/alimento-roedor/07089592_42714284_53427902
[DEBUG] Subcategoría duplicada omitida por URL: [Higiene y Bienestar] Arena para Gato -> https://super.lider.cl/browse/mascotas/higiene-y-bienestar/arena-para-gato/07089592_02342029_67185424
[DEBUG] Subcategoría duplicada omitida por URL: [Higiene y Bienestar] Bolsas y Accesorios Sanitarios -> https://super.lider.cl/browse/mascotas/higiene-y-bienestar/bolsas-y-accesorios-sanitarios/07089592_02342029_52790901
[DEBUG] Subcategoría duplicada omitida por URL: [Higiene y Bienestar] Baño y Limpieza -> https://super.lider.cl/browse/mascotas/higiene-y-bienestar/bao-y-limpieza/07089592_02342029_81556437
[DEBUG] Subcategoría duplicada omitida por URL: [Higiene y Bienestar] Collares arnes y correas -> https://super.lider.cl/browse/mascotas/accesorios-y-juguetes/collares-arnes-y-correas/07089592_73368248_78844187
[DEBUG] Subcategoría duplicada omitida por URL: [Higiene y Bienestar] Casas platos y accesorios -> https://super.lider.cl/browse/mascotas/accesorios-y-juguetes/casas-platos-y-accesorios/07089592_73368248_54392300
[DEBUG] Subcategoría duplicada omitida por URL: [Higiene y Bienestar] Juguetes y Rascadores -> https://super.lider.cl/browse/mascotas/accesorios-y-juguetes/juguetes-y-rascadores/07089592_73368248_99350993
[DEBUG] Subcategoría duplicada omitida por URL: [Accesorios y Juguetes] Alimento Seco -> https://super.lider.cl/browse/mascotas/perro/alimento-seco/07089592_29432822_59354834
[DEBUG] Subcategoría duplicada omitida por URL: [Accesorios y Juguetes] Alimento Humedo -> https://super.lider.cl/browse/mascotas/perro/alimento-humedo/07089592_29432822_02175062
[DEBUG] Subcategoría duplicada omitida por URL: [Accesorios y Juguetes] Snack y Premios -> https://super.lider.cl/browse/mascotas/perro/snack-y-premios/07089592_29432822_49543527
[DEBUG] Subcategoría duplicada omitida por URL: [Accesorios y Juguetes] Alimento Seco -> https://super.lider.cl/browse/mascotas/gato/alimento-seco/07089592_85723699_38537300
[DEBUG] Subcategoría duplicada omitida por URL: [Accesorios y Juguetes] Alimento Humedo -> https://super.lider.cl/browse/mascotas/gato/alimento-humedo/07089592_85723699_39598429
[DEBUG] Subcategoría duplicada omitida por URL: [Accesorios y Juguetes] Snack y Premios -> https://super.lider.cl/browse/mascotas/gato/snack-y-premios/07089592_85723699_83034796
[DEBUG] Subcategoría duplicada omitida por URL: [Accesorios y Juguetes] Alimento Conejo -> https://super.lider.cl/browse/mascotas/otras-mascotas/alimento-conejo/07089592_42714284_49619948
[DEBUG] Subcategoría duplicada omitida por URL: [Accesorios y Juguetes] Alimento Pajaro -> https://super.lider.cl/browse/mascotas/otras-mascotas/alimento-pajaro/07089592_42714284_59337773
[DEBUG] Subcategoría duplicada omitida por URL: [Accesorios y Juguetes] Alimento Roedor -> https://super.lider.cl/browse/mascotas/otras-mascotas/alimento-roedor/07089592_42714284_53427902
[DEBUG] Subcategoría duplicada omitida por URL: [Accesorios y Juguetes] Arena para Gato -> https://super.lider.cl/browse/mascotas/higiene-y-bienestar/arena-para-gato/07089592_02342029_67185424
[DEBUG] Subcategoría duplicada omitida por URL: [Accesorios y Juguetes] Bolsas y Accesorios Sanitarios -> https://super.lider.cl/browse/mascotas/higiene-y-bienestar/bolsas-y-accesorios-sanitarios/07089592_02342029_52790901
[DEBUG] Subcategoría duplicada omitida por URL: [Accesorios y Juguetes] Baño y Limpieza -> https://super.lider.cl/browse/mascotas/higiene-y-bienestar/bao-y-limpieza/07089592_02342029_81556437
[DEBUG] Subcategoría duplicada omitida por URL: [Accesorios y Juguetes] Collares arnes y correas -> https://super.lider.cl/browse/mascotas/accesorios-y-juguetes/collares-arnes-y-correas/07089592_73368248_78844187
[DEBUG] Subcategoría duplicada omitida por URL: [Accesorios y Juguetes] Casas platos y accesorios -> https://super.lider.cl/browse/mascotas/accesorios-y-juguetes/casas-platos-y-accesorios/07089592_73368248_54392300
[DEBUG] Subcategoría duplicada omitida por URL: [Accesorios y Juguetes] Juguetes y Rascadores -> https://super.lider.cl/browse/mascotas/accesorios-y-juguetes/juguetes-y-rascadores/07089592_73368248_99350993

[DEBUG] Subcategorías finales detectadas:
 - [Perro] Alimento Seco -> https://super.lider.cl/browse/mascotas/perro/alimento-seco/07089592_29432822_59354834
 - [Perro] Alimento Humedo -> https://super.lider.cl/browse/mascotas/perro/alimento-humedo/07089592_29432822_02175062
 - [Perro] Snack y Premios -> https://super.lider.cl/browse/mascotas/perro/snack-y-premios/07089592_29432822_49543527
 - [Perro] Alimento Seco -> https://super.lider.cl/browse/mascotas/gato/alimento-seco/07089592_85723699_38537300
 - [Perro] Alimento Humedo -> https://super.lider.cl/browse/mascotas/gato/alimento-humedo/07089592_85723699_39598429
 - [Perro] Snack y Premios -> https://super.lider.cl/browse/mascotas/gato/snack-y-premios/07089592_85723699_83034796
 - [Perro] Alimento Conejo -> https://super.lider.cl/browse/mascotas/otras-mascotas/alimento-conejo/07089592_42714284_49619948
 - [Perro] Alimento Pajaro -> https://super.lider.cl/browse/mascotas/otras-mascotas/alimento-pajaro/07089592_42714284_59337773
 - [Perro] Alimento Roedor -> https://super.lider.cl/browse/mascotas/otras-mascotas/alimento-roedor/07089592_42714284_53427902
 - [Perro] Arena para Gato -> https://super.lider.cl/browse/mascotas/higiene-y-bienestar/arena-para-gato/07089592_02342029_67185424
 - [Perro] Bolsas y Accesorios Sanitarios -> https://super.lider.cl/browse/mascotas/higiene-y-bienestar/bolsas-y-accesorios-sanitarios/07089592_02342029_52790901
 - [Perro] Baño y Limpieza -> https://super.lider.cl/browse/mascotas/higiene-y-bienestar/bao-y-limpieza/07089592_02342029_81556437
 - [Perro] Collares arnes y correas -> https://super.lider.cl/browse/mascotas/accesorios-y-juguetes/collares-arnes-y-correas/07089592_73368248_78844187
 - [Perro] Casas platos y accesorios -> https://super.lider.cl/browse/mascotas/accesorios-y-juguetes/casas-platos-y-accesorios/07089592_73368248_54392300
 - [Perro] Juguetes y Rascadores -> https://super.lider.cl/browse/mascotas/accesorios-y-juguetes/juguetes-y-rascadores/07089592_73368248_99350993

[1/15] Scrape: [Perro] Alimento Seco
    page 1: procesando DOM
      scroll round 1: anchors=24
      scroll round 2: anchors=44
      scroll round 3: anchors=44
      scroll round 4: anchors=44
      scroll round 5: anchors=44
      scroll round 6: anchors=44
      scroll round 7: anchors=44
      scroll round 8: anchors=44
    page 1: visibles=44, nuevos=44, acumulados=44
    page 1: sample_skus=['00780410000086', '00780192000083', '00844529133306', '00780192000105', '00779745300033', '00780443800158', '00779745300159', '00779745300157', '00779745300153', '00761328790987']
    page 2: procesando DOM
      scroll round 1: anchors=18
      scroll round 2: anchors=18
      scroll round 3: anchors=18
      scroll round 4: anchors=18
      scroll round 5: anchors=18
      scroll round 6: anchors=18
      scroll round 7: anchors=18
      scroll round 8: anchors=18
    page 2: visibles=18, nuevos=18, acumulados=62
    page 2: sample_skus=['00761303595092', '00040005088006', '00779745397250', '00761328722489', '00761328722511', '00844529056408', '00780257553361', '00761328722553', '00040005088009', '00040005088007']
    page 2: no se pudo avanzar al paginador siguiente
  productos acumulados subcategoría: 62

[2/15] Scrape: [Perro] Alimento Humedo
    page 1: procesando DOM
      scroll round 1: anchors=24
      scroll round 2: anchors=35
      scroll round 3: anchors=35
      scroll round 4: anchors=35
      scroll round 5: anchors=35
      scroll round 6: anchors=35
      scroll round 7: anchors=35
      scroll round 8: anchors=35
    page 1: visibles=35, nuevos=35, acumulados=35
    page 1: sample_skus=['00780410000174', '00085000671554', '00779745300079', '00779745300047', '00779745300048', '00779745300080', '00085000671539', '00779745397176', '00780410000175', '00085000671543']
    page 1: no se pudo avanzar al paginador siguiente
  productos acumulados subcategoría: 35

[3/15] Scrape: [Perro] Snack y Premios
    page 1: procesando DOM
      scroll round 1: anchors=24
      scroll round 2: anchors=36
      scroll round 3: anchors=44
      scroll round 4: anchors=44
      scroll round 5: anchors=44
      scroll round 6: anchors=44
      scroll round 7: anchors=44
      scroll round 8: anchors=44
    page 1: visibles=44, nuevos=44, acumulados=44
    page 1: sample_skus=['00780467962008', '00085000671554', '00780550500667', '00780192000178', '00085000671539', '00789602905236', '00779745397185', '00085000671543', '00780460346599', '00074674766603']
    page 2: procesando DOM
      scroll round 1: anchors=24
      scroll round 2: anchors=36
      scroll round 3: anchors=36
      scroll round 4: anchors=36
      scroll round 5: anchors=36
      scroll round 6: anchors=36
      scroll round 7: anchors=36
      scroll round 8: anchors=36
    page 2: visibles=36, nuevos=35, acumulados=79
    page 2: sample_skus=['00074674766605', '00074674766607', '00780467341000', '00085000671556', '00780465625062', '00065952511102', '00074674766572', '00400823959123', '00780445700203', '00065952511113']
    page 2: no se pudo avanzar al paginador siguiente
  productos acumulados subcategoría: 79

[4/15] Scrape: [Perro] Alimento Seco
    page 1: procesando DOM
      scroll round 1: anchors=24
      scroll round 2: anchors=42
      scroll round 3: anchors=42
      scroll round 4: anchors=42
      scroll round 5: anchors=42
      scroll round 6: anchors=42
      scroll round 7: anchors=42
      scroll round 8: anchors=42
    page 1: visibles=42, nuevos=42, acumulados=42
    page 1: sample_skus=['00761303595142', '00761303932101', '00761303595120', '00780192000140', '00780257553466', '00844529059273', '00779745397106', '00780192000164', '00779745397235', '00780443800368']
    page 1: no se pudo avanzar al paginador siguiente
  productos acumulados subcategoría: 42

[5/15] Scrape: [Perro] Alimento Humedo
    page 1: procesando DOM
      scroll round 1: anchors=24
      scroll round 2: anchors=39
      scroll round 3: anchors=39
      scroll round 4: anchors=39
      scroll round 5: anchors=39
      scroll round 6: anchors=39
      scroll round 7: anchors=39
      scroll round 8: anchors=39
    page 1: visibles=39, nuevos=39, acumulados=39
    page 1: sample_skus=['00085595800655', '00779745300055', '00779745300042', '00005000029048', '00779745300041', '00085595800666', '00789100024106', '00779745300040', '00789100024113', '00789602904656']
    page 2: procesando DOM
      scroll round 1: anchors=39
      scroll round 2: anchors=39
      scroll round 3: anchors=39
      scroll round 4: anchors=39
      scroll round 5: anchors=39
      scroll round 6: anchors=39
      scroll round 7: anchors=39
      scroll round 8: anchors=39
    page 2: visibles=39, nuevos=0, acumulados=39
    page 2: sample_skus=['00085595800655', '00779745300055', '00779745300042', '00005000029048', '00779745300041', '00085595800666', '00789100024106', '00779745300040', '00789100024113', '00789602904656']
    page 3: procesando DOM
      scroll round 1: anchors=39
      scroll round 2: anchors=39
      scroll round 3: anchors=39
      scroll round 4: anchors=39
      scroll round 5: anchors=39
      scroll round 6: anchors=39
      scroll round 7: anchors=39
      scroll round 8: anchors=39
    page 3: visibles=39, nuevos=0, acumulados=39
    page 3: sample_skus=['00085595800655', '00779745300055', '00779745300042', '00005000029048', '00779745300041', '00085595800666', '00789100024106', '00779745300040', '00789100024113', '00789602904656']
    stop: 2 páginas seguidas sin nuevos productos
  productos acumulados subcategoría: 39

[6/15] Scrape: [Perro] Snack y Premios
    page 1: procesando DOM
      scroll round 1: anchors=24
      scroll round 2: anchors=44
      scroll round 3: anchors=44
      scroll round 4: anchors=44
      scroll round 5: anchors=44
      scroll round 6: anchors=44
      scroll round 7: anchors=44
      scroll round 8: anchors=44
    page 1: visibles=44, nuevos=44, acumulados=44
    page 1: sample_skus=['00085595800655', '00780445700263', '00085595800666', '00789100024749', '00065952511111', '00780445700262', '00076506676528', '00789100011757', '00076506676524', '00779745397380']
    page 2: procesando DOM
      scroll round 1: anchors=1
      scroll round 2: anchors=1
      scroll round 3: anchors=1
      scroll round 4: anchors=1
      scroll round 5: anchors=1
      scroll round 6: anchors=1
      scroll round 7: anchors=1
      scroll round 8: anchors=1
    page 2: visibles=1, nuevos=1, acumulados=45
    page 2: sample_skus=['00085595800657']
    page 2: no se pudo avanzar al paginador siguiente
  productos acumulados subcategoría: 45

[7/15] Scrape: [Perro] Alimento Conejo
    page 1: procesando DOM
      scroll round 1: anchors=1
      scroll round 2: anchors=1
      scroll round 3: anchors=1
      scroll round 4: anchors=1
      scroll round 5: anchors=1
      scroll round 6: anchors=1
      scroll round 7: anchors=1
      scroll round 8: anchors=1
    page 1: visibles=1, nuevos=1, acumulados=1
    page 1: sample_skus=['00780464753084']
    page 1: no se pudo avanzar al paginador siguiente
  productos acumulados subcategoría: 1

[8/15] Scrape: [Perro] Alimento Pajaro
    page 1: procesando DOM
      scroll round 1: anchors=2
      scroll round 2: anchors=2
      scroll round 3: anchors=2
      scroll round 4: anchors=2
      scroll round 5: anchors=2
      scroll round 6: anchors=2
      scroll round 7: anchors=2
      scroll round 8: anchors=2
    page 1: visibles=2, nuevos=2, acumulados=2
    page 1: sample_skus=['00780464753078', '00780464753080']
    page 1: no se pudo avanzar al paginador siguiente
  productos acumulados subcategoría: 2

[9/15] Scrape: [Perro] Alimento Roedor
    page 1: procesando DOM
      scroll round 1: anchors=2
      scroll round 2: anchors=2
      scroll round 3: anchors=2
      scroll round 4: anchors=2
      scroll round 5: anchors=2
      scroll round 6: anchors=2
      scroll round 7: anchors=2
      scroll round 8: anchors=2
    page 1: visibles=2, nuevos=2, acumulados=2
    page 1: sample_skus=['00780464753087', '00780410056202']
    page 1: no se pudo avanzar al paginador siguiente
  productos acumulados subcategoría: 2

[10/15] Scrape: [Perro] Arena para Gato
    page 1: procesando DOM
      scroll round 1: anchors=22
      scroll round 2: anchors=22
      scroll round 3: anchors=22
      scroll round 4: anchors=22
      scroll round 5: anchors=22
      scroll round 6: anchors=22
      scroll round 7: anchors=22
      scroll round 8: anchors=22
    page 1: visibles=22, nuevos=22, acumulados=22
    page 1: sample_skus=['00780550500942', '00780460346503', '00780460346530', '00074674766576', '00063424000420', '00780460346516', '00780460346525', '00780460346511', '00780460346514', '00780464753165']
    page 1: no se pudo avanzar al paginador siguiente
  productos acumulados subcategoría: 22

[11/15] Scrape: [Perro] Bolsas y Accesorios Sanitarios
    page 1: procesando DOM
      scroll round 1: anchors=24
      scroll round 2: anchors=24
      scroll round 3: anchors=24
      scroll round 4: anchors=24
      scroll round 5: anchors=24
      scroll round 6: anchors=24
      scroll round 7: anchors=24
      scroll round 8: anchors=24
    page 1: visibles=24, nuevos=24, acumulados=24
    page 1: sample_skus=['00780000600644', '00780000600510', '00104183841350', '00074674766589', '00065952511101', '00074674766588', '00780799157324', '00780799157406', '00780681002489', '00780681002649']
    page 1: no se pudo avanzar al paginador siguiente
  productos acumulados subcategoría: 24

[12/15] Scrape: [Perro] Baño y Limpieza
    page 1: procesando DOM
      scroll round 1: anchors=24
      scroll round 2: anchors=28
      scroll round 3: anchors=28
      scroll round 4: anchors=28
      scroll round 5: anchors=28
      scroll round 6: anchors=28
      scroll round 7: anchors=28
      scroll round 8: anchors=28
    page 1: visibles=28, nuevos=28, acumulados=28
    page 1: sample_skus=['00780465625050', '00780460346603', '00780465625049', '00780465625052', '00780000600447', '00040005067221', '00780799157331', '00780465625217', '00040005067220', '00780465625214']
    page 1: no se pudo avanzar al paginador siguiente
  productos acumulados subcategoría: 28

[13/15] Scrape: [Perro] Collares arnes y correas
    page 1: procesando DOM
      scroll round 1: anchors=15
      scroll round 2: anchors=15
      scroll round 3: anchors=15
      scroll round 4: anchors=15
      scroll round 5: anchors=15
      scroll round 6: anchors=15
      scroll round 7: anchors=15
      scroll round 8: anchors=15
    page 1: visibles=15, nuevos=15, acumulados=15
    page 1: sample_skus=['00780465625054', '00780799157377', '00780271020222', '00078918552309', '00780465625053', '00063424000513', '00065952511096', '00078918552269', '00078918552229', '00063424000512']
    page 1: no se pudo avanzar al paginador siguiente
  productos acumulados subcategoría: 15

[14/15] Scrape: [Perro] Casas platos y accesorios
    page 1: procesando DOM
      scroll round 1: anchors=13
      scroll round 2: anchors=13
      scroll round 3: anchors=13
      scroll round 4: anchors=13
      scroll round 5: anchors=13
      scroll round 6: anchors=13
      scroll round 7: anchors=13
      scroll round 8: anchors=13
    page 1: visibles=13, nuevos=13, acumulados=13
    page 1: sample_skus=['00780464753056', '00780465625039', '00074674766608', '00040005080565', '00078918552314', '00780799157323', '00078918552315', '00078918552264', '00780799157320', '00780799157321']
    page 1: no se pudo avanzar al paginador siguiente
  productos acumulados subcategoría: 13

[15/15] Scrape: [Perro] Juguetes y Rascadores
    page 1: procesando DOM
      scroll round 1: anchors=22
      scroll round 2: anchors=22
      scroll round 3: anchors=22
      scroll round 4: anchors=22
      scroll round 5: anchors=22
      scroll round 6: anchors=22
      scroll round 7: anchors=22
      scroll round 8: anchors=22
    page 1: visibles=22, nuevos=22, acumulados=22
    page 1: sample_skus=['00074674766591', '00780799157402', '00780799157397', '00780799157311', '00780799157314', '00780041020227', '00078918552252', '00780799157403', '00063424000429', '00074674766590']
    page 1: no se pudo avanzar al paginador siguiente
  productos acumulados subcategoría: 22

Total filas: 423
CSV generado: output\mascotas\lider_mascotas_20260317_124436.csv
