
Subcategorías:
- Papel Higiénico -> https://www.jumbo.cl/limpieza/papeles-hogar/papel-higienico
- Pañuelos -> https://www.jumbo.cl/limpieza/papeles-hogar/panuelos
- Servilletas -> https://www.jumbo.cl/limpieza/papeles-hogar/servilletas
- Toallas de Papel -> https://www.jumbo.cl/limpieza/papeles-hogar/toallas-de-papel
- Papeles Hogar (Mostrar todo) -> https://www.jumbo.cl/limpieza/papeles-hogar
- Detergente Líquido -> https://www.jumbo.cl/limpieza/limpieza-de-ropa/detergente-liquido
- Detergente en Polvo -> https://www.jumbo.cl/limpieza/limpieza-de-ropa/detergente-en-polvo
- Suavizantes y Aromatizantes -> https://www.jumbo.cl/limpieza/limpieza-de-ropa/suavizantes-y-aromatizantes-tela
- Limpieza de Ropa (Mostrar todo) -> https://www.jumbo.cl/limpieza/limpieza-de-ropa
- Limpiadores de Baño -> https://www.jumbo.cl/limpieza/bano/limpiadores-de-bano
- Cloros y Cloro Gel (Baño) -> https://www.jumbo.cl/limpieza/bano/cloros-y-cloro-gel
- Toallas Desinfectantes -> https://www.jumbo.cl/limpieza/bano/toallas-desinfectantes
- Limpiavidrios (Baño) -> https://www.jumbo.cl/limpieza/bano/limpiavidrios
- Baño (Mostrar todo) -> https://www.jumbo.cl/limpieza/bano
- Limpiadores Cocina -> https://www.jumbo.cl/limpieza/cocina/limpiadores-cocina
- Lavalozas -> https://www.jumbo.cl/limpieza/cocina/lavalozas
- Cocina (Mostrar todo) -> https://www.jumbo.cl/limpieza/cocina
- Bolsas de Basura y Bolsas Reutilizables -> https://www.jumbo.cl/limpieza/accesorios-de-limpieza/bolsas-de-basura-y-bolsas-reutilizables
- Guantes, Esponjas y Paños -> https://www.jumbo.cl/limpieza/accesorios-de-limpieza/guantes-esponjas-y-panos
- Escobas, Palas y Plumeros -> https://www.jumbo.cl/limpieza/accesorios-de-limpieza/escobas-palas-y-plumeros
- Limpiadores de Calzado -> https://www.jumbo.cl/limpieza/accesorios-de-limpieza/limpiadores-de-calzado
- Accesorios de Limpieza (Mostrar todo) -> https://www.jumbo.cl/limpieza/accesorios-de-limpieza
- Desinfectantes -> https://www.jumbo.cl/limpieza/aerosoles-y-aromatizantes/desinfectantes
- Desodorantes Ambientales -> https://www.jumbo.cl/limpieza/aerosoles-y-aromatizantes/desodorantes-ambientales
- Insecticidas -> https://www.jumbo.cl/limpieza/aerosoles-y-aromatizantes/insecticidas
- Aromatizantes -> https://www.jumbo.cl/limpieza/aerosoles-y-aromatizantes/aromatizantes
- Aerosoles y Aromatizantes (Mostrar todo) -> https://www.jumbo.cl/limpieza/aerosoles-y-aromatizantes
- Ceras y Virutillas -> https://www.jumbo.cl/limpieza/pisos-y-muebles/ceras-y-virutillas
- Limpiadores Piso -> https://www.jumbo.cl/limpieza/pisos-y-muebles/limpiadores-piso
- Lustramuebles y Limpiadores de Metales -> https://www.jumbo.cl/limpieza/pisos-y-muebles/lustramuebles-y-limpiadores-de-metales
- Traperos y Mopas -> https://www.jumbo.cl/limpieza/pisos-y-muebles/traperos-y-mopas
- Pisos y Muebles (Mostrar todo) -> https://www.jumbo.cl/limpieza/pisos-y-muebles

Scrape: Papel Higiénico
🧪 Dump BFF guardado: debug_bff\bff_papel_higi_nico_p1.json
  productos: 40

Scrape: Pañuelos
🧪 Dump BFF guardado: debug_bff\bff_pa_uelos_p1.json
  productos: 13

Scrape: Servilletas
🧪 Dump BFF guardado: debug_bff\bff_servilletas_p1.json
  productos: 40

Scrape: Toallas de Papel
🧪 Dump BFF guardado: debug_bff\bff_toallas_de_papel_p1.json
  productos: 30

Scrape: Papeles Hogar (Mostrar todo)
