No pude extraer links desde el menú (headless). Usando Plan B (slugify).

Subcategorías detectadas en [Frutas y Verduras]: 8
 - Frutas | Fruta -> https://www.unimarc.cl/category/frutas-y-verduras/frutas/fruta
 - Frutas | Fruta deshidratada -> https://www.unimarc.cl/category/frutas-y-verduras/frutas/fruta-deshidratada
 - Frutas | Fruta orgánica -> https://www.unimarc.cl/category/frutas-y-verduras/frutas/fruta-organica
 - Verduras | Verduras -> https://www.unimarc.cl/category/frutas-y-verduras/verduras/verduras
 - Verduras | Ensaladas listas -> https://www.unimarc.cl/category/frutas-y-verduras/verduras/ensaladas-listas
 - Verduras | Verduras orgánicas -> https://www.unimarc.cl/category/frutas-y-verduras/verduras/verduras-organicas
 - Frutos secos | Frutos secos -> https://www.unimarc.cl/category/frutas-y-verduras/frutos-secos/frutos-secos
 - Frutos secos | Frutos secos orgánicos -> https://www.unimarc.cl/category/frutas-y-verduras/frutos-secos/frutos-secos-organicos

Scrape: [Frutas] Fruta
  productos únicos: 46

Scrape: [Frutas] Fruta deshidratada
  productos únicos: 5

Scrape: [Frutas] Fruta orgánica
  productos únicos: 0

Scrape: [Verduras] Verduras
  productos únicos: 100

Scrape: [Verduras] Ensaladas listas
  productos únicos: 49

Scrape: [Verduras] Verduras orgánicas
  productos únicos: 7

Scrape: [Frutos secos] Frutos secos
  productos únicos: 37

Scrape: [Frutos secos] Frutos secos orgánicos
  productos únicos: 0

Total filas: 244
CSV generado: output\frutas_verdures\unimarc_frutas-y-verduras_subcats_20260309_195014.csv
