No pude extraer links desde el menú (headless). Usando Plan B (slugify).

Subcategorías detectadas en [Desayuno y Dulces]: 27
 - Café, té y hierbas | Café grano y molido -> https://www.unimarc.cl/category/desayuno-y-dulces/cafe-te-y-hierbas/cafe-grano-y-molido
 - Café, té y hierbas | Café instantáneo -> https://www.unimarc.cl/category/desayuno-y-dulces/cafe-te-y-hierbas/cafe-instantaneo
 - Café, té y hierbas | Cápsulas -> https://www.unimarc.cl/category/desayuno-y-dulces/cafe-te-y-hierbas/capsulas
 - Café, té y hierbas | Hierbas y mate -> https://www.unimarc.cl/category/desayuno-y-dulces/cafe-te-y-hierbas/hierbas-y-mate
 - Café, té y hierbas | Saborizados y cremas -> https://www.unimarc.cl/category/desayuno-y-dulces/cafe-te-y-hierbas/saborizados-y-cremas
 - Café, té y hierbas | Té ceylan -> https://www.unimarc.cl/category/desayuno-y-dulces/cafe-te-y-hierbas/te-ceylan
 - Café, té y hierbas | Té especial -> https://www.unimarc.cl/category/desayuno-y-dulces/cafe-te-y-hierbas/te-especial
 - Cereales | Chocolatados y azucarados -> https://www.unimarc.cl/category/desayuno-y-dulces/cereales/chocolatados-y-azucarados
 - Cereales | Fibra, avena y granola -> https://www.unimarc.cl/category/desayuno-y-dulces/cereales/fibra-avena-y-granola
 - Cereales | Cereal inflado -> https://www.unimarc.cl/category/desayuno-y-dulces/cereales/cereal-inflado
 - Cereales | Barras y colaciones -> https://www.unimarc.cl/category/desayuno-y-dulces/cereales/barras-y-colaciones
 - Chocolates y confites | Chocolates -> https://www.unimarc.cl/category/desayuno-y-dulces/chocolates-y-confites/chocolates
 - Chocolates y confites | Calugas, caramelos y turrones -> https://www.unimarc.cl/category/desayuno-y-dulces/chocolates-y-confites/calugas-caramelos-y-turrones
 - Chocolates y confites | Gomitas, masticables y chupetes -> https://www.unimarc.cl/category/desayuno-y-dulces/chocolates-y-confites/gomitas-masticables-y-chupetes
 - Chocolates y confites | Marshmallows, malvas y guagüitas -> https://www.unimarc.cl/category/desayuno-y-dulces/chocolates-y-confites/marshmallows-malvas-y-guaguitas
 - Chocolates y confites | Chicles y mentas -> https://www.unimarc.cl/category/desayuno-y-dulces/chocolates-y-confites/chicles-y-mentas
 - Galletas y colaciones dulces | Galletas bañadas y rellenas -> https://www.unimarc.cl/category/desayuno-y-dulces/galletas-y-colaciones-dulces/galletas-banadas-y-rellenas
 - Galletas y colaciones dulces | Galletas chips -> https://www.unimarc.cl/category/desayuno-y-dulces/galletas-y-colaciones-dulces/galletas-chips
 - Galletas y colaciones dulces | Galletas tradicionales, obleas y champañas -> https://www.unimarc.cl/category/desayuno-y-dulces/galletas-y-colaciones-dulces/galletas-tradicionales-obleas-y-champanas
 - Galletas y colaciones dulces | Galletas saludables -> https://www.unimarc.cl/category/desayuno-y-dulces/galletas-y-colaciones-dulces/galletas-saludables
 - Galletas y colaciones dulces | Galletas colación -> https://www.unimarc.cl/category/desayuno-y-dulces/galletas-y-colaciones-dulces/galletas-colacion
 - Galletas y colaciones dulces | Galletones y alfajores -> https://www.unimarc.cl/category/desayuno-y-dulces/galletas-y-colaciones-dulces/galletones-y-alfajores
 - Mermelada y manjar | Manjar -> https://www.unimarc.cl/category/desayuno-y-dulces/mermelada-y-manjar/manjar
 - Mermelada y manjar | Mermeladas y dulces -> https://www.unimarc.cl/category/desayuno-y-dulces/mermelada-y-manjar/mermeladas-y-dulces
 - Miel y salsas | Miel -> https://www.unimarc.cl/category/desayuno-y-dulces/miel-y-salsas/miel
 - Miel y salsas | Salsas -> https://www.unimarc.cl/category/desayuno-y-dulces/miel-y-salsas/salsas
 - Miel y salsas | Cremas y mantequillas -> https://www.unimarc.cl/category/desayuno-y-dulces/miel-y-salsas/cremas-y-mantequillas

Scrape: [Café, té y hierbas] Café grano y molido
  productos únicos: 31

Scrape: [Café, té y hierbas] Café instantáneo
  productos únicos: 51

Scrape: [Café, té y hierbas] Cápsulas
  productos únicos: 29

Scrape: [Café, té y hierbas] Hierbas y mate
  productos únicos: 57

Scrape: [Café, té y hierbas] Saborizados y cremas
  productos únicos: 20

Scrape: [Café, té y hierbas] Té ceylan
  productos únicos: 38

Scrape: [Café, té y hierbas] Té especial
  productos únicos: 51

Scrape: [Cereales] Chocolatados y azucarados
  productos únicos: 64

Scrape: [Cereales] Fibra, avena y granola
  productos únicos: 50

Scrape: [Cereales] Cereal inflado
  productos únicos: 15

Scrape: [Cereales] Barras y colaciones
  productos únicos: 66

Scrape: [Chocolates y confites] Chocolates
  productos únicos: 257

Scrape: [Chocolates y confites] Calugas, caramelos y turrones
  productos únicos: 48

Scrape: [Chocolates y confites] Gomitas, masticables y chupetes
  productos únicos: 78

Scrape: [Chocolates y confites] Marshmallows, malvas y guagüitas
  productos únicos: 29

Scrape: [Chocolates y confites] Chicles y mentas
  productos únicos: 22

Scrape: [Galletas y colaciones dulces] Galletas bañadas y rellenas
  productos únicos: 75

Scrape: [Galletas y colaciones dulces] Galletas chips
  productos únicos: 11

Scrape: [Galletas y colaciones dulces] Galletas tradicionales, obleas y champañas
  productos únicos: 77

Scrape: [Galletas y colaciones dulces] Galletas saludables
  productos únicos: 76

Scrape: [Galletas y colaciones dulces] Galletas colación
  productos únicos: 45

Scrape: [Galletas y colaciones dulces] Galletones y alfajores
  productos únicos: 28

Scrape: [Mermelada y manjar] Manjar
  productos únicos: 21

Scrape: [Mermelada y manjar] Mermeladas y dulces
  productos únicos: 69

Scrape: [Miel y salsas] Miel
  productos únicos: 22

Scrape: [Miel y salsas] Salsas
  productos únicos: 15

Scrape: [Miel y salsas] Cremas y mantequillas
  productos únicos: 19

Total filas: 1364
CSV generado: output\desayunos_dulces\unimarc_desayuno-y-dulces_subcats_20260309_193127.csv
