No pude extraer links desde el menú (headless). Usando Plan B (slugify).

Subcategorías detectadas en [Carnes]: 23
 - Vacuno | Molida, bistec y otros -> https://www.unimarc.cl/category/carnes/vacuno/molida-bistec-y-otros
 - Vacuno | Huesos y otros -> https://www.unimarc.cl/category/carnes/vacuno/huesos-y-otros
 - Vacuno | Filete y lomo -> https://www.unimarc.cl/category/carnes/vacuno/filete-y-lomo
 - Vacuno | Parrilleros -> https://www.unimarc.cl/category/carnes/vacuno/parrilleros
 - Vacuno | Otros cortes -> https://www.unimarc.cl/category/carnes/vacuno/otros-cortes
 - Vacuno | Vacuno premium -> https://www.unimarc.cl/category/carnes/vacuno/vacuno-premium
 - Pollo | Pechugas y filetitos -> https://www.unimarc.cl/category/carnes/pollo/pechugas-y-filetitos
 - Pollo | Trutro -> https://www.unimarc.cl/category/carnes/pollo/trutro
 - Pollo | Saborizados -> https://www.unimarc.cl/category/carnes/pollo/saborizados
 - Pollo | Pollo entero -> https://www.unimarc.cl/category/carnes/pollo/pollo-entero
 - Cerdo | Costillas y costillar -> https://www.unimarc.cl/category/carnes/cerdo/costillas-y-costillar
 - Cerdo | Malaya y plateada -> https://www.unimarc.cl/category/carnes/cerdo/malaya-y-plateada
 - Cerdo | Chuleta -> https://www.unimarc.cl/category/carnes/cerdo/chuleta
 - Cerdo | Lomo cerdo -> https://www.unimarc.cl/category/carnes/cerdo/lomo-cerdo
 - Cerdo | Pulpa cerdo -> https://www.unimarc.cl/category/carnes/cerdo/pulpa-cerdo
 - Cerdo | Otros cortes -> https://www.unimarc.cl/category/carnes/cerdo/otros-cortes
 - Pavo | Pechuga y filete -> https://www.unimarc.cl/category/carnes/pavo/pechuga-y-filete
 - Pavo | Pavo molido y picado -> https://www.unimarc.cl/category/carnes/pavo/pavo-molido-y-picado
 - Pavo | Pavo entero -> https://www.unimarc.cl/category/carnes/pavo/pavo-entero
 - Pavo | Trutros y otros -> https://www.unimarc.cl/category/carnes/pavo/trutros-y-otros
 - Cordero y otros | Cordero -> https://www.unimarc.cl/category/carnes/cordero-y-otros/cordero
 - Cordero y otros | Otros -> https://www.unimarc.cl/category/carnes/cordero-y-otros/otros
 - Pescadería | Pescadería -> https://www.unimarc.cl/category/carnes/pescaderia

Scrape: [Vacuno] Molida, bistec y otros
  productos únicos: 24

Scrape: [Vacuno] Huesos y otros
  productos únicos: 2

Scrape: [Vacuno] Filete y lomo
  productos únicos: 9

Scrape: [Vacuno] Parrilleros
  productos únicos: 24

Scrape: [Vacuno] Otros cortes
  productos únicos: 28

Scrape: [Vacuno] Vacuno premium
  productos únicos: 68

Scrape: [Pollo] Pechugas y filetitos
  productos únicos: 42

Scrape: [Pollo] Trutro
  productos únicos: 36

Scrape: [Pollo] Saborizados
  productos únicos: 6

Scrape: [Pollo] Pollo entero
  productos únicos: 2

Scrape: [Cerdo] Costillas y costillar
  productos únicos: 15

Scrape: [Cerdo] Malaya y plateada
  productos únicos: 8

Scrape: [Cerdo] Chuleta
  productos únicos: 8

Scrape: [Cerdo] Lomo cerdo
  productos únicos: 8

Scrape: [Cerdo] Pulpa cerdo
  productos únicos: 9

Scrape: [Cerdo] Otros cortes
  productos únicos: 4

Scrape: [Pavo] Pechuga y filete
  productos únicos: 2

Scrape: [Pavo] Pavo molido y picado
  productos únicos: 2

Scrape: [Pavo] Pavo entero
  productos únicos: 1

Scrape: [Pavo] Trutros y otros
  productos únicos: 3

Scrape: [Cordero y otros] Cordero
  productos únicos: 4

Scrape: [Cordero y otros] Otros
  productos únicos: 0

Scrape: [Pescadería] Pescadería
  productos únicos: 0

Total filas: 305
CSV generado: output\carnes\unimarc_carnes_subcats_20260309_191615.csv
