
Subcategorías:
- Chocolates en Barra -> https://www.jumbo.cl/chocolates-galletas-y-snacks/chocolates/chocolates-en-barra
- Bombones y Trufas -> https://www.jumbo.cl/chocolates-galletas-y-snacks/chocolates/bombones-y-trufas
- Chocolates y Tentaciones -> https://www.jumbo.cl/chocolates-galletas-y-snacks/chocolates/chocolates-y-tentaciones
- Chocolates sin Azúcar -> https://www.jumbo.cl/chocolates-galletas-y-snacks/chocolates/chocolates-sin-azucar
- Galletas Rellenas y Bañadas -> https://www.jumbo.cl/chocolates-galletas-y-snacks/galletas-dulces/galletas-rellenas-y-banadas
- Galletas Mini -> https://www.jumbo.cl/chocolates-galletas-y-snacks/galletas-dulces/galletas-mini
- Galletas Tradicionales -> https://www.jumbo.cl/chocolates-galletas-y-snacks/galletas-dulces/galletas-tradicionales
- Galletas Obleas y Champagne -> https://www.jumbo.cl/chocolates-galletas-y-snacks/galletas-dulces/galletas-obleas-y-champagne
- Gomitas y Chicles -> https://www.jumbo.cl/chocolates-galletas-y-snacks/dulces/gomitas-y-chicles
- Masticables y Caramelos -> https://www.jumbo.cl/chocolates-galletas-y-snacks/dulces/calugas-masticables-y-caramelos
- Malvas, Marshmallows y Merenguitos -> https://www.jumbo.cl/chocolates-galletas-y-snacks/dulces/malvas-marshmallows-y-merenguitos
- Alfajores, Pasteles y Queques -> https://www.jumbo.cl/chocolates-galletas-y-snacks/dulces/alfajores-pasteles-y-queques
- Papas Fritas -> https://www.jumbo.cl/chocolates-galletas-y-snacks/snacks/papas-fritas
- Snacks Vegetales -> https://www.jumbo.cl/chocolates-galletas-y-snacks/snacks/snacks-vegetales
- Maní y Frutos Secos -> https://www.jumbo.cl/chocolates-galletas-y-snacks/snacks/mani-y-frutos-secos
- Ramitas, Suflés y Otros Snacks -> https://www.jumbo.cl/chocolates-galletas-y-snacks/snacks/ramitas-sufles-y-otros-snacks
- Galletas de Cóctel -> https://www.jumbo.cl/chocolates-galletas-y-snacks/galletas-saladas/galletas-de-coctel
- Galletas de Arroz y Quinoa -> https://www.jumbo.cl/chocolates-galletas-y-snacks/galletas-saladas/galletas-de-arroz-y-quinoa
- Galletas de Soda y Agua -> https://www.jumbo.cl/chocolates-galletas-y-snacks/galletas-saladas/galletas-de-soda-y-agua
- Galletas Integrales y Salvado -> https://www.jumbo.cl/chocolates-galletas-y-snacks/galletas-saladas/galletas-integrales-y-salvado
- Pastas Untables -> https://www.jumbo.cl/chocolates-galletas-y-snacks/pastas-para-coctel-y-untables/pastas-untables
- Salsas y Dip Untables -> https://www.jumbo.cl/chocolates-galletas-y-snacks/pastas-para-coctel-y-untables/salsas-y-dip-untables
- Hummus -> https://www.jumbo.cl/chocolates-galletas-y-snacks/pastas-para-coctel-y-untables/hummus

Scrape: Chocolates en Barra

--- XHR/Fetch candidatos (filtrado) ---
⚠️ 0 productos (no se detectó JSON de productos): https://www.jumbo.cl/chocolates-galletas-y-snacks/chocolates/chocolates-en-barra
  productos: 0

Scrape: Bombones y Trufas

--- XHR/Fetch candidatos (filtrado) ---
⚠️ 0 productos (no se detectó JSON de productos): https://www.jumbo.cl/chocolates-galletas-y-snacks/chocolates/bombones-y-trufas
  productos: 0

Scrape: Chocolates y Tentaciones

--- XHR/Fetch candidatos (filtrado) ---
⚠️ 0 productos (no se detectó JSON de productos): https://www.jumbo.cl/chocolates-galletas-y-snacks/chocolates/chocolates-y-tentaciones
  productos: 0

Scrape: Chocolates sin Azúcar

--- XHR/Fetch candidatos (filtrado) ---
⚠️ 0 productos (no se detectó JSON de productos): https://www.jumbo.cl/chocolates-galletas-y-snacks/chocolates/chocolates-sin-azucar
  productos: 0

Scrape: Galletas Rellenas y Bañadas

--- XHR/Fetch candidatos (filtrado) ---
⚠️ 0 productos (no se detectó JSON de productos): https://www.jumbo.cl/chocolates-galletas-y-snacks/galletas-dulces/galletas-rellenas-y-banadas
  productos: 0

Scrape: Galletas Mini

--- XHR/Fetch candidatos (filtrado) ---
⚠️ 0 productos (no se detectó JSON de productos): https://www.jumbo.cl/chocolates-galletas-y-snacks/galletas-dulces/galletas-mini
  productos: 0

Scrape: Galletas Tradicionales

--- XHR/Fetch candidatos (filtrado) ---
⚠️ 0 productos (no se detectó JSON de productos): https://www.jumbo.cl/chocolates-galletas-y-snacks/galletas-dulces/galletas-tradicionales
  productos: 0

Scrape: Galletas Obleas y Champagne

--- XHR/Fetch candidatos (filtrado) ---
⚠️ 0 productos (no se detectó JSON de productos): https://www.jumbo.cl/chocolates-galletas-y-snacks/galletas-dulces/galletas-obleas-y-champagne
  productos: 0

Scrape: Gomitas y Chicles

--- XHR/Fetch candidatos (filtrado) ---
⚠️ 0 productos (no se detectó JSON de productos): https://www.jumbo.cl/chocolates-galletas-y-snacks/dulces/gomitas-y-chicles
  productos: 0

Scrape: Masticables y Caramelos

--- XHR/Fetch candidatos (filtrado) ---
⚠️ 0 productos (no se detectó JSON de productos): https://www.jumbo.cl/chocolates-galletas-y-snacks/dulces/calugas-masticables-y-caramelos
  productos: 0

Scrape: Malvas, Marshmallows y Merenguitos

--- XHR/Fetch candidatos (filtrado) ---
⚠️ 0 productos (no se detectó JSON de productos): https://www.jumbo.cl/chocolates-galletas-y-snacks/dulces/malvas-marshmallows-y-merenguitos
  productos: 0

Scrape: Alfajores, Pasteles y Queques

--- XHR/Fetch candidatos (filtrado) ---
⚠️ 0 productos (no se detectó JSON de productos): https://www.jumbo.cl/chocolates-galletas-y-snacks/dulces/alfajores-pasteles-y-queques
  productos: 0

Scrape: Papas Fritas

--- XHR/Fetch candidatos (filtrado) ---
⚠️ 0 productos (no se detectó JSON de productos): https://www.jumbo.cl/chocolates-galletas-y-snacks/snacks/papas-fritas
  productos: 0

Scrape: Snacks Vegetales

--- XHR/Fetch candidatos (filtrado) ---
⚠️ 0 productos (no se detectó JSON de productos): https://www.jumbo.cl/chocolates-galletas-y-snacks/snacks/snacks-vegetales
  productos: 0

Scrape: Maní y Frutos Secos

--- XHR/Fetch candidatos (filtrado) ---
⚠️ 0 productos (no se detectó JSON de productos): https://www.jumbo.cl/chocolates-galletas-y-snacks/snacks/mani-y-frutos-secos
  productos: 0

Scrape: Ramitas, Suflés y Otros Snacks

--- XHR/Fetch candidatos (filtrado) ---
⚠️ 0 productos (no se detectó JSON de productos): https://www.jumbo.cl/chocolates-galletas-y-snacks/snacks/ramitas-sufles-y-otros-snacks
  productos: 0

Scrape: Galletas de Cóctel

--- XHR/Fetch candidatos (filtrado) ---
⚠️ 0 productos (no se detectó JSON de productos): https://www.jumbo.cl/chocolates-galletas-y-snacks/galletas-saladas/galletas-de-coctel
  productos: 0

Scrape: Galletas de Arroz y Quinoa

--- XHR/Fetch candidatos (filtrado) ---
⚠️ 0 productos (no se detectó JSON de productos): https://www.jumbo.cl/chocolates-galletas-y-snacks/galletas-saladas/galletas-de-arroz-y-quinoa
  productos: 0

Scrape: Galletas de Soda y Agua

--- XHR/Fetch candidatos (filtrado) ---
⚠️ 0 productos (no se detectó JSON de productos): https://www.jumbo.cl/chocolates-galletas-y-snacks/galletas-saladas/galletas-de-soda-y-agua
  productos: 0

Scrape: Galletas Integrales y Salvado

--- XHR/Fetch candidatos (filtrado) ---
⚠️ 0 productos (no se detectó JSON de productos): https://www.jumbo.cl/chocolates-galletas-y-snacks/galletas-saladas/galletas-integrales-y-salvado
  productos: 0

Scrape: Pastas Untables

--- XHR/Fetch candidatos (filtrado) ---
⚠️ 0 productos (no se detectó JSON de productos): https://www.jumbo.cl/chocolates-galletas-y-snacks/pastas-para-coctel-y-untables/pastas-untables
  productos: 0

Scrape: Salsas y Dip Untables

--- XHR/Fetch candidatos (filtrado) ---
⚠️ 0 productos (no se detectó JSON de productos): https://www.jumbo.cl/chocolates-galletas-y-snacks/pastas-para-coctel-y-untables/salsas-y-dip-untables
  productos: 0

Scrape: Hummus

--- XHR/Fetch candidatos (filtrado) ---
⚠️ 0 productos (no se detectó JSON de productos): https://www.jumbo.cl/chocolates-galletas-y-snacks/pastas-para-coctel-y-untables/hummus
  productos: 0

Total filas: 0
CSV generado: output\chocolates_galletas_snacks\jumbo_chocolates_galletas_y_snacks_20260302_195453.csv
