
Subcategorías detectadas en [Mascotas]: 64
 - Alimento perro | Alimento perro -> https://www.unimarc.cl/category/mascotas/alimento-perro
 - Alimento perro | Alimento perro adulto -> https://www.unimarc.cl/category/mascotas/alimento-perro/alimento-perro-adulto
 - Alimento perro | Alimento cachorro -> https://www.unimarc.cl/category/mascotas/alimento-perro/alimento-cachorro
 - Alimento perro | Alimentos húmedos y latas -> https://www.unimarc.cl/category/mascotas/alimento-perro/alimentos-humedos-y-latas
 - Alimento perro | Snack perros -> https://www.unimarc.cl/category/mascotas/alimento-perro/snack-perros
 - Alimento perro | Alimento gato -> https://www.unimarc.cl/category/mascotas/alimento-gato
 - Alimento perro | Alimento gato adulto -> https://www.unimarc.cl/category/mascotas/alimento-gato/alimento-gato-adulto
 - Alimento perro | Alimento gatito -> https://www.unimarc.cl/category/mascotas/alimento-gato/alimento-gatito
 - Alimento perro | Alimentos húmedos -> https://www.unimarc.cl/category/mascotas/alimento-gato/alimentos-humedos
 - Alimento perro | Alimento otras mascotas -> https://www.unimarc.cl/category/mascotas/alimento-otras-mascotas
 - Alimento perro | Alimentos -> https://www.unimarc.cl/category/mascotas/alimento-otras-mascotas/alimentos
 - Alimento perro | Accesorios mascota -> https://www.unimarc.cl/category/mascotas/accesorios-mascota
 - Alimento perro | Arena y sabanillas -> https://www.unimarc.cl/category/mascotas/accesorios-mascota/arena-y-sabanillas
 - Alimento perro | Accesorios animales -> https://www.unimarc.cl/category/mascotas/accesorios-mascota/accesorios-animales
 - Alimento perro | Shampoo animales -> https://www.unimarc.cl/category/mascotas/accesorios-mascota/shampoo-animales
 - Alimento perro | Antipulgas y garrapatas -> https://www.unimarc.cl/category/mascotas/accesorios-mascota/antipulgas-y-garrapatas
 - Alimento gato | Alimento perro -> https://www.unimarc.cl/category/mascotas/alimento-perro
 - Alimento gato | Alimento perro adulto -> https://www.unimarc.cl/category/mascotas/alimento-perro/alimento-perro-adulto
 - Alimento gato | Alimento cachorro -> https://www.unimarc.cl/category/mascotas/alimento-perro/alimento-cachorro
 - Alimento gato | Alimentos húmedos y latas -> https://www.unimarc.cl/category/mascotas/alimento-perro/alimentos-humedos-y-latas
 - Alimento gato | Snack perros -> https://www.unimarc.cl/category/mascotas/alimento-perro/snack-perros
 - Alimento gato | Alimento gato -> https://www.unimarc.cl/category/mascotas/alimento-gato
 - Alimento gato | Alimento gato adulto -> https://www.unimarc.cl/category/mascotas/alimento-gato/alimento-gato-adulto
 - Alimento gato | Alimento gatito -> https://www.unimarc.cl/category/mascotas/alimento-gato/alimento-gatito
 - Alimento gato | Alimentos húmedos -> https://www.unimarc.cl/category/mascotas/alimento-gato/alimentos-humedos
 - Alimento gato | Alimento otras mascotas -> https://www.unimarc.cl/category/mascotas/alimento-otras-mascotas
 - Alimento gato | Alimentos -> https://www.unimarc.cl/category/mascotas/alimento-otras-mascotas/alimentos
 - Alimento gato | Accesorios mascota -> https://www.unimarc.cl/category/mascotas/accesorios-mascota
 - Alimento gato | Arena y sabanillas -> https://www.unimarc.cl/category/mascotas/accesorios-mascota/arena-y-sabanillas
 - Alimento gato | Accesorios animales -> https://www.unimarc.cl/category/mascotas/accesorios-mascota/accesorios-animales
 - Alimento gato | Shampoo animales -> https://www.unimarc.cl/category/mascotas/accesorios-mascota/shampoo-animales
 - Alimento gato | Antipulgas y garrapatas -> https://www.unimarc.cl/category/mascotas/accesorios-mascota/antipulgas-y-garrapatas
 - Alimento otras mascotas | Alimento perro -> https://www.unimarc.cl/category/mascotas/alimento-perro
 - Alimento otras mascotas | Alimento perro adulto -> https://www.unimarc.cl/category/mascotas/alimento-perro/alimento-perro-adulto
 - Alimento otras mascotas | Alimento cachorro -> https://www.unimarc.cl/category/mascotas/alimento-perro/alimento-cachorro
 - Alimento otras mascotas | Alimentos húmedos y latas -> https://www.unimarc.cl/category/mascotas/alimento-perro/alimentos-humedos-y-latas
 - Alimento otras mascotas | Snack perros -> https://www.unimarc.cl/category/mascotas/alimento-perro/snack-perros
 - Alimento otras mascotas | Alimento gato -> https://www.unimarc.cl/category/mascotas/alimento-gato
 - Alimento otras mascotas | Alimento gato adulto -> https://www.unimarc.cl/category/mascotas/alimento-gato/alimento-gato-adulto
 - Alimento otras mascotas | Alimento gatito -> https://www.unimarc.cl/category/mascotas/alimento-gato/alimento-gatito
 - Alimento otras mascotas | Alimentos húmedos -> https://www.unimarc.cl/category/mascotas/alimento-gato/alimentos-humedos
 - Alimento otras mascotas | Alimento otras mascotas -> https://www.unimarc.cl/category/mascotas/alimento-otras-mascotas
 - Alimento otras mascotas | Alimentos -> https://www.unimarc.cl/category/mascotas/alimento-otras-mascotas/alimentos
 - Alimento otras mascotas | Accesorios mascota -> https://www.unimarc.cl/category/mascotas/accesorios-mascota
 - Alimento otras mascotas | Arena y sabanillas -> https://www.unimarc.cl/category/mascotas/accesorios-mascota/arena-y-sabanillas
 - Alimento otras mascotas | Accesorios animales -> https://www.unimarc.cl/category/mascotas/accesorios-mascota/accesorios-animales
 - Alimento otras mascotas | Shampoo animales -> https://www.unimarc.cl/category/mascotas/accesorios-mascota/shampoo-animales
 - Alimento otras mascotas | Antipulgas y garrapatas -> https://www.unimarc.cl/category/mascotas/accesorios-mascota/antipulgas-y-garrapatas
 - Accesorios mascota | Alimento perro -> https://www.unimarc.cl/category/mascotas/alimento-perro
 - Accesorios mascota | Alimento perro adulto -> https://www.unimarc.cl/category/mascotas/alimento-perro/alimento-perro-adulto
 - Accesorios mascota | Alimento cachorro -> https://www.unimarc.cl/category/mascotas/alimento-perro/alimento-cachorro
 - Accesorios mascota | Alimentos húmedos y latas -> https://www.unimarc.cl/category/mascotas/alimento-perro/alimentos-humedos-y-latas
 - Accesorios mascota | Snack perros -> https://www.unimarc.cl/category/mascotas/alimento-perro/snack-perros
 - Accesorios mascota | Alimento gato -> https://www.unimarc.cl/category/mascotas/alimento-gato
 - Accesorios mascota | Alimento gato adulto -> https://www.unimarc.cl/category/mascotas/alimento-gato/alimento-gato-adulto
 - Accesorios mascota | Alimento gatito -> https://www.unimarc.cl/category/mascotas/alimento-gato/alimento-gatito
 - Accesorios mascota | Alimentos húmedos -> https://www.unimarc.cl/category/mascotas/alimento-gato/alimentos-humedos
 - Accesorios mascota | Alimento otras mascotas -> https://www.unimarc.cl/category/mascotas/alimento-otras-mascotas
 - Accesorios mascota | Alimentos -> https://www.unimarc.cl/category/mascotas/alimento-otras-mascotas/alimentos
 - Accesorios mascota | Accesorios mascota -> https://www.unimarc.cl/category/mascotas/accesorios-mascota
 - Accesorios mascota | Arena y sabanillas -> https://www.unimarc.cl/category/mascotas/accesorios-mascota/arena-y-sabanillas
 - Accesorios mascota | Accesorios animales -> https://www.unimarc.cl/category/mascotas/accesorios-mascota/accesorios-animales
 - Accesorios mascota | Shampoo animales -> https://www.unimarc.cl/category/mascotas/accesorios-mascota/shampoo-animales
 - Accesorios mascota | Antipulgas y garrapatas -> https://www.unimarc.cl/category/mascotas/accesorios-mascota/antipulgas-y-garrapatas

Scrape: [Alimento perro] Alimento perro
  productos únicos: 92

Scrape: [Alimento perro] Alimento perro adulto
  productos únicos: 31

Scrape: [Alimento perro] Alimento cachorro
  productos únicos: 11

Scrape: [Alimento perro] Alimentos húmedos y latas
  productos únicos: 22

Scrape: [Alimento perro] Snack perros
  productos únicos: 28

Scrape: [Alimento perro] Alimento gato
  productos únicos: 74

Scrape: [Alimento perro] Alimento gato adulto
  productos únicos: 35

Scrape: [Alimento perro] Alimento gatito
  productos únicos: 6

Scrape: [Alimento perro] Alimentos húmedos
  productos únicos: 33

Scrape: [Alimento perro] Alimento otras mascotas
  productos únicos: 5

Scrape: [Alimento perro] Alimentos
  productos únicos: 5

Scrape: [Alimento perro] Accesorios mascota
  productos únicos: 37

Scrape: [Alimento perro] Arena y sabanillas
  productos únicos: 11

Scrape: [Alimento perro] Accesorios animales
  productos únicos: 21

Scrape: [Alimento perro] Shampoo animales
  productos únicos: 4

Scrape: [Alimento perro] Antipulgas y garrapatas
  productos únicos: 1

Scrape: [Alimento gato] Alimento perro
  productos únicos: 92

Scrape: [Alimento gato] Alimento perro adulto
  productos únicos: 31

Scrape: [Alimento gato] Alimento cachorro
  productos únicos: 11

Scrape: [Alimento gato] Alimentos húmedos y latas
  productos únicos: 22

Scrape: [Alimento gato] Snack perros
  productos únicos: 28

Scrape: [Alimento gato] Alimento gato
  productos únicos: 74

Scrape: [Alimento gato] Alimento gato adulto
  productos únicos: 35

Scrape: [Alimento gato] Alimento gatito
  productos únicos: 6

Scrape: [Alimento gato] Alimentos húmedos
  productos únicos: 33

Scrape: [Alimento gato] Alimento otras mascotas
  productos únicos: 5

Scrape: [Alimento gato] Alimentos
  productos únicos: 5

Scrape: [Alimento gato] Accesorios mascota
  productos únicos: 37

Scrape: [Alimento gato] Arena y sabanillas
  productos únicos: 11

Scrape: [Alimento gato] Accesorios animales
  productos únicos: 21

Scrape: [Alimento gato] Shampoo animales
  productos únicos: 4

Scrape: [Alimento gato] Antipulgas y garrapatas
  productos únicos: 1

Scrape: [Alimento otras mascotas] Alimento perro
  productos únicos: 92

Scrape: [Alimento otras mascotas] Alimento perro adulto
  productos únicos: 31

Scrape: [Alimento otras mascotas] Alimento cachorro
  productos únicos: 11

Scrape: [Alimento otras mascotas] Alimentos húmedos y latas
  productos únicos: 22

Scrape: [Alimento otras mascotas] Snack perros
  productos únicos: 28

Scrape: [Alimento otras mascotas] Alimento gato
  productos únicos: 74

Scrape: [Alimento otras mascotas] Alimento gato adulto
  productos únicos: 35

Scrape: [Alimento otras mascotas] Alimento gatito
  productos únicos: 6

Scrape: [Alimento otras mascotas] Alimentos húmedos
  productos únicos: 33

Scrape: [Alimento otras mascotas] Alimento otras mascotas
  productos únicos: 5

Scrape: [Alimento otras mascotas] Alimentos
  productos únicos: 5

Scrape: [Alimento otras mascotas] Accesorios mascota
  productos únicos: 37

Scrape: [Alimento otras mascotas] Arena y sabanillas
  productos únicos: 11

Scrape: [Alimento otras mascotas] Accesorios animales
  productos únicos: 21

Scrape: [Alimento otras mascotas] Shampoo animales
  productos únicos: 4

Scrape: [Alimento otras mascotas] Antipulgas y garrapatas
  productos únicos: 1

Scrape: [Accesorios mascota] Alimento perro
  productos únicos: 92

Scrape: [Accesorios mascota] Alimento perro adulto
  productos únicos: 31

Scrape: [Accesorios mascota] Alimento cachorro
  productos únicos: 11

Scrape: [Accesorios mascota] Alimentos húmedos y latas
  productos únicos: 22

Scrape: [Accesorios mascota] Snack perros
  productos únicos: 28

Scrape: [Accesorios mascota] Alimento gato
  productos únicos: 74

Scrape: [Accesorios mascota] Alimento gato adulto
  productos únicos: 35

Scrape: [Accesorios mascota] Alimento gatito
  productos únicos: 6

Scrape: [Accesorios mascota] Alimentos húmedos
  productos únicos: 33

Scrape: [Accesorios mascota] Alimento otras mascotas
  productos únicos: 5

Scrape: [Accesorios mascota] Alimentos
  productos únicos: 5

Scrape: [Accesorios mascota] Accesorios mascota
  productos únicos: 37

Scrape: [Accesorios mascota] Arena y sabanillas
  productos únicos: 11

Scrape: [Accesorios mascota] Accesorios animales
  productos únicos: 21

Scrape: [Accesorios mascota] Shampoo animales
  productos únicos: 4

Scrape: [Accesorios mascota] Antipulgas y garrapatas
  productos únicos: 1

Total filas: 416
CSV generado: C:\Users\fvergram\OneDrive - NTT DATA EMEAL\Desktop\webscrapping\Supermercados\Unimarc\src\output\mascotas\unimarc_mascotas_subcats_20260219_185450.csv
