
Subcategorías:
- Pan Artesanal -> https://www.jumbo.cl/panaderia-y-pasteleria/panaderia-granel/pan-artesanal
- Pan Especial -> https://www.jumbo.cl/panaderia-y-pasteleria/panaderia-granel/pan-especial
- Pan Tradicional -> https://www.jumbo.cl/panaderia-y-pasteleria/panaderia-granel/pan-tradicional
- Pan Ciabatta -> https://www.jumbo.cl/panaderia-y-pasteleria/panaderia-granel/pan-ciabatta
- Pan de Molde -> https://www.jumbo.cl/panaderia-y-pasteleria/panaderia-envasada/pan-de-molde
- Pan Congelado y Precocido -> https://www.jumbo.cl/panaderia-y-pasteleria/panaderia-envasada/pan-congelado-y-precocido
- Pan Integral y Funcional -> https://www.jumbo.cl/panaderia-y-pasteleria/panaderia-envasada/pan-integral-y-funcional-envasado
- Pan sin Gluten -> https://www.jumbo.cl/panaderia-y-pasteleria/panaderia-envasada/pan-sin-gluten
- Tortas -> https://www.jumbo.cl/panaderia-y-pasteleria/pasteleria/tortas
- Pan de Pascua -> https://www.jumbo.cl/panaderia-y-pasteleria/pasteleria/pan-de-pascua
- Kuchen, Pie y Tartaletas -> https://www.jumbo.cl/panaderia-y-pasteleria/pasteleria/kuchen-pie-y-tartaletas
- Muffins, Queques y Magdalenas -> https://www.jumbo.cl/panaderia-y-pasteleria/pasteleria/muffins-queques-y-magdalenas
- Masas para Pizza -> https://www.jumbo.cl/panaderia-y-pasteleria/masas-y-tortillas/masas-para-pizza
- Tortillas -> https://www.jumbo.cl/panaderia-y-pasteleria/masas-y-tortillas/tortillas
- Masas Empanadas y Pascualinas -> https://www.jumbo.cl/panaderia-y-pasteleria/masas-y-tortillas/masas-empanadas-y-pascualinas
- Otras Masas -> https://www.jumbo.cl/panaderia-y-pasteleria/masas-y-tortillas/otras-masas

Scrape: Pan Artesanal

--- XHR/Fetch candidatos (filtrado) ---
01. 200 https://assets.jumbo.cl/json/cms/page-57057.json
02. 200 https://assets.jumbo.cl/json/cms/page-11484.json
03. 200 https://assets.jumbo.cl/json/cms/page-16512.json
04. 200 https://assets.jumbo.cl/json/cms/page-11732.json
05. 200 https://assets.jumbo.cl/json/cms/list-category.json
06. 200 https://assets.jumbo.cl/json/cms/page-101453.json
07. 200 https://assets.jumbo.cl/json/cms/page-67845.json
08. 404 https://assets.jumbo.cl/json/cms/pan-artesanal.json
09. 200 https://bff.jumbo.cl/catalog/plp
10. 200 https://assets.jumbo.cl/json/cms/page-121827.json
🧪 Dump BFF guardado: debug_bff\bff_pan_artesanal.json

✅ Request ganador (BFF): https://bff.jumbo.cl/catalog/plp
✅ Productos detectados: 12
  productos: 12

Scrape: Pan Especial

--- XHR/Fetch candidatos (filtrado) ---
01. 200 https://assets.jumbo.cl/json/cms/page-57057.json
02. 200 https://assets.jumbo.cl/json/cms/page-16512.json
03. 200 https://assets.jumbo.cl/json/cms/page-11484.json
04. 200 https://assets.jumbo.cl/json/cms/page-11732.json
05. 200 https://assets.jumbo.cl/json/cms/list-category.json
06. 200 https://assets.jumbo.cl/json/cms/page-101453.json
07. 200 https://assets.jumbo.cl/json/cms/page-67845.json
08. 404 https://assets.jumbo.cl/json/cms/pan-especial.json
09. 200 https://bff.jumbo.cl/catalog/plp
10. 200 https://assets.jumbo.cl/json/cms/page-121827.json
🧪 Dump BFF guardado: debug_bff\bff_pan_especial.json

✅ Request ganador (BFF): https://bff.jumbo.cl/catalog/plp
✅ Productos detectados: 22
  productos: 22

Scrape: Pan Tradicional

--- XHR/Fetch candidatos (filtrado) ---
01. 200 https://assets.jumbo.cl/json/cms/page-57057.json
02. 200 https://assets.jumbo.cl/json/cms/page-16512.json
03. 200 https://assets.jumbo.cl/json/cms/page-11484.json
04. 200 https://assets.jumbo.cl/json/cms/page-11732.json
05. 200 https://assets.jumbo.cl/json/cms/pan-tradicional.json
06. 200 https://assets.jumbo.cl/json/cms/list-category.json
07. 200 https://assets.jumbo.cl/json/cms/page-101453.json
08. 200 https://assets.jumbo.cl/json/cms/page-67845.json
09. 200 https://bff.jumbo.cl/catalog/plp
10. 200 https://assets.jumbo.cl/json/cms/pan-tradicional.json
11. 200 https://assets.jumbo.cl/json/cms/page-121827.json
🧪 Dump BFF guardado: debug_bff\bff_pan_tradicional.json

✅ Request ganador (BFF): https://bff.jumbo.cl/catalog/plp
✅ Productos detectados: 9
  productos: 9

Scrape: Pan Ciabatta

--- XHR/Fetch candidatos (filtrado) ---
01. 200 https://assets.jumbo.cl/json/cms/page-57057.json
02. 200 https://assets.jumbo.cl/json/cms/page-16512.json
03. 200 https://assets.jumbo.cl/json/cms/page-11484.json
04. 200 https://assets.jumbo.cl/json/cms/page-11732.json
05. 200 https://assets.jumbo.cl/json/cms/list-category.json
06. 200 https://assets.jumbo.cl/json/cms/page-101453.json
07. 200 https://assets.jumbo.cl/json/cms/page-67845.json
08. 200 https://bff.jumbo.cl/catalog/plp
09. 404 https://assets.jumbo.cl/json/cms/pan-ciabatta.json
10. 200 https://assets.jumbo.cl/json/cms/page-121827.json
🧪 Dump BFF guardado: debug_bff\bff_pan_ciabatta.json

✅ Request ganador (BFF): https://bff.jumbo.cl/catalog/plp
✅ Productos detectados: 3
  productos: 3

Scrape: Pan de Molde

--- XHR/Fetch candidatos (filtrado) ---
01. 200 https://assets.jumbo.cl/json/cms/page-57057.json
02. 200 https://assets.jumbo.cl/json/cms/page-16512.json
03. 200 https://assets.jumbo.cl/json/cms/page-11484.json
04. 200 https://assets.jumbo.cl/json/cms/page-11732.json
05. 200 https://assets.jumbo.cl/json/cms/list-category.json
06. 200 https://assets.jumbo.cl/json/cms/pan-de-molde.json
07. 200 https://assets.jumbo.cl/json/cms/page-101453.json
08. 200 https://assets.jumbo.cl/json/cms/page-67845.json
09. 200 https://assets.jumbo.cl/json/cms/pan-de-molde.json
10. 200 https://bff.jumbo.cl/catalog/plp
11. 200 https://assets.jumbo.cl/json/cms/page-121827.json
12. 200 https://assets.jumbo.cl/json/cms/pan-de-molde.json
🧪 Dump BFF guardado: debug_bff\bff_pan_de_molde.json

✅ Request ganador (BFF): https://bff.jumbo.cl/catalog/plp
✅ Productos detectados: 40

--- XHR/Fetch candidatos (filtrado) ---
01. 200 https://assets.jumbo.cl/json/cms/pan-de-molde.json
02. 200 https://bff.jumbo.cl/catalog/plp

✅ Request ganador (BFF): https://bff.jumbo.cl/catalog/plp
✅ Productos detectados: 40

--- XHR/Fetch candidatos (filtrado) ---
01. 200 https://assets.jumbo.cl/json/cms/pan-de-molde.json
02. 200 https://bff.jumbo.cl/catalog/plp

✅ Request ganador (BFF): https://bff.jumbo.cl/catalog/plp
✅ Productos detectados: 14
  productos: 94

Scrape: Pan Congelado y Precocido

--- XHR/Fetch candidatos (filtrado) ---
01. 200 https://assets.jumbo.cl/json/cms/page-57057.json
02. 200 https://assets.jumbo.cl/json/cms/page-16512.json
03. 200 https://assets.jumbo.cl/json/cms/page-11484.json
04. 200 https://assets.jumbo.cl/json/cms/page-11732.json
05. 200 https://assets.jumbo.cl/json/cms/pan-congelado-y-precocido.json
06. 200 https://assets.jumbo.cl/json/cms/list-category.json
07. 200 https://assets.jumbo.cl/json/cms/page-101453.json
08. 200 https://assets.jumbo.cl/json/cms/page-67845.json
09. 200 https://bff.jumbo.cl/catalog/plp
10. 200 https://assets.jumbo.cl/json/cms/pan-congelado-y-precocido.json
11. 200 https://assets.jumbo.cl/json/cms/page-121827.json
🧪 Dump BFF guardado: debug_bff\bff_pan_congelado_y_precocido.json

✅ Request ganador (BFF): https://bff.jumbo.cl/catalog/plp
✅ Productos detectados: 13
  productos: 13

Scrape: Pan Integral y Funcional

--- XHR/Fetch candidatos (filtrado) ---
01. 200 https://assets.jumbo.cl/json/cms/page-57057.json
02. 200 https://assets.jumbo.cl/json/cms/page-16512.json
03. 200 https://assets.jumbo.cl/json/cms/page-11484.json
04. 200 https://assets.jumbo.cl/json/cms/page-11732.json
05. 200 https://assets.jumbo.cl/json/cms/pan-integral-y-funcional-envasado.json
06. 200 https://assets.jumbo.cl/json/cms/list-category.json
07. 200 https://assets.jumbo.cl/json/cms/page-101453.json
08. 200 https://assets.jumbo.cl/json/cms/page-67845.json
09. 200 https://bff.jumbo.cl/catalog/plp
10. 200 https://assets.jumbo.cl/json/cms/pan-integral-y-funcional-envasado.json
11. 200 https://assets.jumbo.cl/json/cms/page-121827.json
🧪 Dump BFF guardado: debug_bff\bff_pan_integral_y_funcional.json

✅ Request ganador (BFF): https://bff.jumbo.cl/catalog/plp
✅ Productos detectados: 16
  productos: 16

Scrape: Pan sin Gluten

--- XHR/Fetch candidatos (filtrado) ---
01. 200 https://assets.jumbo.cl/json/cms/page-57057.json
02. 200 https://assets.jumbo.cl/json/cms/page-16512.json
03. 200 https://assets.jumbo.cl/json/cms/page-11484.json
04. 200 https://assets.jumbo.cl/json/cms/page-11732.json
05. 200 https://assets.jumbo.cl/json/cms/list-category.json
06. 200 https://assets.jumbo.cl/json/cms/pan-sin-gluten.json
07. 200 https://assets.jumbo.cl/json/cms/page-101453.json
08. 200 https://assets.jumbo.cl/json/cms/page-67845.json
09. 200 https://assets.jumbo.cl/json/cms/pan-sin-gluten.json
10. 200 https://bff.jumbo.cl/catalog/plp
11. 200 https://assets.jumbo.cl/json/cms/page-121827.json
12. 200 https://assets.jumbo.cl/json/cms/pan-sin-gluten.json
🧪 Dump BFF guardado: debug_bff\bff_pan_sin_gluten.json

✅ Request ganador (BFF): https://bff.jumbo.cl/catalog/plp
✅ Productos detectados: 17
  productos: 17

Scrape: Tortas

--- XHR/Fetch candidatos (filtrado) ---
01. 200 https://assets.jumbo.cl/json/cms/page-57057.json
02. 200 https://assets.jumbo.cl/json/cms/page-16512.json
03. 200 https://assets.jumbo.cl/json/cms/page-11484.json
04. 200 https://assets.jumbo.cl/json/cms/page-11732.json
05. 200 https://assets.jumbo.cl/json/cms/tortas.json
06. 200 https://assets.jumbo.cl/json/cms/list-category.json
07. 200 https://assets.jumbo.cl/json/cms/page-101453.json
08. 200 https://assets.jumbo.cl/json/cms/page-67845.json
09. 200 https://assets.jumbo.cl/json/cms/tortas.json
10. 200 https://bff.jumbo.cl/catalog/plp
11. 200 https://assets.jumbo.cl/json/cms/page-121827.json
12. 200 https://assets.jumbo.cl/json/cms/tortas.json
🧪 Dump BFF guardado: debug_bff\bff_tortas.json

✅ Request ganador (BFF): https://bff.jumbo.cl/catalog/plp
✅ Productos detectados: 40

--- XHR/Fetch candidatos (filtrado) ---
01. 200 https://assets.jumbo.cl/json/cms/tortas.json
02. 200 https://bff.jumbo.cl/catalog/plp

✅ Request ganador (BFF): https://bff.jumbo.cl/catalog/plp
✅ Productos detectados: 31
  productos: 71

Scrape: Pan de Pascua

--- XHR/Fetch candidatos (filtrado) ---
01. 200 https://assets.jumbo.cl/json/cms/page-57057.json
02. 200 https://assets.jumbo.cl/json/cms/page-16512.json
03. 200 https://assets.jumbo.cl/json/cms/page-11484.json
04. 200 https://assets.jumbo.cl/json/cms/page-11732.json
05. 200 https://assets.jumbo.cl/json/cms/list-category.json
06. 200 https://assets.jumbo.cl/json/cms/page-101453.json
07. 200 https://assets.jumbo.cl/json/cms/page-67845.json
08. 200 https://assets.jumbo.cl/json/cms/pan-de-pascua.json
09. 200 https://bff.jumbo.cl/catalog/plp
10. 200 https://assets.jumbo.cl/json/cms/pan-de-pascua.json
11. 200 https://assets.jumbo.cl/json/cms/page-121827.json
🧪 Dump BFF guardado: debug_bff\bff_pan_de_pascua.json

✅ Request ganador (BFF): https://bff.jumbo.cl/catalog/plp
✅ Productos detectados: 3
  productos: 3

Scrape: Kuchen, Pie y Tartaletas

--- XHR/Fetch candidatos (filtrado) ---
01. 200 https://assets.jumbo.cl/json/cms/page-57057.json
02. 200 https://assets.jumbo.cl/json/cms/page-16512.json
03. 200 https://assets.jumbo.cl/json/cms/page-11484.json
04. 200 https://assets.jumbo.cl/json/cms/page-11732.json
05. 200 https://assets.jumbo.cl/json/cms/kuchen-pie-y-tartaletas.json
06. 200 https://assets.jumbo.cl/json/cms/list-category.json
07. 200 https://assets.jumbo.cl/json/cms/page-101453.json
08. 200 https://assets.jumbo.cl/json/cms/page-67845.json
09. 200 https://bff.jumbo.cl/catalog/plp
10. 200 https://assets.jumbo.cl/json/cms/kuchen-pie-y-tartaletas.json
11. 200 https://assets.jumbo.cl/json/cms/page-121827.json
🧪 Dump BFF guardado: debug_bff\bff_kuchen_pie_y_tartaletas.json

✅ Request ganador (BFF): https://bff.jumbo.cl/catalog/plp
✅ Productos detectados: 35
  productos: 35

Scrape: Muffins, Queques y Magdalenas

--- XHR/Fetch candidatos (filtrado) ---
01. 200 https://assets.jumbo.cl/json/cms/page-57057.json
02. 200 https://assets.jumbo.cl/json/cms/page-16512.json
03. 200 https://assets.jumbo.cl/json/cms/page-11484.json
04. 200 https://assets.jumbo.cl/json/cms/page-11732.json
05. 200 https://assets.jumbo.cl/json/cms/muffins-queques-y-magdalenas.json
06. 200 https://assets.jumbo.cl/json/cms/list-category.json
07. 200 https://assets.jumbo.cl/json/cms/page-101453.json
08. 200 https://assets.jumbo.cl/json/cms/page-67845.json
09. 200 https://assets.jumbo.cl/json/cms/muffins-queques-y-magdalenas.json
10. 200 https://bff.jumbo.cl/catalog/plp
11. 200 https://assets.jumbo.cl/json/cms/page-121827.json
12. 200 https://assets.jumbo.cl/json/cms/muffins-queques-y-magdalenas.json
🧪 Dump BFF guardado: debug_bff\bff_muffins_queques_y_magdalenas.json

✅ Request ganador (BFF): https://bff.jumbo.cl/catalog/plp
✅ Productos detectados: 40

--- XHR/Fetch candidatos (filtrado) ---
01. 200 https://assets.jumbo.cl/json/cms/muffins-queques-y-magdalenas.json
02. 200 https://bff.jumbo.cl/catalog/plp

✅ Request ganador (BFF): https://bff.jumbo.cl/catalog/plp
✅ Productos detectados: 40

--- XHR/Fetch candidatos (filtrado) ---
01. 200 https://bff.jumbo.cl/catalog/plp
02. 200 https://assets.jumbo.cl/json/cms/muffins-queques-y-magdalenas.json

✅ Request ganador (BFF): https://bff.jumbo.cl/catalog/plp
✅ Productos detectados: 12
  productos: 92

Scrape: Masas para Pizza

--- XHR/Fetch candidatos (filtrado) ---
01. 200 https://assets.jumbo.cl/json/cms/page-57057.json
02. 200 https://assets.jumbo.cl/json/cms/page-16512.json
03. 200 https://assets.jumbo.cl/json/cms/page-11484.json
04. 200 https://assets.jumbo.cl/json/cms/page-11732.json
05. 200 https://assets.jumbo.cl/json/cms/list-category.json
06. 200 https://assets.jumbo.cl/json/cms/page-101453.json
07. 200 https://assets.jumbo.cl/json/cms/page-67845.json
08. 200 https://assets.jumbo.cl/json/cms/masas-para-pizza.json
09. 200 https://assets.jumbo.cl/json/cms/masas-para-pizza.json
10. 200 https://bff.jumbo.cl/catalog/plp
11. 200 https://assets.jumbo.cl/json/cms/page-121827.json
12. 200 https://assets.jumbo.cl/json/cms/masas-para-pizza.json
🧪 Dump BFF guardado: debug_bff\bff_masas_para_pizza.json

✅ Request ganador (BFF): https://bff.jumbo.cl/catalog/plp
✅ Productos detectados: 11
  productos: 11

Scrape: Tortillas

--- XHR/Fetch candidatos (filtrado) ---
01. 200 https://assets.jumbo.cl/json/cms/page-57057.json
02. 200 https://assets.jumbo.cl/json/cms/page-16512.json
03. 200 https://assets.jumbo.cl/json/cms/page-11484.json
04. 200 https://assets.jumbo.cl/json/cms/page-11732.json
05. 200 https://assets.jumbo.cl/json/cms/tortillas.json
06. 200 https://assets.jumbo.cl/json/cms/list-category.json
07. 200 https://assets.jumbo.cl/json/cms/page-101453.json
08. 200 https://assets.jumbo.cl/json/cms/page-67845.json
09. 200 https://assets.jumbo.cl/json/cms/tortillas.json
10. 200 https://bff.jumbo.cl/catalog/plp
11. 200 https://assets.jumbo.cl/json/cms/page-121827.json
12. 200 https://assets.jumbo.cl/json/cms/tortillas.json
🧪 Dump BFF guardado: debug_bff\bff_tortillas.json

✅ Request ganador (BFF): https://bff.jumbo.cl/catalog/plp
✅ Productos detectados: 31
  productos: 31

Scrape: Masas Empanadas y Pascualinas

--- XHR/Fetch candidatos (filtrado) ---
01. 200 https://assets.jumbo.cl/json/cms/page-57057.json
02. 200 https://assets.jumbo.cl/json/cms/page-16512.json
03. 200 https://assets.jumbo.cl/json/cms/page-11484.json
04. 200 https://assets.jumbo.cl/json/cms/page-11732.json
05. 200 https://assets.jumbo.cl/json/cms/list-category.json
06. 200 https://assets.jumbo.cl/json/cms/page-101453.json
07. 200 https://assets.jumbo.cl/json/cms/page-67845.json
08. 200 https://assets.jumbo.cl/json/cms/masas-empanadas-y-pascualinas.json
09. 200 https://assets.jumbo.cl/json/cms/masas-empanadas-y-pascualinas.json
10. 200 https://bff.jumbo.cl/catalog/plp
11. 200 https://assets.jumbo.cl/json/cms/page-121827.json
12. 200 https://assets.jumbo.cl/json/cms/masas-empanadas-y-pascualinas.json
🧪 Dump BFF guardado: debug_bff\bff_masas_empanadas_y_pascualinas.json

✅ Request ganador (BFF): https://bff.jumbo.cl/catalog/plp
✅ Productos detectados: 12
  productos: 12

Scrape: Otras Masas

--- XHR/Fetch candidatos (filtrado) ---
01. 200 https://assets.jumbo.cl/json/cms/page-57057.json
02. 200 https://assets.jumbo.cl/json/cms/page-16512.json
03. 200 https://assets.jumbo.cl/json/cms/page-11484.json
04. 200 https://assets.jumbo.cl/json/cms/page-11732.json
05. 200 https://assets.jumbo.cl/json/cms/otras-masas.json
06. 200 https://assets.jumbo.cl/json/cms/list-category.json
07. 200 https://assets.jumbo.cl/json/cms/page-101453.json
08. 200 https://assets.jumbo.cl/json/cms/page-67845.json
09. 200 https://assets.jumbo.cl/json/cms/otras-masas.json
10. 200 https://bff.jumbo.cl/catalog/plp
11. 200 https://assets.jumbo.cl/json/cms/page-121827.json
12. 200 https://assets.jumbo.cl/json/cms/otras-masas.json
🧪 Dump BFF guardado: debug_bff\bff_otras_masas.json

✅ Request ganador (BFF): https://bff.jumbo.cl/catalog/plp
✅ Productos detectados: 8
  productos: 8

Total filas: 449
CSV generado: output\panaderia_pasteleria\jumbo_panaderia_y_pasteleria_20260226_192045.csv
