
Subcategorías:
- Shampoos -> https://www.jumbo.cl/cuidado-personal-y-bebe/cuidado-capilar/shampoo
- Acondicionadores -> https://www.jumbo.cl/cuidado-personal-y-bebe/cuidado-capilar/acondicionadores
- Tratamiento Capilar -> https://www.jumbo.cl/cuidado-personal-y-bebe/cuidado-capilar/tratamiento-capilar
- Coloración y Tintura de Pelo -> https://www.jumbo.cl/cuidado-personal-y-bebe/cuidado-capilar/coloracion-y-tintura-de-pelo
- Pasta Dental -> https://www.jumbo.cl/cuidado-personal-y-bebe/higiene-bucal/pasta-dental
- Cepillo Dental -> https://www.jumbo.cl/cuidado-personal-y-bebe/higiene-bucal/cepillo-dental
- Cepillos y Pasta Dental Infantil -> https://www.jumbo.cl/cuidado-personal-y-bebe/higiene-bucal/cepillos-y-pasta-dental-infantil
- Enjuague Bucal -> https://www.jumbo.cl/cuidado-personal-y-bebe/higiene-bucal/enjuague-bucal
- Gel de Ducha -> https://www.jumbo.cl/cuidado-personal-y-bebe/jabones/gel-de-ducha
- Jabones Líquidos -> https://www.jumbo.cl/cuidado-personal-y-bebe/jabones/jabones-liquidos
- Jabones en Barra -> https://www.jumbo.cl/cuidado-personal-y-bebe/jabones/jabones-en-barra
- Accesorios de Bebé -> https://www.jumbo.cl/cuidado-personal-y-bebe/bebe/accesorios-de-bebe
- Colados, Picados y Otros -> https://www.jumbo.cl/cuidado-personal-y-bebe/bebe/colados-picados-y-otros
- Leche y Suplementos Infantiles -> https://www.jumbo.cl/cuidado-personal-y-bebe/bebe/leche-y-suplementos-infantiles
- Pañales y Toallitas Húmedas -> https://www.jumbo.cl/cuidado-personal-y-bebe/bebe/panales-y-toallas-humedas
- Desodorantes en Aerosol -> https://www.jumbo.cl/cuidado-personal-y-bebe/desodorantes/desodorantes-en-aerosol
- Desodorantes en Barra -> https://www.jumbo.cl/cuidado-personal-y-bebe/desodorantes/desodorantes-en-barra
- Desodorantes Roll-on -> https://www.jumbo.cl/cuidado-personal-y-bebe/desodorantes/desodorantes-roll-on
- Desodorantes Clinical -> https://www.jumbo.cl/cuidado-personal-y-bebe/desodorantes/desodorantes-clinical
- Cremas para Manos -> https://www.jumbo.cl/cuidado-personal-y-bebe/cuidado-corporal/cremas-para-manos
- Talcos y Cremas para Pies -> https://www.jumbo.cl/cuidado-personal-y-bebe/cuidado-corporal/talcos-y-cremas-para-pies
- Cremas y Cuidado Corporal -> https://www.jumbo.cl/cuidado-personal-y-bebe/cuidado-corporal/cremas-y-cuidado-corporal
- Bienestar -> https://www.jumbo.cl/cuidado-personal-y-bebe/cuidado-corporal/bienestar
- Toallas Higiénicas y Tampones -> https://www.jumbo.cl/cuidado-personal-y-bebe/proteccion-femenina/toallas-higienicas-y-tampones
- Protectores Diarios -> https://www.jumbo.cl/cuidado-personal-y-bebe/proteccion-femenina/protectores-diarios
- Jabones Íntimos y Pañitos Húmedos -> https://www.jumbo.cl/cuidado-personal-y-bebe/proteccion-femenina/jabones-intimos-y-panitos-humedos
- Calzones y Copas Menstruales -> https://www.jumbo.cl/cuidado-personal-y-bebe/proteccion-femenina/calzones-y-copas-menstruales
- Máquinas de Depilación -> https://www.jumbo.cl/cuidado-personal-y-bebe/depilacion/maquinas-de-depilacion
- Ceras Depilatorias -> https://www.jumbo.cl/cuidado-personal-y-bebe/depilacion/ceras-depilatorias
- Bandas Depilatorias -> https://www.jumbo.cl/cuidado-personal-y-bebe/depilacion/bandas-depilatorias
- Cremas Depilatorias -> https://www.jumbo.cl/cuidado-personal-y-bebe/depilacion/cremas-depilatorias
- Incontinencia -> https://www.jumbo.cl/cuidado-personal-y-bebe/incontinencia-y-panales-adulto/incontinencia
- Pañales Adulto -> https://www.jumbo.cl/cuidado-personal-y-bebe/incontinencia-y-panales-adulto/panales-adulto
- Bálsamo y Protector Labial -> https://www.jumbo.cl/cuidado-personal-y-bebe/cuidado-facial/balsamo-y-protector-labial
- Cremas e Hidratación Facial -> https://www.jumbo.cl/cuidado-personal-y-bebe/cuidado-facial/cremas-e-hidratacion-facial
- Limpieza Facial -> https://www.jumbo.cl/cuidado-personal-y-bebe/cuidado-facial/limpieza-facial
- Tratamientos Faciales -> https://www.jumbo.cl/cuidado-personal-y-bebe/cuidado-facial/tratamientos-faciales
- Maquillaje Rostro -> https://www.jumbo.cl/cuidado-personal-y-bebe/maquillaje/maquillaje-rostro
- Maquillaje Ojos -> https://www.jumbo.cl/cuidado-personal-y-bebe/maquillaje/maquillaje-ojos
- Maquillaje Labios -> https://www.jumbo.cl/cuidado-personal-y-bebe/maquillaje/maquillaje-labios
- Sets de Maquillaje -> https://www.jumbo.cl/cuidado-personal-y-bebe/maquillaje/sets-de-maquillaje
- Solares y Autobronceantes -> https://www.jumbo.cl/cuidado-personal-y-bebe/solares-y-autobronceantes
- Accesorios Médicos -> https://www.jumbo.cl/cuidado-personal-y-bebe/farmacia/accesorios-medicos
- Anteojos -> https://www.jumbo.cl/cuidado-personal-y-bebe/farmacia/anteojos
- Higiene Bucal Especialidad -> https://www.jumbo.cl/cuidado-personal-y-bebe/farmacia/higiene-bucal-especialidad
- Preservativos y Lubricantes -> https://www.jumbo.cl/cuidado-personal-y-bebe/farmacia/preservativos-y-lubricantes
- Máquinas y Repuestos de Afeitar -> https://www.jumbo.cl/cuidado-personal-y-bebe/cuidado-masculino/maquinas-y-repuestos-de-afeitar
- Espuma y Crema para Afeitar -> https://www.jumbo.cl/cuidado-personal-y-bebe/cuidado-masculino/espuma-y-crema-para-afeitar
- Colonias para Hombres -> https://www.jumbo.cl/cuidado-personal-y-bebe/cuidado-masculino/colonias-para-hombres
- Shampoo, Cremas y Ceras para Hombres -> https://www.jumbo.cl/cuidado-personal-y-bebe/cuidado-masculino/shampoo-cremas-y-ceras-para-hombres
- Packs de Cuidado y Belleza -> https://www.jumbo.cl/cuidado-personal-y-bebe/packs-de-cuidado-y-belleza

Scrape: Shampoos

--- XHR/Fetch candidatos (filtrado) ---
01. 200 https://assets.jumbo.cl/json/cms/page-16512.json
02. 200 https://assets.jumbo.cl/json/cms/page-11484.json
03. 200 https://assets.jumbo.cl/json/cms/page-57057.json
04. 200 https://assets.jumbo.cl/json/cms/page-11732.json
05. 200 https://assets.jumbo.cl/json/cms/list-category.json
06. 200 https://assets.jumbo.cl/json/cms/shampoo.json
07. 200 https://assets.jumbo.cl/json/cms/page-67845.json
08. 200 https://assets.jumbo.cl/json/cms/page-101453.json
09. 200 https://assets.jumbo.cl/json/cms/shampoo.json
10. 200 https://bff.jumbo.cl/catalog/plp
11. 200 https://assets.jumbo.cl/json/cms/page-121827.json
12. 200 https://assets.jumbo.cl/json/cms/shampoo.json
🧪 Dump BFF guardado: debug_bff\bff_shampoos.json

✅ Request ganador (BFF): https://bff.jumbo.cl/catalog/plp
✅ Productos detectados: 40

--- XHR/Fetch candidatos (filtrado) ---
01. 200 https://assets.jumbo.cl/json/cms/shampoo.json
02. 200 https://bff.jumbo.cl/catalog/plp

✅ Request ganador (BFF): https://bff.jumbo.cl/catalog/plp
✅ Productos detectados: 40

--- XHR/Fetch candidatos (filtrado) ---
01. 200 https://assets.jumbo.cl/json/cms/shampoo.json
02. 200 https://bff.jumbo.cl/catalog/plp

✅ Request ganador (BFF): https://bff.jumbo.cl/catalog/plp
✅ Productos detectados: 40

--- XHR/Fetch candidatos (filtrado) ---
01. 200 https://assets.jumbo.cl/json/cms/shampoo.json
02. 200 https://bff.jumbo.cl/catalog/plp

✅ Request ganador (BFF): https://bff.jumbo.cl/catalog/plp
✅ Productos detectados: 40

--- XHR/Fetch candidatos (filtrado) ---
01. 200 https://assets.jumbo.cl/json/cms/shampoo.json
02. 200 https://bff.jumbo.cl/catalog/plp

✅ Request ganador (BFF): https://bff.jumbo.cl/catalog/plp
✅ Productos detectados: 40

--- XHR/Fetch candidatos (filtrado) ---
01. 200 https://assets.jumbo.cl/json/cms/shampoo.json
02. 200 https://bff.jumbo.cl/catalog/plp

✅ Request ganador (BFF): https://bff.jumbo.cl/catalog/plp
✅ Productos detectados: 40

--- XHR/Fetch candidatos (filtrado) ---
01. 200 https://assets.jumbo.cl/json/cms/shampoo.json
02. 200 https://bff.jumbo.cl/catalog/plp

✅ Request ganador (BFF): https://bff.jumbo.cl/catalog/plp
✅ Productos detectados: 40

--- XHR/Fetch candidatos (filtrado) ---
01. 200 https://assets.jumbo.cl/json/cms/shampoo.json
02. 200 https://bff.jumbo.cl/catalog/plp

✅ Request ganador (BFF): https://bff.jumbo.cl/catalog/plp
✅ Productos detectados: 8
  productos: 280

Scrape: Acondicionadores

--- XHR/Fetch candidatos (filtrado) ---
01. 200 https://assets.jumbo.cl/json/cms/page-57057.json
02. 200 https://assets.jumbo.cl/json/cms/page-16512.json
03. 200 https://assets.jumbo.cl/json/cms/page-11484.json
04. 200 https://assets.jumbo.cl/json/cms/page-11732.json
05. 200 https://assets.jumbo.cl/json/cms/acondicionadores.json
06. 200 https://assets.jumbo.cl/json/cms/list-category.json
07. 200 https://assets.jumbo.cl/json/cms/page-101453.json
08. 200 https://assets.jumbo.cl/json/cms/page-67845.json
09. 200 https://assets.jumbo.cl/json/cms/acondicionadores.json
10. 200 https://bff.jumbo.cl/catalog/plp
11. 200 https://assets.jumbo.cl/json/cms/page-121827.json
12. 200 https://assets.jumbo.cl/json/cms/acondicionadores.json
🧪 Dump BFF guardado: debug_bff\bff_acondicionadores.json

✅ Request ganador (BFF): https://bff.jumbo.cl/catalog/plp
✅ Productos detectados: 40

--- XHR/Fetch candidatos (filtrado) ---
01. 200 https://assets.jumbo.cl/json/cms/acondicionadores.json
02. 200 https://bff.jumbo.cl/catalog/plp

✅ Request ganador (BFF): https://bff.jumbo.cl/catalog/plp
✅ Productos detectados: 40

--- XHR/Fetch candidatos (filtrado) ---
01. 200 https://assets.jumbo.cl/json/cms/acondicionadores.json
02. 200 https://bff.jumbo.cl/catalog/plp

✅ Request ganador (BFF): https://bff.jumbo.cl/catalog/plp
✅ Productos detectados: 40

--- XHR/Fetch candidatos (filtrado) ---
01. 200 https://assets.jumbo.cl/json/cms/acondicionadores.json
02. 200 https://bff.jumbo.cl/catalog/plp

✅ Request ganador (BFF): https://bff.jumbo.cl/catalog/plp
✅ Productos detectados: 40

--- XHR/Fetch candidatos (filtrado) ---
01. 200 https://assets.jumbo.cl/json/cms/acondicionadores.json
02. 200 https://bff.jumbo.cl/catalog/plp

✅ Request ganador (BFF): https://bff.jumbo.cl/catalog/plp
✅ Productos detectados: 31
  productos: 191

Scrape: Tratamiento Capilar

--- XHR/Fetch candidatos (filtrado) ---
01. 200 https://assets.jumbo.cl/json/cms/page-57057.json
02. 200 https://assets.jumbo.cl/json/cms/page-16512.json
03. 200 https://assets.jumbo.cl/json/cms/page-11484.json
04. 200 https://assets.jumbo.cl/json/cms/page-11732.json
05. 200 https://assets.jumbo.cl/json/cms/list-category.json
06. 200 https://assets.jumbo.cl/json/cms/tratamiento-capilar.json
07. 200 https://assets.jumbo.cl/json/cms/page-101453.json
08. 200 https://assets.jumbo.cl/json/cms/page-67845.json
09. 200 https://assets.jumbo.cl/json/cms/tratamiento-capilar.json
10. 200 https://bff.jumbo.cl/catalog/plp
11. 200 https://assets.jumbo.cl/json/cms/page-121827.json
12. 200 https://assets.jumbo.cl/json/cms/tratamiento-capilar.json
🧪 Dump BFF guardado: debug_bff\bff_tratamiento_capilar.json

✅ Request ganador (BFF): https://bff.jumbo.cl/catalog/plp
✅ Productos detectados: 40

--- XHR/Fetch candidatos (filtrado) ---
01. 200 https://assets.jumbo.cl/json/cms/tratamiento-capilar.json
02. 200 https://bff.jumbo.cl/catalog/plp

✅ Request ganador (BFF): https://bff.jumbo.cl/catalog/plp
✅ Productos detectados: 40

--- XHR/Fetch candidatos (filtrado) ---
01. 200 https://assets.jumbo.cl/json/cms/tratamiento-capilar.json
02. 200 https://bff.jumbo.cl/catalog/plp

✅ Request ganador (BFF): https://bff.jumbo.cl/catalog/plp
✅ Productos detectados: 40

--- XHR/Fetch candidatos (filtrado) ---
01. 200 https://assets.jumbo.cl/json/cms/tratamiento-capilar.json
02. 200 https://bff.jumbo.cl/catalog/plp

✅ Request ganador (BFF): https://bff.jumbo.cl/catalog/plp
✅ Productos detectados: 40

--- XHR/Fetch candidatos (filtrado) ---
01. 200 https://assets.jumbo.cl/json/cms/tratamiento-capilar.json
02. 200 https://bff.jumbo.cl/catalog/plp

✅ Request ganador (BFF): https://bff.jumbo.cl/catalog/plp
✅ Productos detectados: 24
  productos: 184

Scrape: Coloración y Tintura de Pelo

--- XHR/Fetch candidatos (filtrado) ---
01. 200 https://assets.jumbo.cl/json/cms/page-57057.json
02. 200 https://assets.jumbo.cl/json/cms/page-16512.json
03. 200 https://assets.jumbo.cl/json/cms/page-11484.json
04. 200 https://assets.jumbo.cl/json/cms/page-11732.json
05. 200 https://assets.jumbo.cl/json/cms/list-category.json
06. 200 https://assets.jumbo.cl/json/cms/page-101453.json
07. 200 https://assets.jumbo.cl/json/cms/page-67845.json
08. 404 https://assets.jumbo.cl/json/cms/coloracion-y-tintura-de-pelo.json
09. 200 https://bff.jumbo.cl/catalog/plp
10. 200 https://assets.jumbo.cl/json/cms/page-121827.json
🧪 Dump BFF guardado: debug_bff\bff_coloraci_n_y_tintura_de_pelo.json

✅ Request ganador (BFF): https://bff.jumbo.cl/catalog/plp
✅ Productos detectados: 40

--- XHR/Fetch candidatos (filtrado) ---
01. 200 https://bff.jumbo.cl/catalog/plp

✅ Request ganador (BFF): https://bff.jumbo.cl/catalog/plp
✅ Productos detectados: 40

--- XHR/Fetch candidatos (filtrado) ---
01. 200 https://bff.jumbo.cl/catalog/plp

✅ Request ganador (BFF): https://bff.jumbo.cl/catalog/plp
✅ Productos detectados: 40

--- XHR/Fetch candidatos (filtrado) ---
01. 200 https://bff.jumbo.cl/catalog/plp

✅ Request ganador (BFF): https://bff.jumbo.cl/catalog/plp
✅ Productos detectados: 40

--- XHR/Fetch candidatos (filtrado) ---
01. 200 https://bff.jumbo.cl/catalog/plp

✅ Request ganador (BFF): https://bff.jumbo.cl/catalog/plp
✅ Productos detectados: 13
  productos: 173

Scrape: Pasta Dental

--- XHR/Fetch candidatos (filtrado) ---
01. 200 https://assets.jumbo.cl/json/cms/page-57057.json
02. 200 https://assets.jumbo.cl/json/cms/page-16512.json
03. 200 https://assets.jumbo.cl/json/cms/page-11484.json
04. 200 https://assets.jumbo.cl/json/cms/page-11732.json
05. 200 https://assets.jumbo.cl/json/cms/pasta-dental.json
06. 200 https://assets.jumbo.cl/json/cms/list-category.json
07. 200 https://assets.jumbo.cl/json/cms/page-101453.json
08. 200 https://assets.jumbo.cl/json/cms/page-67845.json
09. 200 https://assets.jumbo.cl/json/cms/pasta-dental.json
10. 200 https://bff.jumbo.cl/catalog/plp
11. 200 https://assets.jumbo.cl/json/cms/page-121827.json
12. 200 https://assets.jumbo.cl/json/cms/pasta-dental.json
🧪 Dump BFF guardado: debug_bff\bff_pasta_dental.json

✅ Request ganador (BFF): https://bff.jumbo.cl/catalog/plp
✅ Productos detectados: 40

--- XHR/Fetch candidatos (filtrado) ---
01. 200 https://assets.jumbo.cl/json/cms/pasta-dental.json
02. 200 https://bff.jumbo.cl/catalog/plp

✅ Request ganador (BFF): https://bff.jumbo.cl/catalog/plp
✅ Productos detectados: 40

--- XHR/Fetch candidatos (filtrado) ---
01. 200 https://assets.jumbo.cl/json/cms/pasta-dental.json
02. 200 https://bff.jumbo.cl/catalog/plp

✅ Request ganador (BFF): https://bff.jumbo.cl/catalog/plp
✅ Productos detectados: 34
  productos: 114

Scrape: Cepillo Dental

--- XHR/Fetch candidatos (filtrado) ---
01. 200 https://assets.jumbo.cl/json/cms/page-57057.json
02. 200 https://assets.jumbo.cl/json/cms/page-16512.json
03. 200 https://assets.jumbo.cl/json/cms/page-11484.json
04. 200 https://assets.jumbo.cl/json/cms/page-11732.json
05. 200 https://assets.jumbo.cl/json/cms/list-category.json
06. 200 https://assets.jumbo.cl/json/cms/cepillo-dental.json
07. 200 https://assets.jumbo.cl/json/cms/page-67845.json
08. 200 https://assets.jumbo.cl/json/cms/page-101453.json
09. 200 https://assets.jumbo.cl/json/cms/cepillo-dental.json
10. 200 https://bff.jumbo.cl/catalog/plp
11. 200 https://assets.jumbo.cl/json/cms/page-121827.json
12. 200 https://assets.jumbo.cl/json/cms/cepillo-dental.json
🧪 Dump BFF guardado: debug_bff\bff_cepillo_dental.json

✅ Request ganador (BFF): https://bff.jumbo.cl/catalog/plp
✅ Productos detectados: 40

--- XHR/Fetch candidatos (filtrado) ---
01. 200 https://assets.jumbo.cl/json/cms/cepillo-dental.json
02. 200 https://bff.jumbo.cl/catalog/plp

✅ Request ganador (BFF): https://bff.jumbo.cl/catalog/plp
✅ Productos detectados: 40

--- XHR/Fetch candidatos (filtrado) ---
01. 200 https://assets.jumbo.cl/json/cms/cepillo-dental.json
02. 200 https://bff.jumbo.cl/catalog/plp

✅ Request ganador (BFF): https://bff.jumbo.cl/catalog/plp
✅ Productos detectados: 40

--- XHR/Fetch candidatos (filtrado) ---
01. 200 https://assets.jumbo.cl/json/cms/cepillo-dental.json
02. 200 https://bff.jumbo.cl/catalog/plp
  productos: 119

Scrape: Cepillos y Pasta Dental Infantil

--- XHR/Fetch candidatos (filtrado) ---
01. 200 https://assets.jumbo.cl/json/cms/page-57057.json
02. 200 https://assets.jumbo.cl/json/cms/page-16512.json
03. 200 https://assets.jumbo.cl/json/cms/page-11484.json
04. 200 https://assets.jumbo.cl/json/cms/page-11732.json
05. 200 https://assets.jumbo.cl/json/cms/cepillos-y-pasta-dental-infantil.json
06. 200 https://assets.jumbo.cl/json/cms/list-category.json
07. 200 https://assets.jumbo.cl/json/cms/page-101453.json
08. 200 https://assets.jumbo.cl/json/cms/page-67845.json
09. 200 https://assets.jumbo.cl/json/cms/cepillos-y-pasta-dental-infantil.json
10. 200 https://bff.jumbo.cl/catalog/plp
11. 200 https://assets.jumbo.cl/json/cms/page-121827.json
12. 200 https://assets.jumbo.cl/json/cms/cepillos-y-pasta-dental-infantil.json
🧪 Dump BFF guardado: debug_bff\bff_cepillos_y_pasta_dental_infantil.json

✅ Request ganador (BFF): https://bff.jumbo.cl/catalog/plp
✅ Productos detectados: 33
  productos: 33

Scrape: Enjuague Bucal

--- XHR/Fetch candidatos (filtrado) ---
01. 200 https://assets.jumbo.cl/json/cms/page-57057.json
02. 200 https://assets.jumbo.cl/json/cms/page-16512.json
03. 200 https://assets.jumbo.cl/json/cms/page-11484.json
04. 200 https://assets.jumbo.cl/json/cms/page-11732.json
05. 200 https://assets.jumbo.cl/json/cms/enjuague-bucal.json
06. 200 https://assets.jumbo.cl/json/cms/list-category.json
07. 200 https://assets.jumbo.cl/json/cms/page-101453.json
08. 200 https://assets.jumbo.cl/json/cms/page-67845.json
09. 200 https://assets.jumbo.cl/json/cms/enjuague-bucal.json
10. 200 https://bff.jumbo.cl/catalog/plp
11. 200 https://assets.jumbo.cl/json/cms/page-121827.json
12. 200 https://assets.jumbo.cl/json/cms/enjuague-bucal.json
🧪 Dump BFF guardado: debug_bff\bff_enjuague_bucal.json

✅ Request ganador (BFF): https://bff.jumbo.cl/catalog/plp
✅ Productos detectados: 40

--- XHR/Fetch candidatos (filtrado) ---
01. 200 https://assets.jumbo.cl/json/cms/enjuague-bucal.json
02. 200 https://bff.jumbo.cl/catalog/plp

✅ Request ganador (BFF): https://bff.jumbo.cl/catalog/plp
✅ Productos detectados: 10
  productos: 49

Scrape: Gel de Ducha

--- XHR/Fetch candidatos (filtrado) ---
01. 200 https://assets.jumbo.cl/json/cms/page-57057.json
02. 200 https://assets.jumbo.cl/json/cms/page-16512.json
03. 200 https://assets.jumbo.cl/json/cms/page-11484.json
04. 200 https://assets.jumbo.cl/json/cms/page-11732.json
05. 200 https://assets.jumbo.cl/json/cms/gel-de-ducha.json
06. 200 https://assets.jumbo.cl/json/cms/list-category.json
07. 200 https://assets.jumbo.cl/json/cms/page-101453.json
08. 200 https://assets.jumbo.cl/json/cms/page-67845.json
09. 200 https://assets.jumbo.cl/json/cms/gel-de-ducha.json
10. 200 https://bff.jumbo.cl/catalog/plp
11. 200 https://assets.jumbo.cl/json/cms/page-121827.json
12. 200 https://assets.jumbo.cl/json/cms/gel-de-ducha.json
🧪 Dump BFF guardado: debug_bff\bff_gel_de_ducha.json

✅ Request ganador (BFF): https://bff.jumbo.cl/catalog/plp
✅ Productos detectados: 40

--- XHR/Fetch candidatos (filtrado) ---
01. 200 https://assets.jumbo.cl/json/cms/gel-de-ducha.json
02. 200 https://bff.jumbo.cl/catalog/plp

✅ Request ganador (BFF): https://bff.jumbo.cl/catalog/plp
✅ Productos detectados: 17
  productos: 56

Scrape: Jabones Líquidos

--- XHR/Fetch candidatos (filtrado) ---
01. 200 https://assets.jumbo.cl/json/cms/page-57057.json
02. 200 https://assets.jumbo.cl/json/cms/page-16512.json
03. 200 https://assets.jumbo.cl/json/cms/page-11484.json
04. 200 https://assets.jumbo.cl/json/cms/page-11732.json
05. 200 https://assets.jumbo.cl/json/cms/jabones-liquidos.json
06. 200 https://assets.jumbo.cl/json/cms/list-category.json
07. 200 https://assets.jumbo.cl/json/cms/page-101453.json
08. 200 https://assets.jumbo.cl/json/cms/page-67845.json
09. 200 https://assets.jumbo.cl/json/cms/jabones-liquidos.json
10. 200 https://bff.jumbo.cl/catalog/plp
11. 200 https://assets.jumbo.cl/json/cms/page-121827.json
12. 200 https://assets.jumbo.cl/json/cms/jabones-liquidos.json
🧪 Dump BFF guardado: debug_bff\bff_jabones_l_quidos.json

✅ Request ganador (BFF): https://bff.jumbo.cl/catalog/plp
✅ Productos detectados: 40

--- XHR/Fetch candidatos (filtrado) ---
01. 200 https://assets.jumbo.cl/json/cms/jabones-liquidos.json
02. 200 https://bff.jumbo.cl/catalog/plp

✅ Request ganador (BFF): https://bff.jumbo.cl/catalog/plp
✅ Productos detectados: 40

--- XHR/Fetch candidatos (filtrado) ---
01. 200 https://assets.jumbo.cl/json/cms/jabones-liquidos.json
02. 200 https://bff.jumbo.cl/catalog/plp

✅ Request ganador (BFF): https://bff.jumbo.cl/catalog/plp
✅ Productos detectados: 34
  productos: 113

Scrape: Jabones en Barra

--- XHR/Fetch candidatos (filtrado) ---
01. 200 https://assets.jumbo.cl/json/cms/page-57057.json
02. 200 https://assets.jumbo.cl/json/cms/page-16512.json
03. 200 https://assets.jumbo.cl/json/cms/page-11484.json
04. 200 https://assets.jumbo.cl/json/cms/page-11732.json
05. 200 https://assets.jumbo.cl/json/cms/jabones-en-barra.json
06. 200 https://assets.jumbo.cl/json/cms/page-101453.json
07. 200 https://assets.jumbo.cl/json/cms/list-category.json
08. 200 https://assets.jumbo.cl/json/cms/page-67845.json
09. 200 https://assets.jumbo.cl/json/cms/jabones-en-barra.json
10. 200 https://bff.jumbo.cl/catalog/plp
🧪 Dump BFF guardado: debug_bff\bff_jabones_en_barra.json

✅ Request ganador (BFF): https://bff.jumbo.cl/catalog/plp
✅ Productos detectados: 40

--- XHR/Fetch candidatos (filtrado) ---
01. 200 https://assets.jumbo.cl/json/cms/jabones-en-barra.json
02. 200 https://bff.jumbo.cl/catalog/plp

✅ Request ganador (BFF): https://bff.jumbo.cl/catalog/plp
✅ Productos detectados: 6
  productos: 46

Scrape: Accesorios de Bebé

--- XHR/Fetch candidatos (filtrado) ---
01. 200 https://assets.jumbo.cl/json/cms/page-57057.json
02. 200 https://assets.jumbo.cl/json/cms/page-16512.json
03. 200 https://assets.jumbo.cl/json/cms/page-11484.json
04. 200 https://assets.jumbo.cl/json/cms/page-11732.json
05. 200 https://assets.jumbo.cl/json/cms/list-category.json
06. 200 https://assets.jumbo.cl/json/cms/accesorios-de-bebe.json
07. 200 https://assets.jumbo.cl/json/cms/page-101453.json
08. 200 https://assets.jumbo.cl/json/cms/page-67845.json
09. 200 https://assets.jumbo.cl/json/cms/accesorios-de-bebe.json
10. 200 https://bff.jumbo.cl/catalog/plp
11. 200 https://assets.jumbo.cl/json/cms/page-121827.json
12. 200 https://assets.jumbo.cl/json/cms/accesorios-de-bebe.json
🧪 Dump BFF guardado: debug_bff\bff_accesorios_de_beb.json

✅ Request ganador (BFF): https://bff.jumbo.cl/catalog/plp
✅ Productos detectados: 40

--- XHR/Fetch candidatos (filtrado) ---
01. 200 https://assets.jumbo.cl/json/cms/accesorios-de-bebe.json
02. 200 https://bff.jumbo.cl/catalog/plp

✅ Request ganador (BFF): https://bff.jumbo.cl/catalog/plp
✅ Productos detectados: 40

--- XHR/Fetch candidatos (filtrado) ---
01. 200 https://assets.jumbo.cl/json/cms/accesorios-de-bebe.json
02. 200 https://bff.jumbo.cl/catalog/plp

✅ Request ganador (BFF): https://bff.jumbo.cl/catalog/plp
✅ Productos detectados: 28
  productos: 108

Scrape: Colados, Picados y Otros

--- XHR/Fetch candidatos (filtrado) ---
01. 200 https://assets.jumbo.cl/json/cms/page-57057.json
02. 200 https://assets.jumbo.cl/json/cms/page-16512.json
03. 200 https://assets.jumbo.cl/json/cms/page-11484.json
04. 200 https://assets.jumbo.cl/json/cms/page-11732.json
05. 200 https://assets.jumbo.cl/json/cms/colados-picados-y-otros.json
06. 200 https://assets.jumbo.cl/json/cms/list-category.json
07. 200 https://assets.jumbo.cl/json/cms/page-101453.json
08. 200 https://assets.jumbo.cl/json/cms/page-67845.json
09. 200 https://assets.jumbo.cl/json/cms/colados-picados-y-otros.json
10. 200 https://bff.jumbo.cl/catalog/plp
11. 200 https://assets.jumbo.cl/json/cms/page-121827.json
12. 200 https://assets.jumbo.cl/json/cms/colados-picados-y-otros.json
🧪 Dump BFF guardado: debug_bff\bff_colados_picados_y_otros.json

✅ Request ganador (BFF): https://bff.jumbo.cl/catalog/plp
✅ Productos detectados: 40

--- XHR/Fetch candidatos (filtrado) ---
01. 200 https://assets.jumbo.cl/json/cms/colados-picados-y-otros.json
02. 200 https://bff.jumbo.cl/catalog/plp

✅ Request ganador (BFF): https://bff.jumbo.cl/catalog/plp
✅ Productos detectados: 40

--- XHR/Fetch candidatos (filtrado) ---
01. 200 https://assets.jumbo.cl/json/cms/colados-picados-y-otros.json
02. 200 https://bff.jumbo.cl/catalog/plp

✅ Request ganador (BFF): https://bff.jumbo.cl/catalog/plp
✅ Productos detectados: 8
  productos: 88

Scrape: Leche y Suplementos Infantiles

--- XHR/Fetch candidatos (filtrado) ---
01. 200 https://assets.jumbo.cl/json/cms/page-57057.json
02. 200 https://assets.jumbo.cl/json/cms/page-16512.json
03. 200 https://assets.jumbo.cl/json/cms/page-11484.json
04. 200 https://assets.jumbo.cl/json/cms/page-11732.json
05. 200 https://assets.jumbo.cl/json/cms/leche-y-suplementos-infantiles.json
06. 200 https://assets.jumbo.cl/json/cms/list-category.json
07. 200 https://assets.jumbo.cl/json/cms/page-101453.json
08. 200 https://assets.jumbo.cl/json/cms/page-67845.json
09. 200 https://assets.jumbo.cl/json/cms/leche-y-suplementos-infantiles.json
10. 200 https://bff.jumbo.cl/catalog/plp
11. 200 https://assets.jumbo.cl/json/cms/page-121827.json
12. 200 https://assets.jumbo.cl/json/cms/leche-y-suplementos-infantiles.json
🧪 Dump BFF guardado: debug_bff\bff_leche_y_suplementos_infantiles.json

✅ Request ganador (BFF): https://bff.jumbo.cl/catalog/plp
✅ Productos detectados: 33
  productos: 33

Scrape: Pañales y Toallitas Húmedas

--- XHR/Fetch candidatos (filtrado) ---
01. 200 https://assets.jumbo.cl/json/cms/page-57057.json
02. 200 https://assets.jumbo.cl/json/cms/page-16512.json
03. 200 https://assets.jumbo.cl/json/cms/page-11484.json
04. 200 https://assets.jumbo.cl/json/cms/page-11732.json
05. 200 https://assets.jumbo.cl/json/cms/panales-y-toallas-humedas.json
06. 200 https://assets.jumbo.cl/json/cms/list-category.json
07. 200 https://assets.jumbo.cl/json/cms/page-67845.json
08. 200 https://assets.jumbo.cl/json/cms/page-101453.json
09. 200 https://assets.jumbo.cl/json/cms/panales-y-toallas-humedas.json
10. 200 https://bff.jumbo.cl/catalog/plp
11. 200 https://assets.jumbo.cl/json/cms/page-121827.json
12. 200 https://assets.jumbo.cl/json/cms/panales-y-toallas-humedas.json
🧪 Dump BFF guardado: debug_bff\bff_pa_ales_y_toallitas_h_medas.json

✅ Request ganador (BFF): https://bff.jumbo.cl/catalog/plp
✅ Productos detectados: 40

--- XHR/Fetch candidatos (filtrado) ---
01. 200 https://assets.jumbo.cl/json/cms/panales-y-toallas-humedas.json
02. 200 https://bff.jumbo.cl/catalog/plp

✅ Request ganador (BFF): https://bff.jumbo.cl/catalog/plp
✅ Productos detectados: 40

--- XHR/Fetch candidatos (filtrado) ---
01. 200 https://assets.jumbo.cl/json/cms/panales-y-toallas-humedas.json
02. 200 https://bff.jumbo.cl/catalog/plp

✅ Request ganador (BFF): https://bff.jumbo.cl/catalog/plp
✅ Productos detectados: 40

--- XHR/Fetch candidatos (filtrado) ---
01. 200 https://assets.jumbo.cl/json/cms/panales-y-toallas-humedas.json
02. 200 https://bff.jumbo.cl/catalog/plp

✅ Request ganador (BFF): https://bff.jumbo.cl/catalog/plp
✅ Productos detectados: 26
  productos: 146

Scrape: Desodorantes en Aerosol

--- XHR/Fetch candidatos (filtrado) ---
01. 200 https://assets.jumbo.cl/json/cms/page-57057.json
02. 200 https://assets.jumbo.cl/json/cms/page-16512.json
03. 200 https://assets.jumbo.cl/json/cms/page-11484.json
04. 200 https://assets.jumbo.cl/json/cms/page-11732.json
05. 200 https://assets.jumbo.cl/json/cms/desodorantes-en-aerosol.json
06. 200 https://assets.jumbo.cl/json/cms/list-category.json
07. 200 https://assets.jumbo.cl/json/cms/page-101453.json
08. 200 https://assets.jumbo.cl/json/cms/page-67845.json
09. 200 https://assets.jumbo.cl/json/cms/desodorantes-en-aerosol.json
10. 200 https://bff.jumbo.cl/catalog/plp
11. 200 https://assets.jumbo.cl/json/cms/page-121827.json
12. 200 https://assets.jumbo.cl/json/cms/desodorantes-en-aerosol.json
🧪 Dump BFF guardado: debug_bff\bff_desodorantes_en_aerosol.json

✅ Request ganador (BFF): https://bff.jumbo.cl/catalog/plp
✅ Productos detectados: 40

--- XHR/Fetch candidatos (filtrado) ---
01. 200 https://assets.jumbo.cl/json/cms/desodorantes-en-aerosol.json
02. 200 https://bff.jumbo.cl/catalog/plp

✅ Request ganador (BFF): https://bff.jumbo.cl/catalog/plp
✅ Productos detectados: 40

--- XHR/Fetch candidatos (filtrado) ---
01. 200 https://assets.jumbo.cl/json/cms/desodorantes-en-aerosol.json
02. 200 https://bff.jumbo.cl/catalog/plp

✅ Request ganador (BFF): https://bff.jumbo.cl/catalog/plp
✅ Productos detectados: 39
  productos: 118

Scrape: Desodorantes en Barra

--- XHR/Fetch candidatos (filtrado) ---
01. 200 https://assets.jumbo.cl/json/cms/page-57057.json
02. 200 https://assets.jumbo.cl/json/cms/page-16512.json
03. 200 https://assets.jumbo.cl/json/cms/page-11484.json
04. 200 https://assets.jumbo.cl/json/cms/page-11732.json
05. 200 https://assets.jumbo.cl/json/cms/desodorantes-en-barra.json
06. 200 https://assets.jumbo.cl/json/cms/list-category.json
07. 200 https://assets.jumbo.cl/json/cms/page-101453.json
08. 200 https://assets.jumbo.cl/json/cms/page-67845.json
09. 200 https://assets.jumbo.cl/json/cms/desodorantes-en-barra.json
10. 200 https://bff.jumbo.cl/catalog/plp
11. 200 https://assets.jumbo.cl/json/cms/page-121827.json
12. 200 https://assets.jumbo.cl/json/cms/desodorantes-en-barra.json
🧪 Dump BFF guardado: debug_bff\bff_desodorantes_en_barra.json

✅ Request ganador (BFF): https://bff.jumbo.cl/catalog/plp
✅ Productos detectados: 40

--- XHR/Fetch candidatos (filtrado) ---
01. 200 https://bff.jumbo.cl/catalog/plp
02. 200 https://assets.jumbo.cl/json/cms/desodorantes-en-barra.json

✅ Request ganador (BFF): https://bff.jumbo.cl/catalog/plp
✅ Productos detectados: 23
  productos: 62

Scrape: Desodorantes Roll-on

--- XHR/Fetch candidatos (filtrado) ---
01. 200 https://assets.jumbo.cl/json/cms/page-57057.json
02. 200 https://assets.jumbo.cl/json/cms/page-16512.json
03. 200 https://assets.jumbo.cl/json/cms/page-11484.json
04. 200 https://assets.jumbo.cl/json/cms/page-11732.json
05. 200 https://assets.jumbo.cl/json/cms/desodorantes-roll-on.json
06. 200 https://assets.jumbo.cl/json/cms/list-category.json
07. 200 https://assets.jumbo.cl/json/cms/page-101453.json
08. 200 https://assets.jumbo.cl/json/cms/page-67845.json
09. 200 https://assets.jumbo.cl/json/cms/desodorantes-roll-on.json
10. 200 https://bff.jumbo.cl/catalog/plp
11. 200 https://assets.jumbo.cl/json/cms/page-121827.json
12. 200 https://assets.jumbo.cl/json/cms/desodorantes-roll-on.json
🧪 Dump BFF guardado: debug_bff\bff_desodorantes_roll_on.json

✅ Request ganador (BFF): https://bff.jumbo.cl/catalog/plp
✅ Productos detectados: 32
  productos: 32

Scrape: Desodorantes Clinical

--- XHR/Fetch candidatos (filtrado) ---
01. 200 https://assets.jumbo.cl/json/cms/page-57057.json
02. 200 https://assets.jumbo.cl/json/cms/page-16512.json
03. 200 https://assets.jumbo.cl/json/cms/page-11484.json
04. 200 https://assets.jumbo.cl/json/cms/page-11732.json
05. 200 https://assets.jumbo.cl/json/cms/list-category.json
06. 200 https://assets.jumbo.cl/json/cms/page-101453.json
07. 200 https://assets.jumbo.cl/json/cms/page-67845.json
08. 404 https://assets.jumbo.cl/json/cms/desodorantes-clinical.json
09. 200 https://bff.jumbo.cl/catalog/plp
10. 200 https://assets.jumbo.cl/json/cms/page-121827.json
🧪 Dump BFF guardado: debug_bff\bff_desodorantes_clinical.json

✅ Request ganador (BFF): https://bff.jumbo.cl/catalog/plp
✅ Productos detectados: 40

--- XHR/Fetch candidatos (filtrado) ---
01. 200 https://bff.jumbo.cl/catalog/plp
  productos: 40

Scrape: Cremas para Manos

--- XHR/Fetch candidatos (filtrado) ---
01. 200 https://assets.jumbo.cl/json/cms/page-57057.json
02. 200 https://assets.jumbo.cl/json/cms/page-16512.json
03. 200 https://assets.jumbo.cl/json/cms/page-11484.json
04. 200 https://assets.jumbo.cl/json/cms/page-11732.json
05. 200 https://assets.jumbo.cl/json/cms/list-category.json
06. 200 https://assets.jumbo.cl/json/cms/page-101453.json
07. 200 https://assets.jumbo.cl/json/cms/page-67845.json
08. 404 https://assets.jumbo.cl/json/cms/cremas-para-manos.json
09. 200 https://bff.jumbo.cl/catalog/plp
10. 200 https://assets.jumbo.cl/json/cms/page-121827.json
🧪 Dump BFF guardado: debug_bff\bff_cremas_para_manos.json

✅ Request ganador (BFF): https://bff.jumbo.cl/catalog/plp
✅ Productos detectados: 27
  productos: 27

Scrape: Talcos y Cremas para Pies

--- XHR/Fetch candidatos (filtrado) ---
01. 200 https://assets.jumbo.cl/json/cms/page-57057.json
02. 200 https://assets.jumbo.cl/json/cms/page-16512.json
03. 200 https://assets.jumbo.cl/json/cms/page-11484.json
04. 200 https://assets.jumbo.cl/json/cms/page-11732.json
05. 200 https://assets.jumbo.cl/json/cms/list-category.json
06. 200 https://assets.jumbo.cl/json/cms/page-101453.json
07. 200 https://assets.jumbo.cl/json/cms/page-67845.json
08. 404 https://assets.jumbo.cl/json/cms/talcos-y-cremas-para-pies.json
09. 200 https://bff.jumbo.cl/catalog/plp
10. 200 https://assets.jumbo.cl/json/cms/page-121827.json
🧪 Dump BFF guardado: debug_bff\bff_talcos_y_cremas_para_pies.json

✅ Request ganador (BFF): https://bff.jumbo.cl/catalog/plp
✅ Productos detectados: 29
  productos: 29

Scrape: Cremas y Cuidado Corporal

--- XHR/Fetch candidatos (filtrado) ---
01. 200 https://assets.jumbo.cl/json/cms/page-57057.json
02. 200 https://assets.jumbo.cl/json/cms/page-16512.json
03. 200 https://assets.jumbo.cl/json/cms/page-11484.json
04. 200 https://assets.jumbo.cl/json/cms/page-11732.json
05. 200 https://assets.jumbo.cl/json/cms/list-category.json
06. 200 https://assets.jumbo.cl/json/cms/page-101453.json
07. 200 https://assets.jumbo.cl/json/cms/page-67845.json
08. 404 https://assets.jumbo.cl/json/cms/cremas-y-cuidado-corporal.json
09. 200 https://bff.jumbo.cl/catalog/plp
10. 200 https://assets.jumbo.cl/json/cms/page-121827.json
🧪 Dump BFF guardado: debug_bff\bff_cremas_y_cuidado_corporal.json

✅ Request ganador (BFF): https://bff.jumbo.cl/catalog/plp
✅ Productos detectados: 40

--- XHR/Fetch candidatos (filtrado) ---
01. 200 https://bff.jumbo.cl/catalog/plp

✅ Request ganador (BFF): https://bff.jumbo.cl/catalog/plp
✅ Productos detectados: 40

--- XHR/Fetch candidatos (filtrado) ---
01. 200 https://bff.jumbo.cl/catalog/plp

✅ Request ganador (BFF): https://bff.jumbo.cl/catalog/plp
✅ Productos detectados: 40

--- XHR/Fetch candidatos (filtrado) ---
01. 200 https://bff.jumbo.cl/catalog/plp

✅ Request ganador (BFF): https://bff.jumbo.cl/catalog/plp
✅ Productos detectados: 10
  productos: 129

Scrape: Bienestar

--- XHR/Fetch candidatos (filtrado) ---
01. 200 https://assets.jumbo.cl/json/cms/page-57057.json
02. 200 https://assets.jumbo.cl/json/cms/page-16512.json
03. 200 https://assets.jumbo.cl/json/cms/page-11484.json
04. 200 https://assets.jumbo.cl/json/cms/page-11732.json
05. 200 https://assets.jumbo.cl/json/cms/page-101453.json
06. 200 https://assets.jumbo.cl/json/cms/list-category.json
07. 200 https://assets.jumbo.cl/json/cms/page-67845.json
08. 404 https://assets.jumbo.cl/json/cms/bienestar.json
09. 200 https://bff.jumbo.cl/catalog/plp
10. 200 https://assets.jumbo.cl/json/cms/page-121827.json
🧪 Dump BFF guardado: debug_bff\bff_bienestar.json

✅ Request ganador (BFF): https://bff.jumbo.cl/catalog/plp
✅ Productos detectados: 22
  productos: 22

Scrape: Toallas Higiénicas y Tampones

--- XHR/Fetch candidatos (filtrado) ---
01. 200 https://assets.jumbo.cl/json/cms/page-57057.json
02. 200 https://assets.jumbo.cl/json/cms/page-16512.json
03. 200 https://assets.jumbo.cl/json/cms/page-11484.json
04. 200 https://assets.jumbo.cl/json/cms/page-11732.json
05. 200 https://assets.jumbo.cl/json/cms/list-category.json
06. 200 https://assets.jumbo.cl/json/cms/page-101453.json
07. 200 https://assets.jumbo.cl/json/cms/page-67845.json
08. 404 https://assets.jumbo.cl/json/cms/toallas-higienicas-y-tampones.json
09. 200 https://bff.jumbo.cl/catalog/plp
10. 200 https://assets.jumbo.cl/json/cms/page-121827.json
🧪 Dump BFF guardado: debug_bff\bff_toallas_higi_nicas_y_tampones.json

✅ Request ganador (BFF): https://bff.jumbo.cl/catalog/plp
✅ Productos detectados: 40

--- XHR/Fetch candidatos (filtrado) ---
01. 200 https://bff.jumbo.cl/catalog/plp

✅ Request ganador (BFF): https://bff.jumbo.cl/catalog/plp
✅ Productos detectados: 40

--- XHR/Fetch candidatos (filtrado) ---
01. 200 https://bff.jumbo.cl/catalog/plp

✅ Request ganador (BFF): https://bff.jumbo.cl/catalog/plp
✅ Productos detectados: 22
  productos: 86

Scrape: Protectores Diarios

--- XHR/Fetch candidatos (filtrado) ---
01. 200 https://assets.jumbo.cl/json/cms/page-57057.json
02. 200 https://assets.jumbo.cl/json/cms/page-16512.json
03. 200 https://assets.jumbo.cl/json/cms/page-11484.json
04. 200 https://assets.jumbo.cl/json/cms/page-11732.json
05. 200 https://assets.jumbo.cl/json/cms/list-category.json
06. 200 https://assets.jumbo.cl/json/cms/page-101453.json
07. 200 https://assets.jumbo.cl/json/cms/page-67845.json
08. 404 https://assets.jumbo.cl/json/cms/protectores-diarios.json
09. 200 https://bff.jumbo.cl/catalog/plp
10. 200 https://assets.jumbo.cl/json/cms/page-121827.json
🧪 Dump BFF guardado: debug_bff\bff_protectores_diarios.json

✅ Request ganador (BFF): https://bff.jumbo.cl/catalog/plp
✅ Productos detectados: 39
  productos: 39

Scrape: Jabones Íntimos y Pañitos Húmedos

--- XHR/Fetch candidatos (filtrado) ---
01. 200 https://assets.jumbo.cl/json/cms/page-57057.json
02. 200 https://assets.jumbo.cl/json/cms/page-16512.json
03. 200 https://assets.jumbo.cl/json/cms/page-11484.json
04. 200 https://assets.jumbo.cl/json/cms/page-11732.json
05. 200 https://assets.jumbo.cl/json/cms/list-category.json
06. 200 https://assets.jumbo.cl/json/cms/page-101453.json
07. 200 https://assets.jumbo.cl/json/cms/page-67845.json
08. 404 https://assets.jumbo.cl/json/cms/jabones-intimos-y-panitos-humedos.json
09. 200 https://bff.jumbo.cl/catalog/plp
10. 200 https://assets.jumbo.cl/json/cms/page-121827.json
🧪 Dump BFF guardado: debug_bff\bff_jabones_ntimos_y_pa_itos_h_medos.json

✅ Request ganador (BFF): https://bff.jumbo.cl/catalog/plp
✅ Productos detectados: 19
  productos: 19

Scrape: Calzones y Copas Menstruales

--- XHR/Fetch candidatos (filtrado) ---
01. 200 https://assets.jumbo.cl/json/cms/page-57057.json
02. 200 https://assets.jumbo.cl/json/cms/page-16512.json
03. 200 https://assets.jumbo.cl/json/cms/page-11484.json
04. 200 https://assets.jumbo.cl/json/cms/page-11732.json
05. 200 https://assets.jumbo.cl/json/cms/list-category.json
06. 200 https://assets.jumbo.cl/json/cms/page-101453.json
07. 200 https://assets.jumbo.cl/json/cms/page-67845.json
08. 404 https://assets.jumbo.cl/json/cms/calzones-y-copas-menstruales.json
09. 200 https://bff.jumbo.cl/catalog/plp
10. 200 https://assets.jumbo.cl/json/cms/page-121827.json
🧪 Dump BFF guardado: debug_bff\bff_calzones_y_copas_menstruales.json

✅ Request ganador (BFF): https://bff.jumbo.cl/catalog/plp
✅ Productos detectados: 32
  productos: 32

Scrape: Máquinas de Depilación

--- XHR/Fetch candidatos (filtrado) ---
01. 200 https://assets.jumbo.cl/json/cms/page-57057.json
02. 200 https://assets.jumbo.cl/json/cms/page-16512.json
03. 200 https://assets.jumbo.cl/json/cms/page-11484.json
04. 200 https://assets.jumbo.cl/json/cms/page-11732.json
05. 200 https://assets.jumbo.cl/json/cms/maquinas-de-depilacion.json
06. 200 https://assets.jumbo.cl/json/cms/list-category.json
07. 200 https://assets.jumbo.cl/json/cms/page-101453.json
08. 200 https://assets.jumbo.cl/json/cms/page-67845.json
09. 200 https://assets.jumbo.cl/json/cms/maquinas-de-depilacion.json
10. 200 https://bff.jumbo.cl/catalog/plp
11. 200 https://assets.jumbo.cl/json/cms/page-121827.json
12. 200 https://assets.jumbo.cl/json/cms/maquinas-de-depilacion.json
🧪 Dump BFF guardado: debug_bff\bff_m_quinas_de_depilaci_n.json

✅ Request ganador (BFF): https://bff.jumbo.cl/catalog/plp
✅ Productos detectados: 40

--- XHR/Fetch candidatos (filtrado) ---
01. 200 https://assets.jumbo.cl/json/cms/maquinas-de-depilacion.json
02. 200 https://bff.jumbo.cl/catalog/plp

✅ Request ganador (BFF): https://bff.jumbo.cl/catalog/plp
✅ Productos detectados: 5
  productos: 45

Scrape: Ceras Depilatorias

--- XHR/Fetch candidatos (filtrado) ---
01. 200 https://assets.jumbo.cl/json/cms/page-57057.json
02. 200 https://assets.jumbo.cl/json/cms/page-16512.json
03. 200 https://assets.jumbo.cl/json/cms/page-11484.json
04. 200 https://assets.jumbo.cl/json/cms/page-11732.json
05. 200 https://assets.jumbo.cl/json/cms/list-category.json
06. 200 https://assets.jumbo.cl/json/cms/page-101453.json
07. 200 https://assets.jumbo.cl/json/cms/page-67845.json
08. 404 https://assets.jumbo.cl/json/cms/ceras-depilatorias.json
09. 200 https://bff.jumbo.cl/catalog/plp
10. 200 https://assets.jumbo.cl/json/cms/page-121827.json
🧪 Dump BFF guardado: debug_bff\bff_ceras_depilatorias.json

✅ Request ganador (BFF): https://bff.jumbo.cl/catalog/plp
✅ Productos detectados: 7
  productos: 7

Scrape: Bandas Depilatorias

--- XHR/Fetch candidatos (filtrado) ---
01. 200 https://assets.jumbo.cl/json/cms/page-57057.json
02. 200 https://assets.jumbo.cl/json/cms/page-16512.json
03. 200 https://assets.jumbo.cl/json/cms/page-11484.json
04. 200 https://assets.jumbo.cl/json/cms/page-11732.json
05. 200 https://assets.jumbo.cl/json/cms/list-category.json
06. 200 https://assets.jumbo.cl/json/cms/page-101453.json
07. 200 https://assets.jumbo.cl/json/cms/page-67845.json
08. 404 https://assets.jumbo.cl/json/cms/bandas-depilatorias.json
09. 200 https://bff.jumbo.cl/catalog/plp
10. 200 https://assets.jumbo.cl/json/cms/page-121827.json
🧪 Dump BFF guardado: debug_bff\bff_bandas_depilatorias.json

✅ Request ganador (BFF): https://bff.jumbo.cl/catalog/plp
✅ Productos detectados: 8
  productos: 8

Scrape: Cremas Depilatorias

--- XHR/Fetch candidatos (filtrado) ---
01. 200 https://assets.jumbo.cl/json/cms/page-57057.json
02. 200 https://assets.jumbo.cl/json/cms/page-16512.json
03. 200 https://assets.jumbo.cl/json/cms/page-11484.json
04. 200 https://assets.jumbo.cl/json/cms/page-11732.json
05. 200 https://assets.jumbo.cl/json/cms/list-category.json
06. 200 https://assets.jumbo.cl/json/cms/page-101453.json
07. 200 https://assets.jumbo.cl/json/cms/cremas-depilatorias.json
08. 200 https://assets.jumbo.cl/json/cms/page-67845.json
09. 200 https://assets.jumbo.cl/json/cms/cremas-depilatorias.json
10. 200 https://bff.jumbo.cl/catalog/plp
11. 200 https://assets.jumbo.cl/json/cms/page-121827.json
12. 200 https://assets.jumbo.cl/json/cms/cremas-depilatorias.json
🧪 Dump BFF guardado: debug_bff\bff_cremas_depilatorias.json

✅ Request ganador (BFF): https://bff.jumbo.cl/catalog/plp
✅ Productos detectados: 17
  productos: 17

Scrape: Incontinencia

--- XHR/Fetch candidatos (filtrado) ---
01. 200 https://assets.jumbo.cl/json/cms/page-57057.json
02. 200 https://assets.jumbo.cl/json/cms/page-16512.json
03. 200 https://assets.jumbo.cl/json/cms/page-11484.json
04. 200 https://assets.jumbo.cl/json/cms/page-11732.json
05. 200 https://assets.jumbo.cl/json/cms/list-category.json
06. 200 https://assets.jumbo.cl/json/cms/page-101453.json
07. 200 https://assets.jumbo.cl/json/cms/page-67845.json
08. 200 https://assets.jumbo.cl/json/cms/incontinencia.json
09. 200 https://assets.jumbo.cl/json/cms/incontinencia.json
10. 200 https://bff.jumbo.cl/catalog/plp
11. 200 https://assets.jumbo.cl/json/cms/page-121827.json
12. 200 https://assets.jumbo.cl/json/cms/incontinencia.json
🧪 Dump BFF guardado: debug_bff\bff_incontinencia.json

✅ Request ganador (BFF): https://bff.jumbo.cl/catalog/plp
✅ Productos detectados: 39
  productos: 39

Scrape: Pañales Adulto

--- XHR/Fetch candidatos (filtrado) ---
01. 200 https://assets.jumbo.cl/json/cms/page-57057.json
02. 200 https://assets.jumbo.cl/json/cms/page-16512.json
03. 200 https://assets.jumbo.cl/json/cms/page-11484.json
04. 200 https://assets.jumbo.cl/json/cms/page-11732.json
05. 200 https://assets.jumbo.cl/json/cms/list-category.json
06. 200 https://assets.jumbo.cl/json/cms/page-101453.json
07. 200 https://assets.jumbo.cl/json/cms/page-67845.json
08. 404 https://assets.jumbo.cl/json/cms/panales-adulto.json
09. 200 https://bff.jumbo.cl/catalog/plp
10. 200 https://assets.jumbo.cl/json/cms/page-121827.json
🧪 Dump BFF guardado: debug_bff\bff_pa_ales_adulto.json

✅ Request ganador (BFF): https://bff.jumbo.cl/catalog/plp
✅ Productos detectados: 40

--- XHR/Fetch candidatos (filtrado) ---
01. 200 https://bff.jumbo.cl/catalog/plp

✅ Request ganador (BFF): https://bff.jumbo.cl/catalog/plp
✅ Productos detectados: 11
  productos: 51

Scrape: Bálsamo y Protector Labial

--- XHR/Fetch candidatos (filtrado) ---
01. 200 https://assets.jumbo.cl/json/cms/page-57057.json
02. 200 https://assets.jumbo.cl/json/cms/page-16512.json
03. 200 https://assets.jumbo.cl/json/cms/page-11484.json
04. 200 https://assets.jumbo.cl/json/cms/page-11732.json
05. 200 https://assets.jumbo.cl/json/cms/list-category.json
06. 200 https://assets.jumbo.cl/json/cms/page-101453.json
07. 200 https://assets.jumbo.cl/json/cms/page-67845.json
08. 404 https://assets.jumbo.cl/json/cms/balsamo-y-protector-labial.json
09. 200 https://bff.jumbo.cl/catalog/plp
10. 200 https://assets.jumbo.cl/json/cms/page-121827.json
🧪 Dump BFF guardado: debug_bff\bff_b_lsamo_y_protector_labial.json

✅ Request ganador (BFF): https://bff.jumbo.cl/catalog/plp
✅ Productos detectados: 40

--- XHR/Fetch candidatos (filtrado) ---
01. 200 https://bff.jumbo.cl/catalog/plp

✅ Request ganador (BFF): https://bff.jumbo.cl/catalog/plp
✅ Productos detectados: 6
  productos: 46

Scrape: Cremas e Hidratación Facial

--- XHR/Fetch candidatos (filtrado) ---
01. 200 https://assets.jumbo.cl/json/cms/page-57057.json
02. 200 https://assets.jumbo.cl/json/cms/page-16512.json
03. 200 https://assets.jumbo.cl/json/cms/page-11484.json
04. 200 https://assets.jumbo.cl/json/cms/page-11732.json
05. 200 https://assets.jumbo.cl/json/cms/list-category.json
06. 200 https://assets.jumbo.cl/json/cms/page-101453.json
07. 200 https://assets.jumbo.cl/json/cms/page-67845.json
08. 404 https://assets.jumbo.cl/json/cms/cremas-e-hidratacion-facial.json
09. 200 https://bff.jumbo.cl/catalog/plp
10. 200 https://assets.jumbo.cl/json/cms/page-121827.json
🧪 Dump BFF guardado: debug_bff\bff_cremas_e_hidrataci_n_facial.json

✅ Request ganador (BFF): https://bff.jumbo.cl/catalog/plp
✅ Productos detectados: 40

--- XHR/Fetch candidatos (filtrado) ---
01. 200 https://bff.jumbo.cl/catalog/plp

✅ Request ganador (BFF): https://bff.jumbo.cl/catalog/plp
✅ Productos detectados: 40

--- XHR/Fetch candidatos (filtrado) ---
01. 200 https://bff.jumbo.cl/catalog/plp

✅ Request ganador (BFF): https://bff.jumbo.cl/catalog/plp
✅ Productos detectados: 12
  productos: 92

Scrape: Limpieza Facial

--- XHR/Fetch candidatos (filtrado) ---
01. 200 https://assets.jumbo.cl/json/cms/page-57057.json
02. 200 https://assets.jumbo.cl/json/cms/page-16512.json
03. 200 https://assets.jumbo.cl/json/cms/page-11484.json
04. 200 https://assets.jumbo.cl/json/cms/page-11732.json
05. 200 https://assets.jumbo.cl/json/cms/limpieza-facial.json
06. 200 https://assets.jumbo.cl/json/cms/page-67845.json
07. 200 https://assets.jumbo.cl/json/cms/page-101453.json
08. 200 https://assets.jumbo.cl/json/cms/list-category.json
09. 200 https://assets.jumbo.cl/json/cms/limpieza-facial.json
10. 200 https://bff.jumbo.cl/catalog/plp
11. 200 https://assets.jumbo.cl/json/cms/page-121827.json
12. 200 https://assets.jumbo.cl/json/cms/limpieza-facial.json
🧪 Dump BFF guardado: debug_bff\bff_limpieza_facial.json

✅ Request ganador (BFF): https://bff.jumbo.cl/catalog/plp
✅ Productos detectados: 40

--- XHR/Fetch candidatos (filtrado) ---
01. 200 https://assets.jumbo.cl/json/cms/limpieza-facial.json
02. 200 https://bff.jumbo.cl/catalog/plp

✅ Request ganador (BFF): https://bff.jumbo.cl/catalog/plp
✅ Productos detectados: 40

--- XHR/Fetch candidatos (filtrado) ---
01. 200 https://assets.jumbo.cl/json/cms/limpieza-facial.json
02. 200 https://bff.jumbo.cl/catalog/plp

✅ Request ganador (BFF): https://bff.jumbo.cl/catalog/plp
✅ Productos detectados: 16
  productos: 94

Scrape: Tratamientos Faciales

--- XHR/Fetch candidatos (filtrado) ---
01. 200 https://assets.jumbo.cl/json/cms/page-57057.json
02. 200 https://assets.jumbo.cl/json/cms/page-16512.json
03. 200 https://assets.jumbo.cl/json/cms/page-11484.json
04. 200 https://assets.jumbo.cl/json/cms/page-11732.json
05. 200 https://assets.jumbo.cl/json/cms/list-category.json
06. 200 https://assets.jumbo.cl/json/cms/page-101453.json
07. 200 https://assets.jumbo.cl/json/cms/page-67845.json
08. 404 https://assets.jumbo.cl/json/cms/tratamientos-faciales.json
09. 200 https://bff.jumbo.cl/catalog/plp
10. 200 https://assets.jumbo.cl/json/cms/page-121827.json
🧪 Dump BFF guardado: debug_bff\bff_tratamientos_faciales.json

✅ Request ganador (BFF): https://bff.jumbo.cl/catalog/plp
✅ Productos detectados: 40

--- XHR/Fetch candidatos (filtrado) ---
01. 200 https://bff.jumbo.cl/catalog/plp

✅ Request ganador (BFF): https://bff.jumbo.cl/catalog/plp
✅ Productos detectados: 5
  productos: 45

Scrape: Maquillaje Rostro

--- XHR/Fetch candidatos (filtrado) ---
01. 200 https://assets.jumbo.cl/json/cms/page-57057.json
02. 200 https://assets.jumbo.cl/json/cms/page-16512.json
03. 200 https://assets.jumbo.cl/json/cms/page-11484.json
04. 200 https://assets.jumbo.cl/json/cms/page-11732.json
05. 200 https://assets.jumbo.cl/json/cms/maquillaje-rostro.json
06. 200 https://assets.jumbo.cl/json/cms/list-category.json
07. 200 https://assets.jumbo.cl/json/cms/page-101453.json
08. 200 https://assets.jumbo.cl/json/cms/page-67845.json
09. 200 https://assets.jumbo.cl/json/cms/maquillaje-rostro.json
10. 200 https://bff.jumbo.cl/catalog/plp
11. 200 https://assets.jumbo.cl/json/cms/page-121827.json
12. 200 https://assets.jumbo.cl/json/cms/maquillaje-rostro.json
🧪 Dump BFF guardado: debug_bff\bff_maquillaje_rostro.json

✅ Request ganador (BFF): https://bff.jumbo.cl/catalog/plp
✅ Productos detectados: 40

--- XHR/Fetch candidatos (filtrado) ---
01. 200 https://assets.jumbo.cl/json/cms/maquillaje-rostro.json
02. 200 https://bff.jumbo.cl/catalog/plp

✅ Request ganador (BFF): https://bff.jumbo.cl/catalog/plp
✅ Productos detectados: 11
  productos: 51

Scrape: Maquillaje Ojos

--- XHR/Fetch candidatos (filtrado) ---
01. 200 https://assets.jumbo.cl/json/cms/page-57057.json
02. 200 https://assets.jumbo.cl/json/cms/page-16512.json
03. 200 https://assets.jumbo.cl/json/cms/page-11484.json
04. 200 https://assets.jumbo.cl/json/cms/maquillaje-ojos.json
05. 200 https://assets.jumbo.cl/json/cms/page-11732.json
06. 200 https://assets.jumbo.cl/json/cms/page-101453.json
07. 200 https://assets.jumbo.cl/json/cms/list-category.json
08. 200 https://assets.jumbo.cl/json/cms/page-67845.json
09. 200 https://assets.jumbo.cl/json/cms/maquillaje-ojos.json
10. 200 https://bff.jumbo.cl/catalog/plp
11. 200 https://assets.jumbo.cl/json/cms/page-121827.json
12. 200 https://assets.jumbo.cl/json/cms/maquillaje-ojos.json
🧪 Dump BFF guardado: debug_bff\bff_maquillaje_ojos.json

✅ Request ganador (BFF): https://bff.jumbo.cl/catalog/plp
✅ Productos detectados: 40

--- XHR/Fetch candidatos (filtrado) ---
01. 200 https://assets.jumbo.cl/json/cms/maquillaje-ojos.json
02. 200 https://bff.jumbo.cl/catalog/plp

✅ Request ganador (BFF): https://bff.jumbo.cl/catalog/plp
✅ Productos detectados: 3
  productos: 43

Scrape: Maquillaje Labios

--- XHR/Fetch candidatos (filtrado) ---
01. 200 https://assets.jumbo.cl/json/cms/page-16512.json
02. 200 https://assets.jumbo.cl/json/cms/page-11484.json
03. 200 https://assets.jumbo.cl/json/cms/page-57057.json
04. 200 https://assets.jumbo.cl/json/cms/page-11732.json
05. 200 https://assets.jumbo.cl/json/cms/list-category.json
06. 200 https://assets.jumbo.cl/json/cms/maquillaje-labios.json
07. 200 https://assets.jumbo.cl/json/cms/page-101453.json
08. 200 https://assets.jumbo.cl/json/cms/page-67845.json
09. 200 https://assets.jumbo.cl/json/cms/maquillaje-labios.json
10. 200 https://bff.jumbo.cl/catalog/plp
11. 200 https://assets.jumbo.cl/json/cms/page-121827.json
12. 200 https://assets.jumbo.cl/json/cms/maquillaje-labios.json
🧪 Dump BFF guardado: debug_bff\bff_maquillaje_labios.json

✅ Request ganador (BFF): https://bff.jumbo.cl/catalog/plp
✅ Productos detectados: 38
  productos: 38

Scrape: Sets de Maquillaje

--- XHR/Fetch candidatos (filtrado) ---
01. 200 https://assets.jumbo.cl/json/cms/page-57057.json
02. 200 https://assets.jumbo.cl/json/cms/page-16512.json
03. 200 https://assets.jumbo.cl/json/cms/page-11484.json
04. 200 https://assets.jumbo.cl/json/cms/page-11732.json
05. 200 https://assets.jumbo.cl/json/cms/list-category.json
06. 200 https://assets.jumbo.cl/json/cms/page-101453.json
07. 200 https://assets.jumbo.cl/json/cms/page-67845.json
08. 404 https://assets.jumbo.cl/json/cms/sets-de-maquillaje.json
09. 200 https://bff.jumbo.cl/catalog/plp
10. 200 https://assets.jumbo.cl/json/cms/page-100823.json
🧪 Dump BFF guardado: debug_bff\bff_sets_de_maquillaje.json
⚠️ 0 productos (no se detectó JSON de productos): https://www.jumbo.cl/cuidado-personal-y-bebe/maquillaje/sets-de-maquillaje
  productos: 0

Scrape: Solares y Autobronceantes

--- XHR/Fetch candidatos (filtrado) ---
01. 200 https://assets.jumbo.cl/json/cms/page-57057.json
02. 200 https://assets.jumbo.cl/json/cms/page-16512.json
03. 200 https://assets.jumbo.cl/json/cms/page-11484.json
04. 200 https://assets.jumbo.cl/json/cms/page-11732.json
05. 200 https://assets.jumbo.cl/json/cms/list-category.json
06. 200 https://assets.jumbo.cl/json/cms/page-101453.json
07. 200 https://assets.jumbo.cl/json/cms/page-67845.json
08. 404 https://assets.jumbo.cl/json/cms/solares-y-autobronceantes.json
09. 200 https://bff.jumbo.cl/catalog/plp
10. 200 https://assets.jumbo.cl/json/cms/page-121827.json
🧪 Dump BFF guardado: debug_bff\bff_solares_y_autobronceantes.json

✅ Request ganador (BFF): https://bff.jumbo.cl/catalog/plp
✅ Productos detectados: 40

--- XHR/Fetch candidatos (filtrado) ---
01. 200 https://bff.jumbo.cl/catalog/plp

✅ Request ganador (BFF): https://bff.jumbo.cl/catalog/plp
✅ Productos detectados: 40

--- XHR/Fetch candidatos (filtrado) ---
01. 200 https://bff.jumbo.cl/catalog/plp

✅ Request ganador (BFF): https://bff.jumbo.cl/catalog/plp
✅ Productos detectados: 40

--- XHR/Fetch candidatos (filtrado) ---
01. 200 https://bff.jumbo.cl/catalog/plp

✅ Request ganador (BFF): https://bff.jumbo.cl/catalog/plp
✅ Productos detectados: 24
  productos: 144

Scrape: Accesorios Médicos

--- XHR/Fetch candidatos (filtrado) ---
01. 200 https://assets.jumbo.cl/json/cms/page-57057.json
02. 200 https://assets.jumbo.cl/json/cms/page-16512.json
03. 200 https://assets.jumbo.cl/json/cms/page-11484.json
04. 200 https://assets.jumbo.cl/json/cms/page-11732.json
05. 200 https://assets.jumbo.cl/json/cms/accesorios-medicos.json
06. 200 https://assets.jumbo.cl/json/cms/list-category.json
07. 200 https://assets.jumbo.cl/json/cms/page-101453.json
08. 200 https://assets.jumbo.cl/json/cms/page-67845.json
09. 200 https://assets.jumbo.cl/json/cms/accesorios-medicos.json
10. 200 https://bff.jumbo.cl/catalog/plp
11. 200 https://assets.jumbo.cl/json/cms/page-121827.json
12. 200 https://assets.jumbo.cl/json/cms/accesorios-medicos.json
🧪 Dump BFF guardado: debug_bff\bff_accesorios_m_dicos.json

✅ Request ganador (BFF): https://bff.jumbo.cl/catalog/plp
✅ Productos detectados: 40

--- XHR/Fetch candidatos (filtrado) ---
01. 200 https://assets.jumbo.cl/json/cms/accesorios-medicos.json
02. 200 https://bff.jumbo.cl/catalog/plp

✅ Request ganador (BFF): https://bff.jumbo.cl/catalog/plp
✅ Productos detectados: 40
  productos: 80

Scrape: Anteojos

--- XHR/Fetch candidatos (filtrado) ---
01. 200 https://assets.jumbo.cl/json/cms/page-57057.json
02. 200 https://assets.jumbo.cl/json/cms/page-16512.json
03. 200 https://assets.jumbo.cl/json/cms/page-11484.json
04. 200 https://assets.jumbo.cl/json/cms/page-11732.json
05. 200 https://assets.jumbo.cl/json/cms/list-category.json
06. 200 https://assets.jumbo.cl/json/cms/page-101453.json
07. 200 https://assets.jumbo.cl/json/cms/page-67845.json
08. 200 https://assets.jumbo.cl/json/cms/anteojos.json
09. 200 https://assets.jumbo.cl/json/cms/anteojos.json
10. 200 https://bff.jumbo.cl/catalog/plp
11. 200 https://assets.jumbo.cl/json/cms/page-121827.json
12. 200 https://assets.jumbo.cl/json/cms/anteojos.json
🧪 Dump BFF guardado: debug_bff\bff_anteojos.json

✅ Request ganador (BFF): https://bff.jumbo.cl/catalog/plp
✅ Productos detectados: 18
  productos: 18

Scrape: Higiene Bucal Especialidad

--- XHR/Fetch candidatos (filtrado) ---
01. 200 https://assets.jumbo.cl/json/cms/page-57057.json
02. 200 https://assets.jumbo.cl/json/cms/page-16512.json
03. 200 https://assets.jumbo.cl/json/cms/page-11484.json
04. 200 https://assets.jumbo.cl/json/cms/page-11732.json
05. 200 https://assets.jumbo.cl/json/cms/list-category.json
06. 200 https://assets.jumbo.cl/json/cms/page-101453.json
07. 200 https://assets.jumbo.cl/json/cms/page-67845.json
08. 200 https://assets.jumbo.cl/json/cms/higiene-bucal-especialidad.json
09. 200 https://assets.jumbo.cl/json/cms/higiene-bucal-especialidad.json
10. 200 https://bff.jumbo.cl/catalog/plp
11. 200 https://assets.jumbo.cl/json/cms/page-121827.json
12. 200 https://assets.jumbo.cl/json/cms/higiene-bucal-especialidad.json
🧪 Dump BFF guardado: debug_bff\bff_higiene_bucal_especialidad.json

✅ Request ganador (BFF): https://bff.jumbo.cl/catalog/plp
✅ Productos detectados: 40

--- XHR/Fetch candidatos (filtrado) ---
01. 200 https://assets.jumbo.cl/json/cms/higiene-bucal-especialidad.json
02. 200 https://bff.jumbo.cl/catalog/plp

✅ Request ganador (BFF): https://bff.jumbo.cl/catalog/plp
✅ Productos detectados: 29
  productos: 69

Scrape: Preservativos y Lubricantes

--- XHR/Fetch candidatos (filtrado) ---
01. 200 https://assets.jumbo.cl/json/cms/page-57057.json
02. 200 https://assets.jumbo.cl/json/cms/page-16512.json
03. 200 https://assets.jumbo.cl/json/cms/page-11484.json
04. 200 https://assets.jumbo.cl/json/cms/page-11732.json
05. 200 https://assets.jumbo.cl/json/cms/list-category.json
06. 200 https://assets.jumbo.cl/json/cms/page-67845.json
07. 200 https://assets.jumbo.cl/json/cms/page-101453.json
08. 200 https://assets.jumbo.cl/json/cms/preservativos-y-lubricantes.json
09. 200 https://assets.jumbo.cl/json/cms/preservativos-y-lubricantes.json
10. 200 https://bff.jumbo.cl/catalog/plp
11. 200 https://assets.jumbo.cl/json/cms/page-121827.json
12. 200 https://assets.jumbo.cl/json/cms/preservativos-y-lubricantes.json
🧪 Dump BFF guardado: debug_bff\bff_preservativos_y_lubricantes.json

✅ Request ganador (BFF): https://bff.jumbo.cl/catalog/plp
✅ Productos detectados: 30
  productos: 30

Scrape: Máquinas y Repuestos de Afeitar

--- XHR/Fetch candidatos (filtrado) ---
01. 200 https://assets.jumbo.cl/json/cms/page-57057.json
02. 200 https://assets.jumbo.cl/json/cms/page-16512.json
03. 200 https://assets.jumbo.cl/json/cms/page-11484.json
04. 200 https://assets.jumbo.cl/json/cms/page-11732.json
05. 200 https://assets.jumbo.cl/json/cms/list-category.json
06. 200 https://assets.jumbo.cl/json/cms/page-101453.json
07. 200 https://assets.jumbo.cl/json/cms/page-67845.json
08. 404 https://assets.jumbo.cl/json/cms/maquinas-y-repuestos-de-afeitar.json
09. 200 https://bff.jumbo.cl/catalog/plp
10. 200 https://assets.jumbo.cl/json/cms/page-121827.json
🧪 Dump BFF guardado: debug_bff\bff_m_quinas_y_repuestos_de_afeitar.json

✅ Request ganador (BFF): https://bff.jumbo.cl/catalog/plp
✅ Productos detectados: 40

--- XHR/Fetch candidatos (filtrado) ---
01. 200 https://bff.jumbo.cl/catalog/plp

✅ Request ganador (BFF): https://bff.jumbo.cl/catalog/plp
✅ Productos detectados: 28
  productos: 68

Scrape: Espuma y Crema para Afeitar

--- XHR/Fetch candidatos (filtrado) ---
01. 200 https://assets.jumbo.cl/json/cms/page-57057.json
02. 200 https://assets.jumbo.cl/json/cms/page-16512.json
03. 200 https://assets.jumbo.cl/json/cms/page-11484.json
04. 200 https://assets.jumbo.cl/json/cms/page-11732.json
05. 200 https://assets.jumbo.cl/json/cms/list-category.json
06. 200 https://assets.jumbo.cl/json/cms/page-101453.json
07. 200 https://assets.jumbo.cl/json/cms/page-67845.json
08. 404 https://assets.jumbo.cl/json/cms/espuma-y-crema-para-afeitar.json
09. 200 https://bff.jumbo.cl/catalog/plp
10. 200 https://assets.jumbo.cl/json/cms/page-121827.json
🧪 Dump BFF guardado: debug_bff\bff_espuma_y_crema_para_afeitar.json

✅ Request ganador (BFF): https://bff.jumbo.cl/catalog/plp
✅ Productos detectados: 28
  productos: 28

Scrape: Colonias para Hombres

--- XHR/Fetch candidatos (filtrado) ---
01. 200 https://assets.jumbo.cl/json/cms/page-57057.json
02. 200 https://assets.jumbo.cl/json/cms/page-16512.json
03. 200 https://assets.jumbo.cl/json/cms/page-11484.json
04. 200 https://assets.jumbo.cl/json/cms/page-11732.json
05. 200 https://assets.jumbo.cl/json/cms/list-category.json
06. 200 https://assets.jumbo.cl/json/cms/page-101453.json
07. 200 https://assets.jumbo.cl/json/cms/page-67845.json
08. 404 https://assets.jumbo.cl/json/cms/colonias-para-hombres.json
09. 200 https://bff.jumbo.cl/catalog/plp
10. 200 https://assets.jumbo.cl/json/cms/page-121827.json
🧪 Dump BFF guardado: debug_bff\bff_colonias_para_hombres.json

✅ Request ganador (BFF): https://bff.jumbo.cl/catalog/plp
✅ Productos detectados: 30
  productos: 30

Scrape: Shampoo, Cremas y Ceras para Hombres

--- XHR/Fetch candidatos (filtrado) ---
01. 200 https://assets.jumbo.cl/json/cms/page-57057.json
02. 200 https://assets.jumbo.cl/json/cms/page-16512.json
03. 200 https://assets.jumbo.cl/json/cms/page-11484.json
04. 200 https://assets.jumbo.cl/json/cms/page-11732.json
05. 200 https://assets.jumbo.cl/json/cms/list-category.json
06. 200 https://assets.jumbo.cl/json/cms/page-101453.json
07. 200 https://assets.jumbo.cl/json/cms/page-67845.json
08. 404 https://assets.jumbo.cl/json/cms/shampoo-cremas-y-ceras-para-hombres.json
09. 200 https://bff.jumbo.cl/catalog/plp
10. 200 https://assets.jumbo.cl/json/cms/page-121827.json
🧪 Dump BFF guardado: debug_bff\bff_shampoo_cremas_y_ceras_para_hombres.json

✅ Request ganador (BFF): https://bff.jumbo.cl/catalog/plp
✅ Productos detectados: 25
  productos: 25

Scrape: Packs de Cuidado y Belleza

--- XHR/Fetch candidatos (filtrado) ---
01. 200 https://assets.jumbo.cl/json/cms/page-57057.json
02. 200 https://assets.jumbo.cl/json/cms/page-16512.json
03. 200 https://assets.jumbo.cl/json/cms/page-11484.json
04. 200 https://assets.jumbo.cl/json/cms/page-11732.json
05. 200 https://assets.jumbo.cl/json/cms/list-category.json
06. 200 https://assets.jumbo.cl/json/cms/page-101453.json
07. 200 https://assets.jumbo.cl/json/cms/page-67845.json
08. 404 https://assets.jumbo.cl/json/cms/packs-de-cuidado-y-belleza.json
09. 200 https://bff.jumbo.cl/catalog/plp
10. 200 https://assets.jumbo.cl/json/cms/page-121827.json
🧪 Dump BFF guardado: debug_bff\bff_packs_de_cuidado_y_belleza.json

✅ Request ganador (BFF): https://bff.jumbo.cl/catalog/plp
✅ Productos detectados: 40

--- XHR/Fetch candidatos (filtrado) ---
01. 200 https://bff.jumbo.cl/catalog/plp

✅ Request ganador (BFF): https://bff.jumbo.cl/catalog/plp
✅ Productos detectados: 18
  productos: 58

Total filas: 3494
CSV generado: output\cuidado_personal_bebe\jumbo_cuidado_personal_y_bebe_20260226_182350.csv
