
Subcategorías:
- Leches -> https://www.jumbo.cl/lacteos-huevos-y-congelados/leches
- Leche Líquida -> https://www.jumbo.cl/lacteos-huevos-y-congelados/leches/leche-liquida
- Leche en Polvo -> https://www.jumbo.cl/lacteos-huevos-y-congelados/leches/leche-en-polvo
- Saborizantes -> https://www.jumbo.cl/lacteos-huevos-y-congelados/leches/saborizantes
- Yoghurt -> https://www.jumbo.cl/lacteos-huevos-y-congelados/yoghurt
- Yoghurt Batido -> https://www.jumbo.cl/lacteos-huevos-y-congelados/yoghurt/yoghurt-batido
- Yoghurt con Proteínas -> https://www.jumbo.cl/lacteos-huevos-y-congelados/yoghurt/yoghurt-con-proteinas
- Yoghurt Light y Sin Azúcar -> https://www.jumbo.cl/lacteos-huevos-y-congelados/yoghurt/yoghurt-light-y-sin-azucar
- Yoghurt Natural y Griego -> https://www.jumbo.cl/lacteos-huevos-y-congelados/yoghurt/yoghurt-natural-y-griego
- Leches Cultivadas y Bebidas Lácteas -> https://www.jumbo.cl/lacteos-huevos-y-congelados/leches-cultivadas-y-bebidas-lacteas
- Leches Cultivadas -> https://www.jumbo.cl/lacteos-huevos-y-congelados/leches-cultivadas-y-bebidas-lacteas/leches-cultivadas
- Bebidas Lácteas y Probióticos -> https://www.jumbo.cl/lacteos-huevos-y-congelados/leches-cultivadas-y-bebidas-lacteas/bebidas-lacteas-y-probioticos
- Postres Refrigerados -> https://www.jumbo.cl/lacteos-huevos-y-congelados/postres-refrigerados
- Postres -> https://www.jumbo.cl/lacteos-huevos-y-congelados/postres-refrigerados/postres
- Flanes -> https://www.jumbo.cl/lacteos-huevos-y-congelados/postres-refrigerados/flanes
- Jaleas y Compotas -> https://www.jumbo.cl/lacteos-huevos-y-congelados/postres-refrigerados/jaleas-y-compotas
- Mantequillas y Margarinas -> https://www.jumbo.cl/lacteos-huevos-y-congelados/mantequillas-y-margarinas
- Mantequillas -> https://www.jumbo.cl/lacteos-huevos-y-congelados/mantequillas-y-margarinas/mantequillas
- Margarinas -> https://www.jumbo.cl/lacteos-huevos-y-congelados/mantequillas-y-margarinas/margarinas
- Mantecas -> https://www.jumbo.cl/lacteos-huevos-y-congelados/mantequillas-y-margarinas/mantecas
- Levadura Fresca -> https://www.jumbo.cl/lacteos-huevos-y-congelados/mantequillas-y-margarinas/levadura-fresca
- Manjar y Dulce de Leche -> https://www.jumbo.cl/lacteos-huevos-y-congelados/manjar-y-dulce-de-leche
- Manjar -> https://www.jumbo.cl/lacteos-huevos-y-congelados/manjar-y-dulce-de-leche/manjar
- Dulce de Leche -> https://www.jumbo.cl/lacteos-huevos-y-congelados/manjar-y-dulce-de-leche/dulce-de-leche
- Cremas -> https://www.jumbo.cl/despensa/harinas-postres-y-reposteria/cremas
- Huevos -> https://www.jumbo.cl/lacteos-huevos-y-congelados/huevos
- Huevos de Campo y Gallina Libre -> https://www.jumbo.cl/lacteos-huevos-y-congelados/huevos/huevos-de-campo-y-gallina-libre
- Huevos Tradicionales -> https://www.jumbo.cl/lacteos-huevos-y-congelados/huevos/huevos-tradicionales
- Huevos de Codorniz -> https://www.jumbo.cl/lacteos-huevos-y-congelados/huevos/huevos-de-codorniz
- Huevos en Polvo -> https://www.jumbo.cl/lacteos-huevos-y-congelados/huevos/huevos-en-polvo
- Bebidas Vegetales -> https://www.jumbo.cl/lacteos-huevos-y-congelados/bebidas-vegetales
- Bebidas de Almendras y Coco -> https://www.jumbo.cl/lacteos-huevos-y-congelados/bebidas-vegetales/bebidas-de-almendras-y-coco
- Bebidas de Soya -> https://www.jumbo.cl/lacteos-huevos-y-congelados/bebidas-vegetales/bebidas-de-soya
- Bebidas de Arroz y Avena -> https://www.jumbo.cl/lacteos-huevos-y-congelados/bebidas-vegetales/bebidas-de-arroz-y-avena
- Otras Bebidas Vegetales -> https://www.jumbo.cl/lacteos-huevos-y-congelados/bebidas-vegetales/otras-bebidas-vegetales
- Helados y Postres -> https://www.jumbo.cl/lacteos-huevos-y-congelados/helados-y-postres
- Helados Multipack -> https://www.jumbo.cl/lacteos-huevos-y-congelados/helados-y-postres/helados-multipack
- Helados Tradicionales -> https://www.jumbo.cl/lacteos-huevos-y-congelados/helados-y-postres/helados-tradicionales
- Helados Premium -> https://www.jumbo.cl/lacteos-huevos-y-congelados/helados-y-postres/helados-premium
- Helados Light y Sin Azúcar -> https://www.jumbo.cl/lacteos-huevos-y-congelados/helados-y-postres/helados-light-y-sin-azucar
- Frutas y Pulpas Congeladas -> https://www.jumbo.cl/lacteos-huevos-y-congelados/frutas-y-pulpas-congeladas
- Pulpa de Fruta -> https://www.jumbo.cl/lacteos-huevos-y-congelados/frutas-y-pulpas-congeladas/pulpa-de-fruta
- Frutas Congeladas -> https://www.jumbo.cl/lacteos-huevos-y-congelados/frutas-y-pulpas-congeladas/frutas-congeladas
- Smoothies y Acai -> https://www.jumbo.cl/lacteos-huevos-y-congelados/frutas-y-pulpas-congeladas/smoothies-y-acai
- Verduras Congeladas -> https://www.jumbo.cl/lacteos-huevos-y-congelados/verduras-congeladas
- Choclos, Arvejas y Primaveras -> https://www.jumbo.cl/lacteos-huevos-y-congelados/verduras-congeladas/choclos-arvejas-y-primaveras
- Papas -> https://www.jumbo.cl/lacteos-huevos-y-congelados/verduras-congeladas/papas
- Sofritos y Mix de Verduras -> https://www.jumbo.cl/lacteos-huevos-y-congelados/verduras-congeladas/sofritos-y-mix-de-verduras
- Legumbres Congeladas -> https://www.jumbo.cl/lacteos-huevos-y-congelados/verduras-congeladas/legumbres-congeladas
- Hamburguesas -> https://www.jumbo.cl/lacteos-huevos-y-congelados/hamburguesas
- Hamburguesas de Vacuno -> https://www.jumbo.cl/lacteos-huevos-y-congelados/hamburguesas/hamburguesas-de-vacuno
- Hamburguesas de Pollo -> https://www.jumbo.cl/lacteos-huevos-y-congelados/hamburguesas/hamburguesas-de-pollo
- Hamburguesas Vegetales -> https://www.jumbo.cl/lacteos-huevos-y-congelados/hamburguesas/hamburguesas-vegetales
- Nuggets, Apanados y Embutidos -> https://www.jumbo.cl/lacteos-huevos-y-congelados/nuggets-apanados-y-embutidos
- Nuggets y Alitas de Pollo -> https://www.jumbo.cl/lacteos-huevos-y-congelados/nuggets-apanados-y-embutidos/nuggets-y-alitas-de-pollo
- Apanados -> https://www.jumbo.cl/lacteos-huevos-y-congelados/nuggets-apanados-y-embutidos/apanados
- Nuggets y Apanados de Verduras -> https://www.jumbo.cl/lacteos-huevos-y-congelados/nuggets-apanados-y-embutidos/nuggets-y-apanados-de-verduras
- Embutidos y Otros -> https://www.jumbo.cl/lacteos-huevos-y-congelados/nuggets-apanados-y-embutidos/embutidos-y-otros
- Churrascos, Lomitos y Otros -> https://www.jumbo.cl/lacteos-huevos-y-congelados/churrascos-lomitos-y-otros
- Churrascos y Lomitos -> https://www.jumbo.cl/lacteos-huevos-y-congelados/churrascos-lomitos-y-otros/churrascos-y-lomitos
- Carpaccio y Otros -> https://www.jumbo.cl/lacteos-huevos-y-congelados/churrascos-lomitos-y-otros/carpaccios-y-otros
- Comidas Congeladas -> https://www.jumbo.cl/lacteos-huevos-y-congelados/comidas-congeladas
- Pizzas y Pastas Congeladas -> https://www.jumbo.cl/lacteos-huevos-y-congelados/comidas-congeladas/pizzas-y-pastas-congeladas
- Empanadas Congeladas -> https://www.jumbo.cl/lacteos-huevos-y-congelados/comidas-congeladas/empanadas-congeladas
- Quiches, Sopaipillas y Otros -> https://www.jumbo.cl/lacteos-huevos-y-congelados/comidas-congeladas/quiches-sopaipillas-y-otros
- Comida Chilena -> https://www.jumbo.cl/lacteos-huevos-y-congelados/comidas-congeladas/comida-chilena
- Hielo -> https://www.jumbo.cl/lacteos-huevos-y-congelados/hielo

Scrape: Leches

--- XHR/Fetch candidatos (filtrado) ---
01. 200 https://assets.jumbo.cl/json/cms/page-16512.json
02. 200 https://assets.jumbo.cl/json/cms/page-57057.json
03. 200 https://assets.jumbo.cl/json/cms/page-11484.json
04. 200 https://assets.jumbo.cl/json/cms/page-11732.json
05. 200 https://assets.jumbo.cl/json/cms/list-category.json
06. 200 https://assets.jumbo.cl/json/cms/leches.json
07. 200 https://assets.jumbo.cl/json/cms/page-101453.json
08. 200 https://assets.jumbo.cl/json/cms/page-67845.json
09. 200 https://assets.jumbo.cl/json/cms/leches.json
10. 200 https://bff.jumbo.cl/catalog/plp
11. 200 https://assets.jumbo.cl/json/cms/page-121827.json
12. 200 https://assets.jumbo.cl/json/cms/leches.json
🧪 Dump BFF guardado: debug_bff\bff_leches.json

✅ Request ganador (BFF): https://bff.jumbo.cl/catalog/plp
✅ Productos detectados: 40

--- XHR/Fetch candidatos (filtrado) ---
01. 200 https://assets.jumbo.cl/json/cms/leches.json
02. 200 https://bff.jumbo.cl/catalog/plp

✅ Request ganador (BFF): https://bff.jumbo.cl/catalog/plp
✅ Productos detectados: 40

--- XHR/Fetch candidatos (filtrado) ---
01. 200 https://assets.jumbo.cl/json/cms/leches.json
02. 200 https://bff.jumbo.cl/catalog/plp

✅ Request ganador (BFF): https://bff.jumbo.cl/catalog/plp
✅ Productos detectados: 40

--- XHR/Fetch candidatos (filtrado) ---
01. 200 https://assets.jumbo.cl/json/cms/leches.json
02. 200 https://bff.jumbo.cl/catalog/plp

✅ Request ganador (BFF): https://bff.jumbo.cl/catalog/plp
✅ Productos detectados: 40

--- XHR/Fetch candidatos (filtrado) ---
01. 200 https://assets.jumbo.cl/json/cms/leches.json
02. 200 https://bff.jumbo.cl/catalog/plp

✅ Request ganador (BFF): https://bff.jumbo.cl/catalog/plp
✅ Productos detectados: 40

--- XHR/Fetch candidatos (filtrado) ---
01. 200 https://assets.jumbo.cl/json/cms/leches.json
02. 200 https://bff.jumbo.cl/catalog/plp

✅ Request ganador (BFF): https://bff.jumbo.cl/catalog/plp
✅ Productos detectados: 40

--- XHR/Fetch candidatos (filtrado) ---
01. 200 https://assets.jumbo.cl/json/cms/leches.json
02. 200 https://bff.jumbo.cl/catalog/plp

✅ Request ganador (BFF): https://bff.jumbo.cl/catalog/plp
✅ Productos detectados: 40

--- XHR/Fetch candidatos (filtrado) ---
01. 200 https://assets.jumbo.cl/json/cms/leches.json
02. 200 https://bff.jumbo.cl/catalog/plp

✅ Request ganador (BFF): https://bff.jumbo.cl/catalog/plp
✅ Productos detectados: 26
  productos: 298

Scrape: Leche Líquida

--- XHR/Fetch candidatos (filtrado) ---
01. 200 https://assets.jumbo.cl/json/cms/page-57057.json
02. 200 https://assets.jumbo.cl/json/cms/page-16512.json
03. 200 https://assets.jumbo.cl/json/cms/page-11484.json
04. 200 https://assets.jumbo.cl/json/cms/page-11732.json
05. 200 https://assets.jumbo.cl/json/cms/list-category.json
06. 200 https://assets.jumbo.cl/json/cms/leche-liquida.json
07. 200 https://assets.jumbo.cl/json/cms/page-101453.json
08. 200 https://assets.jumbo.cl/json/cms/page-67845.json
09. 200 https://assets.jumbo.cl/json/cms/leche-liquida.json
10. 200 https://bff.jumbo.cl/catalog/plp
11. 200 https://assets.jumbo.cl/json/cms/page-121827.json
12. 200 https://assets.jumbo.cl/json/cms/leche-liquida.json
🧪 Dump BFF guardado: debug_bff\bff_leche_l_quida.json

✅ Request ganador (BFF): https://bff.jumbo.cl/catalog/plp
✅ Productos detectados: 40

--- XHR/Fetch candidatos (filtrado) ---
01. 200 https://assets.jumbo.cl/json/cms/leche-liquida.json
02. 200 https://bff.jumbo.cl/catalog/plp

✅ Request ganador (BFF): https://bff.jumbo.cl/catalog/plp
✅ Productos detectados: 40

--- XHR/Fetch candidatos (filtrado) ---
01. 200 https://assets.jumbo.cl/json/cms/leche-liquida.json
02. 200 https://bff.jumbo.cl/catalog/plp

✅ Request ganador (BFF): https://bff.jumbo.cl/catalog/plp
✅ Productos detectados: 40

--- XHR/Fetch candidatos (filtrado) ---
01. 200 https://assets.jumbo.cl/json/cms/leche-liquida.json
02. 200 https://bff.jumbo.cl/catalog/plp

✅ Request ganador (BFF): https://bff.jumbo.cl/catalog/plp
✅ Productos detectados: 40

--- XHR/Fetch candidatos (filtrado) ---
01. 200 https://assets.jumbo.cl/json/cms/leche-liquida.json
02. 200 https://bff.jumbo.cl/catalog/plp

✅ Request ganador (BFF): https://bff.jumbo.cl/catalog/plp
✅ Productos detectados: 40

--- XHR/Fetch candidatos (filtrado) ---
01. 200 https://assets.jumbo.cl/json/cms/leche-liquida.json
02. 200 https://bff.jumbo.cl/catalog/plp

✅ Request ganador (BFF): https://bff.jumbo.cl/catalog/plp
✅ Productos detectados: 6
  productos: 206

Scrape: Leche en Polvo

--- XHR/Fetch candidatos (filtrado) ---
01. 200 https://assets.jumbo.cl/json/cms/page-57057.json
02. 200 https://assets.jumbo.cl/json/cms/page-16512.json
03. 200 https://assets.jumbo.cl/json/cms/page-11484.json
04. 200 https://assets.jumbo.cl/json/cms/page-11732.json
05. 200 https://assets.jumbo.cl/json/cms/leche-en-polvo.json
06. 200 https://assets.jumbo.cl/json/cms/list-category.json
07. 200 https://assets.jumbo.cl/json/cms/page-101453.json
08. 200 https://assets.jumbo.cl/json/cms/page-67845.json
09. 200 https://assets.jumbo.cl/json/cms/leche-en-polvo.json
10. 200 https://bff.jumbo.cl/catalog/plp
11. 200 https://assets.jumbo.cl/json/cms/page-121827.json
12. 200 https://assets.jumbo.cl/json/cms/leche-en-polvo.json
🧪 Dump BFF guardado: debug_bff\bff_leche_en_polvo.json

✅ Request ganador (BFF): https://bff.jumbo.cl/catalog/plp
✅ Productos detectados: 40

--- XHR/Fetch candidatos (filtrado) ---
01. 200 https://assets.jumbo.cl/json/cms/leche-en-polvo.json
02. 200 https://bff.jumbo.cl/catalog/plp

✅ Request ganador (BFF): https://bff.jumbo.cl/catalog/plp
✅ Productos detectados: 15
  productos: 53

Scrape: Saborizantes

--- XHR/Fetch candidatos (filtrado) ---
01. 200 https://assets.jumbo.cl/json/cms/page-57057.json
02. 200 https://assets.jumbo.cl/json/cms/page-16512.json
03. 200 https://assets.jumbo.cl/json/cms/page-11484.json
04. 200 https://assets.jumbo.cl/json/cms/page-11732.json
05. 200 https://assets.jumbo.cl/json/cms/list-category.json
06. 200 https://assets.jumbo.cl/json/cms/page-101453.json
07. 200 https://assets.jumbo.cl/json/cms/page-67845.json
08. 200 https://assets.jumbo.cl/json/cms/saborizantes.json
09. 200 https://assets.jumbo.cl/json/cms/saborizantes.json
10. 200 https://bff.jumbo.cl/catalog/plp
11. 200 https://assets.jumbo.cl/json/cms/page-121827.json
12. 200 https://assets.jumbo.cl/json/cms/saborizantes.json
🧪 Dump BFF guardado: debug_bff\bff_saborizantes.json

✅ Request ganador (BFF): https://bff.jumbo.cl/catalog/plp
✅ Productos detectados: 40

--- XHR/Fetch candidatos (filtrado) ---
01. 200 https://assets.jumbo.cl/json/cms/saborizantes.json
02. 200 https://bff.jumbo.cl/catalog/plp

✅ Request ganador (BFF): https://bff.jumbo.cl/catalog/plp
✅ Productos detectados: 5
  productos: 45

Scrape: Yoghurt

--- XHR/Fetch candidatos (filtrado) ---
01. 200 https://assets.jumbo.cl/json/cms/page-57057.json
02. 200 https://assets.jumbo.cl/json/cms/page-16512.json
03. 200 https://assets.jumbo.cl/json/cms/page-11484.json
04. 200 https://assets.jumbo.cl/json/cms/page-11732.json
05. 200 https://assets.jumbo.cl/json/cms/list-category.json
06. 200 https://assets.jumbo.cl/json/cms/yoghurt.json
07. 200 https://assets.jumbo.cl/json/cms/page-101453.json
08. 200 https://assets.jumbo.cl/json/cms/page-67845.json
09. 200 https://assets.jumbo.cl/json/cms/yoghurt.json
10. 200 https://bff.jumbo.cl/catalog/plp
11. 200 https://assets.jumbo.cl/json/cms/page-121827.json
12. 200 https://assets.jumbo.cl/json/cms/yoghurt.json
🧪 Dump BFF guardado: debug_bff\bff_yoghurt.json

✅ Request ganador (BFF): https://bff.jumbo.cl/catalog/plp
✅ Productos detectados: 40

--- XHR/Fetch candidatos (filtrado) ---
01. 200 https://assets.jumbo.cl/json/cms/yoghurt.json
02. 200 https://bff.jumbo.cl/catalog/plp

✅ Request ganador (BFF): https://bff.jumbo.cl/catalog/plp
✅ Productos detectados: 40

--- XHR/Fetch candidatos (filtrado) ---
01. 200 https://assets.jumbo.cl/json/cms/yoghurt.json
02. 200 https://bff.jumbo.cl/catalog/plp

✅ Request ganador (BFF): https://bff.jumbo.cl/catalog/plp
✅ Productos detectados: 40

--- XHR/Fetch candidatos (filtrado) ---
01. 200 https://assets.jumbo.cl/json/cms/yoghurt.json
02. 200 https://bff.jumbo.cl/catalog/plp

✅ Request ganador (BFF): https://bff.jumbo.cl/catalog/plp
✅ Productos detectados: 40

--- XHR/Fetch candidatos (filtrado) ---
01. 200 https://assets.jumbo.cl/json/cms/yoghurt.json
02. 200 https://bff.jumbo.cl/catalog/plp

✅ Request ganador (BFF): https://bff.jumbo.cl/catalog/plp
✅ Productos detectados: 40

--- XHR/Fetch candidatos (filtrado) ---
01. 200 https://assets.jumbo.cl/json/cms/yoghurt.json
02. 200 https://bff.jumbo.cl/catalog/plp

✅ Request ganador (BFF): https://bff.jumbo.cl/catalog/plp
✅ Productos detectados: 40

--- XHR/Fetch candidatos (filtrado) ---
01. 200 https://assets.jumbo.cl/json/cms/yoghurt.json
02. 200 https://bff.jumbo.cl/catalog/plp

✅ Request ganador (BFF): https://bff.jumbo.cl/catalog/plp
✅ Productos detectados: 40

--- XHR/Fetch candidatos (filtrado) ---
01. 200 https://assets.jumbo.cl/json/cms/yoghurt.json
02. 200 https://bff.jumbo.cl/catalog/plp

✅ Request ganador (BFF): https://bff.jumbo.cl/catalog/plp
✅ Productos detectados: 11
  productos: 289

Scrape: Yoghurt Batido

--- XHR/Fetch candidatos (filtrado) ---
01. 200 https://assets.jumbo.cl/json/cms/page-57057.json
02. 200 https://assets.jumbo.cl/json/cms/page-16512.json
03. 200 https://assets.jumbo.cl/json/cms/page-11484.json
04. 200 https://assets.jumbo.cl/json/cms/page-11732.json
05. 200 https://assets.jumbo.cl/json/cms/yoghurt-batido.json
06. 200 https://assets.jumbo.cl/json/cms/list-category.json
07. 200 https://assets.jumbo.cl/json/cms/page-67845.json
08. 200 https://assets.jumbo.cl/json/cms/page-101453.json
09. 200 https://assets.jumbo.cl/json/cms/yoghurt-batido.json
10. 200 https://bff.jumbo.cl/catalog/plp
11. 200 https://assets.jumbo.cl/json/cms/page-121827.json
12. 200 https://assets.jumbo.cl/json/cms/yoghurt-batido.json
🧪 Dump BFF guardado: debug_bff\bff_yoghurt_batido.json

✅ Request ganador (BFF): https://bff.jumbo.cl/catalog/plp
✅ Productos detectados: 40

--- XHR/Fetch candidatos (filtrado) ---
01. 200 https://assets.jumbo.cl/json/cms/yoghurt-batido.json
02. 200 https://bff.jumbo.cl/catalog/plp

✅ Request ganador (BFF): https://bff.jumbo.cl/catalog/plp
✅ Productos detectados: 36
  productos: 76

Scrape: Yoghurt con Proteínas

--- XHR/Fetch candidatos (filtrado) ---
01. 200 https://assets.jumbo.cl/json/cms/page-57057.json
02. 200 https://assets.jumbo.cl/json/cms/page-16512.json
03. 200 https://assets.jumbo.cl/json/cms/page-11484.json
04. 200 https://assets.jumbo.cl/json/cms/page-11732.json
05. 200 https://assets.jumbo.cl/json/cms/yoghurt-con-proteinas.json
06. 200 https://assets.jumbo.cl/json/cms/list-category.json
07. 200 https://assets.jumbo.cl/json/cms/page-101453.json
08. 200 https://assets.jumbo.cl/json/cms/page-67845.json
09. 200 https://assets.jumbo.cl/json/cms/yoghurt-con-proteinas.json
10. 200 https://bff.jumbo.cl/catalog/plp
11. 200 https://assets.jumbo.cl/json/cms/page-121827.json
12. 200 https://assets.jumbo.cl/json/cms/yoghurt-con-proteinas.json
🧪 Dump BFF guardado: debug_bff\bff_yoghurt_con_prote_nas.json

✅ Request ganador (BFF): https://bff.jumbo.cl/catalog/plp
✅ Productos detectados: 40

--- XHR/Fetch candidatos (filtrado) ---
01. 200 https://assets.jumbo.cl/json/cms/yoghurt-con-proteinas.json
02. 200 https://bff.jumbo.cl/catalog/plp
  productos: 40

Scrape: Yoghurt Light y Sin Azúcar

--- XHR/Fetch candidatos (filtrado) ---
01. 200 https://assets.jumbo.cl/json/cms/page-57057.json
02. 200 https://assets.jumbo.cl/json/cms/page-16512.json
03. 200 https://assets.jumbo.cl/json/cms/page-11484.json
04. 200 https://assets.jumbo.cl/json/cms/page-11732.json
05. 200 https://assets.jumbo.cl/json/cms/yoghurt-light-y-sin-azucar.json
06. 200 https://assets.jumbo.cl/json/cms/list-category.json
07. 200 https://assets.jumbo.cl/json/cms/page-101453.json
08. 200 https://assets.jumbo.cl/json/cms/page-67845.json
09. 200 https://assets.jumbo.cl/json/cms/yoghurt-light-y-sin-azucar.json
10. 200 https://bff.jumbo.cl/catalog/plp
11. 200 https://assets.jumbo.cl/json/cms/page-121827.json
12. 200 https://assets.jumbo.cl/json/cms/yoghurt-light-y-sin-azucar.json
🧪 Dump BFF guardado: debug_bff\bff_yoghurt_light_y_sin_az_car.json

✅ Request ganador (BFF): https://bff.jumbo.cl/catalog/plp
✅ Productos detectados: 40

--- XHR/Fetch candidatos (filtrado) ---
01. 200 https://assets.jumbo.cl/json/cms/yoghurt-light-y-sin-azucar.json
02. 200 https://bff.jumbo.cl/catalog/plp
  productos: 40

Scrape: Yoghurt Natural y Griego

--- XHR/Fetch candidatos (filtrado) ---
01. 200 https://assets.jumbo.cl/json/cms/page-57057.json
02. 200 https://assets.jumbo.cl/json/cms/page-16512.json
03. 200 https://assets.jumbo.cl/json/cms/page-11484.json
04. 200 https://assets.jumbo.cl/json/cms/page-11732.json
05. 200 https://assets.jumbo.cl/json/cms/list-category.json
06. 200 https://assets.jumbo.cl/json/cms/page-101453.json
07. 200 https://assets.jumbo.cl/json/cms/page-67845.json
08. 404 https://assets.jumbo.cl/json/cms/yoghurt-natural-y-griego.json
09. 200 https://bff.jumbo.cl/catalog/plp
10. 200 https://assets.jumbo.cl/json/cms/page-121827.json
🧪 Dump BFF guardado: debug_bff\bff_yoghurt_natural_y_griego.json

✅ Request ganador (BFF): https://bff.jumbo.cl/catalog/plp
✅ Productos detectados: 40

--- XHR/Fetch candidatos (filtrado) ---
01. 200 https://bff.jumbo.cl/catalog/plp

✅ Request ganador (BFF): https://bff.jumbo.cl/catalog/plp
✅ Productos detectados: 16
  productos: 56

Scrape: Leches Cultivadas y Bebidas Lácteas

--- XHR/Fetch candidatos (filtrado) ---
01. 200 https://assets.jumbo.cl/json/cms/page-57057.json
02. 200 https://assets.jumbo.cl/json/cms/page-16512.json
03. 200 https://assets.jumbo.cl/json/cms/page-11484.json
04. 200 https://assets.jumbo.cl/json/cms/page-11732.json
05. 200 https://assets.jumbo.cl/json/cms/leches-cultivadas-y-bebidas-lacteas.json
06. 200 https://assets.jumbo.cl/json/cms/list-category.json
07. 200 https://assets.jumbo.cl/json/cms/page-101453.json
08. 200 https://assets.jumbo.cl/json/cms/page-67845.json
09. 200 https://assets.jumbo.cl/json/cms/leches-cultivadas-y-bebidas-lacteas.json
10. 200 https://bff.jumbo.cl/catalog/plp
11. 200 https://assets.jumbo.cl/json/cms/page-121827.json
12. 200 https://assets.jumbo.cl/json/cms/leches-cultivadas-y-bebidas-lacteas.json
🧪 Dump BFF guardado: debug_bff\bff_leches_cultivadas_y_bebidas_l_cteas.json

✅ Request ganador (BFF): https://bff.jumbo.cl/catalog/plp
✅ Productos detectados: 40

--- XHR/Fetch candidatos (filtrado) ---
01. 200 https://assets.jumbo.cl/json/cms/leches-cultivadas-y-bebidas-lacteas.json
02. 200 https://bff.jumbo.cl/catalog/plp

✅ Request ganador (BFF): https://bff.jumbo.cl/catalog/plp
✅ Productos detectados: 40

--- XHR/Fetch candidatos (filtrado) ---
01. 200 https://assets.jumbo.cl/json/cms/leches-cultivadas-y-bebidas-lacteas.json
02. 200 https://bff.jumbo.cl/catalog/plp

✅ Request ganador (BFF): https://bff.jumbo.cl/catalog/plp
✅ Productos detectados: 15
  productos: 95

Scrape: Leches Cultivadas

--- XHR/Fetch candidatos (filtrado) ---
01. 200 https://assets.jumbo.cl/json/cms/page-57057.json
02. 200 https://assets.jumbo.cl/json/cms/page-16512.json
03. 200 https://assets.jumbo.cl/json/cms/page-11484.json
04. 200 https://assets.jumbo.cl/json/cms/page-11732.json
05. 200 https://assets.jumbo.cl/json/cms/page-101453.json
06. 200 https://assets.jumbo.cl/json/cms/list-category.json
07. 200 https://assets.jumbo.cl/json/cms/page-67845.json
08. 404 https://assets.jumbo.cl/json/cms/leches-cultivadas.json
09. 200 https://bff.jumbo.cl/catalog/plp
10. 200 https://assets.jumbo.cl/json/cms/page-121827.json
🧪 Dump BFF guardado: debug_bff\bff_leches_cultivadas.json

✅ Request ganador (BFF): https://bff.jumbo.cl/catalog/plp
✅ Productos detectados: 25
  productos: 25

Scrape: Bebidas Lácteas y Probióticos

--- XHR/Fetch candidatos (filtrado) ---
01. 200 https://assets.jumbo.cl/json/cms/page-57057.json
02. 200 https://assets.jumbo.cl/json/cms/page-16512.json
03. 200 https://assets.jumbo.cl/json/cms/page-11484.json
04. 200 https://assets.jumbo.cl/json/cms/page-11732.json
05. 200 https://assets.jumbo.cl/json/cms/list-category.json
06. 200 https://assets.jumbo.cl/json/cms/page-101453.json
07. 200 https://assets.jumbo.cl/json/cms/page-67845.json
08. 404 https://assets.jumbo.cl/json/cms/bebidas-lacteas-y-probioticos.json
⚠️ 0 productos (no se detectó JSON de productos): https://www.jumbo.cl/lacteos-huevos-y-congelados/leches-cultivadas-y-bebidas-lacteas/bebidas-lacteas-y-probioticos
  productos: 0

Scrape: Postres Refrigerados

--- XHR/Fetch candidatos (filtrado) ---
01. 200 https://assets.jumbo.cl/json/cms/page-57057.json
02. 200 https://assets.jumbo.cl/json/cms/page-16512.json
03. 200 https://assets.jumbo.cl/json/cms/page-11484.json
04. 200 https://assets.jumbo.cl/json/cms/page-11732.json
05. 200 https://assets.jumbo.cl/json/cms/list-category.json
06. 200 https://assets.jumbo.cl/json/cms/page-101453.json
07. 200 https://assets.jumbo.cl/json/cms/page-67845.json
08. 404 https://assets.jumbo.cl/json/cms/postres-refrigerados.json
09. 200 https://bff.jumbo.cl/catalog/plp
10. 200 https://assets.jumbo.cl/json/cms/page-121827.json
🧪 Dump BFF guardado: debug_bff\bff_postres_refrigerados.json

✅ Request ganador (BFF): https://bff.jumbo.cl/catalog/plp
✅ Productos detectados: 40

--- XHR/Fetch candidatos (filtrado) ---
01. 200 https://bff.jumbo.cl/catalog/plp

✅ Request ganador (BFF): https://bff.jumbo.cl/catalog/plp
✅ Productos detectados: 40

--- XHR/Fetch candidatos (filtrado) ---
01. 200 https://bff.jumbo.cl/catalog/plp

✅ Request ganador (BFF): https://bff.jumbo.cl/catalog/plp
✅ Productos detectados: 8
  productos: 88

Scrape: Postres

--- XHR/Fetch candidatos (filtrado) ---
01. 200 https://assets.jumbo.cl/json/cms/page-57057.json
02. 200 https://assets.jumbo.cl/json/cms/page-16512.json
03. 200 https://assets.jumbo.cl/json/cms/page-11484.json
04. 200 https://assets.jumbo.cl/json/cms/page-11732.json
05. 200 https://assets.jumbo.cl/json/cms/postres.json
06. 200 https://assets.jumbo.cl/json/cms/list-category.json
07. 200 https://assets.jumbo.cl/json/cms/page-101453.json
08. 200 https://assets.jumbo.cl/json/cms/page-67845.json
09. 200 https://assets.jumbo.cl/json/cms/postres.json
10. 200 https://bff.jumbo.cl/catalog/plp
11. 200 https://assets.jumbo.cl/json/cms/page-121827.json
12. 200 https://assets.jumbo.cl/json/cms/postres.json
🧪 Dump BFF guardado: debug_bff\bff_postres.json

✅ Request ganador (BFF): https://bff.jumbo.cl/catalog/plp
✅ Productos detectados: 40

--- XHR/Fetch candidatos (filtrado) ---
01. 200 https://assets.jumbo.cl/json/cms/postres.json
02. 200 https://bff.jumbo.cl/catalog/plp
  productos: 40

Scrape: Flanes

--- XHR/Fetch candidatos (filtrado) ---
01. 200 https://assets.jumbo.cl/json/cms/page-57057.json
02. 200 https://assets.jumbo.cl/json/cms/page-16512.json
03. 200 https://assets.jumbo.cl/json/cms/page-11484.json
04. 200 https://assets.jumbo.cl/json/cms/page-11732.json
05. 200 https://assets.jumbo.cl/json/cms/page-101453.json
06. 200 https://assets.jumbo.cl/json/cms/list-category.json
07. 200 https://assets.jumbo.cl/json/cms/page-67845.json
08. 404 https://assets.jumbo.cl/json/cms/flanes.json
09. 200 https://bff.jumbo.cl/catalog/plp
10. 200 https://assets.jumbo.cl/json/cms/page-121827.json
🧪 Dump BFF guardado: debug_bff\bff_flanes.json

✅ Request ganador (BFF): https://bff.jumbo.cl/catalog/plp
✅ Productos detectados: 14
  productos: 14

Scrape: Jaleas y Compotas

--- XHR/Fetch candidatos (filtrado) ---
01. 200 https://assets.jumbo.cl/json/cms/page-57057.json
02. 200 https://assets.jumbo.cl/json/cms/page-16512.json
03. 200 https://assets.jumbo.cl/json/cms/page-11484.json
04. 200 https://assets.jumbo.cl/json/cms/page-11732.json
05. 200 https://assets.jumbo.cl/json/cms/list-category.json
06. 200 https://assets.jumbo.cl/json/cms/page-101453.json
07. 200 https://assets.jumbo.cl/json/cms/page-67845.json
08. 404 https://assets.jumbo.cl/json/cms/jaleas-y-compotas.json
09. 200 https://bff.jumbo.cl/catalog/plp
10. 200 https://assets.jumbo.cl/json/cms/page-121827.json
🧪 Dump BFF guardado: debug_bff\bff_jaleas_y_compotas.json

✅ Request ganador (BFF): https://bff.jumbo.cl/catalog/plp
✅ Productos detectados: 33
  productos: 33

Scrape: Mantequillas y Margarinas

--- XHR/Fetch candidatos (filtrado) ---
01. 200 https://assets.jumbo.cl/json/cms/page-57057.json
02. 200 https://assets.jumbo.cl/json/cms/page-16512.json
03. 200 https://assets.jumbo.cl/json/cms/page-11484.json
04. 200 https://assets.jumbo.cl/json/cms/page-11732.json
05. 200 https://assets.jumbo.cl/json/cms/list-category.json
06. 200 https://assets.jumbo.cl/json/cms/mantequillas-y-margarinas.json
07. 200 https://assets.jumbo.cl/json/cms/page-101453.json
08. 200 https://assets.jumbo.cl/json/cms/page-67845.json
09. 200 https://assets.jumbo.cl/json/cms/mantequillas-y-margarinas.json
10. 200 https://bff.jumbo.cl/catalog/plp
11. 200 https://assets.jumbo.cl/json/cms/page-121827.json
12. 200 https://assets.jumbo.cl/json/cms/mantequillas-y-margarinas.json
🧪 Dump BFF guardado: debug_bff\bff_mantequillas_y_margarinas.json

✅ Request ganador (BFF): https://bff.jumbo.cl/catalog/plp
✅ Productos detectados: 40

--- XHR/Fetch candidatos (filtrado) ---
01. 200 https://assets.jumbo.cl/json/cms/mantequillas-y-margarinas.json
02. 200 https://bff.jumbo.cl/catalog/plp

✅ Request ganador (BFF): https://bff.jumbo.cl/catalog/plp
✅ Productos detectados: 31
  productos: 71

Scrape: Mantequillas

--- XHR/Fetch candidatos (filtrado) ---
01. 200 https://assets.jumbo.cl/json/cms/page-57057.json
02. 200 https://assets.jumbo.cl/json/cms/page-16512.json
03. 200 https://assets.jumbo.cl/json/cms/page-11484.json
04. 200 https://assets.jumbo.cl/json/cms/page-11732.json
05. 200 https://assets.jumbo.cl/json/cms/mantequillas.json
06. 200 https://assets.jumbo.cl/json/cms/list-category.json
07. 200 https://assets.jumbo.cl/json/cms/page-101453.json
08. 200 https://assets.jumbo.cl/json/cms/page-67845.json
09. 200 https://assets.jumbo.cl/json/cms/mantequillas.json
10. 200 https://bff.jumbo.cl/catalog/plp
11. 200 https://assets.jumbo.cl/json/cms/page-121827.json
12. 200 https://assets.jumbo.cl/json/cms/mantequillas.json
🧪 Dump BFF guardado: debug_bff\bff_mantequillas.json

✅ Request ganador (BFF): https://bff.jumbo.cl/catalog/plp
✅ Productos detectados: 40

--- XHR/Fetch candidatos (filtrado) ---
01. 200 https://assets.jumbo.cl/json/cms/mantequillas.json
02. 200 https://bff.jumbo.cl/catalog/plp

✅ Request ganador (BFF): https://bff.jumbo.cl/catalog/plp
✅ Productos detectados: 5
  productos: 43

Scrape: Margarinas

--- XHR/Fetch candidatos (filtrado) ---
01. 200 https://assets.jumbo.cl/json/cms/page-57057.json
02. 200 https://assets.jumbo.cl/json/cms/page-16512.json
03. 200 https://assets.jumbo.cl/json/cms/page-11484.json
04. 200 https://assets.jumbo.cl/json/cms/page-11732.json
05. 200 https://assets.jumbo.cl/json/cms/list-category.json
06. 200 https://assets.jumbo.cl/json/cms/margarinas.json
07. 200 https://assets.jumbo.cl/json/cms/page-101453.json
08. 200 https://assets.jumbo.cl/json/cms/page-67845.json
09. 200 https://assets.jumbo.cl/json/cms/margarinas.json
10. 200 https://bff.jumbo.cl/catalog/plp
11. 200 https://assets.jumbo.cl/json/cms/page-121827.json
12. 200 https://assets.jumbo.cl/json/cms/margarinas.json
🧪 Dump BFF guardado: debug_bff\bff_margarinas.json

✅ Request ganador (BFF): https://bff.jumbo.cl/catalog/plp
✅ Productos detectados: 20
  productos: 20

Scrape: Mantecas

--- XHR/Fetch candidatos (filtrado) ---
01. 200 https://assets.jumbo.cl/json/cms/page-57057.json
02. 200 https://assets.jumbo.cl/json/cms/page-16512.json
03. 200 https://assets.jumbo.cl/json/cms/page-11484.json
04. 200 https://assets.jumbo.cl/json/cms/page-11732.json
05. 200 https://assets.jumbo.cl/json/cms/mantecas.json
06. 200 https://assets.jumbo.cl/json/cms/list-category.json
07. 200 https://assets.jumbo.cl/json/cms/page-101453.json
08. 200 https://assets.jumbo.cl/json/cms/page-67845.json
09. 200 https://assets.jumbo.cl/json/cms/mantecas.json
10. 200 https://bff.jumbo.cl/catalog/plp
11. 200 https://assets.jumbo.cl/json/cms/page-121827.json
12. 200 https://assets.jumbo.cl/json/cms/mantecas.json
🧪 Dump BFF guardado: debug_bff\bff_mantecas.json

✅ Request ganador (BFF): https://bff.jumbo.cl/catalog/plp
✅ Productos detectados: 3
  productos: 3

Scrape: Levadura Fresca

--- XHR/Fetch candidatos (filtrado) ---
01. 200 https://assets.jumbo.cl/json/cms/page-57057.json
02. 200 https://assets.jumbo.cl/json/cms/page-16512.json
03. 200 https://assets.jumbo.cl/json/cms/page-11484.json
04. 200 https://assets.jumbo.cl/json/cms/page-11732.json
05. 200 https://assets.jumbo.cl/json/cms/list-category.json
06. 200 https://assets.jumbo.cl/json/cms/levadura-fresca.json
07. 200 https://assets.jumbo.cl/json/cms/page-101453.json
08. 200 https://assets.jumbo.cl/json/cms/page-67845.json
09. 200 https://assets.jumbo.cl/json/cms/levadura-fresca.json
10. 200 https://bff.jumbo.cl/catalog/plp
11. 200 https://assets.jumbo.cl/json/cms/page-121827.json
12. 200 https://assets.jumbo.cl/json/cms/levadura-fresca.json
🧪 Dump BFF guardado: debug_bff\bff_levadura_fresca.json

✅ Request ganador (BFF): https://bff.jumbo.cl/catalog/plp
✅ Productos detectados: 3
  productos: 3

Scrape: Manjar y Dulce de Leche

--- XHR/Fetch candidatos (filtrado) ---
01. 200 https://assets.jumbo.cl/json/cms/page-57057.json
02. 200 https://assets.jumbo.cl/json/cms/page-16512.json
03. 200 https://assets.jumbo.cl/json/cms/page-11484.json
04. 200 https://assets.jumbo.cl/json/cms/page-11732.json
05. 200 https://assets.jumbo.cl/json/cms/list-category.json
06. 200 https://assets.jumbo.cl/json/cms/page-101453.json
07. 200 https://assets.jumbo.cl/json/cms/page-67845.json
08. 404 https://assets.jumbo.cl/json/cms/manjar-y-dulce-de-leche.json
09. 200 https://bff.jumbo.cl/catalog/plp
10. 200 https://assets.jumbo.cl/json/cms/page-121827.json
🧪 Dump BFF guardado: debug_bff\bff_manjar_y_dulce_de_leche.json

✅ Request ganador (BFF): https://bff.jumbo.cl/catalog/plp
✅ Productos detectados: 40

--- XHR/Fetch candidatos (filtrado) ---
01. 200 https://bff.jumbo.cl/catalog/plp

✅ Request ganador (BFF): https://bff.jumbo.cl/catalog/plp
✅ Productos detectados: 4
  productos: 44

Scrape: Manjar

--- XHR/Fetch candidatos (filtrado) ---
01. 200 https://assets.jumbo.cl/json/cms/page-57057.json
02. 200 https://assets.jumbo.cl/json/cms/page-16512.json
03. 200 https://assets.jumbo.cl/json/cms/page-11484.json
04. 200 https://assets.jumbo.cl/json/cms/page-11732.json
05. 200 https://assets.jumbo.cl/json/cms/list-category.json
06. 200 https://assets.jumbo.cl/json/cms/page-101453.json
07. 200 https://assets.jumbo.cl/json/cms/manjar.json
08. 200 https://assets.jumbo.cl/json/cms/page-67845.json
09. 200 https://assets.jumbo.cl/json/cms/manjar.json
10. 200 https://bff.jumbo.cl/catalog/plp
11. 200 https://assets.jumbo.cl/json/cms/page-121827.json
12. 200 https://assets.jumbo.cl/json/cms/manjar.json
🧪 Dump BFF guardado: debug_bff\bff_manjar.json

✅ Request ganador (BFF): https://bff.jumbo.cl/catalog/plp
✅ Productos detectados: 30
  productos: 30

Scrape: Dulce de Leche

--- XHR/Fetch candidatos (filtrado) ---
01. 200 https://assets.jumbo.cl/json/cms/page-57057.json
02. 200 https://assets.jumbo.cl/json/cms/page-16512.json
03. 200 https://assets.jumbo.cl/json/cms/page-11484.json
04. 200 https://assets.jumbo.cl/json/cms/page-11732.json
05. 200 https://assets.jumbo.cl/json/cms/list-category.json
06. 200 https://assets.jumbo.cl/json/cms/page-101453.json
07. 200 https://assets.jumbo.cl/json/cms/page-67845.json
08. 404 https://assets.jumbo.cl/json/cms/dulce-de-leche.json
09. 200 https://bff.jumbo.cl/catalog/plp
10. 200 https://assets.jumbo.cl/json/cms/page-121827.json
🧪 Dump BFF guardado: debug_bff\bff_dulce_de_leche.json

✅ Request ganador (BFF): https://bff.jumbo.cl/catalog/plp
✅ Productos detectados: 14
  productos: 14

Scrape: Cremas

--- XHR/Fetch candidatos (filtrado) ---
01. 200 https://assets.jumbo.cl/json/cms/page-57057.json
02. 200 https://assets.jumbo.cl/json/cms/page-16512.json
03. 200 https://assets.jumbo.cl/json/cms/page-11484.json
04. 200 https://assets.jumbo.cl/json/cms/page-11732.json
05. 200 https://assets.jumbo.cl/json/cms/list-category.json
06. 200 https://assets.jumbo.cl/json/cms/page-101453.json
07. 200 https://assets.jumbo.cl/json/cms/cremas.json
08. 200 https://assets.jumbo.cl/json/cms/page-67845.json
09. 200 https://assets.jumbo.cl/json/cms/cremas.json
10. 200 https://bff.jumbo.cl/catalog/plp
11. 200 https://assets.jumbo.cl/json/cms/page-121827.json
12. 200 https://assets.jumbo.cl/json/cms/cremas.json
🧪 Dump BFF guardado: debug_bff\bff_cremas.json

✅ Request ganador (BFF): https://bff.jumbo.cl/catalog/plp
✅ Productos detectados: 39

--- XHR/Fetch candidatos (filtrado) ---
01. 200 https://assets.jumbo.cl/json/cms/cremas.json
02. 200 https://bff.jumbo.cl/catalog/plp

✅ Request ganador (BFF): https://bff.jumbo.cl/catalog/plp
✅ Productos detectados: 23
  productos: 62

Scrape: Huevos

--- XHR/Fetch candidatos (filtrado) ---
01. 200 https://assets.jumbo.cl/json/cms/page-57057.json
02. 200 https://assets.jumbo.cl/json/cms/page-16512.json
03. 200 https://assets.jumbo.cl/json/cms/page-11484.json
04. 200 https://assets.jumbo.cl/json/cms/page-11732.json
05. 200 https://assets.jumbo.cl/json/cms/huevos.json
06. 200 https://assets.jumbo.cl/json/cms/page-101453.json
07. 200 https://assets.jumbo.cl/json/cms/list-category.json
08. 200 https://assets.jumbo.cl/json/cms/page-67845.json
09. 200 https://assets.jumbo.cl/json/cms/huevos.json
10. 200 https://bff.jumbo.cl/catalog/plp
11. 200 https://assets.jumbo.cl/json/cms/page-121827.json
12. 200 https://assets.jumbo.cl/json/cms/huevos.json
🧪 Dump BFF guardado: debug_bff\bff_huevos.json

✅ Request ganador (BFF): https://bff.jumbo.cl/catalog/plp
✅ Productos detectados: 40

--- XHR/Fetch candidatos (filtrado) ---
01. 200 https://assets.jumbo.cl/json/cms/huevos.json
02. 200 https://bff.jumbo.cl/catalog/plp

✅ Request ganador (BFF): https://bff.jumbo.cl/catalog/plp
✅ Productos detectados: 32
  productos: 72

Scrape: Huevos de Campo y Gallina Libre

--- XHR/Fetch candidatos (filtrado) ---
01. 200 https://assets.jumbo.cl/json/cms/page-57057.json
02. 200 https://assets.jumbo.cl/json/cms/page-16512.json
03. 200 https://assets.jumbo.cl/json/cms/page-11484.json
04. 200 https://assets.jumbo.cl/json/cms/page-11732.json
05. 200 https://assets.jumbo.cl/json/cms/list-category.json
06. 200 https://assets.jumbo.cl/json/cms/page-101453.json
07. 200 https://assets.jumbo.cl/json/cms/page-67845.json
08. 404 https://assets.jumbo.cl/json/cms/huevos-de-campo-y-gallina-libre.json
09. 200 https://bff.jumbo.cl/catalog/plp
10. 200 https://assets.jumbo.cl/json/cms/page-121827.json
🧪 Dump BFF guardado: debug_bff\bff_huevos_de_campo_y_gallina_libre.json

✅ Request ganador (BFF): https://bff.jumbo.cl/catalog/plp
✅ Productos detectados: 27
  productos: 27

Scrape: Huevos Tradicionales

--- XHR/Fetch candidatos (filtrado) ---
01. 200 https://assets.jumbo.cl/json/cms/page-57057.json
02. 200 https://assets.jumbo.cl/json/cms/page-16512.json
03. 200 https://assets.jumbo.cl/json/cms/page-11484.json
04. 200 https://assets.jumbo.cl/json/cms/page-11732.json
05. 200 https://assets.jumbo.cl/json/cms/list-category.json
06. 200 https://assets.jumbo.cl/json/cms/page-67845.json
07. 200 https://assets.jumbo.cl/json/cms/page-101453.json
08. 404 https://assets.jumbo.cl/json/cms/huevos-tradicionales.json
09. 200 https://bff.jumbo.cl/catalog/plp
10. 200 https://assets.jumbo.cl/json/cms/page-121827.json
🧪 Dump BFF guardado: debug_bff\bff_huevos_tradicionales.json

✅ Request ganador (BFF): https://bff.jumbo.cl/catalog/plp
✅ Productos detectados: 38
  productos: 38

Scrape: Huevos de Codorniz

--- XHR/Fetch candidatos (filtrado) ---
01. 200 https://assets.jumbo.cl/json/cms/page-57057.json
02. 200 https://assets.jumbo.cl/json/cms/page-16512.json
03. 200 https://assets.jumbo.cl/json/cms/page-11484.json
04. 200 https://assets.jumbo.cl/json/cms/page-11732.json
05. 200 https://assets.jumbo.cl/json/cms/huevos-de-codorniz.json
06. 200 https://assets.jumbo.cl/json/cms/list-category.json
07. 200 https://assets.jumbo.cl/json/cms/page-101453.json
08. 200 https://assets.jumbo.cl/json/cms/page-67845.json
09. 200 https://assets.jumbo.cl/json/cms/huevos-de-codorniz.json
10. 200 https://bff.jumbo.cl/catalog/plp
11. 200 https://assets.jumbo.cl/json/cms/page-121827.json
12. 200 https://assets.jumbo.cl/json/cms/huevos-de-codorniz.json
🧪 Dump BFF guardado: debug_bff\bff_huevos_de_codorniz.json

✅ Request ganador (BFF): https://bff.jumbo.cl/catalog/plp
✅ Productos detectados: 5
  productos: 5

Scrape: Huevos en Polvo

--- XHR/Fetch candidatos (filtrado) ---
01. 200 https://assets.jumbo.cl/json/cms/page-57057.json
02. 200 https://assets.jumbo.cl/json/cms/page-16512.json
03. 200 https://assets.jumbo.cl/json/cms/page-11484.json
04. 200 https://assets.jumbo.cl/json/cms/page-11732.json
05. 200 https://assets.jumbo.cl/json/cms/list-category.json
06. 200 https://assets.jumbo.cl/json/cms/page-101453.json
07. 200 https://assets.jumbo.cl/json/cms/page-67845.json
08. 404 https://assets.jumbo.cl/json/cms/huevos-en-polvo.json
09. 200 https://bff.jumbo.cl/catalog/plp
10. 200 https://assets.jumbo.cl/json/cms/page-100823.json
🧪 Dump BFF guardado: debug_bff\bff_huevos_en_polvo.json
⚠️ 0 productos (no se detectó JSON de productos): https://www.jumbo.cl/lacteos-huevos-y-congelados/huevos/huevos-en-polvo
  productos: 0

Scrape: Bebidas Vegetales

--- XHR/Fetch candidatos (filtrado) ---
01. 200 https://assets.jumbo.cl/json/cms/page-57057.json
02. 200 https://assets.jumbo.cl/json/cms/page-16512.json
03. 200 https://assets.jumbo.cl/json/cms/page-11484.json
04. 200 https://assets.jumbo.cl/json/cms/page-11732.json
05. 200 https://assets.jumbo.cl/json/cms/bebidas-vegetales.json
06. 200 https://assets.jumbo.cl/json/cms/list-category.json
07. 200 https://assets.jumbo.cl/json/cms/page-101453.json
08. 200 https://assets.jumbo.cl/json/cms/page-67845.json
09. 200 https://assets.jumbo.cl/json/cms/bebidas-vegetales.json
10. 200 https://bff.jumbo.cl/catalog/plp
11. 200 https://assets.jumbo.cl/json/cms/page-121827.json
12. 200 https://assets.jumbo.cl/json/cms/bebidas-vegetales.json
🧪 Dump BFF guardado: debug_bff\bff_bebidas_vegetales.json

✅ Request ganador (BFF): https://bff.jumbo.cl/catalog/plp
✅ Productos detectados: 40

--- XHR/Fetch candidatos (filtrado) ---
01. 200 https://assets.jumbo.cl/json/cms/bebidas-vegetales.json
02. 200 https://bff.jumbo.cl/catalog/plp

✅ Request ganador (BFF): https://bff.jumbo.cl/catalog/plp
✅ Productos detectados: 40
  productos: 80

Scrape: Bebidas de Almendras y Coco

--- XHR/Fetch candidatos (filtrado) ---
01. 200 https://assets.jumbo.cl/json/cms/page-57057.json
02. 200 https://assets.jumbo.cl/json/cms/page-16512.json
03. 200 https://assets.jumbo.cl/json/cms/page-11484.json
04. 200 https://assets.jumbo.cl/json/cms/page-11732.json
05. 200 https://assets.jumbo.cl/json/cms/list-category.json
06. 200 https://assets.jumbo.cl/json/cms/page-101453.json
07. 200 https://assets.jumbo.cl/json/cms/page-67845.json
08. 404 https://assets.jumbo.cl/json/cms/bebidas-de-almendras-y-coco.json
09. 200 https://bff.jumbo.cl/catalog/plp
10. 200 https://assets.jumbo.cl/json/cms/page-121827.json
🧪 Dump BFF guardado: debug_bff\bff_bebidas_de_almendras_y_coco.json

✅ Request ganador (BFF): https://bff.jumbo.cl/catalog/plp
✅ Productos detectados: 28
  productos: 28

Scrape: Bebidas de Soya

--- XHR/Fetch candidatos (filtrado) ---
01. 200 https://assets.jumbo.cl/json/cms/page-57057.json
02. 200 https://assets.jumbo.cl/json/cms/page-16512.json
03. 200 https://assets.jumbo.cl/json/cms/page-11484.json
04. 200 https://assets.jumbo.cl/json/cms/page-11732.json
05. 200 https://assets.jumbo.cl/json/cms/list-category.json
06. 200 https://assets.jumbo.cl/json/cms/bebidas-de-soya.json
07. 200 https://assets.jumbo.cl/json/cms/page-101453.json
08. 200 https://assets.jumbo.cl/json/cms/page-67845.json
09. 200 https://assets.jumbo.cl/json/cms/bebidas-de-soya.json
10. 200 https://bff.jumbo.cl/catalog/plp
11. 200 https://assets.jumbo.cl/json/cms/page-121827.json
12. 200 https://assets.jumbo.cl/json/cms/bebidas-de-soya.json
🧪 Dump BFF guardado: debug_bff\bff_bebidas_de_soya.json

✅ Request ganador (BFF): https://bff.jumbo.cl/catalog/plp
✅ Productos detectados: 7
  productos: 7

Scrape: Bebidas de Arroz y Avena

--- XHR/Fetch candidatos (filtrado) ---
01. 200 https://assets.jumbo.cl/json/cms/page-57057.json
02. 200 https://assets.jumbo.cl/json/cms/page-16512.json
03. 200 https://assets.jumbo.cl/json/cms/page-11484.json
04. 200 https://assets.jumbo.cl/json/cms/page-11732.json
05. 200 https://assets.jumbo.cl/json/cms/list-category.json
06. 200 https://assets.jumbo.cl/json/cms/page-101453.json
07. 200 https://assets.jumbo.cl/json/cms/page-67845.json
08. 404 https://assets.jumbo.cl/json/cms/bebidas-de-arroz-y-avena.json
09. 200 https://bff.jumbo.cl/catalog/plp
10. 200 https://assets.jumbo.cl/json/cms/page-121827.json
🧪 Dump BFF guardado: debug_bff\bff_bebidas_de_arroz_y_avena.json

✅ Request ganador (BFF): https://bff.jumbo.cl/catalog/plp
✅ Productos detectados: 21
  productos: 21

Scrape: Otras Bebidas Vegetales

--- XHR/Fetch candidatos (filtrado) ---
01. 200 https://assets.jumbo.cl/json/cms/page-57057.json
02. 200 https://assets.jumbo.cl/json/cms/page-16512.json
03. 200 https://assets.jumbo.cl/json/cms/page-11484.json
04. 200 https://assets.jumbo.cl/json/cms/page-11732.json
05. 200 https://assets.jumbo.cl/json/cms/list-category.json
06. 200 https://assets.jumbo.cl/json/cms/page-101453.json
07. 200 https://assets.jumbo.cl/json/cms/page-67845.json
08. 200 https://bff.jumbo.cl/catalog/plp
09. 200 https://assets.jumbo.cl/json/cms/otras-bebidas-vegetales.json
10. 200 https://assets.jumbo.cl/json/cms/otras-bebidas-vegetales.json
11. 200 https://assets.jumbo.cl/json/cms/page-121827.json
🧪 Dump BFF guardado: debug_bff\bff_otras_bebidas_vegetales.json

✅ Request ganador (BFF): https://bff.jumbo.cl/catalog/plp
✅ Productos detectados: 16
  productos: 16

Scrape: Helados y Postres

--- XHR/Fetch candidatos (filtrado) ---
01. 200 https://assets.jumbo.cl/json/cms/page-57057.json
02. 200 https://assets.jumbo.cl/json/cms/page-16512.json
03. 200 https://assets.jumbo.cl/json/cms/page-11484.json
04. 200 https://assets.jumbo.cl/json/cms/page-11732.json
05. 200 https://assets.jumbo.cl/json/cms/helados-y-postres.json
06. 200 https://assets.jumbo.cl/json/cms/list-category.json
07. 200 https://assets.jumbo.cl/json/cms/page-101453.json
08. 200 https://assets.jumbo.cl/json/cms/page-67845.json
09. 200 https://assets.jumbo.cl/json/cms/helados-y-postres.json
10. 200 https://bff.jumbo.cl/catalog/plp
11. 200 https://assets.jumbo.cl/json/cms/page-121827.json
12. 200 https://assets.jumbo.cl/json/cms/helados-y-postres.json
🧪 Dump BFF guardado: debug_bff\bff_helados_y_postres.json

✅ Request ganador (BFF): https://bff.jumbo.cl/catalog/plp
✅ Productos detectados: 40

--- XHR/Fetch candidatos (filtrado) ---
01. 200 https://assets.jumbo.cl/json/cms/helados-y-postres.json
02. 200 https://bff.jumbo.cl/catalog/plp

✅ Request ganador (BFF): https://bff.jumbo.cl/catalog/plp
✅ Productos detectados: 40

--- XHR/Fetch candidatos (filtrado) ---
01. 200 https://assets.jumbo.cl/json/cms/helados-y-postres.json
02. 200 https://bff.jumbo.cl/catalog/plp

✅ Request ganador (BFF): https://bff.jumbo.cl/catalog/plp
✅ Productos detectados: 40

--- XHR/Fetch candidatos (filtrado) ---
01. 200 https://assets.jumbo.cl/json/cms/helados-y-postres.json
02. 200 https://bff.jumbo.cl/catalog/plp

✅ Request ganador (BFF): https://bff.jumbo.cl/catalog/plp
✅ Productos detectados: 40

--- XHR/Fetch candidatos (filtrado) ---
01. 200 https://assets.jumbo.cl/json/cms/helados-y-postres.json
02. 200 https://bff.jumbo.cl/catalog/plp

✅ Request ganador (BFF): https://bff.jumbo.cl/catalog/plp
✅ Productos detectados: 40

--- XHR/Fetch candidatos (filtrado) ---
01. 200 https://assets.jumbo.cl/json/cms/helados-y-postres.json
02. 200 https://bff.jumbo.cl/catalog/plp

✅ Request ganador (BFF): https://bff.jumbo.cl/catalog/plp
✅ Productos detectados: 40

--- XHR/Fetch candidatos (filtrado) ---
01. 200 https://assets.jumbo.cl/json/cms/helados-y-postres.json
02. 200 https://bff.jumbo.cl/catalog/plp

✅ Request ganador (BFF): https://bff.jumbo.cl/catalog/plp
✅ Productos detectados: 40

--- XHR/Fetch candidatos (filtrado) ---
01. 200 https://assets.jumbo.cl/json/cms/helados-y-postres.json
02. 200 https://bff.jumbo.cl/catalog/plp

✅ Request ganador (BFF): https://bff.jumbo.cl/catalog/plp
✅ Productos detectados: 25
  productos: 302

Scrape: Helados Multipack

--- XHR/Fetch candidatos (filtrado) ---
01. 200 https://assets.jumbo.cl/json/cms/page-57057.json
02. 200 https://assets.jumbo.cl/json/cms/page-16512.json
03. 200 https://assets.jumbo.cl/json/cms/page-11484.json
04. 200 https://assets.jumbo.cl/json/cms/page-11732.json
05. 200 https://assets.jumbo.cl/json/cms/helados-multipack.json
06. 200 https://assets.jumbo.cl/json/cms/list-category.json
07. 200 https://assets.jumbo.cl/json/cms/page-101453.json
08. 200 https://assets.jumbo.cl/json/cms/page-67845.json
09. 200 https://assets.jumbo.cl/json/cms/helados-multipack.json
10. 200 https://bff.jumbo.cl/catalog/plp
11. 200 https://assets.jumbo.cl/json/cms/page-121827.json
12. 200 https://assets.jumbo.cl/json/cms/helados-multipack.json
🧪 Dump BFF guardado: debug_bff\bff_helados_multipack.json

✅ Request ganador (BFF): https://bff.jumbo.cl/catalog/plp
✅ Productos detectados: 40

--- XHR/Fetch candidatos (filtrado) ---
01. 200 https://assets.jumbo.cl/json/cms/helados-multipack.json
02. 200 https://bff.jumbo.cl/catalog/plp

✅ Request ganador (BFF): https://bff.jumbo.cl/catalog/plp
✅ Productos detectados: 40

--- XHR/Fetch candidatos (filtrado) ---
01. 200 https://assets.jumbo.cl/json/cms/helados-multipack.json
02. 200 https://bff.jumbo.cl/catalog/plp
  productos: 80

Scrape: Helados Tradicionales

--- XHR/Fetch candidatos (filtrado) ---
01. 200 https://assets.jumbo.cl/json/cms/page-57057.json
02. 200 https://assets.jumbo.cl/json/cms/page-16512.json
03. 200 https://assets.jumbo.cl/json/cms/page-11484.json
04. 200 https://assets.jumbo.cl/json/cms/page-11732.json
05. 200 https://assets.jumbo.cl/json/cms/list-category.json
06. 200 https://assets.jumbo.cl/json/cms/page-101453.json
07. 200 https://assets.jumbo.cl/json/cms/page-67845.json
08. 200 https://assets.jumbo.cl/json/cms/helados-tradicionales.json
09. 200 https://assets.jumbo.cl/json/cms/helados-tradicionales.json
10. 200 https://bff.jumbo.cl/catalog/plp
11. 200 https://assets.jumbo.cl/json/cms/page-121827.json
12. 200 https://assets.jumbo.cl/json/cms/helados-tradicionales.json
🧪 Dump BFF guardado: debug_bff\bff_helados_tradicionales.json

✅ Request ganador (BFF): https://bff.jumbo.cl/catalog/plp
✅ Productos detectados: 40

--- XHR/Fetch candidatos (filtrado) ---
01. 200 https://assets.jumbo.cl/json/cms/helados-tradicionales.json
02. 200 https://bff.jumbo.cl/catalog/plp

✅ Request ganador (BFF): https://bff.jumbo.cl/catalog/plp
✅ Productos detectados: 13
  productos: 53

Scrape: Helados Premium

--- XHR/Fetch candidatos (filtrado) ---
01. 200 https://assets.jumbo.cl/json/cms/page-57057.json
02. 200 https://assets.jumbo.cl/json/cms/page-11484.json
03. 200 https://assets.jumbo.cl/json/cms/page-16512.json
04. 200 https://assets.jumbo.cl/json/cms/page-11732.json
05. 200 https://assets.jumbo.cl/json/cms/helados-premium.json
06. 200 https://assets.jumbo.cl/json/cms/list-category.json
07. 200 https://assets.jumbo.cl/json/cms/page-101453.json
08. 200 https://assets.jumbo.cl/json/cms/page-67845.json
09. 200 https://assets.jumbo.cl/json/cms/helados-premium.json
10. 200 https://bff.jumbo.cl/catalog/plp
11. 200 https://assets.jumbo.cl/json/cms/page-121827.json
12. 200 https://assets.jumbo.cl/json/cms/helados-premium.json
🧪 Dump BFF guardado: debug_bff\bff_helados_premium.json

✅ Request ganador (BFF): https://bff.jumbo.cl/catalog/plp
✅ Productos detectados: 39

--- XHR/Fetch candidatos (filtrado) ---
01. 200 https://assets.jumbo.cl/json/cms/helados-premium.json
02. 200 https://bff.jumbo.cl/catalog/plp

✅ Request ganador (BFF): https://bff.jumbo.cl/catalog/plp
✅ Productos detectados: 40

--- XHR/Fetch candidatos (filtrado) ---
01. 200 https://assets.jumbo.cl/json/cms/helados-premium.json
02. 200 https://bff.jumbo.cl/catalog/plp

✅ Request ganador (BFF): https://bff.jumbo.cl/catalog/plp
✅ Productos detectados: 40

--- XHR/Fetch candidatos (filtrado) ---
01. 200 https://assets.jumbo.cl/json/cms/helados-premium.json
02. 200 https://bff.jumbo.cl/catalog/plp

✅ Request ganador (BFF): https://bff.jumbo.cl/catalog/plp
✅ Productos detectados: 7
  productos: 125

Scrape: Helados Light y Sin Azúcar

--- XHR/Fetch candidatos (filtrado) ---
01. 200 https://assets.jumbo.cl/json/cms/page-57057.json
02. 200 https://assets.jumbo.cl/json/cms/page-16512.json
03. 200 https://assets.jumbo.cl/json/cms/page-11484.json
04. 200 https://assets.jumbo.cl/json/cms/page-11732.json
05. 200 https://assets.jumbo.cl/json/cms/list-category.json
06. 200 https://assets.jumbo.cl/json/cms/page-101453.json
07. 200 https://assets.jumbo.cl/json/cms/page-67845.json
08. 404 https://assets.jumbo.cl/json/cms/helados-light-y-sin-azucar.json
09. 200 https://bff.jumbo.cl/catalog/plp
10. 200 https://assets.jumbo.cl/json/cms/page-121827.json
🧪 Dump BFF guardado: debug_bff\bff_helados_light_y_sin_az_car.json

✅ Request ganador (BFF): https://bff.jumbo.cl/catalog/plp
✅ Productos detectados: 28
  productos: 28

Scrape: Frutas y Pulpas Congeladas

--- XHR/Fetch candidatos (filtrado) ---
01. 200 https://assets.jumbo.cl/json/cms/page-57057.json
02. 200 https://assets.jumbo.cl/json/cms/page-16512.json
03. 200 https://assets.jumbo.cl/json/cms/page-11484.json
04. 200 https://assets.jumbo.cl/json/cms/page-11732.json
05. 200 https://assets.jumbo.cl/json/cms/list-category.json
06. 200 https://assets.jumbo.cl/json/cms/page-101453.json
07. 200 https://assets.jumbo.cl/json/cms/page-67845.json
08. 404 https://assets.jumbo.cl/json/cms/frutas-y-pulpas-congeladas.json
09. 200 https://bff.jumbo.cl/catalog/plp
10. 200 https://assets.jumbo.cl/json/cms/page-121827.json
🧪 Dump BFF guardado: debug_bff\bff_frutas_y_pulpas_congeladas.json

✅ Request ganador (BFF): https://bff.jumbo.cl/catalog/plp
✅ Productos detectados: 40

--- XHR/Fetch candidatos (filtrado) ---
01. 200 https://bff.jumbo.cl/catalog/plp

✅ Request ganador (BFF): https://bff.jumbo.cl/catalog/plp
✅ Productos detectados: 20
  productos: 60

Scrape: Pulpa de Fruta

--- XHR/Fetch candidatos (filtrado) ---
01. 200 https://assets.jumbo.cl/json/cms/page-57057.json
02. 200 https://assets.jumbo.cl/json/cms/page-16512.json
03. 200 https://assets.jumbo.cl/json/cms/page-11484.json
04. 200 https://assets.jumbo.cl/json/cms/page-11732.json
05. 200 https://assets.jumbo.cl/json/cms/list-category.json
06. 200 https://assets.jumbo.cl/json/cms/page-101453.json
07. 200 https://assets.jumbo.cl/json/cms/page-67845.json
08. 200 https://assets.jumbo.cl/json/cms/pulpa-de-fruta.json
09. 200 https://assets.jumbo.cl/json/cms/pulpa-de-fruta.json
10. 200 https://bff.jumbo.cl/catalog/plp
11. 200 https://assets.jumbo.cl/json/cms/page-121827.json
12. 200 https://assets.jumbo.cl/json/cms/pulpa-de-fruta.json
🧪 Dump BFF guardado: debug_bff\bff_pulpa_de_fruta.json

✅ Request ganador (BFF): https://bff.jumbo.cl/catalog/plp
✅ Productos detectados: 21
  productos: 21

Scrape: Frutas Congeladas

--- XHR/Fetch candidatos (filtrado) ---
01. 200 https://assets.jumbo.cl/json/cms/page-57057.json
02. 200 https://assets.jumbo.cl/json/cms/page-16512.json
03. 200 https://assets.jumbo.cl/json/cms/page-11484.json
04. 200 https://assets.jumbo.cl/json/cms/page-11732.json
05. 200 https://assets.jumbo.cl/json/cms/frutas-congeladas.json
06. 200 https://assets.jumbo.cl/json/cms/list-category.json
07. 200 https://assets.jumbo.cl/json/cms/page-101453.json
08. 200 https://assets.jumbo.cl/json/cms/page-67845.json
09. 200 https://assets.jumbo.cl/json/cms/frutas-congeladas.json
10. 200 https://bff.jumbo.cl/catalog/plp
11. 200 https://assets.jumbo.cl/json/cms/page-121827.json
12. 200 https://assets.jumbo.cl/json/cms/frutas-congeladas.json
🧪 Dump BFF guardado: debug_bff\bff_frutas_congeladas.json

✅ Request ganador (BFF): https://bff.jumbo.cl/catalog/plp
✅ Productos detectados: 23
  productos: 23

Scrape: Smoothies y Acai

--- XHR/Fetch candidatos (filtrado) ---
01. 200 https://assets.jumbo.cl/json/cms/page-57057.json
02. 200 https://assets.jumbo.cl/json/cms/page-16512.json
03. 200 https://assets.jumbo.cl/json/cms/page-11484.json
04. 200 https://assets.jumbo.cl/json/cms/page-11732.json
05. 200 https://assets.jumbo.cl/json/cms/list-category.json
06. 200 https://assets.jumbo.cl/json/cms/page-101453.json
07. 200 https://assets.jumbo.cl/json/cms/page-67845.json
08. 404 https://assets.jumbo.cl/json/cms/smoothies-y-acai.json
09. 200 https://bff.jumbo.cl/catalog/plp
10. 200 https://assets.jumbo.cl/json/cms/page-121827.json
🧪 Dump BFF guardado: debug_bff\bff_smoothies_y_acai.json

✅ Request ganador (BFF): https://bff.jumbo.cl/catalog/plp
✅ Productos detectados: 16
  productos: 16

Scrape: Verduras Congeladas

--- XHR/Fetch candidatos (filtrado) ---
01. 200 https://assets.jumbo.cl/json/cms/page-57057.json
02. 200 https://assets.jumbo.cl/json/cms/page-16512.json
03. 200 https://assets.jumbo.cl/json/cms/page-11484.json
04. 200 https://assets.jumbo.cl/json/cms/page-11732.json
05. 200 https://assets.jumbo.cl/json/cms/list-category.json
06. 200 https://assets.jumbo.cl/json/cms/page-101453.json
07. 200 https://assets.jumbo.cl/json/cms/page-67845.json
08. 200 https://assets.jumbo.cl/json/cms/verduras-congeladas.json
09. 200 https://assets.jumbo.cl/json/cms/verduras-congeladas.json
10. 200 https://bff.jumbo.cl/catalog/plp
11. 200 https://assets.jumbo.cl/json/cms/page-121827.json
12. 200 https://assets.jumbo.cl/json/cms/verduras-congeladas.json
🧪 Dump BFF guardado: debug_bff\bff_verduras_congeladas.json

✅ Request ganador (BFF): https://bff.jumbo.cl/catalog/plp
✅ Productos detectados: 40

--- XHR/Fetch candidatos (filtrado) ---
01. 200 https://assets.jumbo.cl/json/cms/verduras-congeladas.json
02. 200 https://bff.jumbo.cl/catalog/plp

✅ Request ganador (BFF): https://bff.jumbo.cl/catalog/plp
✅ Productos detectados: 40

--- XHR/Fetch candidatos (filtrado) ---
01. 200 https://assets.jumbo.cl/json/cms/verduras-congeladas.json
02. 200 https://bff.jumbo.cl/catalog/plp

✅ Request ganador (BFF): https://bff.jumbo.cl/catalog/plp
✅ Productos detectados: 16
  productos: 95

Scrape: Choclos, Arvejas y Primaveras

--- XHR/Fetch candidatos (filtrado) ---
01. 200 https://assets.jumbo.cl/json/cms/page-57057.json
02. 200 https://assets.jumbo.cl/json/cms/page-16512.json
03. 200 https://assets.jumbo.cl/json/cms/page-11484.json
04. 200 https://assets.jumbo.cl/json/cms/page-11732.json
05. 200 https://assets.jumbo.cl/json/cms/page-101453.json
06. 200 https://assets.jumbo.cl/json/cms/list-category.json
07. 200 https://assets.jumbo.cl/json/cms/page-67845.json
08. 404 https://assets.jumbo.cl/json/cms/choclos-arvejas-y-primaveras.json
09. 200 https://bff.jumbo.cl/catalog/plp
10. 200 https://assets.jumbo.cl/json/cms/page-121827.json
🧪 Dump BFF guardado: debug_bff\bff_choclos_arvejas_y_primaveras.json

✅ Request ganador (BFF): https://bff.jumbo.cl/catalog/plp
✅ Productos detectados: 23
  productos: 23

Scrape: Papas

--- XHR/Fetch candidatos (filtrado) ---
01. 200 https://assets.jumbo.cl/json/cms/page-57057.json
02. 200 https://assets.jumbo.cl/json/cms/page-16512.json
03. 200 https://assets.jumbo.cl/json/cms/page-11484.json
04. 200 https://assets.jumbo.cl/json/cms/page-11732.json
05. 200 https://assets.jumbo.cl/json/cms/papas.json
06. 200 https://assets.jumbo.cl/json/cms/list-category.json
07. 200 https://assets.jumbo.cl/json/cms/page-101453.json
08. 200 https://assets.jumbo.cl/json/cms/page-67845.json
09. 200 https://assets.jumbo.cl/json/cms/papas.json
10. 200 https://bff.jumbo.cl/catalog/plp
11. 200 https://assets.jumbo.cl/json/cms/page-121827.json
12. 200 https://assets.jumbo.cl/json/cms/papas.json
🧪 Dump BFF guardado: debug_bff\bff_papas.json

✅ Request ganador (BFF): https://bff.jumbo.cl/catalog/plp
✅ Productos detectados: 26
  productos: 26

Scrape: Sofritos y Mix de Verduras

--- XHR/Fetch candidatos (filtrado) ---
01. 200 https://assets.jumbo.cl/json/cms/page-57057.json
02. 200 https://assets.jumbo.cl/json/cms/page-16512.json
03. 200 https://assets.jumbo.cl/json/cms/page-11484.json
04. 200 https://assets.jumbo.cl/json/cms/page-11732.json
05. 200 https://assets.jumbo.cl/json/cms/list-category.json
06. 200 https://assets.jumbo.cl/json/cms/page-101453.json
07. 200 https://assets.jumbo.cl/json/cms/page-67845.json
08. 404 https://assets.jumbo.cl/json/cms/sofritos-y-mix-de-verduras.json
09. 200 https://bff.jumbo.cl/catalog/plp
10. 200 https://assets.jumbo.cl/json/cms/page-121827.json
🧪 Dump BFF guardado: debug_bff\bff_sofritos_y_mix_de_verduras.json

✅ Request ganador (BFF): https://bff.jumbo.cl/catalog/plp
✅ Productos detectados: 9
  productos: 9

Scrape: Legumbres Congeladas

--- XHR/Fetch candidatos (filtrado) ---
01. 200 https://assets.jumbo.cl/json/cms/page-57057.json
02. 200 https://assets.jumbo.cl/json/cms/page-16512.json
03. 200 https://assets.jumbo.cl/json/cms/page-11484.json
04. 200 https://assets.jumbo.cl/json/cms/page-11732.json
05. 200 https://assets.jumbo.cl/json/cms/legumbres-congeladas.json
06. 200 https://assets.jumbo.cl/json/cms/list-category.json
07. 200 https://assets.jumbo.cl/json/cms/page-101453.json
08. 200 https://assets.jumbo.cl/json/cms/page-67845.json
09. 200 https://assets.jumbo.cl/json/cms/legumbres-congeladas.json
10. 200 https://bff.jumbo.cl/catalog/plp
11. 200 https://assets.jumbo.cl/json/cms/page-121827.json
12. 200 https://assets.jumbo.cl/json/cms/legumbres-congeladas.json
🧪 Dump BFF guardado: debug_bff\bff_legumbres_congeladas.json

✅ Request ganador (BFF): https://bff.jumbo.cl/catalog/plp
✅ Productos detectados: 12
  productos: 12

Scrape: Hamburguesas

--- XHR/Fetch candidatos (filtrado) ---
01. 200 https://assets.jumbo.cl/json/cms/page-57057.json
02. 200 https://assets.jumbo.cl/json/cms/page-16512.json
03. 200 https://assets.jumbo.cl/json/cms/page-11484.json
04. 200 https://assets.jumbo.cl/json/cms/page-11732.json
05. 200 https://assets.jumbo.cl/json/cms/hamburguesas.json
06. 200 https://assets.jumbo.cl/json/cms/list-category.json
07. 200 https://assets.jumbo.cl/json/cms/page-101453.json
08. 200 https://assets.jumbo.cl/json/cms/page-67845.json
09. 200 https://assets.jumbo.cl/json/cms/hamburguesas.json
10. 200 https://bff.jumbo.cl/catalog/plp
11. 200 https://assets.jumbo.cl/json/cms/page-121827.json
12. 200 https://assets.jumbo.cl/json/cms/hamburguesas.json
🧪 Dump BFF guardado: debug_bff\bff_hamburguesas.json

✅ Request ganador (BFF): https://bff.jumbo.cl/catalog/plp
✅ Productos detectados: 40

--- XHR/Fetch candidatos (filtrado) ---
01. 200 https://assets.jumbo.cl/json/cms/hamburguesas.json
02. 200 https://bff.jumbo.cl/catalog/plp

✅ Request ganador (BFF): https://bff.jumbo.cl/catalog/plp
✅ Productos detectados: 36
  productos: 76

Scrape: Hamburguesas de Vacuno

--- XHR/Fetch candidatos (filtrado) ---
01. 200 https://assets.jumbo.cl/json/cms/page-57057.json
02. 200 https://assets.jumbo.cl/json/cms/page-16512.json
03. 200 https://assets.jumbo.cl/json/cms/page-11484.json
04. 200 https://assets.jumbo.cl/json/cms/page-11732.json
05. 200 https://assets.jumbo.cl/json/cms/list-category.json
06. 200 https://assets.jumbo.cl/json/cms/hamburguesas-de-vacuno.json
07. 200 https://assets.jumbo.cl/json/cms/page-101453.json
08. 200 https://assets.jumbo.cl/json/cms/page-67845.json
09. 200 https://assets.jumbo.cl/json/cms/hamburguesas-de-vacuno.json
10. 200 https://bff.jumbo.cl/catalog/plp
11. 200 https://assets.jumbo.cl/json/cms/page-121827.json
12. 200 https://assets.jumbo.cl/json/cms/hamburguesas-de-vacuno.json
🧪 Dump BFF guardado: debug_bff\bff_hamburguesas_de_vacuno.json

✅ Request ganador (BFF): https://bff.jumbo.cl/catalog/plp
✅ Productos detectados: 40

--- XHR/Fetch candidatos (filtrado) ---
01. 200 https://assets.jumbo.cl/json/cms/hamburguesas-de-vacuno.json
02. 200 https://bff.jumbo.cl/catalog/plp

✅ Request ganador (BFF): https://bff.jumbo.cl/catalog/plp
✅ Productos detectados: 6
  productos: 46

Scrape: Hamburguesas de Pollo

--- XHR/Fetch candidatos (filtrado) ---
01. 200 https://assets.jumbo.cl/json/cms/page-57057.json
02. 200 https://assets.jumbo.cl/json/cms/page-16512.json
03. 200 https://assets.jumbo.cl/json/cms/page-11484.json
04. 200 https://assets.jumbo.cl/json/cms/page-11732.json
05. 200 https://assets.jumbo.cl/json/cms/hamburguesas-de-pollo.json
06. 200 https://assets.jumbo.cl/json/cms/list-category.json
07. 200 https://assets.jumbo.cl/json/cms/page-67845.json
08. 200 https://assets.jumbo.cl/json/cms/page-101453.json
09. 200 https://assets.jumbo.cl/json/cms/hamburguesas-de-pollo.json
10. 200 https://bff.jumbo.cl/catalog/plp
11. 200 https://assets.jumbo.cl/json/cms/page-121827.json
12. 200 https://assets.jumbo.cl/json/cms/hamburguesas-de-pollo.json
🧪 Dump BFF guardado: debug_bff\bff_hamburguesas_de_pollo.json

✅ Request ganador (BFF): https://bff.jumbo.cl/catalog/plp
✅ Productos detectados: 4
  productos: 4

Scrape: Hamburguesas Vegetales

--- XHR/Fetch candidatos (filtrado) ---
01. 200 https://assets.jumbo.cl/json/cms/page-57057.json
02. 200 https://assets.jumbo.cl/json/cms/page-16512.json
03. 200 https://assets.jumbo.cl/json/cms/page-11484.json
04. 200 https://assets.jumbo.cl/json/cms/page-11732.json
05. 200 https://assets.jumbo.cl/json/cms/hamburguesas-vegetales.json
06. 200 https://assets.jumbo.cl/json/cms/list-category.json
07. 200 https://assets.jumbo.cl/json/cms/page-101453.json
08. 200 https://assets.jumbo.cl/json/cms/page-67845.json
09. 200 https://assets.jumbo.cl/json/cms/hamburguesas-vegetales.json
10. 200 https://bff.jumbo.cl/catalog/plp
11. 200 https://assets.jumbo.cl/json/cms/page-121827.json
12. 200 https://assets.jumbo.cl/json/cms/hamburguesas-vegetales.json
🧪 Dump BFF guardado: debug_bff\bff_hamburguesas_vegetales.json

✅ Request ganador (BFF): https://bff.jumbo.cl/catalog/plp
✅ Productos detectados: 26
  productos: 26

Scrape: Nuggets, Apanados y Embutidos

--- XHR/Fetch candidatos (filtrado) ---
01. 200 https://assets.jumbo.cl/json/cms/page-57057.json
02. 200 https://assets.jumbo.cl/json/cms/page-16512.json
03. 200 https://assets.jumbo.cl/json/cms/page-11484.json
04. 200 https://assets.jumbo.cl/json/cms/page-11732.json
05. 200 https://assets.jumbo.cl/json/cms/list-category.json
06. 200 https://assets.jumbo.cl/json/cms/page-101453.json
07. 200 https://assets.jumbo.cl/json/cms/page-67845.json
08. 404 https://assets.jumbo.cl/json/cms/nuggets-apanados-y-embutidos.json
09. 200 https://bff.jumbo.cl/catalog/plp
10. 200 https://assets.jumbo.cl/json/cms/page-121827.json
🧪 Dump BFF guardado: debug_bff\bff_nuggets_apanados_y_embutidos.json

✅ Request ganador (BFF): https://bff.jumbo.cl/catalog/plp
✅ Productos detectados: 40

--- XHR/Fetch candidatos (filtrado) ---
01. 200 https://bff.jumbo.cl/catalog/plp

✅ Request ganador (BFF): https://bff.jumbo.cl/catalog/plp
✅ Productos detectados: 25
  productos: 65

Scrape: Nuggets y Alitas de Pollo

--- XHR/Fetch candidatos (filtrado) ---
01. 200 https://assets.jumbo.cl/json/cms/page-57057.json
02. 200 https://assets.jumbo.cl/json/cms/page-16512.json
03. 200 https://assets.jumbo.cl/json/cms/page-11484.json
04. 200 https://assets.jumbo.cl/json/cms/page-11732.json
05. 200 https://assets.jumbo.cl/json/cms/list-category.json
06. 200 https://assets.jumbo.cl/json/cms/page-101453.json
07. 200 https://assets.jumbo.cl/json/cms/page-67845.json
08. 404 https://assets.jumbo.cl/json/cms/nuggets-y-alitas-de-pollo.json
09. 200 https://bff.jumbo.cl/catalog/plp
10. 200 https://assets.jumbo.cl/json/cms/page-121827.json
🧪 Dump BFF guardado: debug_bff\bff_nuggets_y_alitas_de_pollo.json

✅ Request ganador (BFF): https://bff.jumbo.cl/catalog/plp
✅ Productos detectados: 21
  productos: 21

Scrape: Apanados

--- XHR/Fetch candidatos (filtrado) ---
01. 200 https://assets.jumbo.cl/json/cms/page-57057.json
02. 200 https://assets.jumbo.cl/json/cms/page-11484.json
03. 200 https://assets.jumbo.cl/json/cms/page-16512.json
04. 200 https://assets.jumbo.cl/json/cms/page-11732.json
05. 200 https://assets.jumbo.cl/json/cms/apanados.json
06. 200 https://assets.jumbo.cl/json/cms/list-category.json
07. 200 https://assets.jumbo.cl/json/cms/page-101453.json
08. 200 https://assets.jumbo.cl/json/cms/page-67845.json
09. 200 https://assets.jumbo.cl/json/cms/apanados.json
10. 200 https://bff.jumbo.cl/catalog/plp
11. 200 https://assets.jumbo.cl/json/cms/page-121827.json
12. 200 https://assets.jumbo.cl/json/cms/apanados.json
🧪 Dump BFF guardado: debug_bff\bff_apanados.json

✅ Request ganador (BFF): https://bff.jumbo.cl/catalog/plp
✅ Productos detectados: 18
  productos: 18

Scrape: Nuggets y Apanados de Verduras

--- XHR/Fetch candidatos (filtrado) ---
01. 200 https://assets.jumbo.cl/json/cms/page-57057.json
02. 200 https://assets.jumbo.cl/json/cms/page-16512.json
03. 200 https://assets.jumbo.cl/json/cms/page-11484.json
04. 200 https://assets.jumbo.cl/json/cms/page-11732.json
05. 200 https://assets.jumbo.cl/json/cms/list-category.json
06. 200 https://assets.jumbo.cl/json/cms/page-67845.json
07. 200 https://assets.jumbo.cl/json/cms/page-101453.json
08. 404 https://assets.jumbo.cl/json/cms/nuggets-y-apanados-de-verduras.json
09. 200 https://bff.jumbo.cl/catalog/plp
10. 200 https://assets.jumbo.cl/json/cms/page-121827.json
🧪 Dump BFF guardado: debug_bff\bff_nuggets_y_apanados_de_verduras.json

✅ Request ganador (BFF): https://bff.jumbo.cl/catalog/plp
✅ Productos detectados: 15
  productos: 15

Scrape: Embutidos y Otros

--- XHR/Fetch candidatos (filtrado) ---
01. 200 https://assets.jumbo.cl/json/cms/page-57057.json
02. 200 https://assets.jumbo.cl/json/cms/page-16512.json
03. 200 https://assets.jumbo.cl/json/cms/page-11484.json
04. 200 https://assets.jumbo.cl/json/cms/page-11732.json
05. 200 https://assets.jumbo.cl/json/cms/embutidos-y-otros.json
06. 200 https://assets.jumbo.cl/json/cms/list-category.json
07. 200 https://assets.jumbo.cl/json/cms/page-101453.json
08. 200 https://assets.jumbo.cl/json/cms/page-67845.json
09. 200 https://assets.jumbo.cl/json/cms/embutidos-y-otros.json
10. 200 https://bff.jumbo.cl/catalog/plp
11. 200 https://assets.jumbo.cl/json/cms/page-121827.json
12. 200 https://assets.jumbo.cl/json/cms/embutidos-y-otros.json
🧪 Dump BFF guardado: debug_bff\bff_embutidos_y_otros.json

✅ Request ganador (BFF): https://bff.jumbo.cl/catalog/plp
✅ Productos detectados: 11
  productos: 11

Scrape: Churrascos, Lomitos y Otros

--- XHR/Fetch candidatos (filtrado) ---
01. 200 https://assets.jumbo.cl/json/cms/page-57057.json
02. 200 https://assets.jumbo.cl/json/cms/page-16512.json
03. 200 https://assets.jumbo.cl/json/cms/page-11484.json
04. 200 https://assets.jumbo.cl/json/cms/page-11732.json
05. 200 https://assets.jumbo.cl/json/cms/list-category.json
06. 200 https://assets.jumbo.cl/json/cms/churrascos-lomitos-y-otros.json
07. 200 https://assets.jumbo.cl/json/cms/page-101453.json
08. 200 https://assets.jumbo.cl/json/cms/page-67845.json
09. 200 https://assets.jumbo.cl/json/cms/churrascos-lomitos-y-otros.json
10. 200 https://bff.jumbo.cl/catalog/plp
11. 200 https://assets.jumbo.cl/json/cms/page-121827.json
12. 200 https://assets.jumbo.cl/json/cms/churrascos-lomitos-y-otros.json
🧪 Dump BFF guardado: debug_bff\bff_churrascos_lomitos_y_otros.json

✅ Request ganador (BFF): https://bff.jumbo.cl/catalog/plp
✅ Productos detectados: 16
  productos: 16

Scrape: Churrascos y Lomitos

--- XHR/Fetch candidatos (filtrado) ---
01. 200 https://assets.jumbo.cl/json/cms/page-57057.json
02. 200 https://assets.jumbo.cl/json/cms/page-16512.json
03. 200 https://assets.jumbo.cl/json/cms/page-11484.json
04. 200 https://assets.jumbo.cl/json/cms/page-11732.json
05. 200 https://assets.jumbo.cl/json/cms/list-category.json
06. 200 https://assets.jumbo.cl/json/cms/page-67845.json
07. 200 https://assets.jumbo.cl/json/cms/page-101453.json
08. 200 https://assets.jumbo.cl/json/cms/churrascos-y-lomitos.json
09. 200 https://assets.jumbo.cl/json/cms/churrascos-y-lomitos.json
10. 200 https://bff.jumbo.cl/catalog/plp
11. 200 https://assets.jumbo.cl/json/cms/page-121827.json
12. 200 https://assets.jumbo.cl/json/cms/churrascos-y-lomitos.json
🧪 Dump BFF guardado: debug_bff\bff_churrascos_y_lomitos.json

✅ Request ganador (BFF): https://bff.jumbo.cl/catalog/plp
✅ Productos detectados: 11
  productos: 11

Scrape: Carpaccio y Otros

--- XHR/Fetch candidatos (filtrado) ---
01. 200 https://assets.jumbo.cl/json/cms/page-57057.json
02. 200 https://assets.jumbo.cl/json/cms/page-16512.json
03. 200 https://assets.jumbo.cl/json/cms/page-11484.json
04. 200 https://assets.jumbo.cl/json/cms/page-11732.json
05. 200 https://assets.jumbo.cl/json/cms/carpaccios-y-otros.json
06. 200 https://assets.jumbo.cl/json/cms/list-category.json
07. 200 https://assets.jumbo.cl/json/cms/page-101453.json
08. 200 https://assets.jumbo.cl/json/cms/page-67845.json
09. 200 https://assets.jumbo.cl/json/cms/carpaccios-y-otros.json
10. 200 https://bff.jumbo.cl/catalog/plp
11. 200 https://assets.jumbo.cl/json/cms/page-121827.json
12. 200 https://assets.jumbo.cl/json/cms/carpaccios-y-otros.json
🧪 Dump BFF guardado: debug_bff\bff_carpaccio_y_otros.json

✅ Request ganador (BFF): https://bff.jumbo.cl/catalog/plp
✅ Productos detectados: 5
  productos: 5

Scrape: Comidas Congeladas

--- XHR/Fetch candidatos (filtrado) ---
01. 200 https://assets.jumbo.cl/json/cms/page-57057.json
02. 200 https://assets.jumbo.cl/json/cms/page-16512.json
03. 200 https://assets.jumbo.cl/json/cms/page-11484.json
04. 200 https://assets.jumbo.cl/json/cms/page-11732.json
05. 200 https://assets.jumbo.cl/json/cms/list-category.json
06. 200 https://assets.jumbo.cl/json/cms/page-101453.json
07. 200 https://assets.jumbo.cl/json/cms/page-67845.json
08. 404 https://assets.jumbo.cl/json/cms/comidas-congeladas.json
09. 200 https://bff.jumbo.cl/catalog/plp
10. 200 https://assets.jumbo.cl/json/cms/page-121827.json
🧪 Dump BFF guardado: debug_bff\bff_comidas_congeladas.json

✅ Request ganador (BFF): https://bff.jumbo.cl/catalog/plp
✅ Productos detectados: 40

--- XHR/Fetch candidatos (filtrado) ---
01. 200 https://bff.jumbo.cl/catalog/plp

✅ Request ganador (BFF): https://bff.jumbo.cl/catalog/plp
✅ Productos detectados: 40

--- XHR/Fetch candidatos (filtrado) ---
01. 200 https://bff.jumbo.cl/catalog/plp

✅ Request ganador (BFF): https://bff.jumbo.cl/catalog/plp
✅ Productos detectados: 14
  productos: 94

Scrape: Pizzas y Pastas Congeladas

--- XHR/Fetch candidatos (filtrado) ---
01. 200 https://assets.jumbo.cl/json/cms/page-16512.json
02. 200 https://assets.jumbo.cl/json/cms/page-57057.json
03. 200 https://assets.jumbo.cl/json/cms/page-11484.json
04. 200 https://assets.jumbo.cl/json/cms/page-11732.json
05. 200 https://assets.jumbo.cl/json/cms/list-category.json
06. 200 https://assets.jumbo.cl/json/cms/page-101453.json
07. 200 https://assets.jumbo.cl/json/cms/page-67845.json
08. 404 https://assets.jumbo.cl/json/cms/pizzas-y-pastas-congeladas.json
09. 200 https://bff.jumbo.cl/catalog/plp
10. 200 https://assets.jumbo.cl/json/cms/page-121827.json
🧪 Dump BFF guardado: debug_bff\bff_pizzas_y_pastas_congeladas.json

✅ Request ganador (BFF): https://bff.jumbo.cl/catalog/plp
✅ Productos detectados: 37
  productos: 37

Scrape: Empanadas Congeladas

--- XHR/Fetch candidatos (filtrado) ---
01. 200 https://assets.jumbo.cl/json/cms/page-57057.json
02. 200 https://assets.jumbo.cl/json/cms/page-16512.json
03. 200 https://assets.jumbo.cl/json/cms/page-11484.json
04. 200 https://assets.jumbo.cl/json/cms/page-11732.json
05. 200 https://assets.jumbo.cl/json/cms/list-category.json
06. 200 https://assets.jumbo.cl/json/cms/empanadas-congeladas.json
07. 200 https://assets.jumbo.cl/json/cms/page-101453.json
08. 200 https://assets.jumbo.cl/json/cms/page-67845.json
09. 200 https://assets.jumbo.cl/json/cms/empanadas-congeladas.json
10. 200 https://bff.jumbo.cl/catalog/plp
11. 200 https://assets.jumbo.cl/json/cms/page-121827.json
12. 200 https://assets.jumbo.cl/json/cms/empanadas-congeladas.json
🧪 Dump BFF guardado: debug_bff\bff_empanadas_congeladas.json

✅ Request ganador (BFF): https://bff.jumbo.cl/catalog/plp
✅ Productos detectados: 18
  productos: 18

Scrape: Quiches, Sopaipillas y Otros

--- XHR/Fetch candidatos (filtrado) ---
01. 200 https://assets.jumbo.cl/json/cms/page-57057.json
02. 200 https://assets.jumbo.cl/json/cms/page-16512.json
03. 200 https://assets.jumbo.cl/json/cms/page-11484.json
04. 200 https://assets.jumbo.cl/json/cms/page-11732.json
05. 200 https://assets.jumbo.cl/json/cms/list-category.json
06. 200 https://assets.jumbo.cl/json/cms/page-101453.json
07. 200 https://assets.jumbo.cl/json/cms/page-67845.json
08. 404 https://assets.jumbo.cl/json/cms/quiches-sopaipillas-y-otros.json
09. 200 https://bff.jumbo.cl/catalog/plp
10. 200 https://assets.jumbo.cl/json/cms/page-121827.json
🧪 Dump BFF guardado: debug_bff\bff_quiches_sopaipillas_y_otros.json

✅ Request ganador (BFF): https://bff.jumbo.cl/catalog/plp
✅ Productos detectados: 19
  productos: 19

Scrape: Comida Chilena

--- XHR/Fetch candidatos (filtrado) ---
01. 200 https://assets.jumbo.cl/json/cms/page-57057.json
02. 200 https://assets.jumbo.cl/json/cms/page-16512.json
03. 200 https://assets.jumbo.cl/json/cms/page-11484.json
04. 200 https://assets.jumbo.cl/json/cms/page-11732.json
05. 200 https://assets.jumbo.cl/json/cms/list-category.json
06. 200 https://assets.jumbo.cl/json/cms/page-101453.json
07. 200 https://assets.jumbo.cl/json/cms/page-67845.json
08. 404 https://assets.jumbo.cl/json/cms/comida-chilena.json
09. 200 https://bff.jumbo.cl/catalog/plp
10. 200 https://assets.jumbo.cl/json/cms/page-121827.json
🧪 Dump BFF guardado: debug_bff\bff_comida_chilena.json

✅ Request ganador (BFF): https://bff.jumbo.cl/catalog/plp
✅ Productos detectados: 12
  productos: 12

Scrape: Hielo

--- XHR/Fetch candidatos (filtrado) ---
01. 200 https://assets.jumbo.cl/json/cms/page-57057.json
02. 200 https://assets.jumbo.cl/json/cms/page-16512.json
03. 200 https://assets.jumbo.cl/json/cms/page-11484.json
04. 200 https://assets.jumbo.cl/json/cms/page-11732.json
05. 200 https://assets.jumbo.cl/json/cms/list-category.json
06. 200 https://assets.jumbo.cl/json/cms/hielo.json
07. 200 https://assets.jumbo.cl/json/cms/page-67845.json
08. 200 https://assets.jumbo.cl/json/cms/page-101453.json
09. 200 https://assets.jumbo.cl/json/cms/hielo.json
10. 200 https://bff.jumbo.cl/catalog/plp
11. 200 https://assets.jumbo.cl/json/cms/page-121827.json
12. 200 https://assets.jumbo.cl/json/cms/hielo.json
🧪 Dump BFF guardado: debug_bff\bff_hielo.json

✅ Request ganador (BFF): https://bff.jumbo.cl/catalog/plp
✅ Productos detectados: 6
  productos: 6

Total filas: 3355
CSV generado: output\lacteos_huevos_congelados\jumbo_lacteos_huevos_y_congelados_20260226_190317.csv
