
Subcategorías:
- Quesos -> https://www.jumbo.cl/quesos-y-fiambres/quesos
- Especiales y Tablas de Quesos -> https://www.jumbo.cl/quesos-y-fiambres/quesos/especiales-y-tablas-de-quesos
- Mantecosos y Chanco -> https://www.jumbo.cl/quesos-y-fiambres/quesos/mantecosos-y-chanco
- Cabra y Oveja -> https://www.jumbo.cl/quesos-y-fiambres/quesos/cabra-y-oveja
- Chacras, Frescos y Quesillos -> https://www.jumbo.cl/quesos-y-fiambres/quesos/chacras-frescos-y-quesillos
- Fiambres -> https://www.jumbo.cl/quesos-y-fiambres/fiambres
- Jamones -> https://www.jumbo.cl/quesos-y-fiambres/fiambres/jamones
- Jamón Serrano, Lomo Kassler y Otros -> https://www.jumbo.cl/quesos-y-fiambres/fiambres/jamon-serrano-lomo-kassler-y-otros
- Pechuga de Pavo y Pollo -> https://www.jumbo.cl/quesos-y-fiambres/fiambres/pechuga-de-pavo-y-pollo
- Salames y Tocinos -> https://www.jumbo.cl/quesos-y-fiambres/fiambres/salames-y-tocinos
- Salchichas y Parrilleros -> https://www.jumbo.cl/quesos-y-fiambres/salchichas-y-parrilleros
- Salchichas -> https://www.jumbo.cl/quesos-y-fiambres/salchichas-y-parrilleros/salchichas
- Longanizas y Chorizos -> https://www.jumbo.cl/quesos-y-fiambres/salchichas-y-parrilleros/longanizas-y-chorizos
- Butifarras y Longanicillas -> https://www.jumbo.cl/quesos-y-fiambres/salchichas-y-parrilleros/butifarras-y-longanicillas
- Prietas -> https://www.jumbo.cl/quesos-y-fiambres/salchichas-y-parrilleros/prietas
- Aceitunas, Pepinillos y Otros -> https://www.jumbo.cl/quesos-y-fiambres/aceitunas-pepinillos-y-otros
- Aceitunas -> https://www.jumbo.cl/quesos-y-fiambres/aceitunas-pepinillos-y-otros/aceitunas
- Pepinillos y Pickles -> https://www.jumbo.cl/quesos-y-fiambres/aceitunas-pepinillos-y-otros/pepinillos-y-pickles
- Chucrut y Otros -> https://www.jumbo.cl/quesos-y-fiambres/aceitunas-pepinillos-y-otros/chucrut-y-otros

Scrape: Quesos

--- XHR/Fetch candidatos (filtrado) ---
01. 200 https://assets.jumbo.cl/json/cms/page-57057.json
02. 200 https://assets.jumbo.cl/json/cms/page-11484.json
03. 200 https://assets.jumbo.cl/json/cms/page-16512.json
04. 200 https://assets.jumbo.cl/json/cms/page-11732.json
05. 200 https://assets.jumbo.cl/json/cms/quesos.json
06. 200 https://assets.jumbo.cl/json/cms/list-category.json
07. 200 https://assets.jumbo.cl/json/cms/page-101453.json
08. 200 https://assets.jumbo.cl/json/cms/page-67845.json
09. 200 https://assets.jumbo.cl/json/cms/quesos.json
10. 200 https://bff.jumbo.cl/catalog/plp
11. 200 https://assets.jumbo.cl/json/cms/page-121827.json
12. 200 https://assets.jumbo.cl/json/cms/quesos.json
🧪 Dump BFF guardado: debug_bff\bff_quesos.json

✅ Request ganador (BFF): https://bff.jumbo.cl/catalog/plp
✅ Productos detectados: 40

--- XHR/Fetch candidatos (filtrado) ---
01. 200 https://assets.jumbo.cl/json/cms/quesos.json
02. 200 https://bff.jumbo.cl/catalog/plp

✅ Request ganador (BFF): https://bff.jumbo.cl/catalog/plp
✅ Productos detectados: 40

--- XHR/Fetch candidatos (filtrado) ---
01. 200 https://assets.jumbo.cl/json/cms/quesos.json
02. 200 https://bff.jumbo.cl/catalog/plp

✅ Request ganador (BFF): https://bff.jumbo.cl/catalog/plp
✅ Productos detectados: 40

--- XHR/Fetch candidatos (filtrado) ---
01. 200 https://assets.jumbo.cl/json/cms/quesos.json
02. 200 https://bff.jumbo.cl/catalog/plp

✅ Request ganador (BFF): https://bff.jumbo.cl/catalog/plp
✅ Productos detectados: 40

--- XHR/Fetch candidatos (filtrado) ---
01. 200 https://assets.jumbo.cl/json/cms/quesos.json
02. 200 https://bff.jumbo.cl/catalog/plp

✅ Request ganador (BFF): https://bff.jumbo.cl/catalog/plp
✅ Productos detectados: 40

--- XHR/Fetch candidatos (filtrado) ---
01. 200 https://assets.jumbo.cl/json/cms/quesos.json
02. 200 https://bff.jumbo.cl/catalog/plp

✅ Request ganador (BFF): https://bff.jumbo.cl/catalog/plp
✅ Productos detectados: 40

--- XHR/Fetch candidatos (filtrado) ---
01. 200 https://assets.jumbo.cl/json/cms/quesos.json
02. 200 https://bff.jumbo.cl/catalog/plp

✅ Request ganador (BFF): https://bff.jumbo.cl/catalog/plp
✅ Productos detectados: 40

--- XHR/Fetch candidatos (filtrado) ---
01. 200 https://assets.jumbo.cl/json/cms/quesos.json
02. 200 https://bff.jumbo.cl/catalog/plp

✅ Request ganador (BFF): https://bff.jumbo.cl/catalog/plp
✅ Productos detectados: 40

--- XHR/Fetch candidatos (filtrado) ---
01. 200 https://assets.jumbo.cl/json/cms/quesos.json
02. 200 https://bff.jumbo.cl/catalog/plp

✅ Request ganador (BFF): https://bff.jumbo.cl/catalog/plp
✅ Productos detectados: 40

--- XHR/Fetch candidatos (filtrado) ---
01. 200 https://assets.jumbo.cl/json/cms/quesos.json
02. 200 https://bff.jumbo.cl/catalog/plp

✅ Request ganador (BFF): https://bff.jumbo.cl/catalog/plp
✅ Productos detectados: 40

--- XHR/Fetch candidatos (filtrado) ---
01. 200 https://assets.jumbo.cl/json/cms/quesos.json
02. 200 https://bff.jumbo.cl/catalog/plp

✅ Request ganador (BFF): https://bff.jumbo.cl/catalog/plp
✅ Productos detectados: 40

--- XHR/Fetch candidatos (filtrado) ---
01. 200 https://assets.jumbo.cl/json/cms/quesos.json
02. 200 https://bff.jumbo.cl/catalog/plp

✅ Request ganador (BFF): https://bff.jumbo.cl/catalog/plp
✅ Productos detectados: 40

--- XHR/Fetch candidatos (filtrado) ---
01. 200 https://assets.jumbo.cl/json/cms/quesos.json
02. 200 https://bff.jumbo.cl/catalog/plp

✅ Request ganador (BFF): https://bff.jumbo.cl/catalog/plp
✅ Productos detectados: 12
  productos: 489

Scrape: Especiales y Tablas de Quesos

--- XHR/Fetch candidatos (filtrado) ---
01. 200 https://assets.jumbo.cl/json/cms/page-57057.json
02. 200 https://assets.jumbo.cl/json/cms/page-16512.json
03. 200 https://assets.jumbo.cl/json/cms/page-11484.json
04. 200 https://assets.jumbo.cl/json/cms/page-11732.json
05. 200 https://assets.jumbo.cl/json/cms/list-category.json
06. 200 https://assets.jumbo.cl/json/cms/page-101453.json
07. 200 https://assets.jumbo.cl/json/cms/page-67845.json
08. 404 https://assets.jumbo.cl/json/cms/especiales-y-tablas-de-quesos.json
09. 200 https://bff.jumbo.cl/catalog/plp
10. 200 https://assets.jumbo.cl/json/cms/page-121827.json
🧪 Dump BFF guardado: debug_bff\bff_especiales_y_tablas_de_quesos.json

✅ Request ganador (BFF): https://bff.jumbo.cl/catalog/plp
✅ Productos detectados: 40

--- XHR/Fetch candidatos (filtrado) ---
01. 200 https://bff.jumbo.cl/catalog/plp

✅ Request ganador (BFF): https://bff.jumbo.cl/catalog/plp
✅ Productos detectados: 40

--- XHR/Fetch candidatos (filtrado) ---
01. 200 https://bff.jumbo.cl/catalog/plp

✅ Request ganador (BFF): https://bff.jumbo.cl/catalog/plp
✅ Productos detectados: 40

--- XHR/Fetch candidatos (filtrado) ---
01. 200 https://bff.jumbo.cl/catalog/plp

✅ Request ganador (BFF): https://bff.jumbo.cl/catalog/plp
✅ Productos detectados: 37
  productos: 157

Scrape: Mantecosos y Chanco

--- XHR/Fetch candidatos (filtrado) ---
01. 200 https://assets.jumbo.cl/json/cms/page-57057.json
02. 200 https://assets.jumbo.cl/json/cms/page-16512.json
03. 200 https://assets.jumbo.cl/json/cms/page-11484.json
04. 200 https://assets.jumbo.cl/json/cms/page-11732.json
05. 200 https://assets.jumbo.cl/json/cms/list-category.json
06. 200 https://assets.jumbo.cl/json/cms/mantecosos-y-chanco.json
07. 200 https://assets.jumbo.cl/json/cms/page-101453.json
08. 200 https://assets.jumbo.cl/json/cms/page-67845.json
09. 200 https://assets.jumbo.cl/json/cms/mantecosos-y-chanco.json
10. 200 https://bff.jumbo.cl/catalog/plp
11. 200 https://assets.jumbo.cl/json/cms/page-121827.json
12. 200 https://assets.jumbo.cl/json/cms/mantecosos-y-chanco.json
🧪 Dump BFF guardado: debug_bff\bff_mantecosos_y_chanco.json

✅ Request ganador (BFF): https://bff.jumbo.cl/catalog/plp
✅ Productos detectados: 40

--- XHR/Fetch candidatos (filtrado) ---
01. 200 https://assets.jumbo.cl/json/cms/mantecosos-y-chanco.json
02. 200 https://bff.jumbo.cl/catalog/plp

✅ Request ganador (BFF): https://bff.jumbo.cl/catalog/plp
✅ Productos detectados: 40

--- XHR/Fetch candidatos (filtrado) ---
01. 200 https://assets.jumbo.cl/json/cms/mantecosos-y-chanco.json
02. 200 https://bff.jumbo.cl/catalog/plp

✅ Request ganador (BFF): https://bff.jumbo.cl/catalog/plp
✅ Productos detectados: 19
  productos: 99

Scrape: Cabra y Oveja

--- XHR/Fetch candidatos (filtrado) ---
01. 200 https://assets.jumbo.cl/json/cms/page-57057.json
02. 200 https://assets.jumbo.cl/json/cms/page-16512.json
03. 200 https://assets.jumbo.cl/json/cms/page-11484.json
04. 200 https://assets.jumbo.cl/json/cms/page-11732.json
05. 200 https://assets.jumbo.cl/json/cms/cabra-y-oveja.json
06. 200 https://assets.jumbo.cl/json/cms/list-category.json
07. 200 https://assets.jumbo.cl/json/cms/page-101453.json
08. 200 https://assets.jumbo.cl/json/cms/page-67845.json
09. 200 https://assets.jumbo.cl/json/cms/cabra-y-oveja.json
10. 200 https://bff.jumbo.cl/catalog/plp
11. 200 https://assets.jumbo.cl/json/cms/page-121827.json
12. 200 https://assets.jumbo.cl/json/cms/cabra-y-oveja.json
🧪 Dump BFF guardado: debug_bff\bff_cabra_y_oveja.json

✅ Request ganador (BFF): https://bff.jumbo.cl/catalog/plp
✅ Productos detectados: 40

--- XHR/Fetch candidatos (filtrado) ---
01. 200 https://assets.jumbo.cl/json/cms/cabra-y-oveja.json
02. 200 https://bff.jumbo.cl/catalog/plp

✅ Request ganador (BFF): https://bff.jumbo.cl/catalog/plp
✅ Productos detectados: 9
  productos: 49

Scrape: Chacras, Frescos y Quesillos

--- XHR/Fetch candidatos (filtrado) ---
01. 200 https://assets.jumbo.cl/json/cms/page-57057.json
02. 200 https://assets.jumbo.cl/json/cms/page-16512.json
03. 200 https://assets.jumbo.cl/json/cms/page-11484.json
04. 200 https://assets.jumbo.cl/json/cms/page-11732.json
05. 200 https://assets.jumbo.cl/json/cms/list-category.json
06. 200 https://assets.jumbo.cl/json/cms/page-101453.json
07. 200 https://assets.jumbo.cl/json/cms/page-67845.json
08. 404 https://assets.jumbo.cl/json/cms/chacras-frescos-y-quesillos.json
09. 200 https://bff.jumbo.cl/catalog/plp
10. 200 https://assets.jumbo.cl/json/cms/page-121827.json
🧪 Dump BFF guardado: debug_bff\bff_chacras_frescos_y_quesillos.json

✅ Request ganador (BFF): https://bff.jumbo.cl/catalog/plp
✅ Productos detectados: 40

--- XHR/Fetch candidatos (filtrado) ---
01. 200 https://bff.jumbo.cl/catalog/plp

✅ Request ganador (BFF): https://bff.jumbo.cl/catalog/plp
✅ Productos detectados: 12
  productos: 52

Scrape: Fiambres

--- XHR/Fetch candidatos (filtrado) ---
01. 200 https://assets.jumbo.cl/json/cms/page-57057.json
02. 200 https://assets.jumbo.cl/json/cms/page-16512.json
03. 200 https://assets.jumbo.cl/json/cms/page-11484.json
04. 200 https://assets.jumbo.cl/json/cms/page-11732.json
05. 200 https://assets.jumbo.cl/json/cms/list-category.json
06. 200 https://assets.jumbo.cl/json/cms/fiambres.json
07. 200 https://assets.jumbo.cl/json/cms/page-101453.json
08. 200 https://assets.jumbo.cl/json/cms/page-67845.json
09. 200 https://assets.jumbo.cl/json/cms/fiambres.json
10. 200 https://bff.jumbo.cl/catalog/plp
11. 200 https://assets.jumbo.cl/json/cms/page-121827.json
12. 200 https://assets.jumbo.cl/json/cms/fiambres.json
🧪 Dump BFF guardado: debug_bff\bff_fiambres.json

✅ Request ganador (BFF): https://bff.jumbo.cl/catalog/plp
✅ Productos detectados: 40

--- XHR/Fetch candidatos (filtrado) ---
01. 200 https://assets.jumbo.cl/json/cms/fiambres.json
02. 200 https://bff.jumbo.cl/catalog/plp

✅ Request ganador (BFF): https://bff.jumbo.cl/catalog/plp
✅ Productos detectados: 40

--- XHR/Fetch candidatos (filtrado) ---
01. 200 https://assets.jumbo.cl/json/cms/fiambres.json
02. 200 https://bff.jumbo.cl/catalog/plp

✅ Request ganador (BFF): https://bff.jumbo.cl/catalog/plp
✅ Productos detectados: 40

--- XHR/Fetch candidatos (filtrado) ---
01. 200 https://assets.jumbo.cl/json/cms/fiambres.json
02. 200 https://bff.jumbo.cl/catalog/plp

✅ Request ganador (BFF): https://bff.jumbo.cl/catalog/plp
✅ Productos detectados: 40

--- XHR/Fetch candidatos (filtrado) ---
01. 200 https://assets.jumbo.cl/json/cms/fiambres.json
02. 200 https://bff.jumbo.cl/catalog/plp

✅ Request ganador (BFF): https://bff.jumbo.cl/catalog/plp
✅ Productos detectados: 40

--- XHR/Fetch candidatos (filtrado) ---
01. 200 https://assets.jumbo.cl/json/cms/fiambres.json
02. 200 https://bff.jumbo.cl/catalog/plp

✅ Request ganador (BFF): https://bff.jumbo.cl/catalog/plp
✅ Productos detectados: 40

--- XHR/Fetch candidatos (filtrado) ---
01. 200 https://assets.jumbo.cl/json/cms/fiambres.json
02. 200 https://bff.jumbo.cl/catalog/plp

✅ Request ganador (BFF): https://bff.jumbo.cl/catalog/plp
✅ Productos detectados: 25
  productos: 265

Scrape: Jamones

--- XHR/Fetch candidatos (filtrado) ---
01. 200 https://assets.jumbo.cl/json/cms/page-57057.json
02. 200 https://assets.jumbo.cl/json/cms/page-16512.json
03. 200 https://assets.jumbo.cl/json/cms/page-11484.json
04. 200 https://assets.jumbo.cl/json/cms/page-11732.json
05. 200 https://assets.jumbo.cl/json/cms/jamones.json
06. 200 https://assets.jumbo.cl/json/cms/list-category.json
07. 200 https://assets.jumbo.cl/json/cms/page-67845.json
08. 200 https://assets.jumbo.cl/json/cms/page-101453.json
09. 200 https://assets.jumbo.cl/json/cms/jamones.json
10. 200 https://bff.jumbo.cl/catalog/plp
11. 200 https://assets.jumbo.cl/json/cms/page-121827.json
12. 200 https://assets.jumbo.cl/json/cms/jamones.json
🧪 Dump BFF guardado: debug_bff\bff_jamones.json

✅ Request ganador (BFF): https://bff.jumbo.cl/catalog/plp
✅ Productos detectados: 40

--- XHR/Fetch candidatos (filtrado) ---
01. 200 https://assets.jumbo.cl/json/cms/jamones.json
02. 200 https://bff.jumbo.cl/catalog/plp

✅ Request ganador (BFF): https://bff.jumbo.cl/catalog/plp
✅ Productos detectados: 29
  productos: 69

Scrape: Jamón Serrano, Lomo Kassler y Otros

--- XHR/Fetch candidatos (filtrado) ---
01. 200 https://assets.jumbo.cl/json/cms/page-57057.json
02. 200 https://assets.jumbo.cl/json/cms/page-16512.json
03. 200 https://assets.jumbo.cl/json/cms/page-11484.json
04. 200 https://assets.jumbo.cl/json/cms/page-11732.json
05. 200 https://assets.jumbo.cl/json/cms/list-category.json
06. 200 https://assets.jumbo.cl/json/cms/page-101453.json
07. 200 https://assets.jumbo.cl/json/cms/page-67845.json
08. 404 https://assets.jumbo.cl/json/cms/jamon-serrano-lomo-kassler-y-otros.json
09. 200 https://bff.jumbo.cl/catalog/plp
10. 200 https://assets.jumbo.cl/json/cms/page-121827.json
🧪 Dump BFF guardado: debug_bff\bff_jam_n_serrano_lomo_kassler_y_otros.json

✅ Request ganador (BFF): https://bff.jumbo.cl/catalog/plp
✅ Productos detectados: 37
  productos: 37

Scrape: Pechuga de Pavo y Pollo

--- XHR/Fetch candidatos (filtrado) ---
01. 200 https://assets.jumbo.cl/json/cms/page-57057.json
02. 200 https://assets.jumbo.cl/json/cms/page-16512.json
03. 200 https://assets.jumbo.cl/json/cms/page-11484.json
04. 200 https://assets.jumbo.cl/json/cms/page-11732.json
05. 200 https://assets.jumbo.cl/json/cms/pechuga-de-pavo-y-pollo.json
06. 200 https://assets.jumbo.cl/json/cms/list-category.json
07. 200 https://assets.jumbo.cl/json/cms/page-101453.json
08. 200 https://assets.jumbo.cl/json/cms/page-67845.json
09. 200 https://assets.jumbo.cl/json/cms/pechuga-de-pavo-y-pollo.json
10. 200 https://bff.jumbo.cl/catalog/plp
11. 200 https://assets.jumbo.cl/json/cms/page-121827.json
12. 200 https://assets.jumbo.cl/json/cms/pechuga-de-pavo-y-pollo.json
🧪 Dump BFF guardado: debug_bff\bff_pechuga_de_pavo_y_pollo.json

✅ Request ganador (BFF): https://bff.jumbo.cl/catalog/plp
✅ Productos detectados: 40

--- XHR/Fetch candidatos (filtrado) ---
01. 200 https://bff.jumbo.cl/catalog/plp
02. 200 https://assets.jumbo.cl/json/cms/pechuga-de-pavo-y-pollo.json

✅ Request ganador (BFF): https://bff.jumbo.cl/catalog/plp
✅ Productos detectados: 3
  productos: 43

Scrape: Salames y Tocinos

--- XHR/Fetch candidatos (filtrado) ---
01. 200 https://assets.jumbo.cl/json/cms/page-57057.json
02. 200 https://assets.jumbo.cl/json/cms/page-16512.json
03. 200 https://assets.jumbo.cl/json/cms/page-11484.json
04. 200 https://assets.jumbo.cl/json/cms/page-11732.json
05. 200 https://assets.jumbo.cl/json/cms/salames-y-tocinos.json
06. 200 https://assets.jumbo.cl/json/cms/list-category.json
07. 200 https://assets.jumbo.cl/json/cms/page-101453.json
08. 200 https://assets.jumbo.cl/json/cms/page-67845.json
09. 200 https://assets.jumbo.cl/json/cms/salames-y-tocinos.json
10. 200 https://bff.jumbo.cl/catalog/plp
11. 200 https://assets.jumbo.cl/json/cms/page-121827.json
12. 200 https://assets.jumbo.cl/json/cms/salames-y-tocinos.json
🧪 Dump BFF guardado: debug_bff\bff_salames_y_tocinos.json

✅ Request ganador (BFF): https://bff.jumbo.cl/catalog/plp
✅ Productos detectados: 40

--- XHR/Fetch candidatos (filtrado) ---
01. 200 https://assets.jumbo.cl/json/cms/salames-y-tocinos.json
02. 200 https://bff.jumbo.cl/catalog/plp

✅ Request ganador (BFF): https://bff.jumbo.cl/catalog/plp
✅ Productos detectados: 20
  productos: 60

Scrape: Salchichas y Parrilleros

--- XHR/Fetch candidatos (filtrado) ---
01. 200 https://assets.jumbo.cl/json/cms/page-57057.json
02. 200 https://assets.jumbo.cl/json/cms/page-16512.json
03. 200 https://assets.jumbo.cl/json/cms/page-11484.json
04. 200 https://assets.jumbo.cl/json/cms/page-11732.json
05. 200 https://assets.jumbo.cl/json/cms/list-category.json
06. 200 https://assets.jumbo.cl/json/cms/salchichas-y-parrilleros.json
07. 200 https://assets.jumbo.cl/json/cms/page-101453.json
08. 200 https://assets.jumbo.cl/json/cms/page-67845.json
09. 200 https://assets.jumbo.cl/json/cms/salchichas-y-parrilleros.json
10. 200 https://bff.jumbo.cl/catalog/plp
11. 200 https://assets.jumbo.cl/json/cms/page-121827.json
12. 200 https://assets.jumbo.cl/json/cms/salchichas-y-parrilleros.json
🧪 Dump BFF guardado: debug_bff\bff_salchichas_y_parrilleros.json

✅ Request ganador (BFF): https://bff.jumbo.cl/catalog/plp
✅ Productos detectados: 40

--- XHR/Fetch candidatos (filtrado) ---
01. 200 https://assets.jumbo.cl/json/cms/salchichas-y-parrilleros.json
02. 200 https://bff.jumbo.cl/catalog/plp

✅ Request ganador (BFF): https://bff.jumbo.cl/catalog/plp
✅ Productos detectados: 40

--- XHR/Fetch candidatos (filtrado) ---
01. 200 https://assets.jumbo.cl/json/cms/salchichas-y-parrilleros.json
02. 200 https://bff.jumbo.cl/catalog/plp

✅ Request ganador (BFF): https://bff.jumbo.cl/catalog/plp
✅ Productos detectados: 40

--- XHR/Fetch candidatos (filtrado) ---
01. 200 https://assets.jumbo.cl/json/cms/salchichas-y-parrilleros.json
02. 200 https://bff.jumbo.cl/catalog/plp

✅ Request ganador (BFF): https://bff.jumbo.cl/catalog/plp
✅ Productos detectados: 39
  productos: 159

Scrape: Salchichas

--- XHR/Fetch candidatos (filtrado) ---
01. 200 https://assets.jumbo.cl/json/cms/page-57057.json
02. 200 https://assets.jumbo.cl/json/cms/page-16512.json
03. 200 https://assets.jumbo.cl/json/cms/page-11484.json
04. 200 https://assets.jumbo.cl/json/cms/page-11732.json
05. 200 https://assets.jumbo.cl/json/cms/salchichas.json
06. 200 https://assets.jumbo.cl/json/cms/list-category.json
07. 200 https://assets.jumbo.cl/json/cms/page-101453.json
08. 200 https://assets.jumbo.cl/json/cms/page-67845.json
09. 200 https://assets.jumbo.cl/json/cms/salchichas.json
10. 200 https://bff.jumbo.cl/catalog/plp
11. 200 https://assets.jumbo.cl/json/cms/page-121827.json
12. 200 https://assets.jumbo.cl/json/cms/salchichas.json
🧪 Dump BFF guardado: debug_bff\bff_salchichas.json

✅ Request ganador (BFF): https://bff.jumbo.cl/catalog/plp
✅ Productos detectados: 40

--- XHR/Fetch candidatos (filtrado) ---
01. 200 https://assets.jumbo.cl/json/cms/salchichas.json
02. 200 https://bff.jumbo.cl/catalog/plp

✅ Request ganador (BFF): https://bff.jumbo.cl/catalog/plp
✅ Productos detectados: 7
  productos: 47

Scrape: Longanizas y Chorizos

--- XHR/Fetch candidatos (filtrado) ---
01. 200 https://assets.jumbo.cl/json/cms/page-57057.json
02. 200 https://assets.jumbo.cl/json/cms/page-16512.json
03. 200 https://assets.jumbo.cl/json/cms/page-11484.json
04. 200 https://assets.jumbo.cl/json/cms/page-11732.json
05. 200 https://assets.jumbo.cl/json/cms/longanizas-y-chorizos.json
06. 200 https://assets.jumbo.cl/json/cms/list-category.json
07. 200 https://assets.jumbo.cl/json/cms/page-101453.json
08. 200 https://assets.jumbo.cl/json/cms/page-67845.json
09. 200 https://assets.jumbo.cl/json/cms/longanizas-y-chorizos.json
10. 200 https://bff.jumbo.cl/catalog/plp
11. 200 https://assets.jumbo.cl/json/cms/page-121827.json
12. 200 https://assets.jumbo.cl/json/cms/longanizas-y-chorizos.json
🧪 Dump BFF guardado: debug_bff\bff_longanizas_y_chorizos.json

✅ Request ganador (BFF): https://bff.jumbo.cl/catalog/plp
✅ Productos detectados: 40

--- XHR/Fetch candidatos (filtrado) ---
01. 200 https://assets.jumbo.cl/json/cms/longanizas-y-chorizos.json
02. 200 https://bff.jumbo.cl/catalog/plp

✅ Request ganador (BFF): https://bff.jumbo.cl/catalog/plp
✅ Productos detectados: 40

--- XHR/Fetch candidatos (filtrado) ---
01. 200 https://bff.jumbo.cl/catalog/plp
02. 200 https://assets.jumbo.cl/json/cms/longanizas-y-chorizos.json

✅ Request ganador (BFF): https://bff.jumbo.cl/catalog/plp
✅ Productos detectados: 4
  productos: 84

Scrape: Butifarras y Longanicillas

--- XHR/Fetch candidatos (filtrado) ---
01. 200 https://assets.jumbo.cl/json/cms/page-57057.json
02. 200 https://assets.jumbo.cl/json/cms/page-16512.json
03. 200 https://assets.jumbo.cl/json/cms/page-11484.json
04. 200 https://assets.jumbo.cl/json/cms/page-11732.json
05. 200 https://assets.jumbo.cl/json/cms/list-category.json
06. 200 https://assets.jumbo.cl/json/cms/page-101453.json
07. 200 https://assets.jumbo.cl/json/cms/butifarras-y-longanicillas.json
08. 200 https://assets.jumbo.cl/json/cms/page-67845.json
09. 200 https://assets.jumbo.cl/json/cms/butifarras-y-longanicillas.json
10. 200 https://bff.jumbo.cl/catalog/plp
11. 200 https://assets.jumbo.cl/json/cms/page-121827.json
12. 200 https://assets.jumbo.cl/json/cms/butifarras-y-longanicillas.json
🧪 Dump BFF guardado: debug_bff\bff_butifarras_y_longanicillas.json

✅ Request ganador (BFF): https://bff.jumbo.cl/catalog/plp
✅ Productos detectados: 18
  productos: 18

Scrape: Prietas

--- XHR/Fetch candidatos (filtrado) ---
01. 200 https://assets.jumbo.cl/json/cms/page-57057.json
02. 200 https://assets.jumbo.cl/json/cms/page-16512.json
03. 200 https://assets.jumbo.cl/json/cms/page-11484.json
04. 200 https://assets.jumbo.cl/json/cms/page-11732.json
05. 200 https://assets.jumbo.cl/json/cms/list-category.json
06. 200 https://assets.jumbo.cl/json/cms/page-101453.json
07. 200 https://assets.jumbo.cl/json/cms/page-67845.json
08. 404 https://assets.jumbo.cl/json/cms/prietas.json
09. 200 https://bff.jumbo.cl/catalog/plp
10. 200 https://assets.jumbo.cl/json/cms/page-121827.json
🧪 Dump BFF guardado: debug_bff\bff_prietas.json

✅ Request ganador (BFF): https://bff.jumbo.cl/catalog/plp
✅ Productos detectados: 10
  productos: 10

Scrape: Aceitunas, Pepinillos y Otros

--- XHR/Fetch candidatos (filtrado) ---
01. 200 https://assets.jumbo.cl/json/cms/page-57057.json
02. 200 https://assets.jumbo.cl/json/cms/page-16512.json
03. 200 https://assets.jumbo.cl/json/cms/page-11484.json
04. 200 https://assets.jumbo.cl/json/cms/page-11732.json
05. 200 https://assets.jumbo.cl/json/cms/list-category.json
06. 200 https://assets.jumbo.cl/json/cms/page-101453.json
07. 200 https://assets.jumbo.cl/json/cms/page-67845.json
08. 404 https://assets.jumbo.cl/json/cms/aceitunas-pepinillos-y-otros.json
09. 200 https://bff.jumbo.cl/catalog/plp
10. 200 https://assets.jumbo.cl/json/cms/page-121827.json
🧪 Dump BFF guardado: debug_bff\bff_aceitunas_pepinillos_y_otros.json

✅ Request ganador (BFF): https://bff.jumbo.cl/catalog/plp
✅ Productos detectados: 40

--- XHR/Fetch candidatos (filtrado) ---
01. 200 https://bff.jumbo.cl/catalog/plp

✅ Request ganador (BFF): https://bff.jumbo.cl/catalog/plp
✅ Productos detectados: 40

--- XHR/Fetch candidatos (filtrado) ---
01. 200 https://bff.jumbo.cl/catalog/plp

✅ Request ganador (BFF): https://bff.jumbo.cl/catalog/plp
✅ Productos detectados: 40

--- XHR/Fetch candidatos (filtrado) ---
01. 200 https://bff.jumbo.cl/catalog/plp

✅ Request ganador (BFF): https://bff.jumbo.cl/catalog/plp
✅ Productos detectados: 35
  productos: 155

Scrape: Aceitunas

--- XHR/Fetch candidatos (filtrado) ---
01. 200 https://assets.jumbo.cl/json/cms/page-57057.json
02. 200 https://assets.jumbo.cl/json/cms/page-16512.json
03. 200 https://assets.jumbo.cl/json/cms/page-11484.json
04. 200 https://assets.jumbo.cl/json/cms/page-11732.json
05. 200 https://assets.jumbo.cl/json/cms/list-category.json
06. 200 https://assets.jumbo.cl/json/cms/page-101453.json
07. 200 https://assets.jumbo.cl/json/cms/page-67845.json
08. 200 https://assets.jumbo.cl/json/cms/aceitunas.json
09. 200 https://assets.jumbo.cl/json/cms/aceitunas.json
10. 200 https://bff.jumbo.cl/catalog/plp
11. 200 https://assets.jumbo.cl/json/cms/page-121827.json
12. 200 https://assets.jumbo.cl/json/cms/aceitunas.json
🧪 Dump BFF guardado: debug_bff\bff_aceitunas.json

✅ Request ganador (BFF): https://bff.jumbo.cl/catalog/plp
✅ Productos detectados: 40

--- XHR/Fetch candidatos (filtrado) ---
01. 200 https://assets.jumbo.cl/json/cms/aceitunas.json
02. 200 https://bff.jumbo.cl/catalog/plp

✅ Request ganador (BFF): https://bff.jumbo.cl/catalog/plp
✅ Productos detectados: 28
  productos: 68

Scrape: Pepinillos y Pickles

--- XHR/Fetch candidatos (filtrado) ---
01. 200 https://assets.jumbo.cl/json/cms/page-57057.json
02. 200 https://assets.jumbo.cl/json/cms/page-16512.json
03. 200 https://assets.jumbo.cl/json/cms/page-11484.json
04. 200 https://assets.jumbo.cl/json/cms/page-11732.json
05. 200 https://assets.jumbo.cl/json/cms/list-category.json
06. 200 https://assets.jumbo.cl/json/cms/page-101453.json
07. 200 https://assets.jumbo.cl/json/cms/page-67845.json
08. 404 https://assets.jumbo.cl/json/cms/pepinillos-y-pickles.json
09. 200 https://bff.jumbo.cl/catalog/plp
10. 200 https://assets.jumbo.cl/json/cms/page-121827.json
🧪 Dump BFF guardado: debug_bff\bff_pepinillos_y_pickles.json

✅ Request ganador (BFF): https://bff.jumbo.cl/catalog/plp
✅ Productos detectados: 35
  productos: 35

Scrape: Chucrut y Otros

--- XHR/Fetch candidatos (filtrado) ---
01. 200 https://assets.jumbo.cl/json/cms/page-57057.json
02. 200 https://assets.jumbo.cl/json/cms/page-16512.json
03. 200 https://assets.jumbo.cl/json/cms/page-11484.json
04. 200 https://assets.jumbo.cl/json/cms/page-11732.json
05. 200 https://assets.jumbo.cl/json/cms/list-category.json
06. 200 https://assets.jumbo.cl/json/cms/page-101453.json
07. 200 https://assets.jumbo.cl/json/cms/page-67845.json
08. 404 https://assets.jumbo.cl/json/cms/chucrut-y-otros.json
09. 200 https://bff.jumbo.cl/catalog/plp
10. 200 https://assets.jumbo.cl/json/cms/page-121827.json
🧪 Dump BFF guardado: debug_bff\bff_chucrut_y_otros.json

✅ Request ganador (BFF): https://bff.jumbo.cl/catalog/plp
✅ Productos detectados: 40

--- XHR/Fetch candidatos (filtrado) ---
01. 200 https://bff.jumbo.cl/catalog/plp

✅ Request ganador (BFF): https://bff.jumbo.cl/catalog/plp
✅ Productos detectados: 12
  productos: 52

Total filas: 1948
CSV generado: output\quesos_fiambres\jumbo_quesos_y_fiambres_20260226_192536.csv
