Traceback (most recent call last):
  File "C:\Users\fvergram\OneDrive - NTT DATA EMEAL\Desktop\webscrapping\Supermercados\Unimarc\src\categorias\unimarc_perfumerias.py", line 441, in <module>
    asyncio.run(main())
    ~~~~~~~~~~~^^^^^^^^
  File "C:\Python\Lib\asyncio\runners.py", line 194, in run
    return runner.run(main)
           ~~~~~~~~~~^^^^^^
  File "C:\Python\Lib\asyncio\runners.py", line 118, in run
    return self._loop.run_until_complete(task)
           ~~~~~~~~~~~~~~~~~~~~~~~~~~~~~^^^^^^
  File "C:\Python\Lib\asyncio\base_events.py", line 721, in run_until_complete
    return future.result()
           ~~~~~~~~~~~~~^^
  File "C:\Users\fvergram\OneDrive - NTT DATA EMEAL\Desktop\webscrapping\Supermercados\Unimarc\src\categorias\unimarc_perfumerias.py", line 394, in main
    subcats = await get_subcats_from_menu(menu_page)
              ^^^^^^^^^^^^^^^^^^^^^^^^^^^^^^^^^^^^^^
  File "C:\Users\fvergram\OneDrive - NTT DATA EMEAL\Desktop\webscrapping\Supermercados\Unimarc\src\categorias\unimarc_perfumerias.py", line 237, in get_subcats_from_menu
    out.extend(await get_links_under_group(page, SECTION_SLUG, g))
               ^^^^^^^^^^^^^^^^^^^^^^^^^^^^^^^^^^^^^^^^^^^^^^^^^^
  File "C:\Users\fvergram\OneDrive - NTT DATA EMEAL\Desktop\webscrapping\Supermercados\Unimarc\src\categorias\unimarc_perfumerias.py", line 208, in get_links_under_group
    href = (await a.get_attribute("href")) or ""
            ^^^^^^^^^^^^^^^^^^^^^^^^^^^^^
  File "C:\Python\Lib\site-packages\playwright\async_api\_generated.py", line 16924, in get_attribute
    await self._impl_obj.get_attribute(name=name, timeout=timeout)
  File "C:\Python\Lib\site-packages\playwright\_impl\_locator.py", line 444, in get_attribute
    return await self._frame.get_attribute(
           ^^^^^^^^^^^^^^^^^^^^^^^^^^^^^^^^
    ...<3 lines>...
    )
    ^
  File "C:\Python\Lib\site-packages\playwright\_impl\_frame.py", line 726, in get_attribute
    return await self._channel.send(
           ^^^^^^^^^^^^^^^^^^^^^^^^^
        "getAttribute", self._timeout, locals_to_params(locals())
        ^^^^^^^^^^^^^^^^^^^^^^^^^^^^^^^^^^^^^^^^^^^^^^^^^^^^^^^^^
    )
    ^
  File "C:\Python\Lib\site-packages\playwright\_impl\_connection.py", line 69, in send
    return await self._connection.wrap_api_call(
           ^^^^^^^^^^^^^^^^^^^^^^^^^^^^^^^^^^^^^
    ...<3 lines>...
    )
    ^
  File "C:\Python\Lib\site-packages\playwright\_impl\_connection.py", line 559, in wrap_api_call
    raise rewrite_error(error, f"{parsed_st['apiName']}: {error}") from None
playwright._impl._errors.TimeoutError: Locator.get_attribute: Timeout 30000ms exceeded.
Call log:
  - waiting for locator("//*[self::div or self::section][.//text()[normalize-space()='Cuidado capilar']]").first.locator("a[href*='/category/']").nth(66)

