
Subcategorías detectadas en [Panadería y Pastelería]: 88
 - Pan | Pan -> https://www.unimarc.cl/category/panaderia-y-pasteleria/pan
 - Pan | Pan corriente -> https://www.unimarc.cl/category/panaderia-y-pasteleria/pan/pan-corriente
 - Pan | Pan hamburguesa y hot dog -> https://www.unimarc.cl/category/panaderia-y-pasteleria/pan/pan-hamburguesa-y-hot-dog
 - Pan | Panes especiales -> https://www.unimarc.cl/category/panaderia-y-pasteleria/pan/panes-especiales
 - Pan | Pan envasado -> https://www.unimarc.cl/category/panaderia-y-pasteleria/pan-envasado
 - Pan | Marraqueta y hallulla -> https://www.unimarc.cl/category/panaderia-y-pasteleria/pan-envasado/marraqueta-y-hallulla
 - Pan | Pan molde y pita -> https://www.unimarc.cl/category/panaderia-y-pasteleria/pan-envasado/pan-molde-y-pita
 - Pan | Pan hot dog y hamburguesa -> https://www.unimarc.cl/category/panaderia-y-pasteleria/pan-envasado/pan-hot-dog-y-hamburguesa
 - Pan | Pan especial -> https://www.unimarc.cl/category/panaderia-y-pasteleria/pan-envasado/pan-especial
 - Pan | Pan cóctel -> https://www.unimarc.cl/category/panaderia-y-pasteleria/pan-envasado/pan-coctel
 - Pan | Pan para hornear -> https://www.unimarc.cl/category/panaderia-y-pasteleria/pan-envasado/pan-para-hornear
 - Pan | Pan rallado y crutones -> https://www.unimarc.cl/category/panaderia-y-pasteleria/pan-envasado/pan-rallado-y-crutones
 - Pan | Tortillas y masas -> https://www.unimarc.cl/category/panaderia-y-pasteleria/pan-envasado/tortillas-y-masas
 - Pan | Pastelería -> https://www.unimarc.cl/category/panaderia-y-pasteleria/pasteleria
 - Pan | Envasados y colaciones -> https://www.unimarc.cl/category/panaderia-y-pasteleria/pasteleria/envasados-y-colaciones
 - Pan | Tortas -> https://www.unimarc.cl/category/panaderia-y-pasteleria/pasteleria/tortas
 - Pan | Masas dulces -> https://www.unimarc.cl/category/panaderia-y-pasteleria/pasteleria/masas-dulces
 - Pan | Pie, kuchen y tartas -> https://www.unimarc.cl/category/panaderia-y-pasteleria/pasteleria/pie-kuchen-y-tartas
 - Pan | Pasteles -> https://www.unimarc.cl/category/panaderia-y-pasteleria/pasteleria/pasteles
 - Pan | Pan de pascua -> https://www.unimarc.cl/category/panaderia-y-pasteleria/pasteleria/pan-de-pascua
 - Pan | Asaduría -> https://www.unimarc.cl/category/panaderia-y-pasteleria/asaduria
 - Pan | Empanadas -> https://www.unimarc.cl/category/panaderia-y-pasteleria/asaduria/empanadas
 - Pan envasado | Pan -> https://www.unimarc.cl/category/panaderia-y-pasteleria/pan
 - Pan envasado | Pan corriente -> https://www.unimarc.cl/category/panaderia-y-pasteleria/pan/pan-corriente
 - Pan envasado | Pan hamburguesa y hot dog -> https://www.unimarc.cl/category/panaderia-y-pasteleria/pan/pan-hamburguesa-y-hot-dog
 - Pan envasado | Panes especiales -> https://www.unimarc.cl/category/panaderia-y-pasteleria/pan/panes-especiales
 - Pan envasado | Pan envasado -> https://www.unimarc.cl/category/panaderia-y-pasteleria/pan-envasado
 - Pan envasado | Marraqueta y hallulla -> https://www.unimarc.cl/category/panaderia-y-pasteleria/pan-envasado/marraqueta-y-hallulla
 - Pan envasado | Pan molde y pita -> https://www.unimarc.cl/category/panaderia-y-pasteleria/pan-envasado/pan-molde-y-pita
 - Pan envasado | Pan hot dog y hamburguesa -> https://www.unimarc.cl/category/panaderia-y-pasteleria/pan-envasado/pan-hot-dog-y-hamburguesa
 - Pan envasado | Pan especial -> https://www.unimarc.cl/category/panaderia-y-pasteleria/pan-envasado/pan-especial
 - Pan envasado | Pan cóctel -> https://www.unimarc.cl/category/panaderia-y-pasteleria/pan-envasado/pan-coctel
 - Pan envasado | Pan para hornear -> https://www.unimarc.cl/category/panaderia-y-pasteleria/pan-envasado/pan-para-hornear
 - Pan envasado | Pan rallado y crutones -> https://www.unimarc.cl/category/panaderia-y-pasteleria/pan-envasado/pan-rallado-y-crutones
 - Pan envasado | Tortillas y masas -> https://www.unimarc.cl/category/panaderia-y-pasteleria/pan-envasado/tortillas-y-masas
 - Pan envasado | Pastelería -> https://www.unimarc.cl/category/panaderia-y-pasteleria/pasteleria
 - Pan envasado | Envasados y colaciones -> https://www.unimarc.cl/category/panaderia-y-pasteleria/pasteleria/envasados-y-colaciones
 - Pan envasado | Tortas -> https://www.unimarc.cl/category/panaderia-y-pasteleria/pasteleria/tortas
 - Pan envasado | Masas dulces -> https://www.unimarc.cl/category/panaderia-y-pasteleria/pasteleria/masas-dulces
 - Pan envasado | Pie, kuchen y tartas -> https://www.unimarc.cl/category/panaderia-y-pasteleria/pasteleria/pie-kuchen-y-tartas
 - Pan envasado | Pasteles -> https://www.unimarc.cl/category/panaderia-y-pasteleria/pasteleria/pasteles
 - Pan envasado | Pan de pascua -> https://www.unimarc.cl/category/panaderia-y-pasteleria/pasteleria/pan-de-pascua
 - Pan envasado | Asaduría -> https://www.unimarc.cl/category/panaderia-y-pasteleria/asaduria
 - Pan envasado | Empanadas -> https://www.unimarc.cl/category/panaderia-y-pasteleria/asaduria/empanadas
 - Pastelería | Pan -> https://www.unimarc.cl/category/panaderia-y-pasteleria/pan
 - Pastelería | Pan corriente -> https://www.unimarc.cl/category/panaderia-y-pasteleria/pan/pan-corriente
 - Pastelería | Pan hamburguesa y hot dog -> https://www.unimarc.cl/category/panaderia-y-pasteleria/pan/pan-hamburguesa-y-hot-dog
 - Pastelería | Panes especiales -> https://www.unimarc.cl/category/panaderia-y-pasteleria/pan/panes-especiales
 - Pastelería | Pan envasado -> https://www.unimarc.cl/category/panaderia-y-pasteleria/pan-envasado
 - Pastelería | Marraqueta y hallulla -> https://www.unimarc.cl/category/panaderia-y-pasteleria/pan-envasado/marraqueta-y-hallulla
 - Pastelería | Pan molde y pita -> https://www.unimarc.cl/category/panaderia-y-pasteleria/pan-envasado/pan-molde-y-pita
 - Pastelería | Pan hot dog y hamburguesa -> https://www.unimarc.cl/category/panaderia-y-pasteleria/pan-envasado/pan-hot-dog-y-hamburguesa
 - Pastelería | Pan especial -> https://www.unimarc.cl/category/panaderia-y-pasteleria/pan-envasado/pan-especial
 - Pastelería | Pan cóctel -> https://www.unimarc.cl/category/panaderia-y-pasteleria/pan-envasado/pan-coctel
 - Pastelería | Pan para hornear -> https://www.unimarc.cl/category/panaderia-y-pasteleria/pan-envasado/pan-para-hornear
 - Pastelería | Pan rallado y crutones -> https://www.unimarc.cl/category/panaderia-y-pasteleria/pan-envasado/pan-rallado-y-crutones
 - Pastelería | Tortillas y masas -> https://www.unimarc.cl/category/panaderia-y-pasteleria/pan-envasado/tortillas-y-masas
 - Pastelería | Pastelería -> https://www.unimarc.cl/category/panaderia-y-pasteleria/pasteleria
 - Pastelería | Envasados y colaciones -> https://www.unimarc.cl/category/panaderia-y-pasteleria/pasteleria/envasados-y-colaciones
 - Pastelería | Tortas -> https://www.unimarc.cl/category/panaderia-y-pasteleria/pasteleria/tortas
 - Pastelería | Masas dulces -> https://www.unimarc.cl/category/panaderia-y-pasteleria/pasteleria/masas-dulces
 - Pastelería | Pie, kuchen y tartas -> https://www.unimarc.cl/category/panaderia-y-pasteleria/pasteleria/pie-kuchen-y-tartas
 - Pastelería | Pasteles -> https://www.unimarc.cl/category/panaderia-y-pasteleria/pasteleria/pasteles
 - Pastelería | Pan de pascua -> https://www.unimarc.cl/category/panaderia-y-pasteleria/pasteleria/pan-de-pascua
 - Pastelería | Asaduría -> https://www.unimarc.cl/category/panaderia-y-pasteleria/asaduria
 - Pastelería | Empanadas -> https://www.unimarc.cl/category/panaderia-y-pasteleria/asaduria/empanadas
 - Asaduría | Pan -> https://www.unimarc.cl/category/panaderia-y-pasteleria/pan
 - Asaduría | Pan corriente -> https://www.unimarc.cl/category/panaderia-y-pasteleria/pan/pan-corriente
 - Asaduría | Pan hamburguesa y hot dog -> https://www.unimarc.cl/category/panaderia-y-pasteleria/pan/pan-hamburguesa-y-hot-dog
 - Asaduría | Panes especiales -> https://www.unimarc.cl/category/panaderia-y-pasteleria/pan/panes-especiales
 - Asaduría | Pan envasado -> https://www.unimarc.cl/category/panaderia-y-pasteleria/pan-envasado
 - Asaduría | Marraqueta y hallulla -> https://www.unimarc.cl/category/panaderia-y-pasteleria/pan-envasado/marraqueta-y-hallulla
 - Asaduría | Pan molde y pita -> https://www.unimarc.cl/category/panaderia-y-pasteleria/pan-envasado/pan-molde-y-pita
 - Asaduría | Pan hot dog y hamburguesa -> https://www.unimarc.cl/category/panaderia-y-pasteleria/pan-envasado/pan-hot-dog-y-hamburguesa
 - Asaduría | Pan especial -> https://www.unimarc.cl/category/panaderia-y-pasteleria/pan-envasado/pan-especial
 - Asaduría | Pan cóctel -> https://www.unimarc.cl/category/panaderia-y-pasteleria/pan-envasado/pan-coctel
 - Asaduría | Pan para hornear -> https://www.unimarc.cl/category/panaderia-y-pasteleria/pan-envasado/pan-para-hornear
 - Asaduría | Pan rallado y crutones -> https://www.unimarc.cl/category/panaderia-y-pasteleria/pan-envasado/pan-rallado-y-crutones
 - Asaduría | Tortillas y masas -> https://www.unimarc.cl/category/panaderia-y-pasteleria/pan-envasado/tortillas-y-masas
 - Asaduría | Pastelería -> https://www.unimarc.cl/category/panaderia-y-pasteleria/pasteleria
 - Asaduría | Envasados y colaciones -> https://www.unimarc.cl/category/panaderia-y-pasteleria/pasteleria/envasados-y-colaciones
 - Asaduría | Tortas -> https://www.unimarc.cl/category/panaderia-y-pasteleria/pasteleria/tortas
 - Asaduría | Masas dulces -> https://www.unimarc.cl/category/panaderia-y-pasteleria/pasteleria/masas-dulces
 - Asaduría | Pie, kuchen y tartas -> https://www.unimarc.cl/category/panaderia-y-pasteleria/pasteleria/pie-kuchen-y-tartas
 - Asaduría | Pasteles -> https://www.unimarc.cl/category/panaderia-y-pasteleria/pasteleria/pasteles
 - Asaduría | Pan de pascua -> https://www.unimarc.cl/category/panaderia-y-pasteleria/pasteleria/pan-de-pascua
 - Asaduría | Asaduría -> https://www.unimarc.cl/category/panaderia-y-pasteleria/asaduria
 - Asaduría | Empanadas -> https://www.unimarc.cl/category/panaderia-y-pasteleria/asaduria/empanadas

Scrape: [Pan] Pan
  productos únicos: 80

Scrape: [Pan] Pan corriente
  productos únicos: 18

Scrape: [Pan] Pan hamburguesa y hot dog
  productos únicos: 5

Scrape: [Pan] Panes especiales
  productos únicos: 57

Scrape: [Pan] Pan envasado
  productos únicos: 100

Scrape: [Pan] Marraqueta y hallulla
  productos únicos: 2

Scrape: [Pan] Pan molde y pita
  productos únicos: 50

Scrape: [Pan] Pan hot dog y hamburguesa
  productos únicos: 26

Scrape: [Pan] Pan especial
  productos únicos: 32

Scrape: [Pan] Pan cóctel
  productos únicos: 8

Scrape: [Pan] Pan para hornear
  productos únicos: 6

Scrape: [Pan] Pan rallado y crutones
  productos únicos: 6

Scrape: [Pan] Tortillas y masas
  productos únicos: 38

Scrape: [Pan] Pastelería
  productos únicos: 100

Scrape: [Pan] Envasados y colaciones
  productos únicos: 81

Scrape: [Pan] Tortas
  productos únicos: 47

Scrape: [Pan] Masas dulces
  productos únicos: 63

Scrape: [Pan] Pie, kuchen y tartas
  productos únicos: 12

Scrape: [Pan] Pasteles
  productos únicos: 1

Scrape: [Pan] Pan de pascua
  productos únicos: 0

Scrape: [Pan] Asaduría
  productos únicos: 10

Scrape: [Pan] Empanadas
  productos únicos: 10

Scrape: [Pan envasado] Pan
  productos únicos: 80

Scrape: [Pan envasado] Pan corriente
  productos únicos: 18

Scrape: [Pan envasado] Pan hamburguesa y hot dog
  productos únicos: 5

Scrape: [Pan envasado] Panes especiales
  productos únicos: 57

Scrape: [Pan envasado] Pan envasado
  productos únicos: 100

Scrape: [Pan envasado] Marraqueta y hallulla
  productos únicos: 2

Scrape: [Pan envasado] Pan molde y pita
  productos únicos: 100

Scrape: [Pan envasado] Pan hot dog y hamburguesa
  productos únicos: 26

Scrape: [Pan envasado] Pan especial
  productos únicos: 32

Scrape: [Pan envasado] Pan cóctel
  productos únicos: 8

Scrape: [Pan envasado] Pan para hornear
  productos únicos: 6

Scrape: [Pan envasado] Pan rallado y crutones
  productos únicos: 6

Scrape: [Pan envasado] Tortillas y masas
  productos únicos: 38

Scrape: [Pan envasado] Pastelería
  productos únicos: 100

Scrape: [Pan envasado] Envasados y colaciones
  productos únicos: 81

Scrape: [Pan envasado] Tortas
  productos únicos: 47

Scrape: [Pan envasado] Masas dulces
  productos únicos: 63

Scrape: [Pan envasado] Pie, kuchen y tartas
  productos únicos: 12

Scrape: [Pan envasado] Pasteles
  productos únicos: 1

Scrape: [Pan envasado] Pan de pascua
  productos únicos: 0

Scrape: [Pan envasado] Asaduría
  productos únicos: 10

Scrape: [Pan envasado] Empanadas
  productos únicos: 10

Scrape: [Pastelería] Pan
  productos únicos: 80

Scrape: [Pastelería] Pan corriente
  productos únicos: 18

Scrape: [Pastelería] Pan hamburguesa y hot dog
  productos únicos: 5

Scrape: [Pastelería] Panes especiales
  productos únicos: 57

Scrape: [Pastelería] Pan envasado
  productos únicos: 100

Scrape: [Pastelería] Marraqueta y hallulla
  productos únicos: 2

Scrape: [Pastelería] Pan molde y pita
  productos únicos: 100

Scrape: [Pastelería] Pan hot dog y hamburguesa
  productos únicos: 26

Scrape: [Pastelería] Pan especial
  productos únicos: 32

Scrape: [Pastelería] Pan cóctel
  productos únicos: 8

Scrape: [Pastelería] Pan para hornear
  productos únicos: 6

Scrape: [Pastelería] Pan rallado y crutones
  productos únicos: 6

Scrape: [Pastelería] Tortillas y masas
  productos únicos: 38

Scrape: [Pastelería] Pastelería
  productos únicos: 100

Scrape: [Pastelería] Envasados y colaciones
  productos únicos: 81

Scrape: [Pastelería] Tortas
  productos únicos: 47

Scrape: [Pastelería] Masas dulces
  productos únicos: 63

Scrape: [Pastelería] Pie, kuchen y tartas
  productos únicos: 12

Scrape: [Pastelería] Pasteles
  productos únicos: 1

Scrape: [Pastelería] Pan de pascua
  productos únicos: 0

Scrape: [Pastelería] Asaduría
  productos únicos: 10

Scrape: [Pastelería] Empanadas
  productos únicos: 10

Scrape: [Asaduría] Pan
  productos únicos: 80

Scrape: [Asaduría] Pan corriente
  productos únicos: 18

Scrape: [Asaduría] Pan hamburguesa y hot dog
  productos únicos: 5

Scrape: [Asaduría] Panes especiales
  productos únicos: 57

Scrape: [Asaduría] Pan envasado
  productos únicos: 100

Scrape: [Asaduría] Marraqueta y hallulla
  productos únicos: 2

Scrape: [Asaduría] Pan molde y pita
  productos únicos: 100

Scrape: [Asaduría] Pan hot dog y hamburguesa
  productos únicos: 26

Scrape: [Asaduría] Pan especial
  productos únicos: 32

Scrape: [Asaduría] Pan cóctel
  productos únicos: 8

Scrape: [Asaduría] Pan para hornear
  productos únicos: 6

Scrape: [Asaduría] Pan rallado y crutones
  productos únicos: 6

Scrape: [Asaduría] Tortillas y masas
  productos únicos: 38

Scrape: [Asaduría] Pastelería
  productos únicos: 100

Scrape: [Asaduría] Envasados y colaciones
  productos únicos: 81

Scrape: [Asaduría] Tortas
  productos únicos: 47

Scrape: [Asaduría] Masas dulces
  productos únicos: 63

Scrape: [Asaduría] Pie, kuchen y tartas
  productos únicos: 12

Scrape: [Asaduría] Pasteles
  productos únicos: 1

Scrape: [Asaduría] Pan de pascua
  productos únicos: 0

Scrape: [Asaduría] Asaduría
  productos únicos: 10

Scrape: [Asaduría] Empanadas
  productos únicos: 10

Total filas: 802
CSV generado: C:\Users\fvergram\OneDrive - NTT DATA EMEAL\Desktop\webscrapping\Supermercados\Unimarc\src\output\panaderia_y_pasteleria\unimarc_panaderia-y-pasteleria_subcats_20260220_125931.csv
