Traceback (most recent call last):
  File "C:\Users\fvergram\OneDrive - NTT DATA EMEAL\Desktop\webscrapping\Supermercados\Lider\src\categorias\lider_congelados.py", line 951, in <module>
    asyncio.run(main())
    ~~~~~~~~~~~^^^^^^^^
  File "C:\Python\Lib\asyncio\runners.py", line 194, in run
    return runner.run(main)
           ~~~~~~~~~~^^^^^^
  File "C:\Python\Lib\asyncio\runners.py", line 118, in run
    return self._loop.run_until_complete(task)
           ~~~~~~~~~~~~~~~~~~~~~~~~~~~~~^^^^^^
  File "C:\Python\Lib\asyncio\base_events.py", line 721, in run_until_complete
    return future.result()
           ~~~~~~~~~~~~~^^
  File "C:\Users\fvergram\OneDrive - NTT DATA EMEAL\Desktop\webscrapping\Supermercados\Lider\src\categorias\lider_congelados.py", line 914, in main
    rows, blocked = await scrape_subcategory(
                    ^^^^^^^^^^^^^^^^^^^^^^^^^
    ...<4 lines>...
    )
    ^
  File "C:\Users\fvergram\OneDrive - NTT DATA EMEAL\Desktop\webscrapping\Supermercados\Lider\src\categorias\lider_congelados.py", line 788, in scrape_subcategory
    context = await create_context(browser)
              ^^^^^^^^^^^^^^^^^^^^^^^^^^^^^
  File "C:\Users\fvergram\OneDrive - NTT DATA EMEAL\Desktop\webscrapping\Supermercados\Lider\src\categorias\lider_congelados.py", line 310, in create_context
    context = await browser.new_context(
              ^^^^^^^^^^^^^^^^^^^^^^^^^^
    ...<8 lines>...
    )
    ^
  File "C:\Python\Lib\site-packages\playwright\async_api\_generated.py", line 14026, in new_context
    await self._impl_obj.new_context(
    ...<36 lines>...
    )
  File "C:\Python\Lib\site-packages\playwright\_impl\_browser.py", line 171, in new_context
    channel = await self._channel.send("newContext", None, params)
              ^^^^^^^^^^^^^^^^^^^^^^^^^^^^^^^^^^^^^^^^^^^^^^^^^^^^
  File "C:\Python\Lib\site-packages\playwright\_impl\_connection.py", line 69, in send
    return await self._connection.wrap_api_call(
           ^^^^^^^^^^^^^^^^^^^^^^^^^^^^^^^^^^^^^
    ...<3 lines>...
    )
    ^
  File "C:\Python\Lib\site-packages\playwright\_impl\_connection.py", line 559, in wrap_api_call
    raise rewrite_error(error, f"{parsed_st['apiName']}: {error}") from None
playwright._impl._errors.TargetClosedError: Browser.new_context: Target page, context or browser has been closed
Future exception was never retrieved
future: <Future finished exception=Error('net::ERR_ABORTED; maybe frame was detached?\nCall log:\n  - navigating to "https://super.lider.cl/", waiting until "domcontentloaded"\n')>
playwright._impl._errors.Error: net::ERR_ABORTED; maybe frame was detached?
Call log:
  - navigating to "https://super.lider.cl/", waiting until "domcontentloaded"

