
Subcategorías:
- Papel Higiénico -> https://www.jumbo.cl/limpieza/papeles-hogar/papel-higienico
- Pañuelos -> https://www.jumbo.cl/limpieza/papeles-hogar/panuelos
- Servilletas -> https://www.jumbo.cl/limpieza/papeles-hogar/servilletas
- Toallas de Papel -> https://www.jumbo.cl/limpieza/papeles-hogar/toallas-de-papel
- Papeles Hogar (Mostrar todo) -> https://www.jumbo.cl/limpieza/papeles-hogar
- Detergente Líquido -> https://www.jumbo.cl/limpieza/limpieza-de-ropa/detergente-liquido
- Detergente en Polvo -> https://www.jumbo.cl/limpieza/limpieza-de-ropa/detergente-en-polvo
- Suavizantes y Aromatizantes -> https://www.jumbo.cl/limpieza/limpieza-de-ropa/suavizantes-y-aromatizantes-tela
- Limpieza de Ropa (Mostrar todo) -> https://www.jumbo.cl/limpieza/limpieza-de-ropa
- Limpiadores de Baño -> https://www.jumbo.cl/limpieza/bano/limpiadores-de-bano
- Cloros y Cloro Gel (Baño) -> https://www.jumbo.cl/limpieza/bano/cloros-y-cloro-gel
- Toallas Desinfectantes -> https://www.jumbo.cl/limpieza/bano/toallas-desinfectantes
- Limpiavidrios (Baño) -> https://www.jumbo.cl/limpieza/bano/limpiavidrios
- Baño (Mostrar todo) -> https://www.jumbo.cl/limpieza/bano
- Limpiadores Cocina -> https://www.jumbo.cl/limpieza/cocina/limpiadores-cocina
- Lavalozas -> https://www.jumbo.cl/limpieza/cocina/lavalozas
- Cocina (Mostrar todo) -> https://www.jumbo.cl/limpieza/cocina
- Bolsas de Basura y Bolsas Reutilizables -> https://www.jumbo.cl/limpieza/accesorios-de-limpieza/bolsas-de-basura-y-bolsas-reutilizables
- Guantes, Esponjas y Paños -> https://www.jumbo.cl/limpieza/accesorios-de-limpieza/guantes-esponjas-y-panos
- Escobas, Palas y Plumeros -> https://www.jumbo.cl/limpieza/accesorios-de-limpieza/escobas-palas-y-plumeros
- Limpiadores de Calzado -> https://www.jumbo.cl/limpieza/accesorios-de-limpieza/limpiadores-de-calzado
- Accesorios de Limpieza (Mostrar todo) -> https://www.jumbo.cl/limpieza/accesorios-de-limpieza
- Desinfectantes -> https://www.jumbo.cl/limpieza/aerosoles-y-aromatizantes/desinfectantes
- Desodorantes Ambientales -> https://www.jumbo.cl/limpieza/aerosoles-y-aromatizantes/desodorantes-ambientales
- Insecticidas -> https://www.jumbo.cl/limpieza/aerosoles-y-aromatizantes/insecticidas
- Aromatizantes -> https://www.jumbo.cl/limpieza/aerosoles-y-aromatizantes/aromatizantes
- Aerosoles y Aromatizantes (Mostrar todo) -> https://www.jumbo.cl/limpieza/aerosoles-y-aromatizantes
- Ceras y Virutillas -> https://www.jumbo.cl/limpieza/pisos-y-muebles/ceras-y-virutillas
- Limpiadores Piso -> https://www.jumbo.cl/limpieza/pisos-y-muebles/limpiadores-piso
- Lustramuebles y Limpiadores de Metales -> https://www.jumbo.cl/limpieza/pisos-y-muebles/lustramuebles-y-limpiadores-de-metales
- Traperos y Mopas -> https://www.jumbo.cl/limpieza/pisos-y-muebles/traperos-y-mopas
- Pisos y Muebles (Mostrar todo) -> https://www.jumbo.cl/limpieza/pisos-y-muebles

Scrape: Papel Higiénico
🧪 Dump BFF guardado: debug_bff\bff_papel_higi_nico_p1.json
  productos: 40

Scrape: Pañuelos
🧪 Dump BFF guardado: debug_bff\bff_pa_uelos_p1.json
  productos: 13

Scrape: Servilletas
🧪 Dump BFF guardado: debug_bff\bff_servilletas_p1.json
  productos: 40

Scrape: Toallas de Papel
🧪 Dump BFF guardado: debug_bff\bff_toallas_de_papel_p1.json
  productos: 30

Scrape: Papeles Hogar (Mostrar todo)
🧪 Dump BFF guardado: debug_bff\bff_papeles_hogar_mostrar_todo_p1.json
  productos: 40

Scrape: Detergente Líquido
🧪 Dump BFF guardado: debug_bff\bff_detergente_l_quido_p1.json
  productos: 40

Scrape: Detergente en Polvo
🧪 Dump BFF guardado: debug_bff\bff_detergente_en_polvo_p1.json
  productos: 19

Scrape: Suavizantes y Aromatizantes
🧪 Dump BFF guardado: debug_bff\bff_suavizantes_y_aromatizantes_p1.json
  productos: 40

Scrape: Limpieza de Ropa (Mostrar todo)
🧪 Dump BFF guardado: debug_bff\bff_limpieza_de_ropa_mostrar_todo_p1.json
  productos: 40

Scrape: Limpiadores de Baño
🧪 Dump BFF guardado: debug_bff\bff_limpiadores_de_ba_o_p1.json
  productos: 40

Scrape: Cloros y Cloro Gel (Baño)
🧪 Dump BFF guardado: debug_bff\bff_cloros_y_cloro_gel_ba_o_p1.json
  productos: 40

Scrape: Toallas Desinfectantes
🧪 Dump BFF guardado: debug_bff\bff_toallas_desinfectantes_p1.json
  productos: 21

Scrape: Limpiavidrios (Baño)
🧪 Dump BFF guardado: debug_bff\bff_limpiavidrios_ba_o_p1.json
  productos: 21

Scrape: Baño (Mostrar todo)
🧪 Dump BFF guardado: debug_bff\bff_ba_o_mostrar_todo_p1.json
  productos: 40

Scrape: Limpiadores Cocina
🧪 Dump BFF guardado: debug_bff\bff_limpiadores_cocina_p1.json
  productos: 40

Scrape: Lavalozas
🧪 Dump BFF guardado: debug_bff\bff_lavalozas_p1.json
  productos: 40

Scrape: Cocina (Mostrar todo)
🧪 Dump BFF guardado: debug_bff\bff_cocina_mostrar_todo_p1.json
  productos: 40

Scrape: Bolsas de Basura y Bolsas Reutilizables
🧪 Dump BFF guardado: debug_bff\bff_bolsas_de_basura_y_bolsas_reutilizables_p1.json
  productos: 40

Scrape: Guantes, Esponjas y Paños
🧪 Dump BFF guardado: debug_bff\bff_guantes_esponjas_y_pa_os_p1.json
  productos: 40

Scrape: Escobas, Palas y Plumeros
🧪 Dump BFF guardado: debug_bff\bff_escobas_palas_y_plumeros_p1.json
  productos: 37

Scrape: Limpiadores de Calzado
🧪 Dump BFF guardado: debug_bff\bff_limpiadores_de_calzado_p1.json
  productos: 36

Scrape: Accesorios de Limpieza (Mostrar todo)
🧪 Dump BFF guardado: debug_bff\bff_accesorios_de_limpieza_mostrar_todo_p1.json
  productos: 40

Scrape: Desinfectantes
🧪 Dump BFF guardado: debug_bff\bff_desinfectantes_p1.json
  productos: 15

Scrape: Desodorantes Ambientales
🧪 Dump BFF guardado: debug_bff\bff_desodorantes_ambientales_p1.json
  productos: 40

Scrape: Insecticidas
🧪 Dump BFF guardado: debug_bff\bff_insecticidas_p1.json
  productos: 40

Scrape: Aromatizantes
🧪 Dump BFF guardado: debug_bff\bff_aromatizantes_p1.json
  productos: 18

Scrape: Aerosoles y Aromatizantes (Mostrar todo)
🧪 Dump BFF guardado: debug_bff\bff_aerosoles_y_aromatizantes_mostrar_todo_p1.json
  productos: 40

Scrape: Ceras y Virutillas
🧪 Dump BFF guardado: debug_bff\bff_ceras_y_virutillas_p1.json
  productos: 29

Scrape: Limpiadores Piso
🧪 Dump BFF guardado: debug_bff\bff_limpiadores_piso_p1.json
  productos: 40

Scrape: Lustramuebles y Limpiadores de Metales
🧪 Dump BFF guardado: debug_bff\bff_lustramuebles_y_limpiadores_de_metales_p1.json
  productos: 27

Scrape: Traperos y Mopas
🧪 Dump BFF guardado: debug_bff\bff_traperos_y_mopas_p1.json
  productos: 40

Scrape: Pisos y Muebles (Mostrar todo)
🧪 Dump BFF guardado: debug_bff\bff_pisos_y_muebles_mostrar_todo_p1.json
  productos: 39

Total filas: 1105
CSV generado: output\limpieza\jumbo_limpieza_20260303_154310.csv
