
Subcategorías:
- Pastas y Fideos -> https://www.jumbo.cl/despensa/fideos-pastas-y-salsas/pastas-y-fideos
- Fideos Integrales, Sin Gluten y Otros -> https://www.jumbo.cl/despensa/fideos-pastas-y-salsas/fideos-integrales-sin-gluten-y-otros
- Fideos de Arroz y Legumbres -> https://www.jumbo.cl/despensa/fideos-pastas-y-salsas/fideos-de-arroz-y-legumbres
- Lasañas y Rellenos -> https://www.jumbo.cl/despensa/fideos-pastas-y-salsas/lasanas-y-rellenos
- Fideos, Pastas y Salsas (Mostrar todo) -> https://www.jumbo.cl/despensa/fideos-pastas-y-salsas
- Arroz -> https://www.jumbo.cl/despensa/arroz-quinoa-cuscus/arroz
- Arroz Preparado -> https://www.jumbo.cl/despensa/arroz-quinoa-cuscus/arroz-preparado
- Quinoa, Cuscús y Semillas -> https://www.jumbo.cl/despensa/arroz-quinoa-cuscus/quinoa-cuscus-y-semillas
- Arroz, Quinoa y Cuscús (Mostrar todo) -> https://www.jumbo.cl/despensa/arroz-quinoa-cuscus
- Porotos -> https://www.jumbo.cl/despensa/legumbres/porotos
- Lentejas -> https://www.jumbo.cl/despensa/legumbres/lentejas
- Garbanzos y Arvejas -> https://www.jumbo.cl/despensa/legumbres/garbanzos-y-arvejas
- Legumbres (Mostrar todo) -> https://www.jumbo.cl/despensa/legumbres
- Conservas de Pescado -> https://www.jumbo.cl/despensa/conservas/conservas-de-pescado
- Fruta en Conserva -> https://www.jumbo.cl/despensa/conservas/fruta-en-conserva
- Conservas de Mariscos -> https://www.jumbo.cl/despensa/conservas/conservas-de-mariscos
- Conservas de Verduras -> https://www.jumbo.cl/despensa/conservas/conservas-de-verduras
- Conservas (Mostrar todo) -> https://www.jumbo.cl/despensa/conservas
- Aceite -> https://www.jumbo.cl/despensa/aceites-sal-y-condimentos/aceite
- Aceite de Oliva -> https://www.jumbo.cl/despensa/aceites-sal-y-condimentos/aceites-de-oliva
- Sal -> https://www.jumbo.cl/despensa/aceites-sal-y-condimentos/sal
- Vinagres y Sucedáneos -> https://www.jumbo.cl/despensa/aceites-sal-y-condimentos/vinagres-y-sucedaneos
- Aceites, Sal y Condimentos (Mostrar todo) -> https://www.jumbo.cl/despensa/aceites-sal-y-condimentos
- Cremas y Sopas -> https://www.jumbo.cl/despensa/sopas-cremas-e-instantaneos/cremas-y-sopas
- Caldos -> https://www.jumbo.cl/despensa/sopas-cremas-e-instantaneos/caldos
- Comida Instantánea -> https://www.jumbo.cl/despensa/sopas-cremas-e-instantaneos/comida-instantanea
- Purés Instantáneos -> https://www.jumbo.cl/despensa/sopas-cremas-e-instantaneos/pure-instantaneo
- Sopas, Cremas e Instantáneos (Mostrar todo) -> https://www.jumbo.cl/despensa/sopas-cremas-e-instantaneos
- Aderezos, Salsas Soya y Otros -> https://www.jumbo.cl/despensa/aderezos-y-salsas/aderezos-salsas-soya-y-otros
- Mostazas -> https://www.jumbo.cl/despensa/aderezos-y-salsas/mostazas
- Ají y Salsas Picantes -> https://www.jumbo.cl/despensa/aderezos-y-salsas/aji-y-salsas-picantes
- Mayonesa -> https://www.jumbo.cl/despensa/aderezos-y-salsas/mayonesa
- Aderezos y Salsas (Mostrar todo) -> https://www.jumbo.cl/despensa/aderezos-y-salsas
- Harina Blanca -> https://www.jumbo.cl/despensa/harinas-postres-y-reposteria/harina-blanca
- Harina Integral y Otras -> https://www.jumbo.cl/despensa/harinas-postres-y-reposteria/harina-integral-y-otras
- Harina de Maíz, Sémola y Polenta -> https://www.jumbo.cl/despensa/harinas-postres-y-reposteria/harina-de-maiz-semola-y-polenta
- Polvo de Hornear y Levadura -> https://www.jumbo.cl/despensa/harinas-postres-y-reposteria/polvo-de-hornear-y-levadura
- Harinas, Postres y Repostería (Mostrar todo) -> https://www.jumbo.cl/despensa/harinas-postres-y-reposteria
- Café en Grano -> https://www.jumbo.cl/despensa/cafe-y-cafeteras/cafe-en-grano
- Cápsulas de Café -> https://www.jumbo.cl/despensa/cafe-y-cafeteras/capsulas-de-cafe
- Café Liofilizado -> https://www.jumbo.cl/despensa/cafe-y-cafeteras/cafe-liofilizado
- Café Saborizados y Cremas -> https://www.jumbo.cl/despensa/cafe-y-cafeteras/cafe-saborizados-y-cremas
- Café y Cafeteras (Mostrar todo) -> https://www.jumbo.cl/despensa/cafe-y-cafeteras
- Azúcar -> https://www.jumbo.cl/despensa/azucar-y-endulzantes/azucar
- Endulzantes -> https://www.jumbo.cl/despensa/azucar-y-endulzantes/endulzantes
- Azúcar y Endulzantes (Mostrar todo) -> https://www.jumbo.cl/despensa/azucar-y-endulzantes
- Infusiones y Hierbas -> https://www.jumbo.cl/despensa/te-infusiones-y-mate/infusiones-y-hierbas
- Té Negro Ceylán -> https://www.jumbo.cl/despensa/te-infusiones-y-mate/te-negro-ceylan
- Té Saborizados y Especiales -> https://www.jumbo.cl/despensa/te-infusiones-y-mate/te-saborizados-y-especiales
- Té Verde -> https://www.jumbo.cl/despensa/te-infusiones-y-mate/te-verde
- Té, Infusiones y Mate (Mostrar todo) -> https://www.jumbo.cl/despensa/te-infusiones-y-mate
- Cereales -> https://www.jumbo.cl/despensa/cereales-avenas-y-barras/cereales
- Barras de Cereal -> https://www.jumbo.cl/despensa/cereales-avenas-y-barras/barras-de-cereal
- Barras de Proteína -> https://www.jumbo.cl/despensa/cereales-avenas-y-barras/barras-de-proteina
- Avena y Granola -> https://www.jumbo.cl/despensa/cereales-avenas-y-barras/avena-y-granola
- Cereales, Avenas y Barras (Mostrar todo) -> https://www.jumbo.cl/despensa/cereales-avenas-y-barras
- Mermeladas -> https://www.jumbo.cl/despensa/mermeladas-miel-y-otros/mermeladas
- Dulce Membrillo -> https://www.jumbo.cl/despensa/mermeladas-miel-y-otros/dulce-membrillo
- Miel -> https://www.jumbo.cl/despensa/mermeladas-miel-y-otros/miel
- Syrups -> https://www.jumbo.cl/despensa/mermeladas-miel-y-otros/syrups
- Mermeladas, Miel y Otros (Mostrar todo) -> https://www.jumbo.cl/despensa/mermeladas-miel-y-otros

Scrape: Pastas y Fideos
🧪 Dump BFF guardado: debug_bff\bff_pastas_y_fideos_p1.json
  productos: 40

Scrape: Fideos Integrales, Sin Gluten y Otros
🧪 Dump BFF guardado: debug_bff\bff_fideos_integrales_sin_gluten_y_otros_p1.json
  productos: 40

Scrape: Fideos de Arroz y Legumbres
🧪 Dump BFF guardado: debug_bff\bff_fideos_de_arroz_y_legumbres_p1.json
  productos: 31

Scrape: Lasañas y Rellenos
🧪 Dump BFF guardado: debug_bff\bff_lasa_as_y_rellenos_p1.json
  productos: 27

Scrape: Fideos, Pastas y Salsas (Mostrar todo)
🧪 Dump BFF guardado: debug_bff\bff_fideos_pastas_y_salsas_mostrar_todo_p1.json
  productos: 40

Scrape: Arroz
🧪 Dump BFF guardado: debug_bff\bff_arroz_p1.json
  productos: 26

Scrape: Arroz Preparado
🧪 Dump BFF guardado: debug_bff\bff_arroz_preparado_p1.json
  productos: 38

Scrape: Quinoa, Cuscús y Semillas
🧪 Dump BFF guardado: debug_bff\bff_quinoa_cusc_s_y_semillas_p1.json
  productos: 29

Scrape: Arroz, Quinoa y Cuscús (Mostrar todo)
🧪 Dump BFF guardado: debug_bff\bff_arroz_quinoa_y_cusc_s_mostrar_todo_p1.json
  productos: 40

Scrape: Porotos
🧪 Dump BFF guardado: debug_bff\bff_porotos_p1.json
  productos: 21

Scrape: Lentejas
🧪 Dump BFF guardado: debug_bff\bff_lentejas_p1.json
  productos: 20

Scrape: Garbanzos y Arvejas
🧪 Dump BFF guardado: debug_bff\bff_garbanzos_y_arvejas_p1.json
  productos: 11

Scrape: Legumbres (Mostrar todo)
🧪 Dump BFF guardado: debug_bff\bff_legumbres_mostrar_todo_p1.json
  productos: 40

Scrape: Conservas de Pescado
🧪 Dump BFF guardado: debug_bff\bff_conservas_de_pescado_p1.json
  productos: 40

Scrape: Fruta en Conserva
🧪 Dump BFF guardado: debug_bff\bff_fruta_en_conserva_p1.json
  productos: 40

Scrape: Conservas de Mariscos
🧪 Dump BFF guardado: debug_bff\bff_conservas_de_mariscos_p1.json
  productos: 40

Scrape: Conservas de Verduras
🧪 Dump BFF guardado: debug_bff\bff_conservas_de_verduras_p1.json
  productos: 40

Scrape: Conservas (Mostrar todo)
🧪 Dump BFF guardado: debug_bff\bff_conservas_mostrar_todo_p1.json
  productos: 40

Scrape: Aceite
🧪 Dump BFF guardado: debug_bff\bff_aceite_p1.json
  productos: 40

Scrape: Aceite de Oliva
🧪 Dump BFF guardado: debug_bff\bff_aceite_de_oliva_p1.json
  productos: 40

Scrape: Sal
🧪 Dump BFF guardado: debug_bff\bff_sal_p1.json
  productos: 40

Scrape: Vinagres y Sucedáneos
🧪 Dump BFF guardado: debug_bff\bff_vinagres_y_suced_neos_p1.json
  productos: 32

Scrape: Aceites, Sal y Condimentos (Mostrar todo)
🧪 Dump BFF guardado: debug_bff\bff_aceites_sal_y_condimentos_mostrar_todo_p1.json
  productos: 40

Scrape: Cremas y Sopas
🧪 Dump BFF guardado: debug_bff\bff_cremas_y_sopas_p1.json
  productos: 40

Scrape: Caldos
🧪 Dump BFF guardado: debug_bff\bff_caldos_p1.json
  productos: 40

Scrape: Comida Instantánea
🧪 Dump BFF guardado: debug_bff\bff_comida_instant_nea_p1.json
  productos: 33

Scrape: Purés Instantáneos
🧪 Dump BFF guardado: debug_bff\bff_pur_s_instant_neos_p1.json
  productos: 11

Scrape: Sopas, Cremas e Instantáneos (Mostrar todo)
🧪 Dump BFF guardado: debug_bff\bff_sopas_cremas_e_instant_neos_mostrar_todo_p1.json
  productos: 40

Scrape: Aderezos, Salsas Soya y Otros
🧪 Dump BFF guardado: debug_bff\bff_aderezos_salsas_soya_y_otros_p1.json
  productos: 40

Scrape: Mostazas
🧪 Dump BFF guardado: debug_bff\bff_mostazas_p1.json
  productos: 40

Scrape: Ají y Salsas Picantes
🧪 Dump BFF guardado: debug_bff\bff_aj_y_salsas_picantes_p1.json
  productos: 40

Scrape: Mayonesa
🧪 Dump BFF guardado: debug_bff\bff_mayonesa_p1.json
  productos: 40

Scrape: Aderezos y Salsas (Mostrar todo)
🧪 Dump BFF guardado: debug_bff\bff_aderezos_y_salsas_mostrar_todo_p1.json
  productos: 40

Scrape: Harina Blanca
🧪 Dump BFF guardado: debug_bff\bff_harina_blanca_p1.json
  productos: 24

Scrape: Harina Integral y Otras
🧪 Dump BFF guardado: debug_bff\bff_harina_integral_y_otras_p1.json
  productos: 28

Scrape: Harina de Maíz, Sémola y Polenta
🧪 Dump BFF guardado: debug_bff\bff_harina_de_ma_z_s_mola_y_polenta_p1.json
  productos: 14

Scrape: Polvo de Hornear y Levadura
🧪 Dump BFF guardado: debug_bff\bff_polvo_de_hornear_y_levadura_p1.json
  productos: 10

Scrape: Harinas, Postres y Repostería (Mostrar todo)
🧪 Dump BFF guardado: debug_bff\bff_harinas_postres_y_reposter_a_mostrar_todo_p1.json
  productos: 40

Scrape: Café en Grano
🧪 Dump BFF guardado: debug_bff\bff_caf_en_grano_p1.json
  productos: 40

Scrape: Cápsulas de Café
🧪 Dump BFF guardado: debug_bff\bff_c_psulas_de_caf_p1.json
  productos: 40

Scrape: Café Liofilizado
🧪 Dump BFF guardado: debug_bff\bff_caf_liofilizado_p1.json
  productos: 39

Scrape: Café Saborizados y Cremas
🧪 Dump BFF guardado: debug_bff\bff_caf_saborizados_y_cremas_p1.json
  productos: 40

Scrape: Café y Cafeteras (Mostrar todo)
🧪 Dump BFF guardado: debug_bff\bff_caf_y_cafeteras_mostrar_todo_p1.json
  productos: 40

Scrape: Azúcar
🧪 Dump BFF guardado: debug_bff\bff_az_car_p1.json
  productos: 28

Scrape: Endulzantes
🧪 Dump BFF guardado: debug_bff\bff_endulzantes_p1.json
  productos: 40

Scrape: Azúcar y Endulzantes (Mostrar todo)
🧪 Dump BFF guardado: debug_bff\bff_az_car_y_endulzantes_mostrar_todo_p1.json
  productos: 40

Scrape: Infusiones y Hierbas
🧪 Dump BFF guardado: debug_bff\bff_infusiones_y_hierbas_p1.json
  productos: 40

Scrape: Té Negro Ceylán
🧪 Dump BFF guardado: debug_bff\bff_t_negro_ceyl_n_p1.json
  productos: 40

Scrape: Té Saborizados y Especiales
🧪 Dump BFF guardado: debug_bff\bff_t_saborizados_y_especiales_p1.json
  productos: 40

Scrape: Té Verde
🧪 Dump BFF guardado: debug_bff\bff_t_verde_p1.json
  productos: 33

Scrape: Té, Infusiones y Mate (Mostrar todo)
🧪 Dump BFF guardado: debug_bff\bff_t_infusiones_y_mate_mostrar_todo_p1.json
  productos: 40

Scrape: Cereales
🧪 Dump BFF guardado: debug_bff\bff_cereales_p1.json
  productos: 40

Scrape: Barras de Cereal
🧪 Dump BFF guardado: debug_bff\bff_barras_de_cereal_p1.json
  productos: 40

Scrape: Barras de Proteína
🧪 Dump BFF guardado: debug_bff\bff_barras_de_prote_na_p1.json
  productos: 40

Scrape: Avena y Granola
🧪 Dump BFF guardado: debug_bff\bff_avena_y_granola_p1.json
  productos: 40

Scrape: Cereales, Avenas y Barras (Mostrar todo)
🧪 Dump BFF guardado: debug_bff\bff_cereales_avenas_y_barras_mostrar_todo_p1.json
  productos: 40

Scrape: Mermeladas
🧪 Dump BFF guardado: debug_bff\bff_mermeladas_p1.json
  productos: 40

Scrape: Dulce Membrillo
🧪 Dump BFF guardado: debug_bff\bff_dulce_membrillo_p1.json
  productos: 10

Scrape: Miel
🧪 Dump BFF guardado: debug_bff\bff_miel_p1.json
  productos: 28

Scrape: Syrups
🧪 Dump BFF guardado: debug_bff\bff_syrups_p1.json
  productos: 17

Scrape: Mermeladas, Miel y Otros (Mostrar todo)
🧪 Dump BFF guardado: debug_bff\bff_mermeladas_miel_y_otros_mostrar_todo_p1.json
  productos: 40

Total filas: 2110
CSV generado: output\despensa\jumbo_despensa_20260302_232131.csv
