
Subcategorías:
- Autos y Autopistas -> https://www.jumbo.cl/hogar-jugueteria-y-libreria/jugueteria/autos-y-autopistas
- Muñecas -> https://www.jumbo.cl/hogar-jugueteria-y-libreria/jugueteria/munecas
- Peluches -> https://www.jumbo.cl/hogar-jugueteria-y-libreria/jugueteria/peluches
- Juguetes de Roles y Mini Hogar -> https://www.jumbo.cl/hogar-jugueteria-y-libreria/jugueteria/juguetes-de-roles-y-mini-hogar
- Juguetería (Mostrar todo) -> https://www.jumbo.cl/hogar-jugueteria-y-libreria/jugueteria
- Cocina y Mesa -> https://www.jumbo.cl/hogar-jugueteria-y-libreria/hogar/cocina-y-mesa
- Celebraciones -> https://www.jumbo.cl/hogar-jugueteria-y-libreria/hogar/celebraciones
- Decoración -> https://www.jumbo.cl/hogar-jugueteria-y-libreria/hogar/decoracion
- Baño -> https://www.jumbo.cl/hogar-jugueteria-y-libreria/hogar/bano
- Hogar (Mostrar todo) -> https://www.jumbo.cl/hogar-jugueteria-y-libreria/hogar
- Electrodomésticos -> https://www.jumbo.cl/hogar-jugueteria-y-libreria/electro-y-tecnologia/electrodomesticos
- Tecnología -> https://www.jumbo.cl/hogar-jugueteria-y-libreria/electro-y-tecnologia/tecnologia
- Calefacción -> https://www.jumbo.cl/hogar-jugueteria-y-libreria/electro-y-tecnologia/calefaccion
- Ventilación -> https://www.jumbo.cl/hogar-jugueteria-y-libreria/electro-y-tecnologia/ventilacion
- Electro y Tecnología (Mostrar todo) -> https://www.jumbo.cl/hogar-jugueteria-y-libreria/electro-y-tecnologia
- Fitness -> https://www.jumbo.cl/hogar-jugueteria-y-libreria/deportes/fitness
- Camping -> https://www.jumbo.cl/hogar-jugueteria-y-libreria/deportes/camping
- Fútbol -> https://www.jumbo.cl/hogar-jugueteria-y-libreria/deportes/futbol
- Ciclismo -> https://www.jumbo.cl/hogar-jugueteria-y-libreria/deportes/ciclismo
- Deportes (Mostrar todo) -> https://www.jumbo.cl/hogar-jugueteria-y-libreria/deportes
- Automóvil -> https://www.jumbo.cl/hogar-jugueteria-y-libreria/automovil-ferreteria-y-jardin/automovil
- Ferretería -> https://www.jumbo.cl/hogar-jugueteria-y-libreria/automovil-ferreteria-y-jardin/ferreteria
- Jardín -> https://www.jumbo.cl/hogar-jugueteria-y-libreria/automovil-ferreteria-y-jardin/jardin
- Pilas y Linternas -> https://www.jumbo.cl/hogar-jugueteria-y-libreria/automovil-ferreteria-y-jardin/pilas-y-linternas
- Automóvil, Ferretería y Jardín (Mostrar todo) -> https://www.jumbo.cl/hogar-jugueteria-y-libreria/automovil-ferreteria-y-jardin
- Cuadernos -> https://www.jumbo.cl/hogar-jugueteria-y-libreria/libreria-y-escolares/cuadernos
- Artículos de Oficina -> https://www.jumbo.cl/hogar-jugueteria-y-libreria/libreria-y-escolares/articulos-de-oficina
- Mochilas, Loncheras y Estuches -> https://www.jumbo.cl/hogar-jugueteria-y-libreria/libreria-y-escolares/mochilas-loncheras-y-estuches
- Libros -> https://www.jumbo.cl/hogar-jugueteria-y-libreria/libreria-y-escolares/libros
- Librería y Escolares (Mostrar todo) -> https://www.jumbo.cl/hogar-jugueteria-y-libreria/libreria-y-escolares

Scrape: Autos y Autopistas
🧪 Dump BFF guardado: debug_bff\bff_autos_y_autopistas_p1.json
  productos: 40

Scrape: Muñecas
🧪 Dump BFF guardado: debug_bff\bff_mu_ecas_p1.json
  productos: 40

Scrape: Peluches
🧪 Dump BFF guardado: debug_bff\bff_peluches_p1.json
  productos: 40

Scrape: Juguetes de Roles y Mini Hogar
🧪 Dump BFF guardado: debug_bff\bff_juguetes_de_roles_y_mini_hogar_p1.json
  productos: 40

Scrape: Juguetería (Mostrar todo)
🧪 Dump BFF guardado: debug_bff\bff_jugueter_a_mostrar_todo_p1.json
  productos: 40

Scrape: Cocina y Mesa
🧪 Dump BFF guardado: debug_bff\bff_cocina_y_mesa_p1.json
  productos: 40

Scrape: Celebraciones
🧪 Dump BFF guardado: debug_bff\bff_celebraciones_p1.json
  productos: 40

Scrape: Decoración
🧪 Dump BFF guardado: debug_bff\bff_decoraci_n_p1.json
  productos: 40

Scrape: Baño
🧪 Dump BFF guardado: debug_bff\bff_ba_o_p1.json
  productos: 27

Scrape: Hogar (Mostrar todo)
🧪 Dump BFF guardado: debug_bff\bff_hogar_mostrar_todo_p1.json
  productos: 40

Scrape: Electrodomésticos
🧪 Dump BFF guardado: debug_bff\bff_electrodom_sticos_p1.json
  productos: 40

Scrape: Tecnología
🧪 Dump BFF guardado: debug_bff\bff_tecnolog_a_p1.json
  productos: 40

Scrape: Calefacción
🧪 Dump BFF guardado: debug_bff\bff_calefacci_n_p1.json
  productos: 3

Scrape: Ventilación
🧪 Dump BFF guardado: debug_bff\bff_ventilaci_n_p1.json
  productos: 40

Scrape: Electro y Tecnología (Mostrar todo)
🧪 Dump BFF guardado: debug_bff\bff_electro_y_tecnolog_a_mostrar_todo_p1.json
  productos: 40

Scrape: Fitness
🧪 Dump BFF guardado: debug_bff\bff_fitness_p1.json
  productos: 40

Scrape: Camping
🧪 Dump BFF guardado: debug_bff\bff_camping_p1.json
  productos: 40

Scrape: Fútbol
🧪 Dump BFF guardado: debug_bff\bff_f_tbol_p1.json
  productos: 13

Scrape: Ciclismo
🧪 Dump BFF guardado: debug_bff\bff_ciclismo_p1.json
  productos: 10

Scrape: Deportes (Mostrar todo)
🧪 Dump BFF guardado: debug_bff\bff_deportes_mostrar_todo_p1.json
  productos: 40

Scrape: Automóvil
🧪 Dump BFF guardado: debug_bff\bff_autom_vil_p1.json
  productos: 40

Scrape: Ferretería
🧪 Dump BFF guardado: debug_bff\bff_ferreter_a_p1.json
  productos: 40

Scrape: Jardín
🧪 Dump BFF guardado: debug_bff\bff_jard_n_p1.json
  productos: 31

Scrape: Pilas y Linternas
🧪 Dump BFF guardado: debug_bff\bff_pilas_y_linternas_p1.json
  productos: 33

Scrape: Automóvil, Ferretería y Jardín (Mostrar todo)
🧪 Dump BFF guardado: debug_bff\bff_autom_vil_ferreter_a_y_jard_n_mostrar_todo_p1.json
  productos: 40

Scrape: Cuadernos
🧪 Dump BFF guardado: debug_bff\bff_cuadernos_p1.json
  productos: 40

Scrape: Artículos de Oficina
⚠️ intento 1/3 falló capturando seed BFF: TimeoutError('Timeout 120000ms exceeded while waiting for event "response"')
🧪 Dump BFF guardado: debug_bff\bff_art_culos_de_oficina_p1.json
  productos: 40

Scrape: Mochilas, Loncheras y Estuches
🧪 Dump BFF guardado: debug_bff\bff_mochilas_loncheras_y_estuches_p1.json
  productos: 40

Scrape: Libros
🧪 Dump BFF guardado: debug_bff\bff_libros_p1.json
  productos: 40

Scrape: Librería y Escolares (Mostrar todo)
🧪 Dump BFF guardado: debug_bff\bff_librer_a_y_escolares_mostrar_todo_p1.json
  productos: 40

Total filas: 1077
CSV generado: output\hogar_jugueteria_libreria\jumbo_hogar_jugueteria_libreria_20260303_113800.csv
