
Subcategorías detectadas en [Carnes]: 168
 - Vacuno | Vacuno -> https://www.unimarc.cl/category/carnes/vacuno
 - Vacuno | Molida, bistec y otros -> https://www.unimarc.cl/category/carnes/vacuno/molida-bistec-y-otros
 - Vacuno | Huesos y otros -> https://www.unimarc.cl/category/carnes/vacuno/huesos-y-otros
 - Vacuno | Filete y lomo -> https://www.unimarc.cl/category/carnes/vacuno/filete-y-lomo
 - Vacuno | Parrilleros -> https://www.unimarc.cl/category/carnes/vacuno/parrilleros
 - Vacuno | Otros cortes -> https://www.unimarc.cl/category/carnes/vacuno/otros-cortes
 - Vacuno | Vacuno premium -> https://www.unimarc.cl/category/carnes/vacuno/vacuno-premium
 - Vacuno | Pollo -> https://www.unimarc.cl/category/carnes/pollo
 - Vacuno | Pechugas y filetitos -> https://www.unimarc.cl/category/carnes/pollo/pechugas-y-filetitos
 - Vacuno | Trutro -> https://www.unimarc.cl/category/carnes/pollo/trutro
 - Vacuno | Saborizados -> https://www.unimarc.cl/category/carnes/pollo/saborizados
 - Vacuno | Pollo entero -> https://www.unimarc.cl/category/carnes/pollo/pollo-entero
 - Vacuno | Cerdo -> https://www.unimarc.cl/category/carnes/cerdo
 - Vacuno | Costillas y costillar -> https://www.unimarc.cl/category/carnes/cerdo/costillas-y-costillar
 - Vacuno | Malaya y plateada -> https://www.unimarc.cl/category/carnes/cerdo/malaya-y-plateada
 - Vacuno | Chuleta -> https://www.unimarc.cl/category/carnes/cerdo/chuleta
 - Vacuno | Lomo cerdo -> https://www.unimarc.cl/category/carnes/cerdo/lomo-cerdo
 - Vacuno | Pulpa cerdo -> https://www.unimarc.cl/category/carnes/cerdo/pulpa-cerdo
 - Vacuno | Otros cortes -> https://www.unimarc.cl/category/carnes/cerdo/otros-cortes
 - Vacuno | Pavo -> https://www.unimarc.cl/category/carnes/pavo
 - Vacuno | Pechuga y filete -> https://www.unimarc.cl/category/carnes/pavo/pechuga-y-filete
 - Vacuno | Pavo molido y picado -> https://www.unimarc.cl/category/carnes/pavo/pavo-molido-y-picado
 - Vacuno | Pavo entero -> https://www.unimarc.cl/category/carnes/pavo/pavo-entero
 - Vacuno | Trutros y otros -> https://www.unimarc.cl/category/carnes/pavo/trutros-y-otros
 - Vacuno | Cordero y otros -> https://www.unimarc.cl/category/carnes/cordero-y-otros
 - Vacuno | Cordero -> https://www.unimarc.cl/category/carnes/cordero-y-otros/cordero
 - Vacuno | Otros -> https://www.unimarc.cl/category/carnes/cordero-y-otros/otros
 - Vacuno | Pescadería -> https://www.unimarc.cl/category/carnes/pescaderia
 - Pollo | Vacuno -> https://www.unimarc.cl/category/carnes/vacuno
 - Pollo | Molida, bistec y otros -> https://www.unimarc.cl/category/carnes/vacuno/molida-bistec-y-otros
 - Pollo | Huesos y otros -> https://www.unimarc.cl/category/carnes/vacuno/huesos-y-otros
 - Pollo | Filete y lomo -> https://www.unimarc.cl/category/carnes/vacuno/filete-y-lomo
 - Pollo | Parrilleros -> https://www.unimarc.cl/category/carnes/vacuno/parrilleros
 - Pollo | Otros cortes -> https://www.unimarc.cl/category/carnes/vacuno/otros-cortes
 - Pollo | Vacuno premium -> https://www.unimarc.cl/category/carnes/vacuno/vacuno-premium
 - Pollo | Pollo -> https://www.unimarc.cl/category/carnes/pollo
 - Pollo | Pechugas y filetitos -> https://www.unimarc.cl/category/carnes/pollo/pechugas-y-filetitos
 - Pollo | Trutro -> https://www.unimarc.cl/category/carnes/pollo/trutro
 - Pollo | Saborizados -> https://www.unimarc.cl/category/carnes/pollo/saborizados
 - Pollo | Pollo entero -> https://www.unimarc.cl/category/carnes/pollo/pollo-entero
 - Pollo | Cerdo -> https://www.unimarc.cl/category/carnes/cerdo
 - Pollo | Costillas y costillar -> https://www.unimarc.cl/category/carnes/cerdo/costillas-y-costillar
 - Pollo | Malaya y plateada -> https://www.unimarc.cl/category/carnes/cerdo/malaya-y-plateada
 - Pollo | Chuleta -> https://www.unimarc.cl/category/carnes/cerdo/chuleta
 - Pollo | Lomo cerdo -> https://www.unimarc.cl/category/carnes/cerdo/lomo-cerdo
 - Pollo | Pulpa cerdo -> https://www.unimarc.cl/category/carnes/cerdo/pulpa-cerdo
 - Pollo | Otros cortes -> https://www.unimarc.cl/category/carnes/cerdo/otros-cortes
 - Pollo | Pavo -> https://www.unimarc.cl/category/carnes/pavo
 - Pollo | Pechuga y filete -> https://www.unimarc.cl/category/carnes/pavo/pechuga-y-filete
 - Pollo | Pavo molido y picado -> https://www.unimarc.cl/category/carnes/pavo/pavo-molido-y-picado
 - Pollo | Pavo entero -> https://www.unimarc.cl/category/carnes/pavo/pavo-entero
 - Pollo | Trutros y otros -> https://www.unimarc.cl/category/carnes/pavo/trutros-y-otros
 - Pollo | Cordero y otros -> https://www.unimarc.cl/category/carnes/cordero-y-otros
 - Pollo | Cordero -> https://www.unimarc.cl/category/carnes/cordero-y-otros/cordero
 - Pollo | Otros -> https://www.unimarc.cl/category/carnes/cordero-y-otros/otros
 - Pollo | Pescadería -> https://www.unimarc.cl/category/carnes/pescaderia
 - Cerdo | Vacuno -> https://www.unimarc.cl/category/carnes/vacuno
 - Cerdo | Molida, bistec y otros -> https://www.unimarc.cl/category/carnes/vacuno/molida-bistec-y-otros
 - Cerdo | Huesos y otros -> https://www.unimarc.cl/category/carnes/vacuno/huesos-y-otros
 - Cerdo | Filete y lomo -> https://www.unimarc.cl/category/carnes/vacuno/filete-y-lomo
 - Cerdo | Parrilleros -> https://www.unimarc.cl/category/carnes/vacuno/parrilleros
 - Cerdo | Otros cortes -> https://www.unimarc.cl/category/carnes/vacuno/otros-cortes
 - Cerdo | Vacuno premium -> https://www.unimarc.cl/category/carnes/vacuno/vacuno-premium
 - Cerdo | Pollo -> https://www.unimarc.cl/category/carnes/pollo
 - Cerdo | Pechugas y filetitos -> https://www.unimarc.cl/category/carnes/pollo/pechugas-y-filetitos
 - Cerdo | Trutro -> https://www.unimarc.cl/category/carnes/pollo/trutro
 - Cerdo | Saborizados -> https://www.unimarc.cl/category/carnes/pollo/saborizados
 - Cerdo | Pollo entero -> https://www.unimarc.cl/category/carnes/pollo/pollo-entero
 - Cerdo | Cerdo -> https://www.unimarc.cl/category/carnes/cerdo
 - Cerdo | Costillas y costillar -> https://www.unimarc.cl/category/carnes/cerdo/costillas-y-costillar
 - Cerdo | Malaya y plateada -> https://www.unimarc.cl/category/carnes/cerdo/malaya-y-plateada
 - Cerdo | Chuleta -> https://www.unimarc.cl/category/carnes/cerdo/chuleta
 - Cerdo | Lomo cerdo -> https://www.unimarc.cl/category/carnes/cerdo/lomo-cerdo
 - Cerdo | Pulpa cerdo -> https://www.unimarc.cl/category/carnes/cerdo/pulpa-cerdo
 - Cerdo | Otros cortes -> https://www.unimarc.cl/category/carnes/cerdo/otros-cortes
 - Cerdo | Pavo -> https://www.unimarc.cl/category/carnes/pavo
 - Cerdo | Pechuga y filete -> https://www.unimarc.cl/category/carnes/pavo/pechuga-y-filete
 - Cerdo | Pavo molido y picado -> https://www.unimarc.cl/category/carnes/pavo/pavo-molido-y-picado
 - Cerdo | Pavo entero -> https://www.unimarc.cl/category/carnes/pavo/pavo-entero
 - Cerdo | Trutros y otros -> https://www.unimarc.cl/category/carnes/pavo/trutros-y-otros
 - Cerdo | Cordero y otros -> https://www.unimarc.cl/category/carnes/cordero-y-otros
 - Cerdo | Cordero -> https://www.unimarc.cl/category/carnes/cordero-y-otros/cordero
 - Cerdo | Otros -> https://www.unimarc.cl/category/carnes/cordero-y-otros/otros
 - Cerdo | Pescadería -> https://www.unimarc.cl/category/carnes/pescaderia
 - Pavo | Vacuno -> https://www.unimarc.cl/category/carnes/vacuno
 - Pavo | Molida, bistec y otros -> https://www.unimarc.cl/category/carnes/vacuno/molida-bistec-y-otros
 - Pavo | Huesos y otros -> https://www.unimarc.cl/category/carnes/vacuno/huesos-y-otros
 - Pavo | Filete y lomo -> https://www.unimarc.cl/category/carnes/vacuno/filete-y-lomo
 - Pavo | Parrilleros -> https://www.unimarc.cl/category/carnes/vacuno/parrilleros
 - Pavo | Otros cortes -> https://www.unimarc.cl/category/carnes/vacuno/otros-cortes
 - Pavo | Vacuno premium -> https://www.unimarc.cl/category/carnes/vacuno/vacuno-premium
 - Pavo | Pollo -> https://www.unimarc.cl/category/carnes/pollo
 - Pavo | Pechugas y filetitos -> https://www.unimarc.cl/category/carnes/pollo/pechugas-y-filetitos
 - Pavo | Trutro -> https://www.unimarc.cl/category/carnes/pollo/trutro
 - Pavo | Saborizados -> https://www.unimarc.cl/category/carnes/pollo/saborizados
 - Pavo | Pollo entero -> https://www.unimarc.cl/category/carnes/pollo/pollo-entero
 - Pavo | Cerdo -> https://www.unimarc.cl/category/carnes/cerdo
 - Pavo | Costillas y costillar -> https://www.unimarc.cl/category/carnes/cerdo/costillas-y-costillar
 - Pavo | Malaya y plateada -> https://www.unimarc.cl/category/carnes/cerdo/malaya-y-plateada
 - Pavo | Chuleta -> https://www.unimarc.cl/category/carnes/cerdo/chuleta
 - Pavo | Lomo cerdo -> https://www.unimarc.cl/category/carnes/cerdo/lomo-cerdo
 - Pavo | Pulpa cerdo -> https://www.unimarc.cl/category/carnes/cerdo/pulpa-cerdo
 - Pavo | Otros cortes -> https://www.unimarc.cl/category/carnes/cerdo/otros-cortes
 - Pavo | Pavo -> https://www.unimarc.cl/category/carnes/pavo
 - Pavo | Pechuga y filete -> https://www.unimarc.cl/category/carnes/pavo/pechuga-y-filete
 - Pavo | Pavo molido y picado -> https://www.unimarc.cl/category/carnes/pavo/pavo-molido-y-picado
 - Pavo | Pavo entero -> https://www.unimarc.cl/category/carnes/pavo/pavo-entero
 - Pavo | Trutros y otros -> https://www.unimarc.cl/category/carnes/pavo/trutros-y-otros
 - Pavo | Cordero y otros -> https://www.unimarc.cl/category/carnes/cordero-y-otros
 - Pavo | Cordero -> https://www.unimarc.cl/category/carnes/cordero-y-otros/cordero
 - Pavo | Otros -> https://www.unimarc.cl/category/carnes/cordero-y-otros/otros
 - Pavo | Pescadería -> https://www.unimarc.cl/category/carnes/pescaderia
 - Cordero y otros | Vacuno -> https://www.unimarc.cl/category/carnes/vacuno
 - Cordero y otros | Molida, bistec y otros -> https://www.unimarc.cl/category/carnes/vacuno/molida-bistec-y-otros
 - Cordero y otros | Huesos y otros -> https://www.unimarc.cl/category/carnes/vacuno/huesos-y-otros
 - Cordero y otros | Filete y lomo -> https://www.unimarc.cl/category/carnes/vacuno/filete-y-lomo
 - Cordero y otros | Parrilleros -> https://www.unimarc.cl/category/carnes/vacuno/parrilleros
 - Cordero y otros | Otros cortes -> https://www.unimarc.cl/category/carnes/vacuno/otros-cortes
 - Cordero y otros | Vacuno premium -> https://www.unimarc.cl/category/carnes/vacuno/vacuno-premium
 - Cordero y otros | Pollo -> https://www.unimarc.cl/category/carnes/pollo
 - Cordero y otros | Pechugas y filetitos -> https://www.unimarc.cl/category/carnes/pollo/pechugas-y-filetitos
 - Cordero y otros | Trutro -> https://www.unimarc.cl/category/carnes/pollo/trutro
 - Cordero y otros | Saborizados -> https://www.unimarc.cl/category/carnes/pollo/saborizados
 - Cordero y otros | Pollo entero -> https://www.unimarc.cl/category/carnes/pollo/pollo-entero
 - Cordero y otros | Cerdo -> https://www.unimarc.cl/category/carnes/cerdo
 - Cordero y otros | Costillas y costillar -> https://www.unimarc.cl/category/carnes/cerdo/costillas-y-costillar
 - Cordero y otros | Malaya y plateada -> https://www.unimarc.cl/category/carnes/cerdo/malaya-y-plateada
 - Cordero y otros | Chuleta -> https://www.unimarc.cl/category/carnes/cerdo/chuleta
 - Cordero y otros | Lomo cerdo -> https://www.unimarc.cl/category/carnes/cerdo/lomo-cerdo
 - Cordero y otros | Pulpa cerdo -> https://www.unimarc.cl/category/carnes/cerdo/pulpa-cerdo
 - Cordero y otros | Otros cortes -> https://www.unimarc.cl/category/carnes/cerdo/otros-cortes
 - Cordero y otros | Pavo -> https://www.unimarc.cl/category/carnes/pavo
 - Cordero y otros | Pechuga y filete -> https://www.unimarc.cl/category/carnes/pavo/pechuga-y-filete
 - Cordero y otros | Pavo molido y picado -> https://www.unimarc.cl/category/carnes/pavo/pavo-molido-y-picado
 - Cordero y otros | Pavo entero -> https://www.unimarc.cl/category/carnes/pavo/pavo-entero
 - Cordero y otros | Trutros y otros -> https://www.unimarc.cl/category/carnes/pavo/trutros-y-otros
 - Cordero y otros | Cordero y otros -> https://www.unimarc.cl/category/carnes/cordero-y-otros
 - Cordero y otros | Cordero -> https://www.unimarc.cl/category/carnes/cordero-y-otros/cordero
 - Cordero y otros | Otros -> https://www.unimarc.cl/category/carnes/cordero-y-otros/otros
 - Cordero y otros | Pescadería -> https://www.unimarc.cl/category/carnes/pescaderia
 - Pescadería | Vacuno -> https://www.unimarc.cl/category/carnes/vacuno
 - Pescadería | Molida, bistec y otros -> https://www.unimarc.cl/category/carnes/vacuno/molida-bistec-y-otros
 - Pescadería | Huesos y otros -> https://www.unimarc.cl/category/carnes/vacuno/huesos-y-otros
 - Pescadería | Filete y lomo -> https://www.unimarc.cl/category/carnes/vacuno/filete-y-lomo
 - Pescadería | Parrilleros -> https://www.unimarc.cl/category/carnes/vacuno/parrilleros
 - Pescadería | Otros cortes -> https://www.unimarc.cl/category/carnes/vacuno/otros-cortes
 - Pescadería | Vacuno premium -> https://www.unimarc.cl/category/carnes/vacuno/vacuno-premium
 - Pescadería | Pollo -> https://www.unimarc.cl/category/carnes/pollo
 - Pescadería | Pechugas y filetitos -> https://www.unimarc.cl/category/carnes/pollo/pechugas-y-filetitos
 - Pescadería | Trutro -> https://www.unimarc.cl/category/carnes/pollo/trutro
 - Pescadería | Saborizados -> https://www.unimarc.cl/category/carnes/pollo/saborizados
 - Pescadería | Pollo entero -> https://www.unimarc.cl/category/carnes/pollo/pollo-entero
 - Pescadería | Cerdo -> https://www.unimarc.cl/category/carnes/cerdo
 - Pescadería | Costillas y costillar -> https://www.unimarc.cl/category/carnes/cerdo/costillas-y-costillar
 - Pescadería | Malaya y plateada -> https://www.unimarc.cl/category/carnes/cerdo/malaya-y-plateada
 - Pescadería | Chuleta -> https://www.unimarc.cl/category/carnes/cerdo/chuleta
 - Pescadería | Lomo cerdo -> https://www.unimarc.cl/category/carnes/cerdo/lomo-cerdo
 - Pescadería | Pulpa cerdo -> https://www.unimarc.cl/category/carnes/cerdo/pulpa-cerdo
 - Pescadería | Otros cortes -> https://www.unimarc.cl/category/carnes/cerdo/otros-cortes
 - Pescadería | Pavo -> https://www.unimarc.cl/category/carnes/pavo
 - Pescadería | Pechuga y filete -> https://www.unimarc.cl/category/carnes/pavo/pechuga-y-filete
 - Pescadería | Pavo molido y picado -> https://www.unimarc.cl/category/carnes/pavo/pavo-molido-y-picado
 - Pescadería | Pavo entero -> https://www.unimarc.cl/category/carnes/pavo/pavo-entero
 - Pescadería | Trutros y otros -> https://www.unimarc.cl/category/carnes/pavo/trutros-y-otros
 - Pescadería | Cordero y otros -> https://www.unimarc.cl/category/carnes/cordero-y-otros
 - Pescadería | Cordero -> https://www.unimarc.cl/category/carnes/cordero-y-otros/cordero
 - Pescadería | Otros -> https://www.unimarc.cl/category/carnes/cordero-y-otros/otros
 - Pescadería | Pescadería -> https://www.unimarc.cl/category/carnes/pescaderia

Scrape: [Vacuno] Vacuno
  productos únicos: 100

Scrape: [Vacuno] Molida, bistec y otros
  productos únicos: 24

Scrape: [Vacuno] Huesos y otros
  productos únicos: 2

Scrape: [Vacuno] Filete y lomo
  productos únicos: 9

Scrape: [Vacuno] Parrilleros
  productos únicos: 24

Scrape: [Vacuno] Otros cortes
  productos únicos: 28

Scrape: [Vacuno] Vacuno premium
  productos únicos: 68

Scrape: [Vacuno] Pollo
  productos únicos: 88

Scrape: [Vacuno] Pechugas y filetitos
  productos únicos: 42

Scrape: [Vacuno] Trutro
  productos únicos: 38

Scrape: [Vacuno] Saborizados
  productos únicos: 6

Scrape: [Vacuno] Pollo entero
  productos únicos: 2

Scrape: [Vacuno] Cerdo
  productos únicos: 53

Scrape: [Vacuno] Costillas y costillar
  productos únicos: 15

Scrape: [Vacuno] Malaya y plateada
  productos únicos: 8

Scrape: [Vacuno] Chuleta
  productos únicos: 8

Scrape: [Vacuno] Lomo cerdo
  productos únicos: 8

Scrape: [Vacuno] Pulpa cerdo
  productos únicos: 9

Scrape: [Vacuno] Otros cortes
  productos únicos: 5

Scrape: [Vacuno] Pavo
  productos únicos: 8

Scrape: [Vacuno] Pechuga y filete
  productos únicos: 2

Scrape: [Vacuno] Pavo molido y picado
  productos únicos: 2

Scrape: [Vacuno] Pavo entero
  productos únicos: 1

Scrape: [Vacuno] Trutros y otros
  productos únicos: 3

Scrape: [Vacuno] Cordero y otros
  productos únicos: 4

Scrape: [Vacuno] Cordero
  productos únicos: 4

Scrape: [Vacuno] Otros
  productos únicos: 0

Scrape: [Vacuno] Pescadería
  productos únicos: 0

Scrape: [Pollo] Vacuno
  productos únicos: 100

Scrape: [Pollo] Molida, bistec y otros
  productos únicos: 24

Scrape: [Pollo] Huesos y otros
  productos únicos: 2

Scrape: [Pollo] Filete y lomo
  productos únicos: 9

Scrape: [Pollo] Parrilleros
  productos únicos: 24

Scrape: [Pollo] Otros cortes
  productos únicos: 28

Scrape: [Pollo] Vacuno premium
  productos únicos: 68

Scrape: [Pollo] Pollo
  productos únicos: 88

Scrape: [Pollo] Pechugas y filetitos
  productos únicos: 42

Scrape: [Pollo] Trutro
  productos únicos: 38

Scrape: [Pollo] Saborizados
  productos únicos: 6

Scrape: [Pollo] Pollo entero
  productos únicos: 2

Scrape: [Pollo] Cerdo
  productos únicos: 53

Scrape: [Pollo] Costillas y costillar
  productos únicos: 15

Scrape: [Pollo] Malaya y plateada
  productos únicos: 8

Scrape: [Pollo] Chuleta
  productos únicos: 8

Scrape: [Pollo] Lomo cerdo
  productos únicos: 8

Scrape: [Pollo] Pulpa cerdo
  productos únicos: 9

Scrape: [Pollo] Otros cortes
  productos únicos: 5

Scrape: [Pollo] Pavo
  productos únicos: 8

Scrape: [Pollo] Pechuga y filete
  productos únicos: 2

Scrape: [Pollo] Pavo molido y picado
  productos únicos: 2

Scrape: [Pollo] Pavo entero
  productos únicos: 1

Scrape: [Pollo] Trutros y otros
  productos únicos: 3

Scrape: [Pollo] Cordero y otros
  productos únicos: 4

Scrape: [Pollo] Cordero
  productos únicos: 4

Scrape: [Pollo] Otros
  productos únicos: 0

Scrape: [Pollo] Pescadería
  productos únicos: 0

Scrape: [Cerdo] Vacuno
  productos únicos: 100

Scrape: [Cerdo] Molida, bistec y otros
  productos únicos: 24

Scrape: [Cerdo] Huesos y otros
  productos únicos: 2

Scrape: [Cerdo] Filete y lomo
  productos únicos: 9

Scrape: [Cerdo] Parrilleros
  productos únicos: 24

Scrape: [Cerdo] Otros cortes
  productos únicos: 28

Scrape: [Cerdo] Vacuno premium
  productos únicos: 68

Scrape: [Cerdo] Pollo
  productos únicos: 88

Scrape: [Cerdo] Pechugas y filetitos
  productos únicos: 42

Scrape: [Cerdo] Trutro
  productos únicos: 38

Scrape: [Cerdo] Saborizados
  productos únicos: 6

Scrape: [Cerdo] Pollo entero
  productos únicos: 2

Scrape: [Cerdo] Cerdo
  productos únicos: 53

Scrape: [Cerdo] Costillas y costillar
  productos únicos: 15

Scrape: [Cerdo] Malaya y plateada
  productos únicos: 8

Scrape: [Cerdo] Chuleta
  productos únicos: 8

Scrape: [Cerdo] Lomo cerdo
  productos únicos: 8

Scrape: [Cerdo] Pulpa cerdo
  productos únicos: 9

Scrape: [Cerdo] Otros cortes
  productos únicos: 5

Scrape: [Cerdo] Pavo
  productos únicos: 8

Scrape: [Cerdo] Pechuga y filete
  productos únicos: 2

Scrape: [Cerdo] Pavo molido y picado
  productos únicos: 2

Scrape: [Cerdo] Pavo entero
  productos únicos: 1

Scrape: [Cerdo] Trutros y otros
  productos únicos: 3

Scrape: [Cerdo] Cordero y otros
  productos únicos: 4

Scrape: [Cerdo] Cordero
  productos únicos: 4

Scrape: [Cerdo] Otros
  productos únicos: 0

Scrape: [Cerdo] Pescadería
  productos únicos: 0

Scrape: [Pavo] Vacuno
  productos únicos: 100

Scrape: [Pavo] Molida, bistec y otros
  productos únicos: 24

Scrape: [Pavo] Huesos y otros
  productos únicos: 2

Scrape: [Pavo] Filete y lomo
  productos únicos: 9

Scrape: [Pavo] Parrilleros
  productos únicos: 24

Scrape: [Pavo] Otros cortes
  productos únicos: 28

Scrape: [Pavo] Vacuno premium
  productos únicos: 68

Scrape: [Pavo] Pollo
  productos únicos: 88

Scrape: [Pavo] Pechugas y filetitos
  productos únicos: 42

Scrape: [Pavo] Trutro
  productos únicos: 38

Scrape: [Pavo] Saborizados
  productos únicos: 6

Scrape: [Pavo] Pollo entero
  productos únicos: 2

Scrape: [Pavo] Cerdo
  productos únicos: 53

Scrape: [Pavo] Costillas y costillar
  productos únicos: 15

Scrape: [Pavo] Malaya y plateada
  productos únicos: 8

Scrape: [Pavo] Chuleta
  productos únicos: 8

Scrape: [Pavo] Lomo cerdo
  productos únicos: 8

Scrape: [Pavo] Pulpa cerdo
  productos únicos: 9

Scrape: [Pavo] Otros cortes
  productos únicos: 5

Scrape: [Pavo] Pavo
  productos únicos: 8

Scrape: [Pavo] Pechuga y filete
  productos únicos: 2

Scrape: [Pavo] Pavo molido y picado
  productos únicos: 2

Scrape: [Pavo] Pavo entero
  productos únicos: 1

Scrape: [Pavo] Trutros y otros
  productos únicos: 3

Scrape: [Pavo] Cordero y otros
  productos únicos: 4

Scrape: [Pavo] Cordero
  productos únicos: 4

Scrape: [Pavo] Otros
  productos únicos: 0

Scrape: [Pavo] Pescadería
  productos únicos: 0

Scrape: [Cordero y otros] Vacuno
  productos únicos: 100

Scrape: [Cordero y otros] Molida, bistec y otros
  productos únicos: 24

Scrape: [Cordero y otros] Huesos y otros
  productos únicos: 2

Scrape: [Cordero y otros] Filete y lomo
  productos únicos: 9

Scrape: [Cordero y otros] Parrilleros
  productos únicos: 24

Scrape: [Cordero y otros] Otros cortes
  productos únicos: 28

Scrape: [Cordero y otros] Vacuno premium
  productos únicos: 68

Scrape: [Cordero y otros] Pollo
  productos únicos: 88

Scrape: [Cordero y otros] Pechugas y filetitos
  productos únicos: 42

Scrape: [Cordero y otros] Trutro
  productos únicos: 38

Scrape: [Cordero y otros] Saborizados
  productos únicos: 6

Scrape: [Cordero y otros] Pollo entero
  productos únicos: 2

Scrape: [Cordero y otros] Cerdo
  productos únicos: 53

Scrape: [Cordero y otros] Costillas y costillar
  productos únicos: 15

Scrape: [Cordero y otros] Malaya y plateada
  productos únicos: 8

Scrape: [Cordero y otros] Chuleta
  productos únicos: 8

Scrape: [Cordero y otros] Lomo cerdo
  productos únicos: 8

Scrape: [Cordero y otros] Pulpa cerdo
  productos únicos: 9

Scrape: [Cordero y otros] Otros cortes
  productos únicos: 5

Scrape: [Cordero y otros] Pavo
  productos únicos: 8

Scrape: [Cordero y otros] Pechuga y filete
  productos únicos: 2

Scrape: [Cordero y otros] Pavo molido y picado
  productos únicos: 2

Scrape: [Cordero y otros] Pavo entero
  productos únicos: 1

Scrape: [Cordero y otros] Trutros y otros
  productos únicos: 3

Scrape: [Cordero y otros] Cordero y otros
  productos únicos: 4

Scrape: [Cordero y otros] Cordero
  productos únicos: 4

Scrape: [Cordero y otros] Otros
  productos únicos: 0

Scrape: [Cordero y otros] Pescadería
  productos únicos: 0

Scrape: [Pescadería] Vacuno
  productos únicos: 100

Scrape: [Pescadería] Molida, bistec y otros
  productos únicos: 24

Scrape: [Pescadería] Huesos y otros
  productos únicos: 2

Scrape: [Pescadería] Filete y lomo
  productos únicos: 9

Scrape: [Pescadería] Parrilleros
  productos únicos: 24

Scrape: [Pescadería] Otros cortes
  productos únicos: 28

Scrape: [Pescadería] Vacuno premium
  productos únicos: 68

Scrape: [Pescadería] Pollo
  productos únicos: 88

Scrape: [Pescadería] Pechugas y filetitos
  productos únicos: 42

Scrape: [Pescadería] Trutro
  productos únicos: 38

Scrape: [Pescadería] Saborizados
  productos únicos: 6

Scrape: [Pescadería] Pollo entero
  productos únicos: 2

Scrape: [Pescadería] Cerdo
  productos únicos: 53

Scrape: [Pescadería] Costillas y costillar
  productos únicos: 15

Scrape: [Pescadería] Malaya y plateada
  productos únicos: 8

Scrape: [Pescadería] Chuleta
  productos únicos: 8

Scrape: [Pescadería] Lomo cerdo
  productos únicos: 8

Scrape: [Pescadería] Pulpa cerdo
  productos únicos: 9

Scrape: [Pescadería] Otros cortes
  productos únicos: 5

Scrape: [Pescadería] Pavo
  productos únicos: 8

Scrape: [Pescadería] Pechuga y filete
  productos únicos: 2

Scrape: [Pescadería] Pavo molido y picado
  productos únicos: 2

Scrape: [Pescadería] Pavo entero
  productos únicos: 1

Scrape: [Pescadería] Trutros y otros
  productos únicos: 3

Scrape: [Pescadería] Cordero y otros
  productos únicos: 4

Scrape: [Pescadería] Cordero
  productos únicos: 4

Scrape: [Pescadería] Otros
  productos únicos: 0

Scrape: [Pescadería] Pescadería
  productos únicos: 0

Total filas: 561
CSV generado: output\carnes\unimarc_carnes_subcats_20260224_024140.csv
