
Subcategorías detectadas en [Bebés y Niños]: 45
 - Alimentación | Alimentación -> https://www.unimarc.cl/category/bebes-y-ninos/alimentacion
 - Alimentación | Colados y picados -> https://www.unimarc.cl/category/bebes-y-ninos/alimentacion/colados-y-picados
 - Alimentación | Cereales y postres -> https://www.unimarc.cl/category/bebes-y-ninos/alimentacion/cereales-y-postres
 - Alimentación | Leches y fórmulas -> https://www.unimarc.cl/category/bebes-y-ninos/alimentacion/leches-y-formulas
 - Alimentación | Mamaderas, chupetes y accesorios -> https://www.unimarc.cl/category/bebes-y-ninos/alimentacion/mamaderas-chupetes-y-accesorios
 - Alimentación | Pañales y toallas húmedas -> https://www.unimarc.cl/category/bebes-y-ninos/panales-y-toallas-humedas
 - Alimentación | Pañales -> https://www.unimarc.cl/category/bebes-y-ninos/panales-y-toallas-humedas/panales
 - Alimentación | Toallas húmedas -> https://www.unimarc.cl/category/bebes-y-ninos/panales-y-toallas-humedas/toallas-humedas
 - Alimentación | Perfumería -> https://www.unimarc.cl/category/bebes-y-ninos/perfumeria
 - Alimentación | Shampoo y acondicionadores -> https://www.unimarc.cl/category/bebes-y-ninos/perfumeria/shampoo-y-acondicionadores
 - Alimentación | Jabones -> https://www.unimarc.cl/category/bebes-y-ninos/perfumeria/jabones
 - Alimentación | Perfumes y colonias -> https://www.unimarc.cl/category/bebes-y-ninos/perfumeria/perfumes-y-colonias
 - Alimentación | Talco, pomadas y varitas de algodón -> https://www.unimarc.cl/category/bebes-y-ninos/perfumeria/talco-pomadas-y-varitas-de-algodon
 - Alimentación | Cremas y aceites -> https://www.unimarc.cl/category/bebes-y-ninos/perfumeria/cremas-y-aceites
 - Alimentación | Ropa y accesorios -> https://www.unimarc.cl/category/bebes-y-ninos/perfumeria/ropa-y-accesorios
 - Pañales y toallas húmedas | Alimentación -> https://www.unimarc.cl/category/bebes-y-ninos/alimentacion
 - Pañales y toallas húmedas | Colados y picados -> https://www.unimarc.cl/category/bebes-y-ninos/alimentacion/colados-y-picados
 - Pañales y toallas húmedas | Cereales y postres -> https://www.unimarc.cl/category/bebes-y-ninos/alimentacion/cereales-y-postres
 - Pañales y toallas húmedas | Leches y fórmulas -> https://www.unimarc.cl/category/bebes-y-ninos/alimentacion/leches-y-formulas
 - Pañales y toallas húmedas | Mamaderas, chupetes y accesorios -> https://www.unimarc.cl/category/bebes-y-ninos/alimentacion/mamaderas-chupetes-y-accesorios
 - Pañales y toallas húmedas | Pañales y toallas húmedas -> https://www.unimarc.cl/category/bebes-y-ninos/panales-y-toallas-humedas
 - Pañales y toallas húmedas | Pañales -> https://www.unimarc.cl/category/bebes-y-ninos/panales-y-toallas-humedas/panales
 - Pañales y toallas húmedas | Toallas húmedas -> https://www.unimarc.cl/category/bebes-y-ninos/panales-y-toallas-humedas/toallas-humedas
 - Pañales y toallas húmedas | Perfumería -> https://www.unimarc.cl/category/bebes-y-ninos/perfumeria
 - Pañales y toallas húmedas | Shampoo y acondicionadores -> https://www.unimarc.cl/category/bebes-y-ninos/perfumeria/shampoo-y-acondicionadores
 - Pañales y toallas húmedas | Jabones -> https://www.unimarc.cl/category/bebes-y-ninos/perfumeria/jabones
 - Pañales y toallas húmedas | Perfumes y colonias -> https://www.unimarc.cl/category/bebes-y-ninos/perfumeria/perfumes-y-colonias
 - Pañales y toallas húmedas | Talco, pomadas y varitas de algodón -> https://www.unimarc.cl/category/bebes-y-ninos/perfumeria/talco-pomadas-y-varitas-de-algodon
 - Pañales y toallas húmedas | Cremas y aceites -> https://www.unimarc.cl/category/bebes-y-ninos/perfumeria/cremas-y-aceites
 - Pañales y toallas húmedas | Ropa y accesorios -> https://www.unimarc.cl/category/bebes-y-ninos/perfumeria/ropa-y-accesorios
 - Perfumería | Alimentación -> https://www.unimarc.cl/category/bebes-y-ninos/alimentacion
 - Perfumería | Colados y picados -> https://www.unimarc.cl/category/bebes-y-ninos/alimentacion/colados-y-picados
 - Perfumería | Cereales y postres -> https://www.unimarc.cl/category/bebes-y-ninos/alimentacion/cereales-y-postres
 - Perfumería | Leches y fórmulas -> https://www.unimarc.cl/category/bebes-y-ninos/alimentacion/leches-y-formulas
 - Perfumería | Mamaderas, chupetes y accesorios -> https://www.unimarc.cl/category/bebes-y-ninos/alimentacion/mamaderas-chupetes-y-accesorios
 - Perfumería | Pañales y toallas húmedas -> https://www.unimarc.cl/category/bebes-y-ninos/panales-y-toallas-humedas
 - Perfumería | Pañales -> https://www.unimarc.cl/category/bebes-y-ninos/panales-y-toallas-humedas/panales
 - Perfumería | Toallas húmedas -> https://www.unimarc.cl/category/bebes-y-ninos/panales-y-toallas-humedas/toallas-humedas
 - Perfumería | Perfumería -> https://www.unimarc.cl/category/bebes-y-ninos/perfumeria
 - Perfumería | Shampoo y acondicionadores -> https://www.unimarc.cl/category/bebes-y-ninos/perfumeria/shampoo-y-acondicionadores
 - Perfumería | Jabones -> https://www.unimarc.cl/category/bebes-y-ninos/perfumeria/jabones
 - Perfumería | Perfumes y colonias -> https://www.unimarc.cl/category/bebes-y-ninos/perfumeria/perfumes-y-colonias
 - Perfumería | Talco, pomadas y varitas de algodón -> https://www.unimarc.cl/category/bebes-y-ninos/perfumeria/talco-pomadas-y-varitas-de-algodon
 - Perfumería | Cremas y aceites -> https://www.unimarc.cl/category/bebes-y-ninos/perfumeria/cremas-y-aceites
 - Perfumería | Ropa y accesorios -> https://www.unimarc.cl/category/bebes-y-ninos/perfumeria/ropa-y-accesorios

Scrape: [Alimentación] Alimentación
  productos únicos: 62

Scrape: [Alimentación] Colados y picados
  productos únicos: 21

Scrape: [Alimentación] Cereales y postres
  productos únicos: 18

Scrape: [Alimentación] Leches y fórmulas
  productos únicos: 7

Scrape: [Alimentación] Mamaderas, chupetes y accesorios
  productos únicos: 16

Scrape: [Alimentación] Pañales y toallas húmedas
  productos únicos: 100

Scrape: [Alimentación] Pañales
  productos únicos: 82

Scrape: [Alimentación] Toallas húmedas
  productos únicos: 17

Scrape: [Alimentación] Perfumería
  productos únicos: 63

Scrape: [Alimentación] Shampoo y acondicionadores
  productos únicos: 27

Scrape: [Alimentación] Jabones
  productos únicos: 5

Scrape: [Alimentación] Perfumes y colonias
  productos únicos: 10

Scrape: [Alimentación] Talco, pomadas y varitas de algodón
  productos únicos: 8

Scrape: [Alimentación] Cremas y aceites
  productos únicos: 8

Scrape: [Alimentación] Ropa y accesorios
  productos únicos: 5

Scrape: [Pañales y toallas húmedas] Alimentación
  productos únicos: 62

Scrape: [Pañales y toallas húmedas] Colados y picados
  productos únicos: 21

Scrape: [Pañales y toallas húmedas] Cereales y postres
  productos únicos: 18

Scrape: [Pañales y toallas húmedas] Leches y fórmulas
  productos únicos: 7

Scrape: [Pañales y toallas húmedas] Mamaderas, chupetes y accesorios
  productos únicos: 16

Scrape: [Pañales y toallas húmedas] Pañales y toallas húmedas
  productos únicos: 100

Scrape: [Pañales y toallas húmedas] Pañales
  productos únicos: 82

Scrape: [Pañales y toallas húmedas] Toallas húmedas
  productos únicos: 17

Scrape: [Pañales y toallas húmedas] Perfumería
  productos únicos: 63

Scrape: [Pañales y toallas húmedas] Shampoo y acondicionadores
  productos únicos: 27

Scrape: [Pañales y toallas húmedas] Jabones
  productos únicos: 5

Scrape: [Pañales y toallas húmedas] Perfumes y colonias
  productos únicos: 10

Scrape: [Pañales y toallas húmedas] Talco, pomadas y varitas de algodón
  productos únicos: 8

Scrape: [Pañales y toallas húmedas] Cremas y aceites
  productos únicos: 8

Scrape: [Pañales y toallas húmedas] Ropa y accesorios
  productos únicos: 5

Scrape: [Perfumería] Alimentación
  productos únicos: 62

Scrape: [Perfumería] Colados y picados
  productos únicos: 21

Scrape: [Perfumería] Cereales y postres
  productos únicos: 18

Scrape: [Perfumería] Leches y fórmulas
  productos únicos: 7

Scrape: [Perfumería] Mamaderas, chupetes y accesorios
  productos únicos: 16

Scrape: [Perfumería] Pañales y toallas húmedas
  productos únicos: 100

Scrape: [Perfumería] Pañales
  productos únicos: 82

Scrape: [Perfumería] Toallas húmedas
  productos únicos: 17

Scrape: [Perfumería] Perfumería
  productos únicos: 63

Scrape: [Perfumería] Shampoo y acondicionadores
  productos únicos: 27

Scrape: [Perfumería] Jabones
  productos únicos: 5

Scrape: [Perfumería] Perfumes y colonias
  productos únicos: 10

Scrape: [Perfumería] Talco, pomadas y varitas de algodón
  productos únicos: 8

Scrape: [Perfumería] Cremas y aceites
  productos únicos: 8

Scrape: [Perfumería] Ropa y accesorios
  productos únicos: 5

Total filas: 449
CSV generado: output\bebes_ninos\unimarc_bebes-y-ninos_subcats_20260224_014256.csv
