
Subcategorías detectadas en [Despensa]: 69
 - Productos naturales | Arroz y legumbres -> https://www.unimarc.cl/category/despensa/arroz-y-legumbres
 - Productos naturales | Arroz -> https://www.unimarc.cl/category/despensa/arroz-y-legumbres/arroz
 - Productos naturales | Arroz preparado -> https://www.unimarc.cl/category/despensa/arroz-y-legumbres/arroz-preparado
 - Productos naturales | Legumbres -> https://www.unimarc.cl/category/despensa/arroz-y-legumbres/legumbres
 - Productos naturales | Quínoa -> https://www.unimarc.cl/category/despensa/arroz-y-legumbres/quinoa
 - Productos naturales | Fideos, pastas y salsas -> https://www.unimarc.cl/category/despensa/fideos-pastas-y-salsas
 - Productos naturales | Cortos -> https://www.unimarc.cl/category/despensa/fideos-pastas-y-salsas/cortos
 - Productos naturales | Couscous -> https://www.unimarc.cl/category/despensa/fideos-pastas-y-salsas/couscous
 - Productos naturales | Instantáneos -> https://www.unimarc.cl/category/despensa/fideos-pastas-y-salsas/instantaneos
 - Productos naturales | Largos -> https://www.unimarc.cl/category/despensa/fideos-pastas-y-salsas/largos
 - Productos naturales | Lasaña -> https://www.unimarc.cl/category/despensa/fideos-pastas-y-salsas/lasana
 - Productos naturales | Rellenos -> https://www.unimarc.cl/category/despensa/fideos-pastas-y-salsas/rellenos
 - Productos naturales | Salsa para pastas -> https://www.unimarc.cl/category/despensa/fideos-pastas-y-salsas/salsa-para-pastas
 - Productos naturales | Pastas frescas -> https://www.unimarc.cl/category/despensa/fideos-pastas-y-salsas/pastas-frescas
 - Productos naturales | Aceite y aliños -> https://www.unimarc.cl/category/despensa/aceite-y-alinos
 - Productos naturales | Aceite maravilla -> https://www.unimarc.cl/category/despensa/aceite-y-alinos/aceite-maravilla
 - Productos naturales | Aceite oliva -> https://www.unimarc.cl/category/despensa/aceite-y-alinos/aceite-oliva
 - Productos naturales | Aceite vegetal -> https://www.unimarc.cl/category/despensa/aceite-y-alinos/aceite-vegetal
 - Productos naturales | Otros aceites -> https://www.unimarc.cl/category/despensa/aceite-y-alinos/otros-aceites
 - Productos naturales | Sal -> https://www.unimarc.cl/category/despensa/aceite-y-alinos/sal
 - Productos naturales | Sucedáneo -> https://www.unimarc.cl/category/despensa/aceite-y-alinos/sucedaneo
 - Productos naturales | Vinagre y aceto -> https://www.unimarc.cl/category/despensa/aceite-y-alinos/vinagre-y-aceto
 - Productos naturales | Azúcar y endulzantes -> https://www.unimarc.cl/category/despensa/azucar-y-endulzantes
 - Productos naturales | Azúcar -> https://www.unimarc.cl/category/despensa/azucar-y-endulzantes/azucar
 - Productos naturales | Endulzantes -> https://www.unimarc.cl/category/despensa/azucar-y-endulzantes/endulzantes
 - Productos naturales | Condimentos y salsas -> https://www.unimarc.cl/category/despensa/condimentos-y-salsas
 - Productos naturales | Condimentos -> https://www.unimarc.cl/category/despensa/condimentos-y-salsas/condimentos
 - Productos naturales | Ketchup -> https://www.unimarc.cl/category/despensa/condimentos-y-salsas/ketchup
 - Productos naturales | Mayonesa -> https://www.unimarc.cl/category/despensa/condimentos-y-salsas/mayonesa
 - Productos naturales | Mostaza -> https://www.unimarc.cl/category/despensa/condimentos-y-salsas/mostaza
 - Productos naturales | Otras salsas -> https://www.unimarc.cl/category/despensa/condimentos-y-salsas/otras-salsas
 - Productos naturales | Salsa de soya -> https://www.unimarc.cl/category/despensa/condimentos-y-salsas/salsa-de-soya
 - Productos naturales | Salsa picante -> https://www.unimarc.cl/category/despensa/condimentos-y-salsas/salsa-picante
 - Productos naturales | Harina y repostería -> https://www.unimarc.cl/category/despensa/harina-y-reposteria
 - Productos naturales | Harina -> https://www.unimarc.cl/category/despensa/harina-y-reposteria/harina
 - Productos naturales | Leche condensada y evaporada -> https://www.unimarc.cl/category/despensa/harina-y-reposteria/leche-condensada-y-evaporada
 - Productos naturales | Levadura y polvos de hornear -> https://www.unimarc.cl/category/despensa/harina-y-reposteria/levadura-y-polvos-de-hornear
 - Productos naturales | Maicena y sémola -> https://www.unimarc.cl/category/despensa/harina-y-reposteria/maicena-y-semola
 - Productos naturales | Postres en polvo -> https://www.unimarc.cl/category/despensa/harina-y-reposteria/postres-en-polvo
 - Productos naturales | Bases y premezclas -> https://www.unimarc.cl/category/despensa/harina-y-reposteria/bases-y-premezclas
 - Productos naturales | Decoración y coberturas -> https://www.unimarc.cl/category/despensa/harina-y-reposteria/decoracion-y-coberturas
 - Productos naturales | Esencias -> https://www.unimarc.cl/category/despensa/harina-y-reposteria/esencias
 - Productos naturales | Conservas -> https://www.unimarc.cl/category/despensa/conservas
 - Productos naturales | Comida en conserva -> https://www.unimarc.cl/category/despensa/conservas/comida-en-conserva
 - Productos naturales | Frutas en conserva -> https://www.unimarc.cl/category/despensa/conservas/frutas-en-conserva
 - Productos naturales | Legumbres en conserva -> https://www.unimarc.cl/category/despensa/conservas/legumbres-en-conserva
 - Productos naturales | Pescados y mariscos en conserva -> https://www.unimarc.cl/category/despensa/conservas/pescados-y-mariscos-en-conserva
 - Productos naturales | Verduras en conserva -> https://www.unimarc.cl/category/despensa/conservas/verduras-en-conserva
 - Productos naturales | Cóctel y snacks -> https://www.unimarc.cl/category/despensa/coctel-y-snacks
 - Productos naturales | Frutos secos -> https://www.unimarc.cl/category/despensa/coctel-y-snacks/frutos-secos
 - Productos naturales | Galletas cóctel -> https://www.unimarc.cl/category/despensa/coctel-y-snacks/galletas-coctel
 - Productos naturales | Papas fritas -> https://www.unimarc.cl/category/despensa/coctel-y-snacks/papas-fritas
 - Productos naturales | Pastas y salsas -> https://www.unimarc.cl/category/despensa/coctel-y-snacks/pastas-y-salsas
 - Productos naturales | Snack -> https://www.unimarc.cl/category/despensa/coctel-y-snacks/snack
 - Productos naturales | Aceitunas y encurtidos -> https://www.unimarc.cl/category/despensa/coctel-y-snacks/aceitunas-y-encurtidos
 - Productos naturales | Comida instantánea y preparada -> https://www.unimarc.cl/category/despensa/comida-instantanea-y-preparada
 - Productos naturales | Puré instantáneo -> https://www.unimarc.cl/category/despensa/comida-instantanea-y-preparada/pure-instantaneo
 - Productos naturales | Sopas, cremas y bases -> https://www.unimarc.cl/category/despensa/comida-instantanea-y-preparada/sopas-cremas-y-bases
 - Productos naturales | Sandwich y tortillas -> https://www.unimarc.cl/category/despensa/comida-instantanea-y-preparada/sandwich-y-tortillas
 - Productos naturales | Platos y ensaladas -> https://www.unimarc.cl/category/despensa/comida-instantanea-y-preparada/platos-y-ensaladas
 - Productos naturales | Fideos y pastas -> https://www.unimarc.cl/category/despensa/comida-instantanea-y-preparada/fideos-y-pastas
 - Productos naturales | Cocina internacional -> https://www.unimarc.cl/category/despensa/cocina-internacional
 - Productos naturales | Comida japonesa -> https://www.unimarc.cl/category/despensa/cocina-internacional/comida-japonesa
 - Productos naturales | Comida árabe -> https://www.unimarc.cl/category/despensa/cocina-internacional/comida-arabe
 - Productos naturales | Comida thai -> https://www.unimarc.cl/category/despensa/cocina-internacional/comida-thai
 - Productos naturales | Comida peruana -> https://www.unimarc.cl/category/despensa/cocina-internacional/comida-peruana
 - Productos naturales | Productos naturales -> https://www.unimarc.cl/category/despensa/productos-naturales
 - Productos naturales | Cereales y funcionales -> https://www.unimarc.cl/category/despensa/productos-naturales/cereales-y-funcionales
 - Productos naturales | Semillas -> https://www.unimarc.cl/category/despensa/productos-naturales/semillas

Scrape: [Productos naturales] Arroz y legumbres
  productos únicos: 64

Scrape: [Productos naturales] Arroz
  productos únicos: 21

Scrape: [Productos naturales] Arroz preparado
  productos únicos: 10

Scrape: [Productos naturales] Legumbres
  productos únicos: 26

Scrape: [Productos naturales] Quínoa
  productos únicos: 7

Scrape: [Productos naturales] Fideos, pastas y salsas
  productos únicos: 177

Scrape: [Productos naturales] Cortos
  productos únicos: 49

Scrape: [Productos naturales] Couscous
  productos únicos: 4

Scrape: [Productos naturales] Instantáneos
  productos únicos: 18

Scrape: [Productos naturales] Largos
  productos únicos: 31

Scrape: [Productos naturales] Lasaña
  productos únicos: 4

Scrape: [Productos naturales] Rellenos
  productos únicos: 5

Scrape: [Productos naturales] Salsa para pastas
  productos únicos: 47

Scrape: [Productos naturales] Pastas frescas
  productos únicos: 19

Scrape: [Productos naturales] Aceite y aliños
  productos únicos: 99

Scrape: [Productos naturales] Aceite maravilla
  productos únicos: 7

Scrape: [Productos naturales] Aceite oliva
  productos únicos: 22

Scrape: [Productos naturales] Aceite vegetal
  productos únicos: 8

Scrape: [Productos naturales] Otros aceites
  productos únicos: 9

Scrape: [Productos naturales] Sal
  productos únicos: 30

Scrape: [Productos naturales] Sucedáneo
  productos únicos: 7

Scrape: [Productos naturales] Vinagre y aceto
  productos únicos: 16

Scrape: [Productos naturales] Azúcar y endulzantes
  productos únicos: 47

Scrape: [Productos naturales] Azúcar
  productos únicos: 22

Scrape: [Productos naturales] Endulzantes
  productos únicos: 25

Scrape: [Productos naturales] Condimentos y salsas
  productos únicos: 284

Scrape: [Productos naturales] Condimentos
  productos únicos: 142

Scrape: [Productos naturales] Ketchup
  productos únicos: 25

Scrape: [Productos naturales] Mayonesa
  productos únicos: 31

Scrape: [Productos naturales] Mostaza
  productos únicos: 22

Scrape: [Productos naturales] Otras salsas
  productos únicos: 32

Scrape: [Productos naturales] Salsa de soya
  productos únicos: 12

Scrape: [Productos naturales] Salsa picante
  productos únicos: 19

Scrape: [Productos naturales] Harina y repostería
  productos únicos: 156

Scrape: [Productos naturales] Harina
  productos únicos: 35

Scrape: [Productos naturales] Leche condensada y evaporada
  productos únicos: 9

Scrape: [Productos naturales] Levadura y polvos de hornear
  productos únicos: 18

Scrape: [Productos naturales] Maicena y sémola
  productos únicos: 7

Scrape: [Productos naturales] Postres en polvo
  productos únicos: 34

Scrape: [Productos naturales] Bases y premezclas
  productos únicos: 21

Scrape: [Productos naturales] Decoración y coberturas
  productos únicos: 23

Scrape: [Productos naturales] Esencias
  productos únicos: 8

Scrape: [Productos naturales] Conservas
  productos únicos: 162

Scrape: [Productos naturales] Comida en conserva
  productos únicos: 6

Scrape: [Productos naturales] Frutas en conserva
  productos únicos: 38

Scrape: [Productos naturales] Legumbres en conserva
  productos únicos: 15

Scrape: [Productos naturales] Pescados y mariscos en conserva
  productos únicos: 68

Scrape: [Productos naturales] Verduras en conserva
  productos únicos: 35

Scrape: [Productos naturales] Cóctel y snacks
  productos únicos: 395

Scrape: [Productos naturales] Frutos secos
  productos únicos: 88

Scrape: [Productos naturales] Galletas cóctel
  productos únicos: 25

Scrape: [Productos naturales] Papas fritas
  productos únicos: 80

Scrape: [Productos naturales] Pastas y salsas
  productos únicos: 29

Scrape: [Productos naturales] Snack
  productos únicos: 125

Scrape: [Productos naturales] Aceitunas y encurtidos
  productos únicos: 48

Scrape: [Productos naturales] Comida instantánea y preparada
  productos únicos: 150

Scrape: [Productos naturales] Puré instantáneo
  productos únicos: 9

Scrape: [Productos naturales] Sopas, cremas y bases
  productos únicos: 82

Scrape: [Productos naturales] Sandwich y tortillas
  productos únicos: 9

Scrape: [Productos naturales] Platos y ensaladas
  productos únicos: 32

Scrape: [Productos naturales] Fideos y pastas
  productos únicos: 18

Scrape: [Productos naturales] Cocina internacional
  productos únicos: 15

Scrape: [Productos naturales] Comida japonesa
  productos únicos: 2

Scrape: [Productos naturales] Comida árabe
  productos únicos: 8

Scrape: [Productos naturales] Comida thai
  productos únicos: 5

Scrape: [Productos naturales] Comida peruana
  productos únicos: 0

Scrape: [Productos naturales] Productos naturales
  productos únicos: 30

Scrape: [Productos naturales] Cereales y funcionales
  productos únicos: 22

Scrape: [Productos naturales] Semillas
  productos únicos: 8

Total filas: 3156
CSV generado: C:\Users\fvergram\OneDrive - NTT DATA EMEAL\Desktop\webscrapping\Supermercados\Unimarc\src\output\despensa\unimarc_despensa_subcats_20260222_022217.csv
