
Subcategorías detectadas en [Quesos y Fiambres]: 30
 - Fiambres y embutidos | Fiambres y embutidos -> https://www.unimarc.cl/category/quesos-y-fiambres/fiambres-y-embutidos
 - Fiambres y embutidos | Jamón y mortadela -> https://www.unimarc.cl/category/quesos-y-fiambres/fiambres-y-embutidos/jamon-y-mortadela
 - Fiambres y embutidos | Salame y tocino -> https://www.unimarc.cl/category/quesos-y-fiambres/fiambres-y-embutidos/salame-y-tocino
 - Fiambres y embutidos | Jamón serrano y otros -> https://www.unimarc.cl/category/quesos-y-fiambres/fiambres-y-embutidos/jamon-serrano-y-otros
 - Fiambres y embutidos | Paté -> https://www.unimarc.cl/category/quesos-y-fiambres/fiambres-y-embutidos/pate
 - Fiambres y embutidos | Salchichas -> https://www.unimarc.cl/category/quesos-y-fiambres/fiambres-y-embutidos/salchichas
 - Fiambres y embutidos | Parrilleros -> https://www.unimarc.cl/category/quesos-y-fiambres/fiambres-y-embutidos/parrilleros
 - Fiambres y embutidos | Quesos -> https://www.unimarc.cl/category/quesos-y-fiambres/quesos
 - Fiambres y embutidos | Mantecoso y chanco -> https://www.unimarc.cl/category/quesos-y-fiambres/quesos/mantecoso-y-chanco
 - Fiambres y embutidos | Gauda y ranco -> https://www.unimarc.cl/category/quesos-y-fiambres/quesos/gauda-y-ranco
 - Fiambres y embutidos | Queso fresco -> https://www.unimarc.cl/category/quesos-y-fiambres/quesos/queso-fresco
 - Fiambres y embutidos | Especiales y tablas -> https://www.unimarc.cl/category/quesos-y-fiambres/quesos/especiales-y-tablas
 - Fiambres y embutidos | Queso crema y untables -> https://www.unimarc.cl/category/quesos-y-fiambres/quesos/queso-crema-y-untables
 - Fiambres y embutidos | Cabra y oveja -> https://www.unimarc.cl/category/quesos-y-fiambres/quesos/cabra-y-oveja
 - Fiambres y embutidos | Rallados y granulados -> https://www.unimarc.cl/category/quesos-y-fiambres/quesos/rallados-y-granulados
 - Quesos | Fiambres y embutidos -> https://www.unimarc.cl/category/quesos-y-fiambres/fiambres-y-embutidos
 - Quesos | Jamón y mortadela -> https://www.unimarc.cl/category/quesos-y-fiambres/fiambres-y-embutidos/jamon-y-mortadela
 - Quesos | Salame y tocino -> https://www.unimarc.cl/category/quesos-y-fiambres/fiambres-y-embutidos/salame-y-tocino
 - Quesos | Jamón serrano y otros -> https://www.unimarc.cl/category/quesos-y-fiambres/fiambres-y-embutidos/jamon-serrano-y-otros
 - Quesos | Paté -> https://www.unimarc.cl/category/quesos-y-fiambres/fiambres-y-embutidos/pate
 - Quesos | Salchichas -> https://www.unimarc.cl/category/quesos-y-fiambres/fiambres-y-embutidos/salchichas
 - Quesos | Parrilleros -> https://www.unimarc.cl/category/quesos-y-fiambres/fiambres-y-embutidos/parrilleros
 - Quesos | Quesos -> https://www.unimarc.cl/category/quesos-y-fiambres/quesos
 - Quesos | Mantecoso y chanco -> https://www.unimarc.cl/category/quesos-y-fiambres/quesos/mantecoso-y-chanco
 - Quesos | Gauda y ranco -> https://www.unimarc.cl/category/quesos-y-fiambres/quesos/gauda-y-ranco
 - Quesos | Queso fresco -> https://www.unimarc.cl/category/quesos-y-fiambres/quesos/queso-fresco
 - Quesos | Especiales y tablas -> https://www.unimarc.cl/category/quesos-y-fiambres/quesos/especiales-y-tablas
 - Quesos | Queso crema y untables -> https://www.unimarc.cl/category/quesos-y-fiambres/quesos/queso-crema-y-untables
 - Quesos | Cabra y oveja -> https://www.unimarc.cl/category/quesos-y-fiambres/quesos/cabra-y-oveja
 - Quesos | Rallados y granulados -> https://www.unimarc.cl/category/quesos-y-fiambres/quesos/rallados-y-granulados

Scrape: [Fiambres y embutidos] Fiambres y embutidos
  productos únicos: 100

Scrape: [Fiambres y embutidos] Jamón y mortadela
  productos únicos: 63

Scrape: [Fiambres y embutidos] Salame y tocino
  productos únicos: 25

Scrape: [Fiambres y embutidos] Jamón serrano y otros
  productos únicos: 16

Scrape: [Fiambres y embutidos] Paté
  productos únicos: 24

Scrape: [Fiambres y embutidos] Salchichas
  productos únicos: 32

Scrape: [Fiambres y embutidos] Parrilleros
  productos únicos: 45

Scrape: [Fiambres y embutidos] Quesos
  productos únicos: 100

Scrape: [Fiambres y embutidos] Mantecoso y chanco
  productos únicos: 66

Scrape: [Fiambres y embutidos] Gauda y ranco
  productos únicos: 23

Scrape: [Fiambres y embutidos] Queso fresco
  productos únicos: 26

Scrape: [Fiambres y embutidos] Especiales y tablas
  productos únicos: 81

Scrape: [Fiambres y embutidos] Queso crema y untables
  productos únicos: 23

Scrape: [Fiambres y embutidos] Cabra y oveja
  productos únicos: 17

Scrape: [Fiambres y embutidos] Rallados y granulados
  productos únicos: 24

Scrape: [Quesos] Fiambres y embutidos
  productos únicos: 100

Scrape: [Quesos] Jamón y mortadela
  productos únicos: 63

Scrape: [Quesos] Salame y tocino
  productos únicos: 25

Scrape: [Quesos] Jamón serrano y otros
  productos únicos: 16

Scrape: [Quesos] Paté
  productos únicos: 24

Scrape: [Quesos] Salchichas
  productos únicos: 32

Scrape: [Quesos] Parrilleros
  productos únicos: 45

Scrape: [Quesos] Quesos
  productos únicos: 100

Scrape: [Quesos] Mantecoso y chanco
  productos únicos: 66

Scrape: [Quesos] Gauda y ranco
  productos únicos: 23

Scrape: [Quesos] Queso fresco
  productos únicos: 26

Scrape: [Quesos] Especiales y tablas
  productos únicos: 81

Scrape: [Quesos] Queso crema y untables
  productos únicos: 23

Scrape: [Quesos] Cabra y oveja
  productos únicos: 17

Scrape: [Quesos] Rallados y granulados
  productos únicos: 24

Total filas: 665
CSV generado: C:\Users\fvergram\OneDrive - NTT DATA EMEAL\Desktop\webscrapping\Supermercados\Unimarc\src\output\quesos_fiambres\unimarc_quesos-y-fiambres_subcats_20260222_022705.csv
