
Subcategorías:
- Leches (Mostrar todo) -> https://www.jumbo.cl/lacteos-huevos-y-congelados/leches
- Leche Líquida -> https://www.jumbo.cl/lacteos-huevos-y-congelados/leches/leche-liquida
- Leche en Polvo -> https://www.jumbo.cl/lacteos-huevos-y-congelados/leches/leche-en-polvo
- Saborizantes -> https://www.jumbo.cl/lacteos-huevos-y-congelados/leches/saborizantes
- Leches (Mostrar todo) -> https://www.jumbo.cl/lacteos-huevos-y-congelados/leches
- Yoghurt (Mostrar todo) -> https://www.jumbo.cl/lacteos-huevos-y-congelados/yoghurt
- Yoghurt Batido -> https://www.jumbo.cl/lacteos-huevos-y-congelados/yoghurt/yoghurt-batido
- Yoghurt con Proteínas -> https://www.jumbo.cl/lacteos-huevos-y-congelados/yoghurt/yoghurt-con-proteinas
- Yoghurt Light y Sin Azúcar -> https://www.jumbo.cl/lacteos-huevos-y-congelados/yoghurt/yoghurt-light-y-sin-azucar
- Yoghurt Natural y Griego -> https://www.jumbo.cl/lacteos-huevos-y-congelados/yoghurt/yoghurt-natural-y-griego
- Yoghurt (Mostrar todo) -> https://www.jumbo.cl/lacteos-huevos-y-congelados/yoghurt
- Leches Cultivadas y Bebidas Lácteas (Mostrar todo) -> https://www.jumbo.cl/lacteos-huevos-y-congelados/leches-cultivadas-y-bebidas-lacteas
- Leches Cultivadas -> https://www.jumbo.cl/lacteos-huevos-y-congelados/leches-cultivadas-y-bebidas-lacteas/leches-cultivadas
- Bebidas Lácteas y Probióticos -> https://www.jumbo.cl/lacteos-huevos-y-congelados/leches-cultivadas-y-bebidas-lacteas/bebidas-lacteas-y-probioticos
- Leches Cultivadas y Bebidas Lácteas (Mostrar todo) -> https://www.jumbo.cl/lacteos-huevos-y-congelados/leches-cultivadas-y-bebidas-lacteas
- Postres Refrigerados (Mostrar todo) -> https://www.jumbo.cl/lacteos-huevos-y-congelados/postres-refrigerados
- Postres -> https://www.jumbo.cl/lacteos-huevos-y-congelados/postres-refrigerados/postres
- Flanes -> https://www.jumbo.cl/lacteos-huevos-y-congelados/postres-refrigerados/flanes
- Jaleas y Compotas -> https://www.jumbo.cl/lacteos-huevos-y-congelados/postres-refrigerados/jaleas-y-compotas
- Postres Refrigerados (Mostrar todo) -> https://www.jumbo.cl/lacteos-huevos-y-congelados/postres-refrigerados
- Mantequillas y Margarinas (Mostrar todo) -> https://www.jumbo.cl/lacteos-huevos-y-congelados/mantequillas-y-margarinas
- Mantequillas -> https://www.jumbo.cl/lacteos-huevos-y-congelados/mantequillas-y-margarinas/mantequillas
- Margarinas -> https://www.jumbo.cl/lacteos-huevos-y-congelados/mantequillas-y-margarinas/margarinas
- Mantecas -> https://www.jumbo.cl/lacteos-huevos-y-congelados/mantequillas-y-margarinas/mantecas
- Levadura Fresca -> https://www.jumbo.cl/lacteos-huevos-y-congelados/mantequillas-y-margarinas/levadura-fresca
- Mantequillas y Margarinas (Mostrar todo) -> https://www.jumbo.cl/lacteos-huevos-y-congelados/mantequillas-y-margarinas
- Manjar y Dulce de Leche (Mostrar todo) -> https://www.jumbo.cl/lacteos-huevos-y-congelados/manjar-y-dulce-de-leche
- Manjar -> https://www.jumbo.cl/lacteos-huevos-y-congelados/manjar-y-dulce-de-leche/manjar
- Dulce de Leche -> https://www.jumbo.cl/lacteos-huevos-y-congelados/manjar-y-dulce-de-leche/dulce-de-leche
- Manjar y Dulce de Leche (Mostrar todo) -> https://www.jumbo.cl/lacteos-huevos-y-congelados/manjar-y-dulce-de-leche
- Cremas -> https://www.jumbo.cl/despensa/harinas-postres-y-reposteria/cremas
- Cremas (Mostrar todo) -> https://www.jumbo.cl/despensa/harinas-postres-y-reposteria/cremas
- Huevos (Mostrar todo) -> https://www.jumbo.cl/lacteos-huevos-y-congelados/huevos
- Huevos de Campo y Gallina Libre -> https://www.jumbo.cl/lacteos-huevos-y-congelados/huevos/huevos-de-campo-y-gallina-libre
- Huevos Tradicionales -> https://www.jumbo.cl/lacteos-huevos-y-congelados/huevos/huevos-tradicionales
- Huevos de Codorniz -> https://www.jumbo.cl/lacteos-huevos-y-congelados/huevos/huevos-de-codorniz
- Huevos en Polvo -> https://www.jumbo.cl/lacteos-huevos-y-congelados/huevos/huevos-en-polvo
- Huevos (Mostrar todo) -> https://www.jumbo.cl/lacteos-huevos-y-congelados/huevos
- Bebidas Vegetales (Mostrar todo) -> https://www.jumbo.cl/lacteos-huevos-y-congelados/bebidas-vegetales
- Bebidas de Almendras y Coco -> https://www.jumbo.cl/lacteos-huevos-y-congelados/bebidas-vegetales/bebidas-de-almendras-y-coco
- Bebidas de Soya -> https://www.jumbo.cl/lacteos-huevos-y-congelados/bebidas-vegetales/bebidas-de-soya
- Bebidas de Arroz y Avena -> https://www.jumbo.cl/lacteos-huevos-y-congelados/bebidas-vegetales/bebidas-de-arroz-y-avena
- Otras Bebidas Vegetales -> https://www.jumbo.cl/lacteos-huevos-y-congelados/bebidas-vegetales/otras-bebidas-vegetales
- Bebidas Vegetales (Mostrar todo) -> https://www.jumbo.cl/lacteos-huevos-y-congelados/bebidas-vegetales
- Helados y Postres (Mostrar todo) -> https://www.jumbo.cl/lacteos-huevos-y-congelados/helados-y-postres
- Helados Multipack -> https://www.jumbo.cl/lacteos-huevos-y-congelados/helados-y-postres/helados-multipack
- Helados Tradicionales -> https://www.jumbo.cl/lacteos-huevos-y-congelados/helados-y-postres/helados-tradicionales
- Helados Premium -> https://www.jumbo.cl/lacteos-huevos-y-congelados/helados-y-postres/helados-premium
- Helados Light y Sin Azúcar -> https://www.jumbo.cl/lacteos-huevos-y-congelados/helados-y-postres/helados-light-y-sin-azucar
- Helados y Postres (Mostrar todo) -> https://www.jumbo.cl/lacteos-huevos-y-congelados/helados-y-postres
- Frutas y Pulpas Congeladas (Mostrar todo) -> https://www.jumbo.cl/lacteos-huevos-y-congelados/frutas-y-pulpas-congeladas
- Pulpa de Fruta -> https://www.jumbo.cl/lacteos-huevos-y-congelados/frutas-y-pulpas-congeladas/pulpa-de-fruta
- Frutas Congeladas -> https://www.jumbo.cl/lacteos-huevos-y-congelados/frutas-y-pulpas-congeladas/frutas-congeladas
- Smoothies y Acai -> https://www.jumbo.cl/lacteos-huevos-y-congelados/frutas-y-pulpas-congeladas/smoothies-y-acai
- Frutas y Pulpas Congeladas (Mostrar todo) -> https://www.jumbo.cl/lacteos-huevos-y-congelados/frutas-y-pulpas-congeladas
- Verduras Congeladas (Mostrar todo) -> https://www.jumbo.cl/lacteos-huevos-y-congelados/verduras-congeladas
- Choclos, Arvejas y Primaveras -> https://www.jumbo.cl/lacteos-huevos-y-congelados/verduras-congeladas/choclos-arvejas-y-primaveras
- Papas -> https://www.jumbo.cl/lacteos-huevos-y-congelados/verduras-congeladas/papas
- Sofritos y Mix de Verduras -> https://www.jumbo.cl/lacteos-huevos-y-congelados/verduras-congeladas/sofritos-y-mix-de-verduras
- Legumbres Congeladas -> https://www.jumbo.cl/lacteos-huevos-y-congelados/verduras-congeladas/legumbres-congeladas
- Verduras Congeladas (Mostrar todo) -> https://www.jumbo.cl/lacteos-huevos-y-congelados/verduras-congeladas
- Hamburguesas (Mostrar todo) -> https://www.jumbo.cl/lacteos-huevos-y-congelados/hamburguesas
- Hamburguesas de Vacuno -> https://www.jumbo.cl/lacteos-huevos-y-congelados/hamburguesas/hamburguesas-de-vacuno
- Hamburguesas de Pollo -> https://www.jumbo.cl/lacteos-huevos-y-congelados/hamburguesas/hamburguesas-de-pollo
- Hamburguesas Vegetales -> https://www.jumbo.cl/lacteos-huevos-y-congelados/hamburguesas/hamburguesas-vegetales
- Hamburguesas (Mostrar todo) -> https://www.jumbo.cl/lacteos-huevos-y-congelados/hamburguesas
- Nuggets, Apanados y Embutidos (Mostrar todo) -> https://www.jumbo.cl/lacteos-huevos-y-congelados/nuggets-apanados-y-embutidos
- Nuggets y Alitas de Pollo -> https://www.jumbo.cl/lacteos-huevos-y-congelados/nuggets-apanados-y-embutidos/nuggets-y-alitas-de-pollo
- Apanados -> https://www.jumbo.cl/lacteos-huevos-y-congelados/nuggets-apanados-y-embutidos/apanados
- Nuggets y Apanados de Verduras -> https://www.jumbo.cl/lacteos-huevos-y-congelados/nuggets-apanados-y-embutidos/nuggets-y-apanados-de-verduras
- Embutidos y Otros -> https://www.jumbo.cl/lacteos-huevos-y-congelados/nuggets-apanados-y-embutidos/embutidos-y-otros
- Nuggets, Apanados y Embutidos (Mostrar todo) -> https://www.jumbo.cl/lacteos-huevos-y-congelados/nuggets-apanados-y-embutidos
- Churrascos, Lomitos y Otros (Mostrar todo) -> https://www.jumbo.cl/lacteos-huevos-y-congelados/churrascos-lomitos-y-otros
- Churrascos y Lomitos -> https://www.jumbo.cl/lacteos-huevos-y-congelados/churrascos-lomitos-y-otros/churrascos-y-lomitos
- Carpaccio y Otros -> https://www.jumbo.cl/lacteos-huevos-y-congelados/churrascos-lomitos-y-otros/carpaccios-y-otros
- Churrascos, Lomitos y Otros (Mostrar todo) -> https://www.jumbo.cl/lacteos-huevos-y-congelados/churrascos-lomitos-y-otros
- Comidas Congeladas (Mostrar todo) -> https://www.jumbo.cl/lacteos-huevos-y-congelados/comidas-congeladas
- Pizzas y Pastas Congeladas -> https://www.jumbo.cl/lacteos-huevos-y-congelados/comidas-congeladas/pizzas-y-pastas-congeladas
- Empanadas Congeladas -> https://www.jumbo.cl/lacteos-huevos-y-congelados/comidas-congeladas/empanadas-congeladas
- Quiches, Sopaipillas y Otros -> https://www.jumbo.cl/lacteos-huevos-y-congelados/comidas-congeladas/quiches-sopaipillas-y-otros
- Comida Chilena -> https://www.jumbo.cl/lacteos-huevos-y-congelados/comidas-congeladas/comida-chilena
- Comidas Congeladas (Mostrar todo) -> https://www.jumbo.cl/lacteos-huevos-y-congelados/comidas-congeladas
- Hielo (Mostrar todo) -> https://www.jumbo.cl/lacteos-huevos-y-congelados/hielo

Scrape: Leches (Mostrar todo)
🧪 Dump BFF guardado: debug_bff\bff_leches_mostrar_todo_p1.json
  productos: 40

Scrape: Leche Líquida
🧪 Dump BFF guardado: debug_bff\bff_leche_l_quida_p1.json
  productos: 40

Scrape: Leche en Polvo
🧪 Dump BFF guardado: debug_bff\bff_leche_en_polvo_p1.json
  productos: 40

Scrape: Saborizantes
🧪 Dump BFF guardado: debug_bff\bff_saborizantes_p1.json
  productos: 40

Scrape: Leches (Mostrar todo)
🧪 Dump BFF guardado: debug_bff\bff_leches_mostrar_todo_p1.json
  productos: 40

Scrape: Yoghurt (Mostrar todo)
🧪 Dump BFF guardado: debug_bff\bff_yoghurt_mostrar_todo_p1.json
  productos: 40

Scrape: Yoghurt Batido
🧪 Dump BFF guardado: debug_bff\bff_yoghurt_batido_p1.json
  productos: 40

Scrape: Yoghurt con Proteínas
🧪 Dump BFF guardado: debug_bff\bff_yoghurt_con_prote_nas_p1.json
  productos: 40

Scrape: Yoghurt Light y Sin Azúcar
🧪 Dump BFF guardado: debug_bff\bff_yoghurt_light_y_sin_az_car_p1.json
  productos: 40

Scrape: Yoghurt Natural y Griego
🧪 Dump BFF guardado: debug_bff\bff_yoghurt_natural_y_griego_p1.json
  productos: 40

Scrape: Yoghurt (Mostrar todo)
🧪 Dump BFF guardado: debug_bff\bff_yoghurt_mostrar_todo_p1.json
  productos: 40

Scrape: Leches Cultivadas y Bebidas Lácteas (Mostrar todo)
🧪 Dump BFF guardado: debug_bff\bff_leches_cultivadas_y_bebidas_l_cteas_mostrar_todo_p1.json
  productos: 40

Scrape: Leches Cultivadas
🧪 Dump BFF guardado: debug_bff\bff_leches_cultivadas_p1.json
  productos: 25

Scrape: Bebidas Lácteas y Probióticos
🧪 Dump BFF guardado: debug_bff\bff_bebidas_l_cteas_y_probi_ticos_p1.json
  productos: 40

Scrape: Leches Cultivadas y Bebidas Lácteas (Mostrar todo)
🧪 Dump BFF guardado: debug_bff\bff_leches_cultivadas_y_bebidas_l_cteas_mostrar_todo_p1.json
  productos: 40

Scrape: Postres Refrigerados (Mostrar todo)
🧪 Dump BFF guardado: debug_bff\bff_postres_refrigerados_mostrar_todo_p1.json
  productos: 40

Scrape: Postres
🧪 Dump BFF guardado: debug_bff\bff_postres_p1.json
  productos: 40

Scrape: Flanes
🧪 Dump BFF guardado: debug_bff\bff_flanes_p1.json
  productos: 15

Scrape: Jaleas y Compotas
🧪 Dump BFF guardado: debug_bff\bff_jaleas_y_compotas_p1.json
  productos: 30

Scrape: Postres Refrigerados (Mostrar todo)
🧪 Dump BFF guardado: debug_bff\bff_postres_refrigerados_mostrar_todo_p1.json
  productos: 40

Scrape: Mantequillas y Margarinas (Mostrar todo)
🧪 Dump BFF guardado: debug_bff\bff_mantequillas_y_margarinas_mostrar_todo_p1.json
  productos: 40

Scrape: Mantequillas
🧪 Dump BFF guardado: debug_bff\bff_mantequillas_p1.json
  productos: 40

Scrape: Margarinas
⚠️ intento 1/3 falló capturando seed BFF: TimeoutError('Timeout 120000ms exceeded while waiting for event "response"')
🧪 Dump BFF guardado: debug_bff\bff_margarinas_p1.json
  productos: 20

Scrape: Mantecas
🧪 Dump BFF guardado: debug_bff\bff_mantecas_p1.json
  productos: 3

Scrape: Levadura Fresca
🧪 Dump BFF guardado: debug_bff\bff_levadura_fresca_p1.json
⚠️ 0 productos (BFF respondió pero no se detectaron productos): https://www.jumbo.cl/lacteos-huevos-y-congelados/mantequillas-y-margarinas/levadura-fresca
  productos: 0

Scrape: Mantequillas y Margarinas (Mostrar todo)
🧪 Dump BFF guardado: debug_bff\bff_mantequillas_y_margarinas_mostrar_todo_p1.json
  productos: 40

Scrape: Manjar y Dulce de Leche (Mostrar todo)
🧪 Dump BFF guardado: debug_bff\bff_manjar_y_dulce_de_leche_mostrar_todo_p1.json
  productos: 39

Scrape: Manjar
🧪 Dump BFF guardado: debug_bff\bff_manjar_p1.json
  productos: 30

Scrape: Dulce de Leche
🧪 Dump BFF guardado: debug_bff\bff_dulce_de_leche_p1.json
  productos: 12

Scrape: Manjar y Dulce de Leche (Mostrar todo)
🧪 Dump BFF guardado: debug_bff\bff_manjar_y_dulce_de_leche_mostrar_todo_p1.json
  productos: 39

Scrape: Cremas
🧪 Dump BFF guardado: debug_bff\bff_cremas_p1.json
  productos: 39

Scrape: Cremas (Mostrar todo)
🧪 Dump BFF guardado: debug_bff\bff_cremas_mostrar_todo_p1.json
  productos: 39

Scrape: Huevos (Mostrar todo)
🧪 Dump BFF guardado: debug_bff\bff_huevos_mostrar_todo_p1.json
  productos: 40

Scrape: Huevos de Campo y Gallina Libre
🧪 Dump BFF guardado: debug_bff\bff_huevos_de_campo_y_gallina_libre_p1.json
  productos: 27

Scrape: Huevos Tradicionales
🧪 Dump BFF guardado: debug_bff\bff_huevos_tradicionales_p1.json
  productos: 36

Scrape: Huevos de Codorniz
🧪 Dump BFF guardado: debug_bff\bff_huevos_de_codorniz_p1.json
  productos: 5

Scrape: Huevos en Polvo
🧪 Dump BFF guardado: debug_bff\bff_huevos_en_polvo_p1.json
⚠️ 0 productos (BFF respondió pero no se detectaron productos): https://www.jumbo.cl/lacteos-huevos-y-congelados/huevos/huevos-en-polvo
  productos: 0

Scrape: Huevos (Mostrar todo)
🧪 Dump BFF guardado: debug_bff\bff_huevos_mostrar_todo_p1.json
  productos: 40

Scrape: Bebidas Vegetales (Mostrar todo)
🧪 Dump BFF guardado: debug_bff\bff_bebidas_vegetales_mostrar_todo_p1.json
  productos: 40

Scrape: Bebidas de Almendras y Coco
🧪 Dump BFF guardado: debug_bff\bff_bebidas_de_almendras_y_coco_p1.json
  productos: 28

Scrape: Bebidas de Soya
🧪 Dump BFF guardado: debug_bff\bff_bebidas_de_soya_p1.json
  productos: 5

Scrape: Bebidas de Arroz y Avena
🧪 Dump BFF guardado: debug_bff\bff_bebidas_de_arroz_y_avena_p1.json
  productos: 21

Scrape: Otras Bebidas Vegetales
🧪 Dump BFF guardado: debug_bff\bff_otras_bebidas_vegetales_p1.json
  productos: 14

Scrape: Bebidas Vegetales (Mostrar todo)
🧪 Dump BFF guardado: debug_bff\bff_bebidas_vegetales_mostrar_todo_p1.json
  productos: 40

Scrape: Helados y Postres (Mostrar todo)
🧪 Dump BFF guardado: debug_bff\bff_helados_y_postres_mostrar_todo_p1.json
  productos: 39

Scrape: Helados Multipack
🧪 Dump BFF guardado: debug_bff\bff_helados_multipack_p1.json
  productos: 40

Scrape: Helados Tradicionales
🧪 Dump BFF guardado: debug_bff\bff_helados_tradicionales_p1.json
  productos: 40

Scrape: Helados Premium
🧪 Dump BFF guardado: debug_bff\bff_helados_premium_p1.json
  productos: 39

Scrape: Helados Light y Sin Azúcar
🧪 Dump BFF guardado: debug_bff\bff_helados_light_y_sin_az_car_p1.json
  productos: 28

Scrape: Helados y Postres (Mostrar todo)
🧪 Dump BFF guardado: debug_bff\bff_helados_y_postres_mostrar_todo_p1.json
  productos: 39

Scrape: Frutas y Pulpas Congeladas (Mostrar todo)
🧪 Dump BFF guardado: debug_bff\bff_frutas_y_pulpas_congeladas_mostrar_todo_p1.json
  productos: 40

Scrape: Pulpa de Fruta
🧪 Dump BFF guardado: debug_bff\bff_pulpa_de_fruta_p1.json
  productos: 18

Scrape: Frutas Congeladas
🧪 Dump BFF guardado: debug_bff\bff_frutas_congeladas_p1.json
  productos: 20

Scrape: Smoothies y Acai
🧪 Dump BFF guardado: debug_bff\bff_smoothies_y_acai_p1.json
  productos: 12

Scrape: Frutas y Pulpas Congeladas (Mostrar todo)
🧪 Dump BFF guardado: debug_bff\bff_frutas_y_pulpas_congeladas_mostrar_todo_p1.json
  productos: 40

Scrape: Verduras Congeladas (Mostrar todo)
🧪 Dump BFF guardado: debug_bff\bff_verduras_congeladas_mostrar_todo_p1.json
  productos: 40

Scrape: Choclos, Arvejas y Primaveras
🧪 Dump BFF guardado: debug_bff\bff_choclos_arvejas_y_primaveras_p1.json
  productos: 22

Scrape: Papas
🧪 Dump BFF guardado: debug_bff\bff_papas_p1.json
  productos: 26

Scrape: Sofritos y Mix de Verduras
🧪 Dump BFF guardado: debug_bff\bff_sofritos_y_mix_de_verduras_p1.json
  productos: 12

Scrape: Legumbres Congeladas
🧪 Dump BFF guardado: debug_bff\bff_legumbres_congeladas_p1.json
  productos: 10

Scrape: Verduras Congeladas (Mostrar todo)
🧪 Dump BFF guardado: debug_bff\bff_verduras_congeladas_mostrar_todo_p1.json
  productos: 40

Scrape: Hamburguesas (Mostrar todo)
🧪 Dump BFF guardado: debug_bff\bff_hamburguesas_mostrar_todo_p1.json
  productos: 40

Scrape: Hamburguesas de Vacuno
🧪 Dump BFF guardado: debug_bff\bff_hamburguesas_de_vacuno_p1.json
  productos: 40

Scrape: Hamburguesas de Pollo
🧪 Dump BFF guardado: debug_bff\bff_hamburguesas_de_pollo_p1.json
  productos: 4

Scrape: Hamburguesas Vegetales
🧪 Dump BFF guardado: debug_bff\bff_hamburguesas_vegetales_p1.json
  productos: 24

Scrape: Hamburguesas (Mostrar todo)
🧪 Dump BFF guardado: debug_bff\bff_hamburguesas_mostrar_todo_p1.json
  productos: 40

Scrape: Nuggets, Apanados y Embutidos (Mostrar todo)
🧪 Dump BFF guardado: debug_bff\bff_nuggets_apanados_y_embutidos_mostrar_todo_p1.json
  productos: 40

Scrape: Nuggets y Alitas de Pollo
🧪 Dump BFF guardado: debug_bff\bff_nuggets_y_alitas_de_pollo_p1.json
  productos: 18

Scrape: Apanados
🧪 Dump BFF guardado: debug_bff\bff_apanados_p1.json
  productos: 16

Scrape: Nuggets y Apanados de Verduras
🧪 Dump BFF guardado: debug_bff\bff_nuggets_y_apanados_de_verduras_p1.json
  productos: 13

Scrape: Embutidos y Otros
🧪 Dump BFF guardado: debug_bff\bff_embutidos_y_otros_p1.json
  productos: 10

Scrape: Nuggets, Apanados y Embutidos (Mostrar todo)
🧪 Dump BFF guardado: debug_bff\bff_nuggets_apanados_y_embutidos_mostrar_todo_p1.json
  productos: 40

Scrape: Churrascos, Lomitos y Otros (Mostrar todo)
🧪 Dump BFF guardado: debug_bff\bff_churrascos_lomitos_y_otros_mostrar_todo_p1.json
  productos: 16

Scrape: Churrascos y Lomitos
🧪 Dump BFF guardado: debug_bff\bff_churrascos_y_lomitos_p1.json
  productos: 11

Scrape: Carpaccio y Otros
🧪 Dump BFF guardado: debug_bff\bff_carpaccio_y_otros_p1.json
  productos: 5

Scrape: Churrascos, Lomitos y Otros (Mostrar todo)
🧪 Dump BFF guardado: debug_bff\bff_churrascos_lomitos_y_otros_mostrar_todo_p1.json
  productos: 16

Scrape: Comidas Congeladas (Mostrar todo)
🧪 Dump BFF guardado: debug_bff\bff_comidas_congeladas_mostrar_todo_p1.json
  productos: 40

Scrape: Pizzas y Pastas Congeladas
🧪 Dump BFF guardado: debug_bff\bff_pizzas_y_pastas_congeladas_p1.json
  productos: 33

Scrape: Empanadas Congeladas
🧪 Dump BFF guardado: debug_bff\bff_empanadas_congeladas_p1.json
  productos: 18

Scrape: Quiches, Sopaipillas y Otros
🧪 Dump BFF guardado: debug_bff\bff_quiches_sopaipillas_y_otros_p1.json
  productos: 19

Scrape: Comida Chilena
🧪 Dump BFF guardado: debug_bff\bff_comida_chilena_p1.json
  productos: 11

Scrape: Comidas Congeladas (Mostrar todo)
🧪 Dump BFF guardado: debug_bff\bff_comidas_congeladas_mostrar_todo_p1.json
  productos: 40

Scrape: Hielo (Mostrar todo)
🧪 Dump BFF guardado: debug_bff\bff_hielo_mostrar_todo_p1.json
  productos: 6

Total filas: 1779
CSV generado: output\lacteos_huevos_congelados\jumbo_lacteos_huevos_y_congelados_20260303_131000.csv
