[DEBUG] Subcategoría duplicada omitida por URL: [Barritas y cereales] Compotas -> https://super.lider.cl/browse/colaciones/fruta-colacion/compotas/49858221_82147941_69034164
[DEBUG] Subcategoría duplicada omitida por URL: [Barritas y cereales] Fruta Picada -> https://super.lider.cl/browse/colaciones/fruta-colacion/fruta-picada/49858221_82147941_49485974
[DEBUG] Subcategoría duplicada omitida por URL: [Barritas y cereales] Barritas Proteina y Veganas -> https://super.lider.cl/browse/colaciones/barritas-y-cereales/barritas-proteina-y-veganas/49858221_71008317_64381614
[DEBUG] Subcategoría duplicada omitida por URL: [Barritas y cereales] Barritas Cereal -> https://super.lider.cl/browse/colaciones/barritas-y-cereales/barritas-cereal/49858221_71008317_76906531
[DEBUG] Subcategoría duplicada omitida por URL: [Barritas y cereales] Cereales Colación -> https://super.lider.cl/browse/colaciones/barritas-y-cereales/cereales-colacion/49858221_71008317_24442358
[DEBUG] Subcategoría duplicada omitida por URL: [Barritas y cereales] Galletas Colación -> https://super.lider.cl/browse/colaciones/galletas-y-snack-colacion/galletas-colacion/49858221_84316329_15554075
[DEBUG] Subcategoría duplicada omitida por URL: [Barritas y cereales] Alfajores -> https://super.lider.cl/browse/colaciones/galletas-y-snack-colacion/alfajores/49858221_84316329_65515799
[DEBUG] Subcategoría duplicada omitida por URL: [Barritas y cereales] Bizcochos -> https://super.lider.cl/browse/colaciones/galletas-y-snack-colacion/bizcochos/49858221_84316329_10933846
[DEBUG] Subcategoría duplicada omitida por URL: [Barritas y cereales] Galletones -> https://super.lider.cl/browse/colaciones/galletas-y-snack-colacion/galletones/49858221_84316329_17281342
[DEBUG] Subcategoría duplicada omitida por URL: [Barritas y cereales] Jugos Light y Aguas Saborizadas -> https://super.lider.cl/browse/colaciones/jugos-colacion/jugos-light-y-aguas-saborizadas/49858221_87081691_19874809
[DEBUG] Subcategoría duplicada omitida por URL: [Barritas y cereales] Jugos Regulares -> https://super.lider.cl/browse/colaciones/jugos-colacion/jugos-regulares/49858221_87081691_68575053
[DEBUG] Subcategoría duplicada omitida por URL: [Barritas y cereales] Saborizadas -> https://super.lider.cl/browse/colaciones/leches-colacion/saborizadas/49858221_52536805_37350627
[DEBUG] Subcategoría duplicada omitida por URL: [Barritas y cereales] Sin Lactosa Vegetales y Proteínas -> https://super.lider.cl/browse/colaciones/leches-colacion/sin-lactosa-vegetales-y-proteinas/49858221_52536805_61477831
[DEBUG] Subcategoría duplicada omitida por URL: [Barritas y cereales] Batidos -> https://super.lider.cl/browse/colaciones/yoghurt/batidos/49858221_10191488_73231020
[DEBUG] Subcategoría duplicada omitida por URL: [Barritas y cereales] Trozos -> https://super.lider.cl/browse/colaciones/yoghurt/trozos/49858221_10191488_80833264
[DEBUG] Subcategoría duplicada omitida por URL: [Barritas y cereales] Infantiles -> https://super.lider.cl/browse/colaciones/yoghurt/infantiles/49858221_10191488_25393311
[DEBUG] Subcategoría duplicada omitida por URL: [Barritas y cereales] Proteina -> https://super.lider.cl/browse/colaciones/yoghurt/proteina/49858221_10191488_95052794
[DEBUG] Subcategoría duplicada omitida por URL: [Barritas y cereales] Sin Lactosa -> https://super.lider.cl/browse/colaciones/yoghurt/sin-lactosa/49858221_10191488_17831070
[DEBUG] Subcategoría duplicada omitida por URL: [Barritas y cereales] Probióticos -> https://super.lider.cl/browse/colaciones/yoghurt/probioticos/49858221_10191488_79786337
[DEBUG] Subcategoría duplicada omitida por URL: [Barritas y cereales] Formato Familiar -> https://super.lider.cl/browse/colaciones/yoghurt/formato-familiar/49858221_10191488_15620541
[DEBUG] Subcategoría duplicada omitida por URL: [Barritas y cereales] Salud y Bienestar -> https://super.lider.cl/browse/colaciones/yoghurt/salud-y-bienestar/49858221_10191488_90804175
[DEBUG] Subcategoría duplicada omitida por URL: [Barritas y cereales] Base Vegetal -> https://super.lider.cl/browse/colaciones/yoghurt/base-vegetal/49858221_10191488_43019893
[DEBUG] Subcategoría duplicada omitida por URL: [Barritas y cereales] Natural -> https://super.lider.cl/browse/colaciones/yoghurt/natural/49858221_10191488_99568026
[DEBUG] Subcategoría duplicada omitida por URL: [Galletas y Snack colación] Compotas -> https://super.lider.cl/browse/colaciones/fruta-colacion/compotas/49858221_82147941_69034164
[DEBUG] Subcategoría duplicada omitida por URL: [Galletas y Snack colación] Fruta Picada -> https://super.lider.cl/browse/colaciones/fruta-colacion/fruta-picada/49858221_82147941_49485974
[DEBUG] Subcategoría duplicada omitida por URL: [Galletas y Snack colación] Barritas Proteina y Veganas -> https://super.lider.cl/browse/colaciones/barritas-y-cereales/barritas-proteina-y-veganas/49858221_71008317_64381614
[DEBUG] Subcategoría duplicada omitida por URL: [Galletas y Snack colación] Barritas Cereal -> https://super.lider.cl/browse/colaciones/barritas-y-cereales/barritas-cereal/49858221_71008317_76906531
[DEBUG] Subcategoría duplicada omitida por URL: [Galletas y Snack colación] Cereales Colación -> https://super.lider.cl/browse/colaciones/barritas-y-cereales/cereales-colacion/49858221_71008317_24442358
[DEBUG] Subcategoría duplicada omitida por URL: [Galletas y Snack colación] Galletas Colación -> https://super.lider.cl/browse/colaciones/galletas-y-snack-colacion/galletas-colacion/49858221_84316329_15554075
[DEBUG] Subcategoría duplicada omitida por URL: [Galletas y Snack colación] Alfajores -> https://super.lider.cl/browse/colaciones/galletas-y-snack-colacion/alfajores/49858221_84316329_65515799
[DEBUG] Subcategoría duplicada omitida por URL: [Galletas y Snack colación] Bizcochos -> https://super.lider.cl/browse/colaciones/galletas-y-snack-colacion/bizcochos/49858221_84316329_10933846
[DEBUG] Subcategoría duplicada omitida por URL: [Galletas y Snack colación] Galletones -> https://super.lider.cl/browse/colaciones/galletas-y-snack-colacion/galletones/49858221_84316329_17281342
[DEBUG] Subcategoría duplicada omitida por URL: [Galletas y Snack colación] Jugos Light y Aguas Saborizadas -> https://super.lider.cl/browse/colaciones/jugos-colacion/jugos-light-y-aguas-saborizadas/49858221_87081691_19874809
[DEBUG] Subcategoría duplicada omitida por URL: [Galletas y Snack colación] Jugos Regulares -> https://super.lider.cl/browse/colaciones/jugos-colacion/jugos-regulares/49858221_87081691_68575053
[DEBUG] Subcategoría duplicada omitida por URL: [Galletas y Snack colación] Saborizadas -> https://super.lider.cl/browse/colaciones/leches-colacion/saborizadas/49858221_52536805_37350627
[DEBUG] Subcategoría duplicada omitida por URL: [Galletas y Snack colación] Sin Lactosa Vegetales y Proteínas -> https://super.lider.cl/browse/colaciones/leches-colacion/sin-lactosa-vegetales-y-proteinas/49858221_52536805_61477831
[DEBUG] Subcategoría duplicada omitida por URL: [Galletas y Snack colación] Batidos -> https://super.lider.cl/browse/colaciones/yoghurt/batidos/49858221_10191488_73231020
[DEBUG] Subcategoría duplicada omitida por URL: [Galletas y Snack colación] Trozos -> https://super.lider.cl/browse/colaciones/yoghurt/trozos/49858221_10191488_80833264
[DEBUG] Subcategoría duplicada omitida por URL: [Galletas y Snack colación] Infantiles -> https://super.lider.cl/browse/colaciones/yoghurt/infantiles/49858221_10191488_25393311
[DEBUG] Subcategoría duplicada omitida por URL: [Galletas y Snack colación] Proteina -> https://super.lider.cl/browse/colaciones/yoghurt/proteina/49858221_10191488_95052794
[DEBUG] Subcategoría duplicada omitida por URL: [Galletas y Snack colación] Sin Lactosa -> https://super.lider.cl/browse/colaciones/yoghurt/sin-lactosa/49858221_10191488_17831070
[DEBUG] Subcategoría duplicada omitida por URL: [Galletas y Snack colación] Probióticos -> https://super.lider.cl/browse/colaciones/yoghurt/probioticos/49858221_10191488_79786337
[DEBUG] Subcategoría duplicada omitida por URL: [Galletas y Snack colación] Formato Familiar -> https://super.lider.cl/browse/colaciones/yoghurt/formato-familiar/49858221_10191488_15620541
[DEBUG] Subcategoría duplicada omitida por URL: [Galletas y Snack colación] Salud y Bienestar -> https://super.lider.cl/browse/colaciones/yoghurt/salud-y-bienestar/49858221_10191488_90804175
[DEBUG] Subcategoría duplicada omitida por URL: [Galletas y Snack colación] Base Vegetal -> https://super.lider.cl/browse/colaciones/yoghurt/base-vegetal/49858221_10191488_43019893
[DEBUG] Subcategoría duplicada omitida por URL: [Galletas y Snack colación] Natural -> https://super.lider.cl/browse/colaciones/yoghurt/natural/49858221_10191488_99568026
[DEBUG] Subcategoría duplicada omitida por URL: [Jugos Colación] Compotas -> https://super.lider.cl/browse/colaciones/fruta-colacion/compotas/49858221_82147941_69034164
[DEBUG] Subcategoría duplicada omitida por URL: [Jugos Colación] Fruta Picada -> https://super.lider.cl/browse/colaciones/fruta-colacion/fruta-picada/49858221_82147941_49485974
[DEBUG] Subcategoría duplicada omitida por URL: [Jugos Colación] Barritas Proteina y Veganas -> https://super.lider.cl/browse/colaciones/barritas-y-cereales/barritas-proteina-y-veganas/49858221_71008317_64381614
[DEBUG] Subcategoría duplicada omitida por URL: [Jugos Colación] Barritas Cereal -> https://super.lider.cl/browse/colaciones/barritas-y-cereales/barritas-cereal/49858221_71008317_76906531
[DEBUG] Subcategoría duplicada omitida por URL: [Jugos Colación] Cereales Colación -> https://super.lider.cl/browse/colaciones/barritas-y-cereales/cereales-colacion/49858221_71008317_24442358
[DEBUG] Subcategoría duplicada omitida por URL: [Jugos Colación] Galletas Colación -> https://super.lider.cl/browse/colaciones/galletas-y-snack-colacion/galletas-colacion/49858221_84316329_15554075
[DEBUG] Subcategoría duplicada omitida por URL: [Jugos Colación] Alfajores -> https://super.lider.cl/browse/colaciones/galletas-y-snack-colacion/alfajores/49858221_84316329_65515799
[DEBUG] Subcategoría duplicada omitida por URL: [Jugos Colación] Bizcochos -> https://super.lider.cl/browse/colaciones/galletas-y-snack-colacion/bizcochos/49858221_84316329_10933846
[DEBUG] Subcategoría duplicada omitida por URL: [Jugos Colación] Galletones -> https://super.lider.cl/browse/colaciones/galletas-y-snack-colacion/galletones/49858221_84316329_17281342
[DEBUG] Subcategoría duplicada omitida por URL: [Jugos Colación] Jugos Light y Aguas Saborizadas -> https://super.lider.cl/browse/colaciones/jugos-colacion/jugos-light-y-aguas-saborizadas/49858221_87081691_19874809
[DEBUG] Subcategoría duplicada omitida por URL: [Jugos Colación] Jugos Regulares -> https://super.lider.cl/browse/colaciones/jugos-colacion/jugos-regulares/49858221_87081691_68575053
[DEBUG] Subcategoría duplicada omitida por URL: [Jugos Colación] Saborizadas -> https://super.lider.cl/browse/colaciones/leches-colacion/saborizadas/49858221_52536805_37350627
[DEBUG] Subcategoría duplicada omitida por URL: [Jugos Colación] Sin Lactosa Vegetales y Proteínas -> https://super.lider.cl/browse/colaciones/leches-colacion/sin-lactosa-vegetales-y-proteinas/49858221_52536805_61477831
[DEBUG] Subcategoría duplicada omitida por URL: [Jugos Colación] Batidos -> https://super.lider.cl/browse/colaciones/yoghurt/batidos/49858221_10191488_73231020
[DEBUG] Subcategoría duplicada omitida por URL: [Jugos Colación] Trozos -> https://super.lider.cl/browse/colaciones/yoghurt/trozos/49858221_10191488_80833264
[DEBUG] Subcategoría duplicada omitida por URL: [Jugos Colación] Infantiles -> https://super.lider.cl/browse/colaciones/yoghurt/infantiles/49858221_10191488_25393311
[DEBUG] Subcategoría duplicada omitida por URL: [Jugos Colación] Proteina -> https://super.lider.cl/browse/colaciones/yoghurt/proteina/49858221_10191488_95052794
[DEBUG] Subcategoría duplicada omitida por URL: [Jugos Colación] Sin Lactosa -> https://super.lider.cl/browse/colaciones/yoghurt/sin-lactosa/49858221_10191488_17831070
[DEBUG] Subcategoría duplicada omitida por URL: [Jugos Colación] Probióticos -> https://super.lider.cl/browse/colaciones/yoghurt/probioticos/49858221_10191488_79786337
[DEBUG] Subcategoría duplicada omitida por URL: [Jugos Colación] Formato Familiar -> https://super.lider.cl/browse/colaciones/yoghurt/formato-familiar/49858221_10191488_15620541
[DEBUG] Subcategoría duplicada omitida por URL: [Jugos Colación] Salud y Bienestar -> https://super.lider.cl/browse/colaciones/yoghurt/salud-y-bienestar/49858221_10191488_90804175
[DEBUG] Subcategoría duplicada omitida por URL: [Jugos Colación] Base Vegetal -> https://super.lider.cl/browse/colaciones/yoghurt/base-vegetal/49858221_10191488_43019893
[DEBUG] Subcategoría duplicada omitida por URL: [Jugos Colación] Natural -> https://super.lider.cl/browse/colaciones/yoghurt/natural/49858221_10191488_99568026
[DEBUG] Subcategoría duplicada omitida por URL: [Leches Colación] Compotas -> https://super.lider.cl/browse/colaciones/fruta-colacion/compotas/49858221_82147941_69034164
[DEBUG] Subcategoría duplicada omitida por URL: [Leches Colación] Fruta Picada -> https://super.lider.cl/browse/colaciones/fruta-colacion/fruta-picada/49858221_82147941_49485974
[DEBUG] Subcategoría duplicada omitida por URL: [Leches Colación] Barritas Proteina y Veganas -> https://super.lider.cl/browse/colaciones/barritas-y-cereales/barritas-proteina-y-veganas/49858221_71008317_64381614
[DEBUG] Subcategoría duplicada omitida por URL: [Leches Colación] Barritas Cereal -> https://super.lider.cl/browse/colaciones/barritas-y-cereales/barritas-cereal/49858221_71008317_76906531
[DEBUG] Subcategoría duplicada omitida por URL: [Leches Colación] Cereales Colación -> https://super.lider.cl/browse/colaciones/barritas-y-cereales/cereales-colacion/49858221_71008317_24442358
[DEBUG] Subcategoría duplicada omitida por URL: [Leches Colación] Galletas Colación -> https://super.lider.cl/browse/colaciones/galletas-y-snack-colacion/galletas-colacion/49858221_84316329_15554075
[DEBUG] Subcategoría duplicada omitida por URL: [Leches Colación] Alfajores -> https://super.lider.cl/browse/colaciones/galletas-y-snack-colacion/alfajores/49858221_84316329_65515799
[DEBUG] Subcategoría duplicada omitida por URL: [Leches Colación] Bizcochos -> https://super.lider.cl/browse/colaciones/galletas-y-snack-colacion/bizcochos/49858221_84316329_10933846
[DEBUG] Subcategoría duplicada omitida por URL: [Leches Colación] Galletones -> https://super.lider.cl/browse/colaciones/galletas-y-snack-colacion/galletones/49858221_84316329_17281342
[DEBUG] Subcategoría duplicada omitida por URL: [Leches Colación] Jugos Light y Aguas Saborizadas -> https://super.lider.cl/browse/colaciones/jugos-colacion/jugos-light-y-aguas-saborizadas/49858221_87081691_19874809
[DEBUG] Subcategoría duplicada omitida por URL: [Leches Colación] Jugos Regulares -> https://super.lider.cl/browse/colaciones/jugos-colacion/jugos-regulares/49858221_87081691_68575053
[DEBUG] Subcategoría duplicada omitida por URL: [Leches Colación] Saborizadas -> https://super.lider.cl/browse/colaciones/leches-colacion/saborizadas/49858221_52536805_37350627
[DEBUG] Subcategoría duplicada omitida por URL: [Leches Colación] Sin Lactosa Vegetales y Proteínas -> https://super.lider.cl/browse/colaciones/leches-colacion/sin-lactosa-vegetales-y-proteinas/49858221_52536805_61477831
[DEBUG] Subcategoría duplicada omitida por URL: [Leches Colación] Batidos -> https://super.lider.cl/browse/colaciones/yoghurt/batidos/49858221_10191488_73231020
[DEBUG] Subcategoría duplicada omitida por URL: [Leches Colación] Trozos -> https://super.lider.cl/browse/colaciones/yoghurt/trozos/49858221_10191488_80833264
[DEBUG] Subcategoría duplicada omitida por URL: [Leches Colación] Infantiles -> https://super.lider.cl/browse/colaciones/yoghurt/infantiles/49858221_10191488_25393311
[DEBUG] Subcategoría duplicada omitida por URL: [Leches Colación] Proteina -> https://super.lider.cl/browse/colaciones/yoghurt/proteina/49858221_10191488_95052794
[DEBUG] Subcategoría duplicada omitida por URL: [Leches Colación] Sin Lactosa -> https://super.lider.cl/browse/colaciones/yoghurt/sin-lactosa/49858221_10191488_17831070
[DEBUG] Subcategoría duplicada omitida por URL: [Leches Colación] Probióticos -> https://super.lider.cl/browse/colaciones/yoghurt/probioticos/49858221_10191488_79786337
[DEBUG] Subcategoría duplicada omitida por URL: [Leches Colación] Formato Familiar -> https://super.lider.cl/browse/colaciones/yoghurt/formato-familiar/49858221_10191488_15620541
[DEBUG] Subcategoría duplicada omitida por URL: [Leches Colación] Salud y Bienestar -> https://super.lider.cl/browse/colaciones/yoghurt/salud-y-bienestar/49858221_10191488_90804175
[DEBUG] Subcategoría duplicada omitida por URL: [Leches Colación] Base Vegetal -> https://super.lider.cl/browse/colaciones/yoghurt/base-vegetal/49858221_10191488_43019893
[DEBUG] Subcategoría duplicada omitida por URL: [Leches Colación] Natural -> https://super.lider.cl/browse/colaciones/yoghurt/natural/49858221_10191488_99568026
[DEBUG] Subcategoría duplicada omitida por URL: [Yoghurt] Compotas -> https://super.lider.cl/browse/colaciones/fruta-colacion/compotas/49858221_82147941_69034164
[DEBUG] Subcategoría duplicada omitida por URL: [Yoghurt] Fruta Picada -> https://super.lider.cl/browse/colaciones/fruta-colacion/fruta-picada/49858221_82147941_49485974
[DEBUG] Subcategoría duplicada omitida por URL: [Yoghurt] Barritas Proteina y Veganas -> https://super.lider.cl/browse/colaciones/barritas-y-cereales/barritas-proteina-y-veganas/49858221_71008317_64381614
[DEBUG] Subcategoría duplicada omitida por URL: [Yoghurt] Barritas Cereal -> https://super.lider.cl/browse/colaciones/barritas-y-cereales/barritas-cereal/49858221_71008317_76906531
[DEBUG] Subcategoría duplicada omitida por URL: [Yoghurt] Cereales Colación -> https://super.lider.cl/browse/colaciones/barritas-y-cereales/cereales-colacion/49858221_71008317_24442358
[DEBUG] Subcategoría duplicada omitida por URL: [Yoghurt] Galletas Colación -> https://super.lider.cl/browse/colaciones/galletas-y-snack-colacion/galletas-colacion/49858221_84316329_15554075
[DEBUG] Subcategoría duplicada omitida por URL: [Yoghurt] Alfajores -> https://super.lider.cl/browse/colaciones/galletas-y-snack-colacion/alfajores/49858221_84316329_65515799
[DEBUG] Subcategoría duplicada omitida por URL: [Yoghurt] Bizcochos -> https://super.lider.cl/browse/colaciones/galletas-y-snack-colacion/bizcochos/49858221_84316329_10933846
[DEBUG] Subcategoría duplicada omitida por URL: [Yoghurt] Galletones -> https://super.lider.cl/browse/colaciones/galletas-y-snack-colacion/galletones/49858221_84316329_17281342
[DEBUG] Subcategoría duplicada omitida por URL: [Yoghurt] Jugos Light y Aguas Saborizadas -> https://super.lider.cl/browse/colaciones/jugos-colacion/jugos-light-y-aguas-saborizadas/49858221_87081691_19874809
[DEBUG] Subcategoría duplicada omitida por URL: [Yoghurt] Jugos Regulares -> https://super.lider.cl/browse/colaciones/jugos-colacion/jugos-regulares/49858221_87081691_68575053
[DEBUG] Subcategoría duplicada omitida por URL: [Yoghurt] Saborizadas -> https://super.lider.cl/browse/colaciones/leches-colacion/saborizadas/49858221_52536805_37350627
[DEBUG] Subcategoría duplicada omitida por URL: [Yoghurt] Sin Lactosa Vegetales y Proteínas -> https://super.lider.cl/browse/colaciones/leches-colacion/sin-lactosa-vegetales-y-proteinas/49858221_52536805_61477831
[DEBUG] Subcategoría duplicada omitida por URL: [Yoghurt] Batidos -> https://super.lider.cl/browse/colaciones/yoghurt/batidos/49858221_10191488_73231020
[DEBUG] Subcategoría duplicada omitida por URL: [Yoghurt] Trozos -> https://super.lider.cl/browse/colaciones/yoghurt/trozos/49858221_10191488_80833264
[DEBUG] Subcategoría duplicada omitida por URL: [Yoghurt] Infantiles -> https://super.lider.cl/browse/colaciones/yoghurt/infantiles/49858221_10191488_25393311
[DEBUG] Subcategoría duplicada omitida por URL: [Yoghurt] Proteina -> https://super.lider.cl/browse/colaciones/yoghurt/proteina/49858221_10191488_95052794
[DEBUG] Subcategoría duplicada omitida por URL: [Yoghurt] Sin Lactosa -> https://super.lider.cl/browse/colaciones/yoghurt/sin-lactosa/49858221_10191488_17831070
[DEBUG] Subcategoría duplicada omitida por URL: [Yoghurt] Probióticos -> https://super.lider.cl/browse/colaciones/yoghurt/probioticos/49858221_10191488_79786337
[DEBUG] Subcategoría duplicada omitida por URL: [Yoghurt] Formato Familiar -> https://super.lider.cl/browse/colaciones/yoghurt/formato-familiar/49858221_10191488_15620541
[DEBUG] Subcategoría duplicada omitida por URL: [Yoghurt] Salud y Bienestar -> https://super.lider.cl/browse/colaciones/yoghurt/salud-y-bienestar/49858221_10191488_90804175
[DEBUG] Subcategoría duplicada omitida por URL: [Yoghurt] Base Vegetal -> https://super.lider.cl/browse/colaciones/yoghurt/base-vegetal/49858221_10191488_43019893
[DEBUG] Subcategoría duplicada omitida por URL: [Yoghurt] Natural -> https://super.lider.cl/browse/colaciones/yoghurt/natural/49858221_10191488_99568026

[DEBUG] Subcategorías finales detectadas:
 - [Fruta Colación] Compotas -> https://super.lider.cl/browse/colaciones/fruta-colacion/compotas/49858221_82147941_69034164
 - [Fruta Colación] Fruta Picada -> https://super.lider.cl/browse/colaciones/fruta-colacion/fruta-picada/49858221_82147941_49485974
 - [Fruta Colación] Barritas Proteina y Veganas -> https://super.lider.cl/browse/colaciones/barritas-y-cereales/barritas-proteina-y-veganas/49858221_71008317_64381614
 - [Fruta Colación] Barritas Cereal -> https://super.lider.cl/browse/colaciones/barritas-y-cereales/barritas-cereal/49858221_71008317_76906531
 - [Fruta Colación] Cereales Colación -> https://super.lider.cl/browse/colaciones/barritas-y-cereales/cereales-colacion/49858221_71008317_24442358
 - [Fruta Colación] Galletas Colación -> https://super.lider.cl/browse/colaciones/galletas-y-snack-colacion/galletas-colacion/49858221_84316329_15554075
 - [Fruta Colación] Alfajores -> https://super.lider.cl/browse/colaciones/galletas-y-snack-colacion/alfajores/49858221_84316329_65515799
 - [Fruta Colación] Bizcochos -> https://super.lider.cl/browse/colaciones/galletas-y-snack-colacion/bizcochos/49858221_84316329_10933846
 - [Fruta Colación] Galletones -> https://super.lider.cl/browse/colaciones/galletas-y-snack-colacion/galletones/49858221_84316329_17281342
 - [Fruta Colación] Jugos Light y Aguas Saborizadas -> https://super.lider.cl/browse/colaciones/jugos-colacion/jugos-light-y-aguas-saborizadas/49858221_87081691_19874809
 - [Fruta Colación] Jugos Regulares -> https://super.lider.cl/browse/colaciones/jugos-colacion/jugos-regulares/49858221_87081691_68575053
 - [Fruta Colación] Saborizadas -> https://super.lider.cl/browse/colaciones/leches-colacion/saborizadas/49858221_52536805_37350627
 - [Fruta Colación] Sin Lactosa Vegetales y Proteínas -> https://super.lider.cl/browse/colaciones/leches-colacion/sin-lactosa-vegetales-y-proteinas/49858221_52536805_61477831
 - [Fruta Colación] Batidos -> https://super.lider.cl/browse/colaciones/yoghurt/batidos/49858221_10191488_73231020
 - [Fruta Colación] Trozos -> https://super.lider.cl/browse/colaciones/yoghurt/trozos/49858221_10191488_80833264
 - [Fruta Colación] Infantiles -> https://super.lider.cl/browse/colaciones/yoghurt/infantiles/49858221_10191488_25393311
 - [Fruta Colación] Proteina -> https://super.lider.cl/browse/colaciones/yoghurt/proteina/49858221_10191488_95052794
 - [Fruta Colación] Sin Lactosa -> https://super.lider.cl/browse/colaciones/yoghurt/sin-lactosa/49858221_10191488_17831070
 - [Fruta Colación] Probióticos -> https://super.lider.cl/browse/colaciones/yoghurt/probioticos/49858221_10191488_79786337
 - [Fruta Colación] Formato Familiar -> https://super.lider.cl/browse/colaciones/yoghurt/formato-familiar/49858221_10191488_15620541
 - [Fruta Colación] Salud y Bienestar -> https://super.lider.cl/browse/colaciones/yoghurt/salud-y-bienestar/49858221_10191488_90804175
 - [Fruta Colación] Base Vegetal -> https://super.lider.cl/browse/colaciones/yoghurt/base-vegetal/49858221_10191488_43019893
 - [Fruta Colación] Natural -> https://super.lider.cl/browse/colaciones/yoghurt/natural/49858221_10191488_99568026

[1/23] Scrape: [Fruta Colación] Compotas
    page 1: procesando DOM
      scroll round 1: anchors=24
      scroll round 2: anchors=36
      scroll round 3: anchors=39
      scroll round 4: anchors=39
      scroll round 5: anchors=39
      scroll round 6: anchors=39
      scroll round 7: anchors=39
      scroll round 8: anchors=39
    page 1: visibles=39, nuevos=39, acumulados=39
    page 1: sample_skus=['00780465506107', '00780465506006', '00780465506007', '00780220027003', '00780220027002', '00780220027001', '00780465506008', '00780465506108', '00780220027038', '00780280070964']
    page 1: no se pudo avanzar al paginador siguiente
  productos acumulados subcategoría: 39

[2/23] Scrape: [Fruta Colación] Fruta Picada
    page 1: procesando DOM
      scroll round 1: anchors=5
      scroll round 2: anchors=5
      scroll round 3: anchors=5
      scroll round 4: anchors=5
      scroll round 5: anchors=5
      scroll round 6: anchors=5
      scroll round 7: anchors=5
      scroll round 8: anchors=5
    page 1: visibles=5, nuevos=5, acumulados=5
    page 1: sample_skus=['00040000696182', '00040000774263', '00040000696183', '00780467073007', '00040005077668']
    page 1: no se pudo avanzar al paginador siguiente
  productos acumulados subcategoría: 5

[3/23] Scrape: [Fruta Colación] Barritas Proteina y Veganas
    page 1: procesando DOM
      scroll round 1: anchors=15
      scroll round 2: anchors=15
      scroll round 3: anchors=15
      scroll round 4: anchors=15
      scroll round 5: anchors=15
      scroll round 6: anchors=15
      scroll round 7: anchors=15
      scroll round 8: anchors=15
    page 1: visibles=15, nuevos=15, acumulados=15
    page 1: sample_skus=['00780467391049', '00780467391008', '00780467391045', '00780467391048', '00780467391007', '00780460925382', '00780467391020', '00780460925230', '00780467391021', '00780460925251']
    page 1: no se pudo avanzar al paginador siguiente
  productos acumulados subcategoría: 15

[4/23] Scrape: [Fruta Colación] Barritas Cereal
    page 1: procesando DOM
      scroll round 1: anchors=16
      scroll round 2: anchors=16
      scroll round 3: anchors=16
      scroll round 4: anchors=16
      scroll round 5: anchors=16
      scroll round 6: anchors=16
      scroll round 7: anchors=16
      scroll round 8: anchors=16
    page 1: visibles=16, nuevos=16, acumulados=16
    page 1: sample_skus=['00780221530134', '00780221530337', '00001600026460', '00780221530123', '00001600027707', '00780400000167', '00780221530312', '00780200001821', '00780400000222', '00780200001820']
    page 1: no se pudo avanzar al paginador siguiente
  productos acumulados subcategoría: 16

[5/23] Scrape: [Fruta Colación] Cereales Colación
    page 1: procesando DOM
      scroll round 1: anchors=15
      scroll round 2: anchors=15
      scroll round 3: anchors=15
      scroll round 4: anchors=15
      scroll round 5: anchors=15
      scroll round 6: anchors=15
      scroll round 7: anchors=15
      scroll round 8: anchors=15
    page 1: visibles=15, nuevos=15, acumulados=15
    page 1: sample_skus=['00780222073936', '00780222065000', '00780222065002', '00780012017101', '00780012016416', '00780012016417', '00750107342753', '00761303129148', '00844529109102', '00780012017110']
    page 1: no se pudo avanzar al paginador siguiente
  productos acumulados subcategoría: 15

[6/23] Scrape: [Fruta Colación] Galletas Colación
    page 1: procesando DOM
      scroll round 1: anchors=24
      scroll round 2: anchors=36
      scroll round 3: anchors=44
      scroll round 4: anchors=44
      scroll round 5: anchors=44
      scroll round 6: anchors=44
      scroll round 7: anchors=44
      scroll round 8: anchors=44
    page 1: visibles=44, nuevos=44, acumulados=44
    page 1: sample_skus=['00844529173545', '00844529175136', '00844529179647', '00844529156876', '00780221551641', '00761303259036', '00761303165144', '00780221550342', '00780221550604', '00761303165072']
    page 2: procesando DOM
      scroll round 1: anchors=12
      scroll round 2: anchors=12
      scroll round 3: anchors=12
      scroll round 4: anchors=12
      scroll round 5: anchors=12
      scroll round 6: anchors=12
      scroll round 7: anchors=12
      scroll round 8: anchors=12
    page 2: visibles=12, nuevos=12, acumulados=56
    page 2: sample_skus=['00780352000286', '00780222568872', '00789605825944', '00780221550534', '00019434609770', '00040005118748', '00040005118745', '00780200002167', '00780221550462', '00780220078960']
    page 2: no se pudo avanzar al paginador siguiente
  productos acumulados subcategoría: 56

[7/23] Scrape: [Fruta Colación] Alfajores
    page 1: procesando DOM
      scroll round 1: anchors=17
      scroll round 2: anchors=17
      scroll round 3: anchors=17
      scroll round 4: anchors=17
      scroll round 5: anchors=17
      scroll round 6: anchors=17
      scroll round 7: anchors=17
      scroll round 8: anchors=17
    page 1: visibles=17, nuevos=17, acumulados=17
    page 1: sample_skus=['00780221514302', '00780347300468', '00780340000111', '00780352500064', '00780221514307', '00780352500110', '00780400000342', '00780340000164', '00780400000343', '00780350000075']
    page 1: no se pudo avanzar al paginador siguiente
  productos acumulados subcategoría: 17

[8/23] Scrape: [Fruta Colación] Bizcochos
    page 1: procesando DOM
      scroll round 1: anchors=10
      scroll round 2: anchors=10
      scroll round 3: anchors=10
      scroll round 4: anchors=10
      scroll round 5: anchors=10
      scroll round 6: anchors=10
      scroll round 7: anchors=10
      scroll round 8: anchors=10
    page 1: visibles=10, nuevos=10, acumulados=10
    page 1: sample_skus=['00780347300608', '00780340300417', '00780340300419', '00780352599958', '00780347300468', '00780352500041', '00780352540074', '00780346800521', '00780462833028', '00780352500035']
    page 1: no se pudo avanzar al paginador siguiente
  productos acumulados subcategoría: 10

[9/23] Scrape: [Fruta Colación] Galletones
    page 1: procesando DOM
      scroll round 1: anchors=6
      scroll round 2: anchors=6
      scroll round 3: anchors=6
      scroll round 4: anchors=6
      scroll round 5: anchors=6
      scroll round 6: anchors=6
      scroll round 7: anchors=6
      scroll round 8: anchors=6
    page 1: visibles=6, nuevos=6, acumulados=6
    page 1: sample_skus=['00780463593095', '00780463593077', '00780463593078', '00780463593080', '00780463593079', '00780463593081']
    page 1: no se pudo avanzar al paginador siguiente
  productos acumulados subcategoría: 6

[10/23] Scrape: [Fruta Colación] Jugos Light y Aguas Saborizadas
    page 1: procesando DOM
      scroll round 1: anchors=16
      scroll round 2: anchors=16
      scroll round 3: anchors=16
      scroll round 4: anchors=16
      scroll round 5: anchors=16
      scroll round 6: anchors=16
      scroll round 7: anchors=16
      scroll round 8: anchors=16
    page 1: visibles=16, nuevos=16, acumulados=16
    page 1: sample_skus=['00780162001038', '00780280054434', '00780280054432', '00780282000239', '00780280054433', '00780280054431', '00780280054435', '00780257522641', '00780257522646', '00780162000664']
    page 1: no se pudo avanzar al paginador siguiente
  productos acumulados subcategoría: 16

[11/23] Scrape: [Fruta Colación] Jugos Regulares
    page 1: procesando DOM
      scroll round 1: anchors=13
      scroll round 2: anchors=16
      scroll round 3: anchors=16
      scroll round 4: anchors=16
      scroll round 5: anchors=16
      scroll round 6: anchors=16
      scroll round 7: anchors=16
      scroll round 8: anchors=16
    page 1: visibles=13, nuevos=13, acumulados=13
    page 1: sample_skus=['00780282000248', '00780282000238', '00780282000232', '00780282000234', '00780281001199', '00780220026303', '00780220026304', '00780282070009', '00780281000675', '00780282055050']
    page 2: procesando DOM
      scroll round 1: anchors=16
      scroll round 2: anchors=16
      scroll round 3: anchors=16
      scroll round 4: anchors=16
      scroll round 5: anchors=16
      scroll round 6: anchors=16
      scroll round 7: anchors=16
      scroll round 8: anchors=16
    page 2: visibles=13, nuevos=0, acumulados=13
    page 2: sample_skus=['00780282000248', '00780282000238', '00780282000232', '00780282000234', '00780281001199', '00780220026303', '00780220026304', '00780282070009', '00780281000675', '00780282055050']
    page 3: procesando DOM
      scroll round 1: anchors=16
      scroll round 2: anchors=16
      scroll round 3: anchors=16
      scroll round 4: anchors=16
      scroll round 5: anchors=16
      scroll round 6: anchors=16
      scroll round 7: anchors=16
      scroll round 8: anchors=16
    page 3: visibles=13, nuevos=0, acumulados=13
    page 3: sample_skus=['00780282000248', '00780282000238', '00780282000232', '00780282000234', '00780281001199', '00780220026303', '00780220026304', '00780282070009', '00780281000675', '00780282055050']
    stop: 2 páginas seguidas sin nuevos productos
  productos acumulados subcategoría: 13

[12/23] Scrape: [Fruta Colación] Saborizadas
    page 1: procesando DOM
      scroll round 1: anchors=24
      scroll round 2: anchors=26
      scroll round 3: anchors=26
      scroll round 4: anchors=26
      scroll round 5: anchors=26
      scroll round 6: anchors=26
      scroll round 7: anchors=26
      scroll round 8: anchors=26
    page 1: visibles=26, nuevos=26, acumulados=26
    page 1: sample_skus=['00780292077721', '00780292075913', '00780292010610', '00780291030120', '00780290005607', '00780291030620', '00780291030320', '00780290000380', '00780290000226', '00780291030020']
    page 1: no se pudo avanzar al paginador siguiente
  productos acumulados subcategoría: 26

[13/23] Scrape: [Fruta Colación] Sin Lactosa Vegetales y Proteínas
    page 1: procesando DOM
      scroll round 1: anchors=8
      scroll round 2: anchors=8
      scroll round 3: anchors=8
      scroll round 4: anchors=8
      scroll round 5: anchors=8
      scroll round 6: anchors=8
      scroll round 7: anchors=8
      scroll round 8: anchors=8
    page 1: visibles=8, nuevos=8, acumulados=8
    page 1: sample_skus=['00780290000461', '00780291000805', '00780290019707', '00780290000152', '00780290002847', '00780292000221', '00780291000809', '00780291000079']
    page 1: no se pudo avanzar al paginador siguiente
  productos acumulados subcategoría: 8

[14/23] Scrape: [Fruta Colación] Batidos
    page 1: procesando DOM
      scroll round 1: anchors=24
      scroll round 2: anchors=44
      scroll round 3: anchors=44
      scroll round 4: anchors=44
      scroll round 5: anchors=44
      scroll round 6: anchors=44
      scroll round 7: anchors=44
      scroll round 8: anchors=44
    page 1: visibles=44, nuevos=44, acumulados=44
    page 1: sample_skus=['00780292000691', '00780290000248', '00780290023422', '00780295501086', '00780290000249', '00780290023425', '00780292000790', '00780295500111', '00780293000473', '00780290023022']
    page 2: procesando DOM
      scroll round 1: anchors=19
      scroll round 2: anchors=19
      scroll round 3: anchors=19
      scroll round 4: anchors=19
      scroll round 5: anchors=19
      scroll round 6: anchors=19
      scroll round 7: anchors=19
      scroll round 8: anchors=19
    page 2: visibles=19, nuevos=19, acumulados=63
    page 2: sample_skus=['00780290030005', '00780463298028', '00780295501100', '00780292000090', '00780292000107', '00761328742403', '00761328742376', '00780290033516', '00780295500403', '00761328742406']
    page 2: no se pudo avanzar al paginador siguiente
  productos acumulados subcategoría: 63

[15/23] Scrape: [Fruta Colación] Trozos
    page 1: procesando DOM
      scroll round 1: anchors=24
      scroll round 2: anchors=30
      scroll round 3: anchors=30
      scroll round 4: anchors=30
      scroll round 5: anchors=30
      scroll round 6: anchors=30
      scroll round 7: anchors=30
      scroll round 8: anchors=30
    page 1: visibles=30, nuevos=30, acumulados=30
    page 1: sample_skus=['00780295500497', '00780295500652', '00780290000030', '00780295500655', '00780290000033', '00780295500746', '00780290000035', '00780290000036', '00780295501123', '00780290000213']
    page 1: no se pudo avanzar al paginador siguiente
  productos acumulados subcategoría: 30

[16/23] Scrape: [Fruta Colación] Infantiles
    page 1: procesando DOM
      scroll round 1: anchors=24
      scroll round 2: anchors=36
      scroll round 3: anchors=44
      scroll round 4: anchors=44
      scroll round 5: anchors=44
      scroll round 6: anchors=44
      scroll round 7: anchors=44
      scroll round 8: anchors=44
    page 1: visibles=44, nuevos=44, acumulados=44
    page 1: sample_skus=['00780295500363', '00780295500111', '00780290033701', '00780295500108', '00780290023834', '00780295500099', '00761303137032', '00780290000146', '00000007804109', '00780290000441']
    page 2: procesando DOM
      scroll round 1: anchors=2
      scroll round 2: anchors=2
      scroll round 3: anchors=2
      scroll round 4: anchors=2
      scroll round 5: anchors=2
      scroll round 6: anchors=2
      scroll round 7: anchors=2
      scroll round 8: anchors=2
    page 2: visibles=2, nuevos=2, acumulados=46
    page 2: sample_skus=['00780292000679', '00844529097518']
    page 2: no se pudo avanzar al paginador siguiente
  productos acumulados subcategoría: 46

[17/23] Scrape: [Fruta Colación] Proteina
    page 1: procesando DOM
      scroll round 1: anchors=24
      scroll round 2: anchors=28
      scroll round 3: anchors=28
      scroll round 4: anchors=28
      scroll round 5: anchors=28
      scroll round 6: anchors=28
      scroll round 7: anchors=28
      scroll round 8: anchors=28
    page 1: visibles=28, nuevos=28, acumulados=28
    page 1: sample_skus=['00780290000140', '00780290000141', '00780293000535', '00780290000202', '00780290000203', '00780291000707', '00780291000706', '00780290000329', '00780290000170', '00780291000734']
    page 1: no se pudo avanzar al paginador siguiente
  productos acumulados subcategoría: 28

[18/23] Scrape: [Fruta Colación] Sin Lactosa
    page 1: procesando DOM
      scroll round 1: anchors=24
      scroll round 2: anchors=31
      scroll round 3: anchors=31
      scroll round 4: anchors=31
      scroll round 5: anchors=31
      scroll round 6: anchors=31
      scroll round 7: anchors=31
      scroll round 8: anchors=31
    page 1: visibles=31, nuevos=31, acumulados=31
    page 1: sample_skus=['00780292001062', '00780292001061', '00780292001082', '00780292001063', '00780290023525', '00780290023523', '00780290023522', '00780292001083', '00780292001084', '00780290000287']
    page 1: no se pudo avanzar al paginador siguiente
  productos acumulados subcategoría: 31

[19/23] Scrape: [Fruta Colación] Probióticos
    page 1: procesando DOM
      scroll round 1: anchors=19
      scroll round 2: anchors=19
      scroll round 3: anchors=19
      scroll round 4: anchors=19
      scroll round 5: anchors=19
      scroll round 6: anchors=19
      scroll round 7: anchors=19
      scroll round 8: anchors=19
    page 1: visibles=19, nuevos=19, acumulados=19
    page 1: sample_skus=['00844529074942', '00780290023834', '00761303137032', '00780290000146', '00780290023844', '00761303137045', '00780290023859', '00761303603197', '00761303005861', '00780295500882']
    page 1: no se pudo avanzar al paginador siguiente
  productos acumulados subcategoría: 19

[20/23] Scrape: [Fruta Colación] Formato Familiar
    page 1: procesando DOM
      scroll round 1: anchors=24
      scroll round 2: anchors=35
      scroll round 3: anchors=35
      scroll round 4: anchors=35
      scroll round 5: anchors=35
      scroll round 6: anchors=35
      scroll round 7: anchors=35
      scroll round 8: anchors=35
    page 1: visibles=35, nuevos=35, acumulados=35
    page 1: sample_skus=['00780292080168', '00780290000332', '00780292024251', '00780290039202', '00780292000017', '00780293000486', '00780290039205', '00780292080170', '00780290039204', '00780292024253']
    page 1: no se pudo avanzar al paginador siguiente
  productos acumulados subcategoría: 35

[21/23] Scrape: [Fruta Colación] Salud y Bienestar
    page 1: procesando DOM
      scroll round 1: anchors=16
      scroll round 2: anchors=16
      scroll round 3: anchors=16
      scroll round 4: anchors=16
      scroll round 5: anchors=16
      scroll round 6: anchors=16
      scroll round 7: anchors=16
      scroll round 8: anchors=16
    page 1: visibles=16, nuevos=16, acumulados=16
    page 1: sample_skus=['00780292001059', '00780292001058', '00780292001060', '00780290000335', '00780290000337', '00780290000336', '00780294600077', '00780293000545', '00780293000544', '00780294600075']
    page 1: no se pudo avanzar al paginador siguiente
  productos acumulados subcategoría: 16

[22/23] Scrape: [Fruta Colación] Base Vegetal
    page 1: procesando DOM
      scroll round 1: anchors=3
      scroll round 2: anchors=3
      scroll round 3: anchors=3
      scroll round 4: anchors=3
      scroll round 5: anchors=3
      scroll round 6: anchors=3
      scroll round 7: anchors=3
      scroll round 8: anchors=3
    page 1: visibles=3, nuevos=3, acumulados=3
    page 1: sample_skus=['00761303888402', '00761303888395', '00761303867829']
    page 1: no se pudo avanzar al paginador siguiente
  productos acumulados subcategoría: 3

[23/23] Scrape: [Fruta Colación] Natural
    page 1: procesando DOM
      scroll round 1: anchors=4
      scroll round 2: anchors=4
      scroll round 3: anchors=4
      scroll round 4: anchors=4
      scroll round 5: anchors=4
      scroll round 6: anchors=4
      scroll round 7: anchors=4
      scroll round 8: anchors=4
    page 1: visibles=4, nuevos=4, acumulados=4
    page 1: sample_skus=['00780295500779', '00780290013011', '00761303646733', '00780293000487']
    page 1: no se pudo avanzar al paginador siguiente
  productos acumulados subcategoría: 4

Total filas: 475
CSV generado: output\colaciones\lider_colaciones_20260317_132259.csv
