
Subcategorías detectadas en [Desayuno y Dulces]: 33
 - Miel y salsas | Café, té y hierbas -> https://www.unimarc.cl/category/desayuno-y-dulces/cafe-te-y-hierbas
 - Miel y salsas | Café grano y molido -> https://www.unimarc.cl/category/desayuno-y-dulces/cafe-te-y-hierbas/cafe-grano-y-molido
 - Miel y salsas | Café instantáneo -> https://www.unimarc.cl/category/desayuno-y-dulces/cafe-te-y-hierbas/cafe-instantaneo
 - Miel y salsas | Cápsulas -> https://www.unimarc.cl/category/desayuno-y-dulces/cafe-te-y-hierbas/capsulas
 - Miel y salsas | Hierbas y mate -> https://www.unimarc.cl/category/desayuno-y-dulces/cafe-te-y-hierbas/hierbas-y-mate
 - Miel y salsas | Saborizados y cremas -> https://www.unimarc.cl/category/desayuno-y-dulces/cafe-te-y-hierbas/saborizados-y-cremas
 - Miel y salsas | Té ceylan -> https://www.unimarc.cl/category/desayuno-y-dulces/cafe-te-y-hierbas/te-ceylan
 - Miel y salsas | Té especial -> https://www.unimarc.cl/category/desayuno-y-dulces/cafe-te-y-hierbas/te-especial
 - Miel y salsas | Cereales -> https://www.unimarc.cl/category/desayuno-y-dulces/cereales
 - Miel y salsas | Chocolatados y azucarados -> https://www.unimarc.cl/category/desayuno-y-dulces/cereales/chocolatados-y-azucarados
 - Miel y salsas | Fibra, avena y granola -> https://www.unimarc.cl/category/desayuno-y-dulces/cereales/fibra-avena-y-granola
 - Miel y salsas | Cereal inflado -> https://www.unimarc.cl/category/desayuno-y-dulces/cereales/cereal-inflado
 - Miel y salsas | Barras y colaciones -> https://www.unimarc.cl/category/desayuno-y-dulces/cereales/barras-y-colaciones
 - Miel y salsas | Chocolates y confites -> https://www.unimarc.cl/category/desayuno-y-dulces/chocolates-y-confites
 - Miel y salsas | Chocolates -> https://www.unimarc.cl/category/desayuno-y-dulces/chocolates-y-confites/chocolates
 - Miel y salsas | Calugas, caramelos y turrones -> https://www.unimarc.cl/category/desayuno-y-dulces/chocolates-y-confites/calugas-caramelos-y-turrones
 - Miel y salsas | Gomitas, masticables y chupetes -> https://www.unimarc.cl/category/desayuno-y-dulces/chocolates-y-confites/gomitas-masticables-y-chupetes
 - Miel y salsas | Marshmallows, malvas y guagüitas -> https://www.unimarc.cl/category/desayuno-y-dulces/chocolates-y-confites/marshmallows-malvas-y-guaguitas
 - Miel y salsas | Chicles y mentas -> https://www.unimarc.cl/category/desayuno-y-dulces/chocolates-y-confites/chicles-y-mentas
 - Miel y salsas | Galletas y colaciones dulces -> https://www.unimarc.cl/category/desayuno-y-dulces/galletas-y-colaciones-dulces
 - Miel y salsas | Galletas bañadas y rellenas -> https://www.unimarc.cl/category/desayuno-y-dulces/galletas-y-colaciones-dulces/galletas-banadas-y-rellenas
 - Miel y salsas | Galletas chips -> https://www.unimarc.cl/category/desayuno-y-dulces/galletas-y-colaciones-dulces/galletas-chips
 - Miel y salsas | Galletas tradicionales, obleas y champañas -> https://www.unimarc.cl/category/desayuno-y-dulces/galletas-y-colaciones-dulces/galletas-tradicionales-obleas-y-champanas
 - Miel y salsas | Galletas saludables -> https://www.unimarc.cl/category/desayuno-y-dulces/galletas-y-colaciones-dulces/galletas-saludables
 - Miel y salsas | Galletas colación -> https://www.unimarc.cl/category/desayuno-y-dulces/galletas-y-colaciones-dulces/galletas-colacion
 - Miel y salsas | Galletones y alfajores -> https://www.unimarc.cl/category/desayuno-y-dulces/galletas-y-colaciones-dulces/galletones-y-alfajores
 - Miel y salsas | Mermelada y manjar -> https://www.unimarc.cl/category/desayuno-y-dulces/mermelada-y-manjar
 - Miel y salsas | Manjar -> https://www.unimarc.cl/category/desayuno-y-dulces/mermelada-y-manjar/manjar
 - Miel y salsas | Mermeladas y dulces -> https://www.unimarc.cl/category/desayuno-y-dulces/mermelada-y-manjar/mermeladas-y-dulces
 - Miel y salsas | Miel y salsas -> https://www.unimarc.cl/category/desayuno-y-dulces/miel-y-salsas
 - Miel y salsas | Miel -> https://www.unimarc.cl/category/desayuno-y-dulces/miel-y-salsas/miel
 - Miel y salsas | Salsas -> https://www.unimarc.cl/category/desayuno-y-dulces/miel-y-salsas/salsas
 - Miel y salsas | Cremas y mantequillas -> https://www.unimarc.cl/category/desayuno-y-dulces/miel-y-salsas/cremas-y-mantequillas

Scrape: [Miel y salsas] Café, té y hierbas
  productos únicos: 277

Scrape: [Miel y salsas] Café grano y molido
  productos únicos: 31

Scrape: [Miel y salsas] Café instantáneo
  productos únicos: 51

Scrape: [Miel y salsas] Cápsulas
  productos únicos: 29

Scrape: [Miel y salsas] Hierbas y mate
  productos únicos: 57

Scrape: [Miel y salsas] Saborizados y cremas
  productos únicos: 20

Scrape: [Miel y salsas] Té ceylan
  productos únicos: 38

Scrape: [Miel y salsas] Té especial
  productos únicos: 51

Scrape: [Miel y salsas] Cereales
  productos únicos: 195

Scrape: [Miel y salsas] Chocolatados y azucarados
  productos únicos: 64

Scrape: [Miel y salsas] Fibra, avena y granola
  productos únicos: 50

Scrape: [Miel y salsas] Cereal inflado
  productos únicos: 15

Scrape: [Miel y salsas] Barras y colaciones
  productos únicos: 66

Scrape: [Miel y salsas] Chocolates y confites
  productos únicos: 424

Scrape: [Miel y salsas] Chocolates
  productos únicos: 254

Scrape: [Miel y salsas] Calugas, caramelos y turrones
  productos únicos: 48

Scrape: [Miel y salsas] Gomitas, masticables y chupetes
  productos únicos: 73

Scrape: [Miel y salsas] Marshmallows, malvas y guagüitas
  productos únicos: 28

Scrape: [Miel y salsas] Chicles y mentas
  productos únicos: 21

Scrape: [Miel y salsas] Galletas y colaciones dulces
  productos únicos: 312

Scrape: [Miel y salsas] Galletas bañadas y rellenas
  productos únicos: 75

Scrape: [Miel y salsas] Galletas chips
  productos únicos: 11

Scrape: [Miel y salsas] Galletas tradicionales, obleas y champañas
  productos únicos: 77

Scrape: [Miel y salsas] Galletas saludables
  productos únicos: 77

Scrape: [Miel y salsas] Galletas colación
  productos únicos: 45

Scrape: [Miel y salsas] Galletones y alfajores
  productos únicos: 27

Scrape: [Miel y salsas] Mermelada y manjar
  productos únicos: 92

Scrape: [Miel y salsas] Manjar
  productos únicos: 21

Scrape: [Miel y salsas] Mermeladas y dulces
  productos únicos: 69

Scrape: [Miel y salsas] Miel y salsas
  productos únicos: 55

Scrape: [Miel y salsas] Miel
  productos únicos: 22

Scrape: [Miel y salsas] Salsas
  productos únicos: 14

Scrape: [Miel y salsas] Cremas y mantequillas
  productos únicos: 19

Total filas: 2708
CSV generado: output\desayunos_dulces\unimarc_desayuno-y-dulces_subcats_20260223_131620.csv
