Traceback (most recent call last):
  File "C:\Users\fvergram\OneDrive - NTT DATA EMEAL\Desktop\webscrapping\Supermercados\Unimarc\src\categorias\unimarc_carnes.py", line 411, in <module>
    asyncio.run(main())
    ~~~~~~~~~~~^^^^^^^^
  File "C:\Python\Lib\asyncio\runners.py", line 194, in run
    return runner.run(main)
           ~~~~~~~~~~^^^^^^
  File "C:\Python\Lib\asyncio\runners.py", line 118, in run
    return self._loop.run_until_complete(task)
           ~~~~~~~~~~~~~~~~~~~~~~~~~~~~~^^^^^^
  File "C:\Python\Lib\asyncio\base_events.py", line 721, in run_until_complete
    return future.result()
           ~~~~~~~~~~~~~^^
  File "C:\Users\fvergram\OneDrive - NTT DATA EMEAL\Desktop\webscrapping\Supermercados\Unimarc\src\categorias\unimarc_carnes.py", line 383, in main
    items = await scrape_category_with_pagination(context, sc["group"], sc["name"], sc["url"])
            ^^^^^^^^^^^^^^^^^^^^^^^^^^^^^^^^^^^^^^^^^^^^^^^^^^^^^^^^^^^^^^^^^^^^^^^^^^^^^^^^^^
  File "C:\Users\fvergram\OneDrive - NTT DATA EMEAL\Desktop\webscrapping\Supermercados\Unimarc\src\categorias\unimarc_carnes.py", line 321, in scrape_category_with_pagination
    url_json, status, data = await capture_next_data_around(
                             ^^^^^^^^^^^^^^^^^^^^^^^^^^^^^^^
    ...<5 lines>...
    )
    ^
  File "C:\Users\fvergram\OneDrive - NTT DATA EMEAL\Desktop\webscrapping\Supermercados\Unimarc\src\categorias\unimarc_carnes.py", line 151, in capture_next_data_around
    await action_coro
  File "C:\Users\fvergram\OneDrive - NTT DATA EMEAL\Desktop\webscrapping\Supermercados\Unimarc\src\categorias\unimarc_carnes.py", line 161, in click_page_number
    await locator.scroll_into_view_if_needed()
  File "C:\Python\Lib\site-packages\playwright\async_api\_generated.py", line 17483, in scroll_into_view_if_needed
    await self._impl_obj.scroll_into_view_if_needed(timeout=timeout)
  File "C:\Python\Lib\site-packages\playwright\_impl\_locator.py", line 581, in scroll_into_view_if_needed
    return await self._with_element(
           ^^^^^^^^^^^^^^^^^^^^^^^^^
    ...<2 lines>...
    )
    ^
  File "C:\Python\Lib\site-packages\playwright\_impl\_locator.py", line 117, in _with_element
    return await task(
           ^^^^^^^^^^^
    ...<2 lines>...
    )
    ^
  File "C:\Python\Lib\site-packages\playwright\_impl\_element_handle.py", line 113, in scroll_into_view_if_needed
    await self._channel.send(
        "scrollIntoViewIfNeeded", self._frame._timeout, locals_to_params(locals())
    )
  File "C:\Python\Lib\site-packages\playwright\_impl\_connection.py", line 69, in send
    return await self._connection.wrap_api_call(
           ^^^^^^^^^^^^^^^^^^^^^^^^^^^^^^^^^^^^^
    ...<3 lines>...
    )
    ^
  File "C:\Python\Lib\site-packages\playwright\_impl\_connection.py", line 559, in wrap_api_call
    raise rewrite_error(error, f"{parsed_st['apiName']}: {error}") from None
playwright._impl._errors.Error: Locator.scroll_into_view_if_needed: Element is not attached to the DOM
Call log:
  - attempting scroll into view action
    - waiting for element to be stable

