
Subcategorías detectadas en [Congelados]: 28
 - Platos congelados | Hielo, helados y postres -> https://www.unimarc.cl/category/congelados/hielo-helados-y-postres
 - Platos congelados | Helados cremosos -> https://www.unimarc.cl/category/congelados/hielo-helados-y-postres/helados-cremosos
 - Platos congelados | Pack helados individuales -> https://www.unimarc.cl/category/congelados/hielo-helados-y-postres/pack-helados-individuales
 - Platos congelados | Helados premium -> https://www.unimarc.cl/category/congelados/hielo-helados-y-postres/helados-premium
 - Platos congelados | Helados agua y fruta -> https://www.unimarc.cl/category/congelados/hielo-helados-y-postres/helados-agua-y-fruta
 - Platos congelados | Helados light -> https://www.unimarc.cl/category/congelados/hielo-helados-y-postres/helados-light
 - Platos congelados | Postres helados -> https://www.unimarc.cl/category/congelados/hielo-helados-y-postres/postres-helados
 - Platos congelados | Hielo -> https://www.unimarc.cl/category/congelados/hielo-helados-y-postres/hielo
 - Platos congelados | Frutas y verduras congeladas -> https://www.unimarc.cl/category/congelados/frutas-y-verduras-congeladas
 - Platos congelados | Verduras congeladas -> https://www.unimarc.cl/category/congelados/frutas-y-verduras-congeladas/verduras-congeladas
 - Platos congelados | Mix de verduras -> https://www.unimarc.cl/category/congelados/frutas-y-verduras-congeladas/mix-de-verduras
 - Platos congelados | Frutas -> https://www.unimarc.cl/category/congelados/frutas-y-verduras-congeladas/frutas
 - Platos congelados | Pulpa fruta -> https://www.unimarc.cl/category/congelados/frutas-y-verduras-congeladas/pulpa-fruta
 - Platos congelados | Hamburguesas, apanados y churrascos -> https://www.unimarc.cl/category/congelados/hamburguesas-apanados-y-churrascos
 - Platos congelados | Hamburguesas vegetales -> https://www.unimarc.cl/category/congelados/hamburguesas-apanados-y-churrascos/hamburguesas-vegetales
 - Platos congelados | Churrascos, lomitos y otros -> https://www.unimarc.cl/category/congelados/hamburguesas-apanados-y-churrascos/churrascos-lomitos-y-otros
 - Platos congelados | Nuggets y apanados -> https://www.unimarc.cl/category/congelados/hamburguesas-apanados-y-churrascos/nuggets-y-apanados
 - Platos congelados | Hamburguesas -> https://www.unimarc.cl/category/congelados/hamburguesas-apanados-y-churrascos/hamburguesas
 - Platos congelados | Pescados y mariscos -> https://www.unimarc.cl/category/congelados/pescados-y-mariscos
 - Platos congelados | Pescados -> https://www.unimarc.cl/category/congelados/pescados-y-mariscos/pescados
 - Platos congelados | Mariscos -> https://www.unimarc.cl/category/congelados/pescados-y-mariscos/mariscos
 - Platos congelados | Camarones -> https://www.unimarc.cl/category/congelados/pescados-y-mariscos/camarones
 - Platos congelados | Pescados Apanados -> https://www.unimarc.cl/category/congelados/pescados-y-mariscos/pescados-apanados
 - Platos congelados | Platos congelados -> https://www.unimarc.cl/category/congelados/platos-congelados
 - Platos congelados | Pizza -> https://www.unimarc.cl/category/congelados/platos-congelados/pizza
 - Platos congelados | Platos preparados -> https://www.unimarc.cl/category/congelados/platos-congelados/platos-preparados
 - Platos congelados | Postres congelados -> https://www.unimarc.cl/category/congelados/platos-congelados/postres-congelados
 - Platos congelados | Cocktail -> https://www.unimarc.cl/category/congelados/platos-congelados/cocktail

Scrape: [Platos congelados] Hielo, helados y postres
  productos únicos: 173

Scrape: [Platos congelados] Helados cremosos
  productos únicos: 58

Scrape: [Platos congelados] Pack helados individuales
  productos únicos: 34

Scrape: [Platos congelados] Helados premium
  productos únicos: 49

Scrape: [Platos congelados] Helados agua y fruta
  productos únicos: 7

Scrape: [Platos congelados] Helados light
  productos únicos: 5

Scrape: [Platos congelados] Postres helados
  productos únicos: 14

Scrape: [Platos congelados] Hielo
  productos únicos: 6

Scrape: [Platos congelados] Frutas y verduras congeladas
  productos únicos: 100

Scrape: [Platos congelados] Verduras congeladas
  productos únicos: 49

Scrape: [Platos congelados] Mix de verduras
  productos únicos: 21

Scrape: [Platos congelados] Frutas
  productos únicos: 24

Scrape: [Platos congelados] Pulpa fruta
  productos únicos: 5

Scrape: [Platos congelados] Hamburguesas, apanados y churrascos
  productos únicos: 96

Scrape: [Platos congelados] Hamburguesas vegetales
  productos únicos: 7

Scrape: [Platos congelados] Churrascos, lomitos y otros
  productos únicos: 12

Scrape: [Platos congelados] Nuggets y apanados
  productos únicos: 38

Scrape: [Platos congelados] Hamburguesas
  productos únicos: 39

Scrape: [Platos congelados] Pescados y mariscos
  productos únicos: 60

Scrape: [Platos congelados] Pescados
  productos únicos: 34

Scrape: [Platos congelados] Mariscos
  productos únicos: 3

Scrape: [Platos congelados] Camarones
  productos únicos: 13

Scrape: [Platos congelados] Pescados Apanados
  productos únicos: 10

Scrape: [Platos congelados] Platos congelados
  productos únicos: 55

Scrape: [Platos congelados] Pizza
  productos únicos: 10

Scrape: [Platos congelados] Platos preparados
  productos únicos: 20

Scrape: [Platos congelados] Postres congelados
  productos únicos: 5

Scrape: [Platos congelados] Cocktail
  productos únicos: 20

Total filas: 967
CSV generado: output\congelados\unimarc_congelados_subcats_20260223_130410.csv
