
Subcategorías detectadas en [Hogar]: 259
 - Aire libre | Aire libre -> https://www.unimarc.cl/category/hogar/aire-libre
 - Aire libre | Otros accesorios -> https://www.unimarc.cl/category/hogar/aire-libre/otros-accesorios
 - Aire libre | Carbón y parrilla -> https://www.unimarc.cl/category/hogar/aire-libre/carbon-y-parrilla
 - Aire libre | Juegos y deportes -> https://www.unimarc.cl/category/hogar/aire-libre/juegos-y-deportes
 - Aire libre | Piscina -> https://www.unimarc.cl/category/hogar/aire-libre/piscina
 - Aire libre | Librería, celebraciones y juguetes -> https://www.unimarc.cl/category/hogar/libreria-celebraciones-y-juguetes
 - Aire libre | Diarios y revistas -> https://www.unimarc.cl/category/hogar/libreria-celebraciones-y-juguetes/diarios-y-revistas
 - Aire libre | Librería -> https://www.unimarc.cl/category/hogar/libreria-celebraciones-y-juguetes/libreria
 - Aire libre | Celebraciones -> https://www.unimarc.cl/category/hogar/libreria-celebraciones-y-juguetes/celebraciones
 - Aire libre | Juegos y juguetes -> https://www.unimarc.cl/category/hogar/libreria-celebraciones-y-juguetes/juegos-y-juguetes
 - Aire libre | Cocina y mesa -> https://www.unimarc.cl/category/hogar/cocina-y-mesa
 - Aire libre | Papeles cocina y bolsas multiuso -> https://www.unimarc.cl/category/hogar/cocina-y-mesa/papeles-cocina-y-bolsas-multiuso
 - Aire libre | Cristalería -> https://www.unimarc.cl/category/hogar/cocina-y-mesa/cristaleria
 - Aire libre | Herméticos, termos y botellas -> https://www.unimarc.cl/category/hogar/cocina-y-mesa/hermeticos-termos-y-botellas
 - Aire libre | Ollas, sartenes y accesorios cocción -> https://www.unimarc.cl/category/hogar/cocina-y-mesa/ollas-sartenes-y-accesorios-coccion
 - Aire libre | Utensilios cocina y repostería -> https://www.unimarc.cl/category/hogar/cocina-y-mesa/utensilios-cocina-y-reposteria
 - Aire libre | Complementos mesa -> https://www.unimarc.cl/category/hogar/cocina-y-mesa/complementos-mesa
 - Aire libre | Loza y tazones -> https://www.unimarc.cl/category/hogar/cocina-y-mesa/loza-y-tazones
 - Aire libre | Ferretería y automotriz -> https://www.unimarc.cl/category/hogar/ferreteria-y-automotriz
 - Aire libre | Pilas -> https://www.unimarc.cl/category/hogar/ferreteria-y-automotriz/pilas
 - Aire libre | Iluminación y enchufes -> https://www.unimarc.cl/category/hogar/ferreteria-y-automotriz/iluminacion-y-enchufes
 - Aire libre | Herramientas y adhesivos -> https://www.unimarc.cl/category/hogar/ferreteria-y-automotriz/herramientas-y-adhesivos
 - Aire libre | Automotriz -> https://www.unimarc.cl/category/hogar/ferreteria-y-automotriz/automotriz
 - Aire libre | Hogar -> https://www.unimarc.cl/category/hogar/hogar
 - Aire libre | Organización -> https://www.unimarc.cl/category/hogar/hogar/organizacion
 - Aire libre | Planchado y secado -> https://www.unimarc.cl/category/hogar/hogar/planchado-y-secado
 - Aire libre | Decoración -> https://www.unimarc.cl/category/hogar/hogar/decoracion
 - Aire libre | Calefacción y ventilación -> https://www.unimarc.cl/category/hogar/hogar/calefaccion-y-ventilacion
 - Aire libre | Textil hogar -> https://www.unimarc.cl/category/hogar/textil-hogar
 - Aire libre | Calzado y vestuario -> https://www.unimarc.cl/category/hogar/textil-hogar/calzado-y-vestuario
 - Aire libre | Dormitorio -> https://www.unimarc.cl/category/hogar/textil-hogar/dormitorio
 - Aire libre | Textil cocina -> https://www.unimarc.cl/category/hogar/textil-hogar/textil-cocina
 - Aire libre | Textil baño -> https://www.unimarc.cl/category/hogar/textil-hogar/textil-bano
 - Aire libre | Electrohogar -> https://www.unimarc.cl/category/hogar/electrohogar
 - Aire libre | Electrodomésticos -> https://www.unimarc.cl/category/hogar/electrohogar/electrodomesticos
 - Aire libre | Electrónica -> https://www.unimarc.cl/category/hogar/electrohogar/electronica
 - Aire libre | Cuidado personal -> https://www.unimarc.cl/category/hogar/electrohogar/cuidado-personal
 - Librería, celebraciones y juguetes | Aire libre -> https://www.unimarc.cl/category/hogar/aire-libre
 - Librería, celebraciones y juguetes | Otros accesorios -> https://www.unimarc.cl/category/hogar/aire-libre/otros-accesorios
 - Librería, celebraciones y juguetes | Carbón y parrilla -> https://www.unimarc.cl/category/hogar/aire-libre/carbon-y-parrilla
 - Librería, celebraciones y juguetes | Juegos y deportes -> https://www.unimarc.cl/category/hogar/aire-libre/juegos-y-deportes
 - Librería, celebraciones y juguetes | Piscina -> https://www.unimarc.cl/category/hogar/aire-libre/piscina
 - Librería, celebraciones y juguetes | Librería, celebraciones y juguetes -> https://www.unimarc.cl/category/hogar/libreria-celebraciones-y-juguetes
 - Librería, celebraciones y juguetes | Diarios y revistas -> https://www.unimarc.cl/category/hogar/libreria-celebraciones-y-juguetes/diarios-y-revistas
 - Librería, celebraciones y juguetes | Librería -> https://www.unimarc.cl/category/hogar/libreria-celebraciones-y-juguetes/libreria
 - Librería, celebraciones y juguetes | Celebraciones -> https://www.unimarc.cl/category/hogar/libreria-celebraciones-y-juguetes/celebraciones
 - Librería, celebraciones y juguetes | Juegos y juguetes -> https://www.unimarc.cl/category/hogar/libreria-celebraciones-y-juguetes/juegos-y-juguetes
 - Librería, celebraciones y juguetes | Cocina y mesa -> https://www.unimarc.cl/category/hogar/cocina-y-mesa
 - Librería, celebraciones y juguetes | Papeles cocina y bolsas multiuso -> https://www.unimarc.cl/category/hogar/cocina-y-mesa/papeles-cocina-y-bolsas-multiuso
 - Librería, celebraciones y juguetes | Cristalería -> https://www.unimarc.cl/category/hogar/cocina-y-mesa/cristaleria
 - Librería, celebraciones y juguetes | Herméticos, termos y botellas -> https://www.unimarc.cl/category/hogar/cocina-y-mesa/hermeticos-termos-y-botellas
 - Librería, celebraciones y juguetes | Ollas, sartenes y accesorios cocción -> https://www.unimarc.cl/category/hogar/cocina-y-mesa/ollas-sartenes-y-accesorios-coccion
 - Librería, celebraciones y juguetes | Utensilios cocina y repostería -> https://www.unimarc.cl/category/hogar/cocina-y-mesa/utensilios-cocina-y-reposteria
 - Librería, celebraciones y juguetes | Complementos mesa -> https://www.unimarc.cl/category/hogar/cocina-y-mesa/complementos-mesa
 - Librería, celebraciones y juguetes | Loza y tazones -> https://www.unimarc.cl/category/hogar/cocina-y-mesa/loza-y-tazones
 - Librería, celebraciones y juguetes | Ferretería y automotriz -> https://www.unimarc.cl/category/hogar/ferreteria-y-automotriz
 - Librería, celebraciones y juguetes | Pilas -> https://www.unimarc.cl/category/hogar/ferreteria-y-automotriz/pilas
 - Librería, celebraciones y juguetes | Iluminación y enchufes -> https://www.unimarc.cl/category/hogar/ferreteria-y-automotriz/iluminacion-y-enchufes
 - Librería, celebraciones y juguetes | Herramientas y adhesivos -> https://www.unimarc.cl/category/hogar/ferreteria-y-automotriz/herramientas-y-adhesivos
 - Librería, celebraciones y juguetes | Automotriz -> https://www.unimarc.cl/category/hogar/ferreteria-y-automotriz/automotriz
 - Librería, celebraciones y juguetes | Hogar -> https://www.unimarc.cl/category/hogar/hogar
 - Librería, celebraciones y juguetes | Organización -> https://www.unimarc.cl/category/hogar/hogar/organizacion
 - Librería, celebraciones y juguetes | Planchado y secado -> https://www.unimarc.cl/category/hogar/hogar/planchado-y-secado
 - Librería, celebraciones y juguetes | Decoración -> https://www.unimarc.cl/category/hogar/hogar/decoracion
 - Librería, celebraciones y juguetes | Calefacción y ventilación -> https://www.unimarc.cl/category/hogar/hogar/calefaccion-y-ventilacion
 - Librería, celebraciones y juguetes | Textil hogar -> https://www.unimarc.cl/category/hogar/textil-hogar
 - Librería, celebraciones y juguetes | Calzado y vestuario -> https://www.unimarc.cl/category/hogar/textil-hogar/calzado-y-vestuario
 - Librería, celebraciones y juguetes | Dormitorio -> https://www.unimarc.cl/category/hogar/textil-hogar/dormitorio
 - Librería, celebraciones y juguetes | Textil cocina -> https://www.unimarc.cl/category/hogar/textil-hogar/textil-cocina
 - Librería, celebraciones y juguetes | Textil baño -> https://www.unimarc.cl/category/hogar/textil-hogar/textil-bano
 - Librería, celebraciones y juguetes | Electrohogar -> https://www.unimarc.cl/category/hogar/electrohogar
 - Librería, celebraciones y juguetes | Electrodomésticos -> https://www.unimarc.cl/category/hogar/electrohogar/electrodomesticos
 - Librería, celebraciones y juguetes | Electrónica -> https://www.unimarc.cl/category/hogar/electrohogar/electronica
 - Librería, celebraciones y juguetes | Cuidado personal -> https://www.unimarc.cl/category/hogar/electrohogar/cuidado-personal
 - Cocina y mesa | Aire libre -> https://www.unimarc.cl/category/hogar/aire-libre
 - Cocina y mesa | Otros accesorios -> https://www.unimarc.cl/category/hogar/aire-libre/otros-accesorios
 - Cocina y mesa | Carbón y parrilla -> https://www.unimarc.cl/category/hogar/aire-libre/carbon-y-parrilla
 - Cocina y mesa | Juegos y deportes -> https://www.unimarc.cl/category/hogar/aire-libre/juegos-y-deportes
 - Cocina y mesa | Piscina -> https://www.unimarc.cl/category/hogar/aire-libre/piscina
 - Cocina y mesa | Librería, celebraciones y juguetes -> https://www.unimarc.cl/category/hogar/libreria-celebraciones-y-juguetes
 - Cocina y mesa | Diarios y revistas -> https://www.unimarc.cl/category/hogar/libreria-celebraciones-y-juguetes/diarios-y-revistas
 - Cocina y mesa | Librería -> https://www.unimarc.cl/category/hogar/libreria-celebraciones-y-juguetes/libreria
 - Cocina y mesa | Celebraciones -> https://www.unimarc.cl/category/hogar/libreria-celebraciones-y-juguetes/celebraciones
 - Cocina y mesa | Juegos y juguetes -> https://www.unimarc.cl/category/hogar/libreria-celebraciones-y-juguetes/juegos-y-juguetes
 - Cocina y mesa | Cocina y mesa -> https://www.unimarc.cl/category/hogar/cocina-y-mesa
 - Cocina y mesa | Papeles cocina y bolsas multiuso -> https://www.unimarc.cl/category/hogar/cocina-y-mesa/papeles-cocina-y-bolsas-multiuso
 - Cocina y mesa | Cristalería -> https://www.unimarc.cl/category/hogar/cocina-y-mesa/cristaleria
 - Cocina y mesa | Herméticos, termos y botellas -> https://www.unimarc.cl/category/hogar/cocina-y-mesa/hermeticos-termos-y-botellas
 - Cocina y mesa | Ollas, sartenes y accesorios cocción -> https://www.unimarc.cl/category/hogar/cocina-y-mesa/ollas-sartenes-y-accesorios-coccion
 - Cocina y mesa | Utensilios cocina y repostería -> https://www.unimarc.cl/category/hogar/cocina-y-mesa/utensilios-cocina-y-reposteria
 - Cocina y mesa | Complementos mesa -> https://www.unimarc.cl/category/hogar/cocina-y-mesa/complementos-mesa
 - Cocina y mesa | Loza y tazones -> https://www.unimarc.cl/category/hogar/cocina-y-mesa/loza-y-tazones
 - Cocina y mesa | Ferretería y automotriz -> https://www.unimarc.cl/category/hogar/ferreteria-y-automotriz
 - Cocina y mesa | Pilas -> https://www.unimarc.cl/category/hogar/ferreteria-y-automotriz/pilas
 - Cocina y mesa | Iluminación y enchufes -> https://www.unimarc.cl/category/hogar/ferreteria-y-automotriz/iluminacion-y-enchufes
 - Cocina y mesa | Herramientas y adhesivos -> https://www.unimarc.cl/category/hogar/ferreteria-y-automotriz/herramientas-y-adhesivos
 - Cocina y mesa | Automotriz -> https://www.unimarc.cl/category/hogar/ferreteria-y-automotriz/automotriz
 - Cocina y mesa | Hogar -> https://www.unimarc.cl/category/hogar/hogar
 - Cocina y mesa | Organización -> https://www.unimarc.cl/category/hogar/hogar/organizacion
 - Cocina y mesa | Planchado y secado -> https://www.unimarc.cl/category/hogar/hogar/planchado-y-secado
 - Cocina y mesa | Decoración -> https://www.unimarc.cl/category/hogar/hogar/decoracion
 - Cocina y mesa | Calefacción y ventilación -> https://www.unimarc.cl/category/hogar/hogar/calefaccion-y-ventilacion
 - Cocina y mesa | Textil hogar -> https://www.unimarc.cl/category/hogar/textil-hogar
 - Cocina y mesa | Calzado y vestuario -> https://www.unimarc.cl/category/hogar/textil-hogar/calzado-y-vestuario
 - Cocina y mesa | Dormitorio -> https://www.unimarc.cl/category/hogar/textil-hogar/dormitorio
 - Cocina y mesa | Textil cocina -> https://www.unimarc.cl/category/hogar/textil-hogar/textil-cocina
 - Cocina y mesa | Textil baño -> https://www.unimarc.cl/category/hogar/textil-hogar/textil-bano
 - Cocina y mesa | Electrohogar -> https://www.unimarc.cl/category/hogar/electrohogar
 - Cocina y mesa | Electrodomésticos -> https://www.unimarc.cl/category/hogar/electrohogar/electrodomesticos
 - Cocina y mesa | Electrónica -> https://www.unimarc.cl/category/hogar/electrohogar/electronica
 - Cocina y mesa | Cuidado personal -> https://www.unimarc.cl/category/hogar/electrohogar/cuidado-personal
 - Ferretería y automotriz | Aire libre -> https://www.unimarc.cl/category/hogar/aire-libre
 - Ferretería y automotriz | Otros accesorios -> https://www.unimarc.cl/category/hogar/aire-libre/otros-accesorios
 - Ferretería y automotriz | Carbón y parrilla -> https://www.unimarc.cl/category/hogar/aire-libre/carbon-y-parrilla
 - Ferretería y automotriz | Juegos y deportes -> https://www.unimarc.cl/category/hogar/aire-libre/juegos-y-deportes
 - Ferretería y automotriz | Piscina -> https://www.unimarc.cl/category/hogar/aire-libre/piscina
 - Ferretería y automotriz | Librería, celebraciones y juguetes -> https://www.unimarc.cl/category/hogar/libreria-celebraciones-y-juguetes
 - Ferretería y automotriz | Diarios y revistas -> https://www.unimarc.cl/category/hogar/libreria-celebraciones-y-juguetes/diarios-y-revistas
 - Ferretería y automotriz | Librería -> https://www.unimarc.cl/category/hogar/libreria-celebraciones-y-juguetes/libreria
 - Ferretería y automotriz | Celebraciones -> https://www.unimarc.cl/category/hogar/libreria-celebraciones-y-juguetes/celebraciones
 - Ferretería y automotriz | Juegos y juguetes -> https://www.unimarc.cl/category/hogar/libreria-celebraciones-y-juguetes/juegos-y-juguetes
 - Ferretería y automotriz | Cocina y mesa -> https://www.unimarc.cl/category/hogar/cocina-y-mesa
 - Ferretería y automotriz | Papeles cocina y bolsas multiuso -> https://www.unimarc.cl/category/hogar/cocina-y-mesa/papeles-cocina-y-bolsas-multiuso
 - Ferretería y automotriz | Cristalería -> https://www.unimarc.cl/category/hogar/cocina-y-mesa/cristaleria
 - Ferretería y automotriz | Herméticos, termos y botellas -> https://www.unimarc.cl/category/hogar/cocina-y-mesa/hermeticos-termos-y-botellas
 - Ferretería y automotriz | Ollas, sartenes y accesorios cocción -> https://www.unimarc.cl/category/hogar/cocina-y-mesa/ollas-sartenes-y-accesorios-coccion
 - Ferretería y automotriz | Utensilios cocina y repostería -> https://www.unimarc.cl/category/hogar/cocina-y-mesa/utensilios-cocina-y-reposteria
 - Ferretería y automotriz | Complementos mesa -> https://www.unimarc.cl/category/hogar/cocina-y-mesa/complementos-mesa
 - Ferretería y automotriz | Loza y tazones -> https://www.unimarc.cl/category/hogar/cocina-y-mesa/loza-y-tazones
 - Ferretería y automotriz | Ferretería y automotriz -> https://www.unimarc.cl/category/hogar/ferreteria-y-automotriz
 - Ferretería y automotriz | Pilas -> https://www.unimarc.cl/category/hogar/ferreteria-y-automotriz/pilas
 - Ferretería y automotriz | Iluminación y enchufes -> https://www.unimarc.cl/category/hogar/ferreteria-y-automotriz/iluminacion-y-enchufes
 - Ferretería y automotriz | Herramientas y adhesivos -> https://www.unimarc.cl/category/hogar/ferreteria-y-automotriz/herramientas-y-adhesivos
 - Ferretería y automotriz | Automotriz -> https://www.unimarc.cl/category/hogar/ferreteria-y-automotriz/automotriz
 - Ferretería y automotriz | Hogar -> https://www.unimarc.cl/category/hogar/hogar
 - Ferretería y automotriz | Organización -> https://www.unimarc.cl/category/hogar/hogar/organizacion
 - Ferretería y automotriz | Planchado y secado -> https://www.unimarc.cl/category/hogar/hogar/planchado-y-secado
 - Ferretería y automotriz | Decoración -> https://www.unimarc.cl/category/hogar/hogar/decoracion
 - Ferretería y automotriz | Calefacción y ventilación -> https://www.unimarc.cl/category/hogar/hogar/calefaccion-y-ventilacion
 - Ferretería y automotriz | Textil hogar -> https://www.unimarc.cl/category/hogar/textil-hogar
 - Ferretería y automotriz | Calzado y vestuario -> https://www.unimarc.cl/category/hogar/textil-hogar/calzado-y-vestuario
 - Ferretería y automotriz | Dormitorio -> https://www.unimarc.cl/category/hogar/textil-hogar/dormitorio
 - Ferretería y automotriz | Textil cocina -> https://www.unimarc.cl/category/hogar/textil-hogar/textil-cocina
 - Ferretería y automotriz | Textil baño -> https://www.unimarc.cl/category/hogar/textil-hogar/textil-bano
 - Ferretería y automotriz | Electrohogar -> https://www.unimarc.cl/category/hogar/electrohogar
 - Ferretería y automotriz | Electrodomésticos -> https://www.unimarc.cl/category/hogar/electrohogar/electrodomesticos
 - Ferretería y automotriz | Electrónica -> https://www.unimarc.cl/category/hogar/electrohogar/electronica
 - Ferretería y automotriz | Cuidado personal -> https://www.unimarc.cl/category/hogar/electrohogar/cuidado-personal
 - Hogar | Aire libre -> https://www.unimarc.cl/category/hogar/aire-libre
 - Hogar | Otros accesorios -> https://www.unimarc.cl/category/hogar/aire-libre/otros-accesorios
 - Hogar | Carbón y parrilla -> https://www.unimarc.cl/category/hogar/aire-libre/carbon-y-parrilla
 - Hogar | Juegos y deportes -> https://www.unimarc.cl/category/hogar/aire-libre/juegos-y-deportes
 - Hogar | Piscina -> https://www.unimarc.cl/category/hogar/aire-libre/piscina
 - Hogar | Librería, celebraciones y juguetes -> https://www.unimarc.cl/category/hogar/libreria-celebraciones-y-juguetes
 - Hogar | Diarios y revistas -> https://www.unimarc.cl/category/hogar/libreria-celebraciones-y-juguetes/diarios-y-revistas
 - Hogar | Librería -> https://www.unimarc.cl/category/hogar/libreria-celebraciones-y-juguetes/libreria
 - Hogar | Celebraciones -> https://www.unimarc.cl/category/hogar/libreria-celebraciones-y-juguetes/celebraciones
 - Hogar | Juegos y juguetes -> https://www.unimarc.cl/category/hogar/libreria-celebraciones-y-juguetes/juegos-y-juguetes
 - Hogar | Cocina y mesa -> https://www.unimarc.cl/category/hogar/cocina-y-mesa
 - Hogar | Papeles cocina y bolsas multiuso -> https://www.unimarc.cl/category/hogar/cocina-y-mesa/papeles-cocina-y-bolsas-multiuso
 - Hogar | Cristalería -> https://www.unimarc.cl/category/hogar/cocina-y-mesa/cristaleria
 - Hogar | Herméticos, termos y botellas -> https://www.unimarc.cl/category/hogar/cocina-y-mesa/hermeticos-termos-y-botellas
 - Hogar | Ollas, sartenes y accesorios cocción -> https://www.unimarc.cl/category/hogar/cocina-y-mesa/ollas-sartenes-y-accesorios-coccion
 - Hogar | Utensilios cocina y repostería -> https://www.unimarc.cl/category/hogar/cocina-y-mesa/utensilios-cocina-y-reposteria
 - Hogar | Complementos mesa -> https://www.unimarc.cl/category/hogar/cocina-y-mesa/complementos-mesa
 - Hogar | Loza y tazones -> https://www.unimarc.cl/category/hogar/cocina-y-mesa/loza-y-tazones
 - Hogar | Ferretería y automotriz -> https://www.unimarc.cl/category/hogar/ferreteria-y-automotriz
 - Hogar | Pilas -> https://www.unimarc.cl/category/hogar/ferreteria-y-automotriz/pilas
 - Hogar | Iluminación y enchufes -> https://www.unimarc.cl/category/hogar/ferreteria-y-automotriz/iluminacion-y-enchufes
 - Hogar | Herramientas y adhesivos -> https://www.unimarc.cl/category/hogar/ferreteria-y-automotriz/herramientas-y-adhesivos
 - Hogar | Automotriz -> https://www.unimarc.cl/category/hogar/ferreteria-y-automotriz/automotriz
 - Hogar | Hogar -> https://www.unimarc.cl/category/hogar/hogar
 - Hogar | Organización -> https://www.unimarc.cl/category/hogar/hogar/organizacion
 - Hogar | Planchado y secado -> https://www.unimarc.cl/category/hogar/hogar/planchado-y-secado
 - Hogar | Decoración -> https://www.unimarc.cl/category/hogar/hogar/decoracion
 - Hogar | Calefacción y ventilación -> https://www.unimarc.cl/category/hogar/hogar/calefaccion-y-ventilacion
 - Hogar | Textil hogar -> https://www.unimarc.cl/category/hogar/textil-hogar
 - Hogar | Calzado y vestuario -> https://www.unimarc.cl/category/hogar/textil-hogar/calzado-y-vestuario
 - Hogar | Dormitorio -> https://www.unimarc.cl/category/hogar/textil-hogar/dormitorio
 - Hogar | Textil cocina -> https://www.unimarc.cl/category/hogar/textil-hogar/textil-cocina
 - Hogar | Textil baño -> https://www.unimarc.cl/category/hogar/textil-hogar/textil-bano
 - Hogar | Electrohogar -> https://www.unimarc.cl/category/hogar/electrohogar
 - Hogar | Electrodomésticos -> https://www.unimarc.cl/category/hogar/electrohogar/electrodomesticos
 - Hogar | Electrónica -> https://www.unimarc.cl/category/hogar/electrohogar/electronica
 - Hogar | Cuidado personal -> https://www.unimarc.cl/category/hogar/electrohogar/cuidado-personal
 - Textil hogar | Aire libre -> https://www.unimarc.cl/category/hogar/aire-libre
 - Textil hogar | Otros accesorios -> https://www.unimarc.cl/category/hogar/aire-libre/otros-accesorios
 - Textil hogar | Carbón y parrilla -> https://www.unimarc.cl/category/hogar/aire-libre/carbon-y-parrilla
 - Textil hogar | Juegos y deportes -> https://www.unimarc.cl/category/hogar/aire-libre/juegos-y-deportes
 - Textil hogar | Piscina -> https://www.unimarc.cl/category/hogar/aire-libre/piscina
 - Textil hogar | Librería, celebraciones y juguetes -> https://www.unimarc.cl/category/hogar/libreria-celebraciones-y-juguetes
 - Textil hogar | Diarios y revistas -> https://www.unimarc.cl/category/hogar/libreria-celebraciones-y-juguetes/diarios-y-revistas
 - Textil hogar | Librería -> https://www.unimarc.cl/category/hogar/libreria-celebraciones-y-juguetes/libreria
 - Textil hogar | Celebraciones -> https://www.unimarc.cl/category/hogar/libreria-celebraciones-y-juguetes/celebraciones
 - Textil hogar | Juegos y juguetes -> https://www.unimarc.cl/category/hogar/libreria-celebraciones-y-juguetes/juegos-y-juguetes
 - Textil hogar | Cocina y mesa -> https://www.unimarc.cl/category/hogar/cocina-y-mesa
 - Textil hogar | Papeles cocina y bolsas multiuso -> https://www.unimarc.cl/category/hogar/cocina-y-mesa/papeles-cocina-y-bolsas-multiuso
 - Textil hogar | Cristalería -> https://www.unimarc.cl/category/hogar/cocina-y-mesa/cristaleria
 - Textil hogar | Herméticos, termos y botellas -> https://www.unimarc.cl/category/hogar/cocina-y-mesa/hermeticos-termos-y-botellas
 - Textil hogar | Ollas, sartenes y accesorios cocción -> https://www.unimarc.cl/category/hogar/cocina-y-mesa/ollas-sartenes-y-accesorios-coccion
 - Textil hogar | Utensilios cocina y repostería -> https://www.unimarc.cl/category/hogar/cocina-y-mesa/utensilios-cocina-y-reposteria
 - Textil hogar | Complementos mesa -> https://www.unimarc.cl/category/hogar/cocina-y-mesa/complementos-mesa
 - Textil hogar | Loza y tazones -> https://www.unimarc.cl/category/hogar/cocina-y-mesa/loza-y-tazones
 - Textil hogar | Ferretería y automotriz -> https://www.unimarc.cl/category/hogar/ferreteria-y-automotriz
 - Textil hogar | Pilas -> https://www.unimarc.cl/category/hogar/ferreteria-y-automotriz/pilas
 - Textil hogar | Iluminación y enchufes -> https://www.unimarc.cl/category/hogar/ferreteria-y-automotriz/iluminacion-y-enchufes
 - Textil hogar | Herramientas y adhesivos -> https://www.unimarc.cl/category/hogar/ferreteria-y-automotriz/herramientas-y-adhesivos
 - Textil hogar | Automotriz -> https://www.unimarc.cl/category/hogar/ferreteria-y-automotriz/automotriz
 - Textil hogar | Hogar -> https://www.unimarc.cl/category/hogar/hogar
 - Textil hogar | Organización -> https://www.unimarc.cl/category/hogar/hogar/organizacion
 - Textil hogar | Planchado y secado -> https://www.unimarc.cl/category/hogar/hogar/planchado-y-secado
 - Textil hogar | Decoración -> https://www.unimarc.cl/category/hogar/hogar/decoracion
 - Textil hogar | Calefacción y ventilación -> https://www.unimarc.cl/category/hogar/hogar/calefaccion-y-ventilacion
 - Textil hogar | Textil hogar -> https://www.unimarc.cl/category/hogar/textil-hogar
 - Textil hogar | Calzado y vestuario -> https://www.unimarc.cl/category/hogar/textil-hogar/calzado-y-vestuario
 - Textil hogar | Dormitorio -> https://www.unimarc.cl/category/hogar/textil-hogar/dormitorio
 - Textil hogar | Textil cocina -> https://www.unimarc.cl/category/hogar/textil-hogar/textil-cocina
 - Textil hogar | Textil baño -> https://www.unimarc.cl/category/hogar/textil-hogar/textil-bano
 - Textil hogar | Electrohogar -> https://www.unimarc.cl/category/hogar/electrohogar
 - Textil hogar | Electrodomésticos -> https://www.unimarc.cl/category/hogar/electrohogar/electrodomesticos
 - Textil hogar | Electrónica -> https://www.unimarc.cl/category/hogar/electrohogar/electronica
 - Textil hogar | Cuidado personal -> https://www.unimarc.cl/category/hogar/electrohogar/cuidado-personal
 - Electrohogar | Aire libre -> https://www.unimarc.cl/category/hogar/aire-libre
 - Electrohogar | Otros accesorios -> https://www.unimarc.cl/category/hogar/aire-libre/otros-accesorios
 - Electrohogar | Carbón y parrilla -> https://www.unimarc.cl/category/hogar/aire-libre/carbon-y-parrilla
 - Electrohogar | Juegos y deportes -> https://www.unimarc.cl/category/hogar/aire-libre/juegos-y-deportes
 - Electrohogar | Piscina -> https://www.unimarc.cl/category/hogar/aire-libre/piscina
 - Electrohogar | Librería, celebraciones y juguetes -> https://www.unimarc.cl/category/hogar/libreria-celebraciones-y-juguetes
 - Electrohogar | Diarios y revistas -> https://www.unimarc.cl/category/hogar/libreria-celebraciones-y-juguetes/diarios-y-revistas
 - Electrohogar | Librería -> https://www.unimarc.cl/category/hogar/libreria-celebraciones-y-juguetes/libreria
 - Electrohogar | Celebraciones -> https://www.unimarc.cl/category/hogar/libreria-celebraciones-y-juguetes/celebraciones
 - Electrohogar | Juegos y juguetes -> https://www.unimarc.cl/category/hogar/libreria-celebraciones-y-juguetes/juegos-y-juguetes
 - Electrohogar | Cocina y mesa -> https://www.unimarc.cl/category/hogar/cocina-y-mesa
 - Electrohogar | Papeles cocina y bolsas multiuso -> https://www.unimarc.cl/category/hogar/cocina-y-mesa/papeles-cocina-y-bolsas-multiuso
 - Electrohogar | Cristalería -> https://www.unimarc.cl/category/hogar/cocina-y-mesa/cristaleria
 - Electrohogar | Herméticos, termos y botellas -> https://www.unimarc.cl/category/hogar/cocina-y-mesa/hermeticos-termos-y-botellas
 - Electrohogar | Ollas, sartenes y accesorios cocción -> https://www.unimarc.cl/category/hogar/cocina-y-mesa/ollas-sartenes-y-accesorios-coccion
 - Electrohogar | Utensilios cocina y repostería -> https://www.unimarc.cl/category/hogar/cocina-y-mesa/utensilios-cocina-y-reposteria
 - Electrohogar | Complementos mesa -> https://www.unimarc.cl/category/hogar/cocina-y-mesa/complementos-mesa
 - Electrohogar | Loza y tazones -> https://www.unimarc.cl/category/hogar/cocina-y-mesa/loza-y-tazones
 - Electrohogar | Ferretería y automotriz -> https://www.unimarc.cl/category/hogar/ferreteria-y-automotriz
 - Electrohogar | Pilas -> https://www.unimarc.cl/category/hogar/ferreteria-y-automotriz/pilas
 - Electrohogar | Iluminación y enchufes -> https://www.unimarc.cl/category/hogar/ferreteria-y-automotriz/iluminacion-y-enchufes
 - Electrohogar | Herramientas y adhesivos -> https://www.unimarc.cl/category/hogar/ferreteria-y-automotriz/herramientas-y-adhesivos
 - Electrohogar | Automotriz -> https://www.unimarc.cl/category/hogar/ferreteria-y-automotriz/automotriz
 - Electrohogar | Hogar -> https://www.unimarc.cl/category/hogar/hogar
 - Electrohogar | Organización -> https://www.unimarc.cl/category/hogar/hogar/organizacion
 - Electrohogar | Planchado y secado -> https://www.unimarc.cl/category/hogar/hogar/planchado-y-secado
 - Electrohogar | Decoración -> https://www.unimarc.cl/category/hogar/hogar/decoracion
 - Electrohogar | Calefacción y ventilación -> https://www.unimarc.cl/category/hogar/hogar/calefaccion-y-ventilacion
 - Electrohogar | Textil hogar -> https://www.unimarc.cl/category/hogar/textil-hogar
 - Electrohogar | Calzado y vestuario -> https://www.unimarc.cl/category/hogar/textil-hogar/calzado-y-vestuario
 - Electrohogar | Dormitorio -> https://www.unimarc.cl/category/hogar/textil-hogar/dormitorio
 - Electrohogar | Textil cocina -> https://www.unimarc.cl/category/hogar/textil-hogar/textil-cocina
 - Electrohogar | Textil baño -> https://www.unimarc.cl/category/hogar/textil-hogar/textil-bano
 - Electrohogar | Electrohogar -> https://www.unimarc.cl/category/hogar/electrohogar
 - Electrohogar | Electrodomésticos -> https://www.unimarc.cl/category/hogar/electrohogar/electrodomesticos
 - Electrohogar | Electrónica -> https://www.unimarc.cl/category/hogar/electrohogar/electronica
 - Electrohogar | Cuidado personal -> https://www.unimarc.cl/category/hogar/electrohogar/cuidado-personal

Scrape: [Aire libre] Aire libre
  productos únicos: 50

Scrape: [Aire libre] Otros accesorios
  productos únicos: 16

Scrape: [Aire libre] Carbón y parrilla
  productos únicos: 26

Scrape: [Aire libre] Juegos y deportes
  productos únicos: 10

Scrape: [Aire libre] Piscina
  productos únicos: 34

Scrape: [Aire libre] Librería, celebraciones y juguetes
  productos únicos: 100

Scrape: [Aire libre] Diarios y revistas
  productos únicos: 0

Scrape: [Aire libre] Librería
  productos únicos: 100

Scrape: [Aire libre] Celebraciones
  productos únicos: 100

Scrape: [Aire libre] Juegos y juguetes
  productos únicos: 100

Scrape: [Aire libre] Cocina y mesa
  productos únicos: 100

Scrape: [Aire libre] Papeles cocina y bolsas multiuso
  productos únicos: 52

Scrape: [Aire libre] Cristalería
  productos únicos: 38

Scrape: [Aire libre] Herméticos, termos y botellas
  productos únicos: 62

Scrape: [Aire libre] Ollas, sartenes y accesorios cocción
  productos únicos: 50

Scrape: [Aire libre] Utensilios cocina y repostería
  productos únicos: 83

Scrape: [Aire libre] Complementos mesa
  productos únicos: 30

Scrape: [Aire libre] Loza y tazones
  productos únicos: 51

Scrape: [Aire libre] Ferretería y automotriz
  productos únicos: 89

Scrape: [Aire libre] Pilas
  productos únicos: 6

Scrape: [Aire libre] Iluminación y enchufes
  productos únicos: 25

Scrape: [Aire libre] Herramientas y adhesivos
  productos únicos: 29

Scrape: [Aire libre] Automotriz
  productos únicos: 29

Scrape: [Aire libre] Hogar
  productos únicos: 61

Scrape: [Aire libre] Organización
  productos únicos: 41

Scrape: [Aire libre] Planchado y secado
  productos únicos: 9

Scrape: [Aire libre] Decoración
  productos únicos: 11

Scrape: [Aire libre] Calefacción y ventilación
  productos únicos: 0

Scrape: [Aire libre] Textil hogar
  productos únicos: 100

Scrape: [Aire libre] Calzado y vestuario
  productos únicos: 100

Scrape: [Aire libre] Dormitorio
  productos únicos: 5

Scrape: [Aire libre] Textil cocina
  productos únicos: 4

Scrape: [Aire libre] Textil baño
  productos únicos: 19

Scrape: [Aire libre] Electrohogar
  productos únicos: 13

Scrape: [Aire libre] Electrodomésticos
  productos únicos: 12

Scrape: [Aire libre] Electrónica
  productos únicos: 1

Scrape: [Aire libre] Cuidado personal
  productos únicos: 0

Scrape: [Librería, celebraciones y juguetes] Aire libre
  productos únicos: 86

Scrape: [Librería, celebraciones y juguetes] Otros accesorios
  productos únicos: 16

Scrape: [Librería, celebraciones y juguetes] Carbón y parrilla
  productos únicos: 26

Scrape: [Librería, celebraciones y juguetes] Juegos y deportes
  productos únicos: 10

Scrape: [Librería, celebraciones y juguetes] Piscina
  productos únicos: 34

Scrape: [Librería, celebraciones y juguetes] Librería, celebraciones y juguetes
  productos únicos: 100

Scrape: [Librería, celebraciones y juguetes] Diarios y revistas
  productos únicos: 0

Scrape: [Librería, celebraciones y juguetes] Librería
  productos únicos: 100

Scrape: [Librería, celebraciones y juguetes] Celebraciones
  productos únicos: 100

Scrape: [Librería, celebraciones y juguetes] Juegos y juguetes
  productos únicos: 100

Scrape: [Librería, celebraciones y juguetes] Cocina y mesa
  productos únicos: 100

Scrape: [Librería, celebraciones y juguetes] Papeles cocina y bolsas multiuso
  productos únicos: 52

Scrape: [Librería, celebraciones y juguetes] Cristalería
  productos únicos: 38

Scrape: [Librería, celebraciones y juguetes] Herméticos, termos y botellas
  productos únicos: 62

Scrape: [Librería, celebraciones y juguetes] Ollas, sartenes y accesorios cocción
  productos únicos: 50

Scrape: [Librería, celebraciones y juguetes] Utensilios cocina y repostería
  productos únicos: 83

Scrape: [Librería, celebraciones y juguetes] Complementos mesa
  productos únicos: 30

Scrape: [Librería, celebraciones y juguetes] Loza y tazones
  productos únicos: 51

Scrape: [Librería, celebraciones y juguetes] Ferretería y automotriz
  productos únicos: 89

Scrape: [Librería, celebraciones y juguetes] Pilas
  productos únicos: 6

Scrape: [Librería, celebraciones y juguetes] Iluminación y enchufes
  productos únicos: 25

Scrape: [Librería, celebraciones y juguetes] Herramientas y adhesivos
  productos únicos: 29

Scrape: [Librería, celebraciones y juguetes] Automotriz
  productos únicos: 29

Scrape: [Librería, celebraciones y juguetes] Hogar
  productos únicos: 61

Scrape: [Librería, celebraciones y juguetes] Organización
  productos únicos: 41

Scrape: [Librería, celebraciones y juguetes] Planchado y secado
  productos únicos: 9

Scrape: [Librería, celebraciones y juguetes] Decoración
  productos únicos: 11

Scrape: [Librería, celebraciones y juguetes] Calefacción y ventilación
  productos únicos: 0

Scrape: [Librería, celebraciones y juguetes] Textil hogar
  productos únicos: 100

Scrape: [Librería, celebraciones y juguetes] Calzado y vestuario
  productos únicos: 100

Scrape: [Librería, celebraciones y juguetes] Dormitorio
  productos únicos: 5

Scrape: [Librería, celebraciones y juguetes] Textil cocina
  productos únicos: 4

Scrape: [Librería, celebraciones y juguetes] Textil baño
  productos únicos: 19

Scrape: [Librería, celebraciones y juguetes] Electrohogar
  productos únicos: 13

Scrape: [Librería, celebraciones y juguetes] Electrodomésticos
  productos únicos: 12

Scrape: [Librería, celebraciones y juguetes] Electrónica
  productos únicos: 1

Scrape: [Librería, celebraciones y juguetes] Cuidado personal
  productos únicos: 0

Scrape: [Cocina y mesa] Aire libre
  productos únicos: 86

Scrape: [Cocina y mesa] Otros accesorios
  productos únicos: 16

Scrape: [Cocina y mesa] Carbón y parrilla
  productos únicos: 26

Scrape: [Cocina y mesa] Juegos y deportes
  productos únicos: 10

Scrape: [Cocina y mesa] Piscina
  productos únicos: 34

Scrape: [Cocina y mesa] Librería, celebraciones y juguetes
  productos únicos: 100

Scrape: [Cocina y mesa] Diarios y revistas
  productos únicos: 0

Scrape: [Cocina y mesa] Librería
  productos únicos: 100

Scrape: [Cocina y mesa] Celebraciones
  productos únicos: 100

Scrape: [Cocina y mesa] Juegos y juguetes
  productos únicos: 100

Scrape: [Cocina y mesa] Cocina y mesa
  productos únicos: 100

Scrape: [Cocina y mesa] Papeles cocina y bolsas multiuso
  productos únicos: 52

Scrape: [Cocina y mesa] Cristalería
  productos únicos: 38

Scrape: [Cocina y mesa] Herméticos, termos y botellas
  productos únicos: 62

Scrape: [Cocina y mesa] Ollas, sartenes y accesorios cocción
  productos únicos: 50

Scrape: [Cocina y mesa] Utensilios cocina y repostería
  productos únicos: 83

Scrape: [Cocina y mesa] Complementos mesa
  productos únicos: 30

Scrape: [Cocina y mesa] Loza y tazones
  productos únicos: 51

Scrape: [Cocina y mesa] Ferretería y automotriz
  productos únicos: 89

Scrape: [Cocina y mesa] Pilas
  productos únicos: 6

Scrape: [Cocina y mesa] Iluminación y enchufes
  productos únicos: 25

Scrape: [Cocina y mesa] Herramientas y adhesivos
  productos únicos: 29

Scrape: [Cocina y mesa] Automotriz
  productos únicos: 29

Scrape: [Cocina y mesa] Hogar
  productos únicos: 61

Scrape: [Cocina y mesa] Organización
  productos únicos: 41

Scrape: [Cocina y mesa] Planchado y secado
  productos únicos: 9

Scrape: [Cocina y mesa] Decoración
  productos únicos: 11

Scrape: [Cocina y mesa] Calefacción y ventilación
  productos únicos: 0

Scrape: [Cocina y mesa] Textil hogar
  productos únicos: 100

Scrape: [Cocina y mesa] Calzado y vestuario
  productos únicos: 100

Scrape: [Cocina y mesa] Dormitorio
  productos únicos: 5

Scrape: [Cocina y mesa] Textil cocina
  productos únicos: 4

Scrape: [Cocina y mesa] Textil baño
  productos únicos: 19

Scrape: [Cocina y mesa] Electrohogar
  productos únicos: 13

Scrape: [Cocina y mesa] Electrodomésticos
  productos únicos: 12

Scrape: [Cocina y mesa] Electrónica
  productos únicos: 1

Scrape: [Cocina y mesa] Cuidado personal
  productos únicos: 0

Scrape: [Ferretería y automotriz] Aire libre
  productos únicos: 86

Scrape: [Ferretería y automotriz] Otros accesorios
  productos únicos: 16

Scrape: [Ferretería y automotriz] Carbón y parrilla
  productos únicos: 26

Scrape: [Ferretería y automotriz] Juegos y deportes
  productos únicos: 10

Scrape: [Ferretería y automotriz] Piscina
  productos únicos: 34

Scrape: [Ferretería y automotriz] Librería, celebraciones y juguetes
  productos únicos: 100

Scrape: [Ferretería y automotriz] Diarios y revistas
  productos únicos: 0

Scrape: [Ferretería y automotriz] Librería
  productos únicos: 100

Scrape: [Ferretería y automotriz] Celebraciones
  productos únicos: 100

Scrape: [Ferretería y automotriz] Juegos y juguetes
  productos únicos: 100

Scrape: [Ferretería y automotriz] Cocina y mesa
  productos únicos: 100

Scrape: [Ferretería y automotriz] Papeles cocina y bolsas multiuso
  productos únicos: 52

Scrape: [Ferretería y automotriz] Cristalería
  productos únicos: 38

Scrape: [Ferretería y automotriz] Herméticos, termos y botellas
  productos únicos: 62

Scrape: [Ferretería y automotriz] Ollas, sartenes y accesorios cocción
  productos únicos: 50

Scrape: [Ferretería y automotriz] Utensilios cocina y repostería
  productos únicos: 83

Scrape: [Ferretería y automotriz] Complementos mesa
  productos únicos: 30

Scrape: [Ferretería y automotriz] Loza y tazones
  productos únicos: 51

Scrape: [Ferretería y automotriz] Ferretería y automotriz
  productos únicos: 89

Scrape: [Ferretería y automotriz] Pilas
  productos únicos: 6

Scrape: [Ferretería y automotriz] Iluminación y enchufes
  productos únicos: 25

Scrape: [Ferretería y automotriz] Herramientas y adhesivos
  productos únicos: 29

Scrape: [Ferretería y automotriz] Automotriz
  productos únicos: 29

Scrape: [Ferretería y automotriz] Hogar
  productos únicos: 61

Scrape: [Ferretería y automotriz] Organización
  productos únicos: 41

Scrape: [Ferretería y automotriz] Planchado y secado
  productos únicos: 9

Scrape: [Ferretería y automotriz] Decoración
  productos únicos: 11

Scrape: [Ferretería y automotriz] Calefacción y ventilación
  productos únicos: 0

Scrape: [Ferretería y automotriz] Textil hogar
  productos únicos: 100

Scrape: [Ferretería y automotriz] Calzado y vestuario
  productos únicos: 100

Scrape: [Ferretería y automotriz] Dormitorio
  productos únicos: 5

Scrape: [Ferretería y automotriz] Textil cocina
  productos únicos: 4

Scrape: [Ferretería y automotriz] Textil baño
  productos únicos: 19

Scrape: [Ferretería y automotriz] Electrohogar
  productos únicos: 13

Scrape: [Ferretería y automotriz] Electrodomésticos
  productos únicos: 12

Scrape: [Ferretería y automotriz] Electrónica
  productos únicos: 1

Scrape: [Ferretería y automotriz] Cuidado personal
  productos únicos: 0

Scrape: [Hogar] Aire libre
  productos únicos: 86

Scrape: [Hogar] Otros accesorios
  productos únicos: 16

Scrape: [Hogar] Carbón y parrilla
  productos únicos: 26

Scrape: [Hogar] Juegos y deportes
  productos únicos: 10

Scrape: [Hogar] Piscina
  productos únicos: 34

Scrape: [Hogar] Librería, celebraciones y juguetes
  productos únicos: 100

Scrape: [Hogar] Diarios y revistas
  productos únicos: 0

Scrape: [Hogar] Librería
  productos únicos: 100

Scrape: [Hogar] Celebraciones
  productos únicos: 100

Scrape: [Hogar] Juegos y juguetes
  productos únicos: 100

Scrape: [Hogar] Cocina y mesa
  productos únicos: 100

Scrape: [Hogar] Papeles cocina y bolsas multiuso
  productos únicos: 52

Scrape: [Hogar] Cristalería
  productos únicos: 38

Scrape: [Hogar] Herméticos, termos y botellas
  productos únicos: 62

Scrape: [Hogar] Ollas, sartenes y accesorios cocción
  productos únicos: 50

Scrape: [Hogar] Utensilios cocina y repostería
  productos únicos: 83

Scrape: [Hogar] Complementos mesa
  productos únicos: 30

Scrape: [Hogar] Loza y tazones
  productos únicos: 51

Scrape: [Hogar] Ferretería y automotriz
  productos únicos: 89

Scrape: [Hogar] Pilas
  productos únicos: 6

Scrape: [Hogar] Iluminación y enchufes
  productos únicos: 25

Scrape: [Hogar] Herramientas y adhesivos
  productos únicos: 29

Scrape: [Hogar] Automotriz
  productos únicos: 29

Scrape: [Hogar] Hogar
  productos únicos: 61

Scrape: [Hogar] Organización
  productos únicos: 41

Scrape: [Hogar] Planchado y secado
  productos únicos: 9

Scrape: [Hogar] Decoración
  productos únicos: 11

Scrape: [Hogar] Calefacción y ventilación
  productos únicos: 0

Scrape: [Hogar] Textil hogar
  productos únicos: 100

Scrape: [Hogar] Calzado y vestuario
  productos únicos: 100

Scrape: [Hogar] Dormitorio
  productos únicos: 5

Scrape: [Hogar] Textil cocina
  productos únicos: 4

Scrape: [Hogar] Textil baño
  productos únicos: 19

Scrape: [Hogar] Electrohogar
  productos únicos: 13

Scrape: [Hogar] Electrodomésticos
  productos únicos: 12

Scrape: [Hogar] Electrónica
  productos únicos: 1

Scrape: [Hogar] Cuidado personal
  productos únicos: 0

Scrape: [Textil hogar] Aire libre
  productos únicos: 86

Scrape: [Textil hogar] Otros accesorios
  productos únicos: 16

Scrape: [Textil hogar] Carbón y parrilla
  productos únicos: 26

Scrape: [Textil hogar] Juegos y deportes
  productos únicos: 10

Scrape: [Textil hogar] Piscina
  productos únicos: 34

Scrape: [Textil hogar] Librería, celebraciones y juguetes
  productos únicos: 100

Scrape: [Textil hogar] Diarios y revistas
  productos únicos: 0

Scrape: [Textil hogar] Librería
  productos únicos: 100

Scrape: [Textil hogar] Celebraciones
  productos únicos: 100

Scrape: [Textil hogar] Juegos y juguetes
  productos únicos: 100

Scrape: [Textil hogar] Cocina y mesa
  productos únicos: 100

Scrape: [Textil hogar] Papeles cocina y bolsas multiuso
  productos únicos: 52

Scrape: [Textil hogar] Cristalería
  productos únicos: 38

Scrape: [Textil hogar] Herméticos, termos y botellas
  productos únicos: 62

Scrape: [Textil hogar] Ollas, sartenes y accesorios cocción
  productos únicos: 50

Scrape: [Textil hogar] Utensilios cocina y repostería
  productos únicos: 83

Scrape: [Textil hogar] Complementos mesa
  productos únicos: 30

Scrape: [Textil hogar] Loza y tazones
  productos únicos: 51

Scrape: [Textil hogar] Ferretería y automotriz
  productos únicos: 89

Scrape: [Textil hogar] Pilas
  productos únicos: 6

Scrape: [Textil hogar] Iluminación y enchufes
  productos únicos: 25

Scrape: [Textil hogar] Herramientas y adhesivos
  productos únicos: 29

Scrape: [Textil hogar] Automotriz
  productos únicos: 29

Scrape: [Textil hogar] Hogar
  productos únicos: 61

Scrape: [Textil hogar] Organización
  productos únicos: 41

Scrape: [Textil hogar] Planchado y secado
  productos únicos: 9

Scrape: [Textil hogar] Decoración
  productos únicos: 11

Scrape: [Textil hogar] Calefacción y ventilación
  productos únicos: 0

Scrape: [Textil hogar] Textil hogar
  productos únicos: 100

Scrape: [Textil hogar] Calzado y vestuario
  productos únicos: 100

Scrape: [Textil hogar] Dormitorio
  productos únicos: 5

Scrape: [Textil hogar] Textil cocina
  productos únicos: 4

Scrape: [Textil hogar] Textil baño
  productos únicos: 19

Scrape: [Textil hogar] Electrohogar
  productos únicos: 13

Scrape: [Textil hogar] Electrodomésticos
  productos únicos: 12

Scrape: [Textil hogar] Electrónica
  productos únicos: 1

Scrape: [Textil hogar] Cuidado personal
  productos únicos: 0

Scrape: [Electrohogar] Aire libre
  productos únicos: 86

Scrape: [Electrohogar] Otros accesorios
  productos únicos: 16

Scrape: [Electrohogar] Carbón y parrilla
  productos únicos: 26

Scrape: [Electrohogar] Juegos y deportes
  productos únicos: 10

Scrape: [Electrohogar] Piscina
  productos únicos: 34

Scrape: [Electrohogar] Librería, celebraciones y juguetes
  productos únicos: 100

Scrape: [Electrohogar] Diarios y revistas
  productos únicos: 0

Scrape: [Electrohogar] Librería
  productos únicos: 100

Scrape: [Electrohogar] Celebraciones
  productos únicos: 100

Scrape: [Electrohogar] Juegos y juguetes
  productos únicos: 100

Scrape: [Electrohogar] Cocina y mesa
  productos únicos: 100

Scrape: [Electrohogar] Papeles cocina y bolsas multiuso
  productos únicos: 52

Scrape: [Electrohogar] Cristalería
  productos únicos: 38

Scrape: [Electrohogar] Herméticos, termos y botellas
  productos únicos: 62

Scrape: [Electrohogar] Ollas, sartenes y accesorios cocción
  productos únicos: 50

Scrape: [Electrohogar] Utensilios cocina y repostería
  productos únicos: 83

Scrape: [Electrohogar] Complementos mesa
  productos únicos: 30

Scrape: [Electrohogar] Loza y tazones
  productos únicos: 51

Scrape: [Electrohogar] Ferretería y automotriz
  productos únicos: 89

Scrape: [Electrohogar] Pilas
  productos únicos: 6

Scrape: [Electrohogar] Iluminación y enchufes
  productos únicos: 25

Scrape: [Electrohogar] Herramientas y adhesivos
  productos únicos: 29

Scrape: [Electrohogar] Automotriz
  productos únicos: 29

Scrape: [Electrohogar] Hogar
  productos únicos: 61

Scrape: [Electrohogar] Organización
  productos únicos: 41

Scrape: [Electrohogar] Planchado y secado
  productos únicos: 9

Scrape: [Electrohogar] Decoración
  productos únicos: 11

Scrape: [Electrohogar] Calefacción y ventilación
  productos únicos: 0

Scrape: [Electrohogar] Textil hogar
  productos únicos: 100

Scrape: [Electrohogar] Calzado y vestuario
  productos únicos: 100

Scrape: [Electrohogar] Dormitorio
  productos únicos: 5

Scrape: [Electrohogar] Textil cocina
  productos únicos: 4

Scrape: [Electrohogar] Textil baño
  productos únicos: 19

Scrape: [Electrohogar] Electrohogar
  productos únicos: 13

Scrape: [Electrohogar] Electrodomésticos
  productos únicos: 12

Scrape: [Electrohogar] Electrónica
  productos únicos: 1

Scrape: [Electrohogar] Cuidado personal
  productos únicos: 0

Total filas: 1593
CSV generado: output\hogar\unimarc_hogar_subcats_20260223_142846.csv
