
Subcategorías detectadas en [Limpieza]: 216
 - Detergente | Detergente -> https://www.unimarc.cl/category/limpieza/detergente
 - Detergente | Detergente líquido -> https://www.unimarc.cl/category/limpieza/detergente/detergente-liquido
 - Detergente | Detergente polvo -> https://www.unimarc.cl/category/limpieza/detergente/detergente-polvo
 - Detergente | Detergente en cápsulas -> https://www.unimarc.cl/category/limpieza/detergente/detergente-en-capsulas
 - Detergente | Detergente en barra -> https://www.unimarc.cl/category/limpieza/detergente/detergente-en-barra
 - Detergente | Tratamiento ropa -> https://www.unimarc.cl/category/limpieza/detergente/tratamiento-ropa
 - Detergente | Suavizante -> https://www.unimarc.cl/category/limpieza/detergente/suavizante
 - Detergente | Papeles -> https://www.unimarc.cl/category/limpieza/papeles
 - Detergente | Papel higiénico -> https://www.unimarc.cl/category/limpieza/papeles/papel-higienico
 - Detergente | Toalla papel -> https://www.unimarc.cl/category/limpieza/papeles/toalla-papel
 - Detergente | Servilletas -> https://www.unimarc.cl/category/limpieza/papeles/servilletas
 - Detergente | Pañuelos desechables -> https://www.unimarc.cl/category/limpieza/papeles/panuelos-desechables
 - Detergente | Baño y cocina -> https://www.unimarc.cl/category/limpieza/bano-y-cocina
 - Detergente | Lavalozas y lavavajillas -> https://www.unimarc.cl/category/limpieza/bano-y-cocina/lavalozas-y-lavavajillas
 - Detergente | Limpiador crema -> https://www.unimarc.cl/category/limpieza/bano-y-cocina/limpiador-crema
 - Detergente | Limpiador antigrasa -> https://www.unimarc.cl/category/limpieza/bano-y-cocina/limpiador-antigrasa
 - Detergente | Limpiador baño -> https://www.unimarc.cl/category/limpieza/bano-y-cocina/limpiador-bano
 - Detergente | Cloro -> https://www.unimarc.cl/category/limpieza/bano-y-cocina/cloro
 - Detergente | Paños, esponjas y guantes -> https://www.unimarc.cl/category/limpieza/bano-y-cocina/panos-esponjas-y-guantes
 - Detergente | Sopapos -> https://www.unimarc.cl/category/limpieza/bano-y-cocina/sopapos
 - Detergente | Limpieza hogar -> https://www.unimarc.cl/category/limpieza/limpieza-hogar
 - Detergente | Aerosoles y desinfectantes -> https://www.unimarc.cl/category/limpieza/limpieza-hogar/aerosoles-y-desinfectantes
 - Detergente | Limpiador vidrios y multiusos -> https://www.unimarc.cl/category/limpieza/limpieza-hogar/limpiador-vidrios-y-multiusos
 - Detergente | Insecticidas -> https://www.unimarc.cl/category/limpieza/limpieza-hogar/insecticidas
 - Detergente | Velas y fósforos -> https://www.unimarc.cl/category/limpieza/limpieza-hogar/velas-y-fosforos
 - Detergente | Pisos y muebles -> https://www.unimarc.cl/category/limpieza/pisos-y-muebles
 - Detergente | Limpiador pisos -> https://www.unimarc.cl/category/limpieza/pisos-y-muebles/limpiador-pisos
 - Detergente | Limpiador alfombra -> https://www.unimarc.cl/category/limpieza/pisos-y-muebles/limpiador-alfombra
 - Detergente | Lustramuebles -> https://www.unimarc.cl/category/limpieza/pisos-y-muebles/lustramuebles
 - Detergente | Ceras -> https://www.unimarc.cl/category/limpieza/pisos-y-muebles/ceras
 - Detergente | Paños, traperos, mopas y baldes -> https://www.unimarc.cl/category/limpieza/pisos-y-muebles/panos-traperos-mopas-y-baldes
 - Detergente | Escobas, palas, virutillas y plumeros -> https://www.unimarc.cl/category/limpieza/pisos-y-muebles/escobas-palas-virutillas-y-plumeros
 - Detergente | Accesorios aseo -> https://www.unimarc.cl/category/limpieza/accesorios-aseo
 - Detergente | Bolsa basura -> https://www.unimarc.cl/category/limpieza/accesorios-aseo/bolsa-basura
 - Detergente | Limpieza calzado y ropa -> https://www.unimarc.cl/category/limpieza/accesorios-aseo/limpieza-calzado-y-ropa
 - Detergente | Otros accesorios aseo -> https://www.unimarc.cl/category/limpieza/accesorios-aseo/otros-accesorios-aseo
 - Papeles | Detergente -> https://www.unimarc.cl/category/limpieza/detergente
 - Papeles | Detergente líquido -> https://www.unimarc.cl/category/limpieza/detergente/detergente-liquido
 - Papeles | Detergente polvo -> https://www.unimarc.cl/category/limpieza/detergente/detergente-polvo
 - Papeles | Detergente en cápsulas -> https://www.unimarc.cl/category/limpieza/detergente/detergente-en-capsulas
 - Papeles | Detergente en barra -> https://www.unimarc.cl/category/limpieza/detergente/detergente-en-barra
 - Papeles | Tratamiento ropa -> https://www.unimarc.cl/category/limpieza/detergente/tratamiento-ropa
 - Papeles | Suavizante -> https://www.unimarc.cl/category/limpieza/detergente/suavizante
 - Papeles | Papeles -> https://www.unimarc.cl/category/limpieza/papeles
 - Papeles | Papel higiénico -> https://www.unimarc.cl/category/limpieza/papeles/papel-higienico
 - Papeles | Toalla papel -> https://www.unimarc.cl/category/limpieza/papeles/toalla-papel
 - Papeles | Servilletas -> https://www.unimarc.cl/category/limpieza/papeles/servilletas
 - Papeles | Pañuelos desechables -> https://www.unimarc.cl/category/limpieza/papeles/panuelos-desechables
 - Papeles | Baño y cocina -> https://www.unimarc.cl/category/limpieza/bano-y-cocina
 - Papeles | Lavalozas y lavavajillas -> https://www.unimarc.cl/category/limpieza/bano-y-cocina/lavalozas-y-lavavajillas
 - Papeles | Limpiador crema -> https://www.unimarc.cl/category/limpieza/bano-y-cocina/limpiador-crema
 - Papeles | Limpiador antigrasa -> https://www.unimarc.cl/category/limpieza/bano-y-cocina/limpiador-antigrasa
 - Papeles | Limpiador baño -> https://www.unimarc.cl/category/limpieza/bano-y-cocina/limpiador-bano
 - Papeles | Cloro -> https://www.unimarc.cl/category/limpieza/bano-y-cocina/cloro
 - Papeles | Paños, esponjas y guantes -> https://www.unimarc.cl/category/limpieza/bano-y-cocina/panos-esponjas-y-guantes
 - Papeles | Sopapos -> https://www.unimarc.cl/category/limpieza/bano-y-cocina/sopapos
 - Papeles | Limpieza hogar -> https://www.unimarc.cl/category/limpieza/limpieza-hogar
 - Papeles | Aerosoles y desinfectantes -> https://www.unimarc.cl/category/limpieza/limpieza-hogar/aerosoles-y-desinfectantes
 - Papeles | Limpiador vidrios y multiusos -> https://www.unimarc.cl/category/limpieza/limpieza-hogar/limpiador-vidrios-y-multiusos
 - Papeles | Insecticidas -> https://www.unimarc.cl/category/limpieza/limpieza-hogar/insecticidas
 - Papeles | Velas y fósforos -> https://www.unimarc.cl/category/limpieza/limpieza-hogar/velas-y-fosforos
 - Papeles | Pisos y muebles -> https://www.unimarc.cl/category/limpieza/pisos-y-muebles
 - Papeles | Limpiador pisos -> https://www.unimarc.cl/category/limpieza/pisos-y-muebles/limpiador-pisos
 - Papeles | Limpiador alfombra -> https://www.unimarc.cl/category/limpieza/pisos-y-muebles/limpiador-alfombra
 - Papeles | Lustramuebles -> https://www.unimarc.cl/category/limpieza/pisos-y-muebles/lustramuebles
 - Papeles | Ceras -> https://www.unimarc.cl/category/limpieza/pisos-y-muebles/ceras
 - Papeles | Paños, traperos, mopas y baldes -> https://www.unimarc.cl/category/limpieza/pisos-y-muebles/panos-traperos-mopas-y-baldes
 - Papeles | Escobas, palas, virutillas y plumeros -> https://www.unimarc.cl/category/limpieza/pisos-y-muebles/escobas-palas-virutillas-y-plumeros
 - Papeles | Accesorios aseo -> https://www.unimarc.cl/category/limpieza/accesorios-aseo
 - Papeles | Bolsa basura -> https://www.unimarc.cl/category/limpieza/accesorios-aseo/bolsa-basura
 - Papeles | Limpieza calzado y ropa -> https://www.unimarc.cl/category/limpieza/accesorios-aseo/limpieza-calzado-y-ropa
 - Papeles | Otros accesorios aseo -> https://www.unimarc.cl/category/limpieza/accesorios-aseo/otros-accesorios-aseo
 - Baño y cocina | Detergente -> https://www.unimarc.cl/category/limpieza/detergente
 - Baño y cocina | Detergente líquido -> https://www.unimarc.cl/category/limpieza/detergente/detergente-liquido
 - Baño y cocina | Detergente polvo -> https://www.unimarc.cl/category/limpieza/detergente/detergente-polvo
 - Baño y cocina | Detergente en cápsulas -> https://www.unimarc.cl/category/limpieza/detergente/detergente-en-capsulas
 - Baño y cocina | Detergente en barra -> https://www.unimarc.cl/category/limpieza/detergente/detergente-en-barra
 - Baño y cocina | Tratamiento ropa -> https://www.unimarc.cl/category/limpieza/detergente/tratamiento-ropa
 - Baño y cocina | Suavizante -> https://www.unimarc.cl/category/limpieza/detergente/suavizante
 - Baño y cocina | Papeles -> https://www.unimarc.cl/category/limpieza/papeles
 - Baño y cocina | Papel higiénico -> https://www.unimarc.cl/category/limpieza/papeles/papel-higienico
 - Baño y cocina | Toalla papel -> https://www.unimarc.cl/category/limpieza/papeles/toalla-papel
 - Baño y cocina | Servilletas -> https://www.unimarc.cl/category/limpieza/papeles/servilletas
 - Baño y cocina | Pañuelos desechables -> https://www.unimarc.cl/category/limpieza/papeles/panuelos-desechables
 - Baño y cocina | Baño y cocina -> https://www.unimarc.cl/category/limpieza/bano-y-cocina
 - Baño y cocina | Lavalozas y lavavajillas -> https://www.unimarc.cl/category/limpieza/bano-y-cocina/lavalozas-y-lavavajillas
 - Baño y cocina | Limpiador crema -> https://www.unimarc.cl/category/limpieza/bano-y-cocina/limpiador-crema
 - Baño y cocina | Limpiador antigrasa -> https://www.unimarc.cl/category/limpieza/bano-y-cocina/limpiador-antigrasa
 - Baño y cocina | Limpiador baño -> https://www.unimarc.cl/category/limpieza/bano-y-cocina/limpiador-bano
 - Baño y cocina | Cloro -> https://www.unimarc.cl/category/limpieza/bano-y-cocina/cloro
 - Baño y cocina | Paños, esponjas y guantes -> https://www.unimarc.cl/category/limpieza/bano-y-cocina/panos-esponjas-y-guantes
 - Baño y cocina | Sopapos -> https://www.unimarc.cl/category/limpieza/bano-y-cocina/sopapos
 - Baño y cocina | Limpieza hogar -> https://www.unimarc.cl/category/limpieza/limpieza-hogar
 - Baño y cocina | Aerosoles y desinfectantes -> https://www.unimarc.cl/category/limpieza/limpieza-hogar/aerosoles-y-desinfectantes
 - Baño y cocina | Limpiador vidrios y multiusos -> https://www.unimarc.cl/category/limpieza/limpieza-hogar/limpiador-vidrios-y-multiusos
 - Baño y cocina | Insecticidas -> https://www.unimarc.cl/category/limpieza/limpieza-hogar/insecticidas
 - Baño y cocina | Velas y fósforos -> https://www.unimarc.cl/category/limpieza/limpieza-hogar/velas-y-fosforos
 - Baño y cocina | Pisos y muebles -> https://www.unimarc.cl/category/limpieza/pisos-y-muebles
 - Baño y cocina | Limpiador pisos -> https://www.unimarc.cl/category/limpieza/pisos-y-muebles/limpiador-pisos
 - Baño y cocina | Limpiador alfombra -> https://www.unimarc.cl/category/limpieza/pisos-y-muebles/limpiador-alfombra
 - Baño y cocina | Lustramuebles -> https://www.unimarc.cl/category/limpieza/pisos-y-muebles/lustramuebles
 - Baño y cocina | Ceras -> https://www.unimarc.cl/category/limpieza/pisos-y-muebles/ceras
 - Baño y cocina | Paños, traperos, mopas y baldes -> https://www.unimarc.cl/category/limpieza/pisos-y-muebles/panos-traperos-mopas-y-baldes
 - Baño y cocina | Escobas, palas, virutillas y plumeros -> https://www.unimarc.cl/category/limpieza/pisos-y-muebles/escobas-palas-virutillas-y-plumeros
 - Baño y cocina | Accesorios aseo -> https://www.unimarc.cl/category/limpieza/accesorios-aseo
 - Baño y cocina | Bolsa basura -> https://www.unimarc.cl/category/limpieza/accesorios-aseo/bolsa-basura
 - Baño y cocina | Limpieza calzado y ropa -> https://www.unimarc.cl/category/limpieza/accesorios-aseo/limpieza-calzado-y-ropa
 - Baño y cocina | Otros accesorios aseo -> https://www.unimarc.cl/category/limpieza/accesorios-aseo/otros-accesorios-aseo
 - Limpieza hogar | Detergente -> https://www.unimarc.cl/category/limpieza/detergente
 - Limpieza hogar | Detergente líquido -> https://www.unimarc.cl/category/limpieza/detergente/detergente-liquido
 - Limpieza hogar | Detergente polvo -> https://www.unimarc.cl/category/limpieza/detergente/detergente-polvo
 - Limpieza hogar | Detergente en cápsulas -> https://www.unimarc.cl/category/limpieza/detergente/detergente-en-capsulas
 - Limpieza hogar | Detergente en barra -> https://www.unimarc.cl/category/limpieza/detergente/detergente-en-barra
 - Limpieza hogar | Tratamiento ropa -> https://www.unimarc.cl/category/limpieza/detergente/tratamiento-ropa
 - Limpieza hogar | Suavizante -> https://www.unimarc.cl/category/limpieza/detergente/suavizante
 - Limpieza hogar | Papeles -> https://www.unimarc.cl/category/limpieza/papeles
 - Limpieza hogar | Papel higiénico -> https://www.unimarc.cl/category/limpieza/papeles/papel-higienico
 - Limpieza hogar | Toalla papel -> https://www.unimarc.cl/category/limpieza/papeles/toalla-papel
 - Limpieza hogar | Servilletas -> https://www.unimarc.cl/category/limpieza/papeles/servilletas
 - Limpieza hogar | Pañuelos desechables -> https://www.unimarc.cl/category/limpieza/papeles/panuelos-desechables
 - Limpieza hogar | Baño y cocina -> https://www.unimarc.cl/category/limpieza/bano-y-cocina
 - Limpieza hogar | Lavalozas y lavavajillas -> https://www.unimarc.cl/category/limpieza/bano-y-cocina/lavalozas-y-lavavajillas
 - Limpieza hogar | Limpiador crema -> https://www.unimarc.cl/category/limpieza/bano-y-cocina/limpiador-crema
 - Limpieza hogar | Limpiador antigrasa -> https://www.unimarc.cl/category/limpieza/bano-y-cocina/limpiador-antigrasa
 - Limpieza hogar | Limpiador baño -> https://www.unimarc.cl/category/limpieza/bano-y-cocina/limpiador-bano
 - Limpieza hogar | Cloro -> https://www.unimarc.cl/category/limpieza/bano-y-cocina/cloro
 - Limpieza hogar | Paños, esponjas y guantes -> https://www.unimarc.cl/category/limpieza/bano-y-cocina/panos-esponjas-y-guantes
 - Limpieza hogar | Sopapos -> https://www.unimarc.cl/category/limpieza/bano-y-cocina/sopapos
 - Limpieza hogar | Limpieza hogar -> https://www.unimarc.cl/category/limpieza/limpieza-hogar
 - Limpieza hogar | Aerosoles y desinfectantes -> https://www.unimarc.cl/category/limpieza/limpieza-hogar/aerosoles-y-desinfectantes
 - Limpieza hogar | Limpiador vidrios y multiusos -> https://www.unimarc.cl/category/limpieza/limpieza-hogar/limpiador-vidrios-y-multiusos
 - Limpieza hogar | Insecticidas -> https://www.unimarc.cl/category/limpieza/limpieza-hogar/insecticidas
 - Limpieza hogar | Velas y fósforos -> https://www.unimarc.cl/category/limpieza/limpieza-hogar/velas-y-fosforos
 - Limpieza hogar | Pisos y muebles -> https://www.unimarc.cl/category/limpieza/pisos-y-muebles
 - Limpieza hogar | Limpiador pisos -> https://www.unimarc.cl/category/limpieza/pisos-y-muebles/limpiador-pisos
 - Limpieza hogar | Limpiador alfombra -> https://www.unimarc.cl/category/limpieza/pisos-y-muebles/limpiador-alfombra
 - Limpieza hogar | Lustramuebles -> https://www.unimarc.cl/category/limpieza/pisos-y-muebles/lustramuebles
 - Limpieza hogar | Ceras -> https://www.unimarc.cl/category/limpieza/pisos-y-muebles/ceras
 - Limpieza hogar | Paños, traperos, mopas y baldes -> https://www.unimarc.cl/category/limpieza/pisos-y-muebles/panos-traperos-mopas-y-baldes
 - Limpieza hogar | Escobas, palas, virutillas y plumeros -> https://www.unimarc.cl/category/limpieza/pisos-y-muebles/escobas-palas-virutillas-y-plumeros
 - Limpieza hogar | Accesorios aseo -> https://www.unimarc.cl/category/limpieza/accesorios-aseo
 - Limpieza hogar | Bolsa basura -> https://www.unimarc.cl/category/limpieza/accesorios-aseo/bolsa-basura
 - Limpieza hogar | Limpieza calzado y ropa -> https://www.unimarc.cl/category/limpieza/accesorios-aseo/limpieza-calzado-y-ropa
 - Limpieza hogar | Otros accesorios aseo -> https://www.unimarc.cl/category/limpieza/accesorios-aseo/otros-accesorios-aseo
 - Pisos y muebles | Detergente -> https://www.unimarc.cl/category/limpieza/detergente
 - Pisos y muebles | Detergente líquido -> https://www.unimarc.cl/category/limpieza/detergente/detergente-liquido
 - Pisos y muebles | Detergente polvo -> https://www.unimarc.cl/category/limpieza/detergente/detergente-polvo
 - Pisos y muebles | Detergente en cápsulas -> https://www.unimarc.cl/category/limpieza/detergente/detergente-en-capsulas
 - Pisos y muebles | Detergente en barra -> https://www.unimarc.cl/category/limpieza/detergente/detergente-en-barra
 - Pisos y muebles | Tratamiento ropa -> https://www.unimarc.cl/category/limpieza/detergente/tratamiento-ropa
 - Pisos y muebles | Suavizante -> https://www.unimarc.cl/category/limpieza/detergente/suavizante
 - Pisos y muebles | Papeles -> https://www.unimarc.cl/category/limpieza/papeles
 - Pisos y muebles | Papel higiénico -> https://www.unimarc.cl/category/limpieza/papeles/papel-higienico
 - Pisos y muebles | Toalla papel -> https://www.unimarc.cl/category/limpieza/papeles/toalla-papel
 - Pisos y muebles | Servilletas -> https://www.unimarc.cl/category/limpieza/papeles/servilletas
 - Pisos y muebles | Pañuelos desechables -> https://www.unimarc.cl/category/limpieza/papeles/panuelos-desechables
 - Pisos y muebles | Baño y cocina -> https://www.unimarc.cl/category/limpieza/bano-y-cocina
 - Pisos y muebles | Lavalozas y lavavajillas -> https://www.unimarc.cl/category/limpieza/bano-y-cocina/lavalozas-y-lavavajillas
 - Pisos y muebles | Limpiador crema -> https://www.unimarc.cl/category/limpieza/bano-y-cocina/limpiador-crema
 - Pisos y muebles | Limpiador antigrasa -> https://www.unimarc.cl/category/limpieza/bano-y-cocina/limpiador-antigrasa
 - Pisos y muebles | Limpiador baño -> https://www.unimarc.cl/category/limpieza/bano-y-cocina/limpiador-bano
 - Pisos y muebles | Cloro -> https://www.unimarc.cl/category/limpieza/bano-y-cocina/cloro
 - Pisos y muebles | Paños, esponjas y guantes -> https://www.unimarc.cl/category/limpieza/bano-y-cocina/panos-esponjas-y-guantes
 - Pisos y muebles | Sopapos -> https://www.unimarc.cl/category/limpieza/bano-y-cocina/sopapos
 - Pisos y muebles | Limpieza hogar -> https://www.unimarc.cl/category/limpieza/limpieza-hogar
 - Pisos y muebles | Aerosoles y desinfectantes -> https://www.unimarc.cl/category/limpieza/limpieza-hogar/aerosoles-y-desinfectantes
 - Pisos y muebles | Limpiador vidrios y multiusos -> https://www.unimarc.cl/category/limpieza/limpieza-hogar/limpiador-vidrios-y-multiusos
 - Pisos y muebles | Insecticidas -> https://www.unimarc.cl/category/limpieza/limpieza-hogar/insecticidas
 - Pisos y muebles | Velas y fósforos -> https://www.unimarc.cl/category/limpieza/limpieza-hogar/velas-y-fosforos
 - Pisos y muebles | Pisos y muebles -> https://www.unimarc.cl/category/limpieza/pisos-y-muebles
 - Pisos y muebles | Limpiador pisos -> https://www.unimarc.cl/category/limpieza/pisos-y-muebles/limpiador-pisos
 - Pisos y muebles | Limpiador alfombra -> https://www.unimarc.cl/category/limpieza/pisos-y-muebles/limpiador-alfombra
 - Pisos y muebles | Lustramuebles -> https://www.unimarc.cl/category/limpieza/pisos-y-muebles/lustramuebles
 - Pisos y muebles | Ceras -> https://www.unimarc.cl/category/limpieza/pisos-y-muebles/ceras
 - Pisos y muebles | Paños, traperos, mopas y baldes -> https://www.unimarc.cl/category/limpieza/pisos-y-muebles/panos-traperos-mopas-y-baldes
 - Pisos y muebles | Escobas, palas, virutillas y plumeros -> https://www.unimarc.cl/category/limpieza/pisos-y-muebles/escobas-palas-virutillas-y-plumeros
 - Pisos y muebles | Accesorios aseo -> https://www.unimarc.cl/category/limpieza/accesorios-aseo
 - Pisos y muebles | Bolsa basura -> https://www.unimarc.cl/category/limpieza/accesorios-aseo/bolsa-basura
 - Pisos y muebles | Limpieza calzado y ropa -> https://www.unimarc.cl/category/limpieza/accesorios-aseo/limpieza-calzado-y-ropa
 - Pisos y muebles | Otros accesorios aseo -> https://www.unimarc.cl/category/limpieza/accesorios-aseo/otros-accesorios-aseo
 - Accesorios aseo | Detergente -> https://www.unimarc.cl/category/limpieza/detergente
 - Accesorios aseo | Detergente líquido -> https://www.unimarc.cl/category/limpieza/detergente/detergente-liquido
 - Accesorios aseo | Detergente polvo -> https://www.unimarc.cl/category/limpieza/detergente/detergente-polvo
 - Accesorios aseo | Detergente en cápsulas -> https://www.unimarc.cl/category/limpieza/detergente/detergente-en-capsulas
 - Accesorios aseo | Detergente en barra -> https://www.unimarc.cl/category/limpieza/detergente/detergente-en-barra
 - Accesorios aseo | Tratamiento ropa -> https://www.unimarc.cl/category/limpieza/detergente/tratamiento-ropa
 - Accesorios aseo | Suavizante -> https://www.unimarc.cl/category/limpieza/detergente/suavizante
 - Accesorios aseo | Papeles -> https://www.unimarc.cl/category/limpieza/papeles
 - Accesorios aseo | Papel higiénico -> https://www.unimarc.cl/category/limpieza/papeles/papel-higienico
 - Accesorios aseo | Toalla papel -> https://www.unimarc.cl/category/limpieza/papeles/toalla-papel
 - Accesorios aseo | Servilletas -> https://www.unimarc.cl/category/limpieza/papeles/servilletas
 - Accesorios aseo | Pañuelos desechables -> https://www.unimarc.cl/category/limpieza/papeles/panuelos-desechables
 - Accesorios aseo | Baño y cocina -> https://www.unimarc.cl/category/limpieza/bano-y-cocina
 - Accesorios aseo | Lavalozas y lavavajillas -> https://www.unimarc.cl/category/limpieza/bano-y-cocina/lavalozas-y-lavavajillas
 - Accesorios aseo | Limpiador crema -> https://www.unimarc.cl/category/limpieza/bano-y-cocina/limpiador-crema
 - Accesorios aseo | Limpiador antigrasa -> https://www.unimarc.cl/category/limpieza/bano-y-cocina/limpiador-antigrasa
 - Accesorios aseo | Limpiador baño -> https://www.unimarc.cl/category/limpieza/bano-y-cocina/limpiador-bano
 - Accesorios aseo | Cloro -> https://www.unimarc.cl/category/limpieza/bano-y-cocina/cloro
 - Accesorios aseo | Paños, esponjas y guantes -> https://www.unimarc.cl/category/limpieza/bano-y-cocina/panos-esponjas-y-guantes
 - Accesorios aseo | Sopapos -> https://www.unimarc.cl/category/limpieza/bano-y-cocina/sopapos
 - Accesorios aseo | Limpieza hogar -> https://www.unimarc.cl/category/limpieza/limpieza-hogar
 - Accesorios aseo | Aerosoles y desinfectantes -> https://www.unimarc.cl/category/limpieza/limpieza-hogar/aerosoles-y-desinfectantes
 - Accesorios aseo | Limpiador vidrios y multiusos -> https://www.unimarc.cl/category/limpieza/limpieza-hogar/limpiador-vidrios-y-multiusos
 - Accesorios aseo | Insecticidas -> https://www.unimarc.cl/category/limpieza/limpieza-hogar/insecticidas
 - Accesorios aseo | Velas y fósforos -> https://www.unimarc.cl/category/limpieza/limpieza-hogar/velas-y-fosforos
 - Accesorios aseo | Pisos y muebles -> https://www.unimarc.cl/category/limpieza/pisos-y-muebles
 - Accesorios aseo | Limpiador pisos -> https://www.unimarc.cl/category/limpieza/pisos-y-muebles/limpiador-pisos
 - Accesorios aseo | Limpiador alfombra -> https://www.unimarc.cl/category/limpieza/pisos-y-muebles/limpiador-alfombra
 - Accesorios aseo | Lustramuebles -> https://www.unimarc.cl/category/limpieza/pisos-y-muebles/lustramuebles
 - Accesorios aseo | Ceras -> https://www.unimarc.cl/category/limpieza/pisos-y-muebles/ceras
 - Accesorios aseo | Paños, traperos, mopas y baldes -> https://www.unimarc.cl/category/limpieza/pisos-y-muebles/panos-traperos-mopas-y-baldes
 - Accesorios aseo | Escobas, palas, virutillas y plumeros -> https://www.unimarc.cl/category/limpieza/pisos-y-muebles/escobas-palas-virutillas-y-plumeros
 - Accesorios aseo | Accesorios aseo -> https://www.unimarc.cl/category/limpieza/accesorios-aseo
 - Accesorios aseo | Bolsa basura -> https://www.unimarc.cl/category/limpieza/accesorios-aseo/bolsa-basura
 - Accesorios aseo | Limpieza calzado y ropa -> https://www.unimarc.cl/category/limpieza/accesorios-aseo/limpieza-calzado-y-ropa
 - Accesorios aseo | Otros accesorios aseo -> https://www.unimarc.cl/category/limpieza/accesorios-aseo/otros-accesorios-aseo

Scrape: [Detergente] Detergente
  productos únicos: 100

Scrape: [Detergente] Detergente líquido
  productos únicos: 36

Scrape: [Detergente] Detergente polvo
  productos únicos: 20

Scrape: [Detergente] Detergente en cápsulas
  productos únicos: 2

Scrape: [Detergente] Detergente en barra
  productos únicos: 3

Scrape: [Detergente] Tratamiento ropa
  productos únicos: 47

Scrape: [Detergente] Suavizante
  productos únicos: 35

Scrape: [Detergente] Papeles
  productos únicos: 81

Scrape: [Detergente] Papel higiénico
  productos únicos: 25

Scrape: [Detergente] Toalla papel
  productos únicos: 22

Scrape: [Detergente] Servilletas
  productos únicos: 23

Scrape: [Detergente] Pañuelos desechables
  productos únicos: 11

Scrape: [Detergente] Baño y cocina
  productos únicos: 100

Scrape: [Detergente] Lavalozas y lavavajillas
  productos únicos: 35

Scrape: [Detergente] Limpiador crema
  productos únicos: 5

Scrape: [Detergente] Limpiador antigrasa
  productos únicos: 18

Scrape: [Detergente] Limpiador baño
  productos únicos: 42

Scrape: [Detergente] Cloro
  productos únicos: 56

Scrape: [Detergente] Paños, esponjas y guantes
  productos únicos: 49

Scrape: [Detergente] Sopapos
  productos únicos: 3

Scrape: [Detergente] Limpieza hogar
  productos únicos: 100

Scrape: [Detergente] Aerosoles y desinfectantes
  productos únicos: 86

Scrape: [Detergente] Limpiador vidrios y multiusos
  productos únicos: 29

Scrape: [Detergente] Insecticidas
  productos únicos: 36

Scrape: [Detergente] Velas y fósforos
  productos únicos: 17

Scrape: [Detergente] Pisos y muebles
  productos únicos: 100

Scrape: [Detergente] Limpiador pisos
  productos únicos: 43

Scrape: [Detergente] Limpiador alfombra
  productos únicos: 1

Scrape: [Detergente] Lustramuebles
  productos únicos: 13

Scrape: [Detergente] Ceras
  productos únicos: 18

Scrape: [Detergente] Paños, traperos, mopas y baldes
  productos únicos: 32

Scrape: [Detergente] Escobas, palas, virutillas y plumeros
  productos únicos: 13

Scrape: [Detergente] Accesorios aseo
  productos únicos: 62

Scrape: [Detergente] Bolsa basura
  productos únicos: 37

Scrape: [Detergente] Limpieza calzado y ropa
  productos únicos: 24

Scrape: [Detergente] Otros accesorios aseo
  productos únicos: 1

Scrape: [Papeles] Detergente
  productos únicos: 100

Scrape: [Papeles] Detergente líquido
  productos únicos: 36

Scrape: [Papeles] Detergente polvo
  productos únicos: 20

Scrape: [Papeles] Detergente en cápsulas
  productos únicos: 2

Scrape: [Papeles] Detergente en barra
  productos únicos: 3

Scrape: [Papeles] Tratamiento ropa
  productos únicos: 47

Scrape: [Papeles] Suavizante
  productos únicos: 35

Scrape: [Papeles] Papeles
  productos únicos: 81

Scrape: [Papeles] Papel higiénico
  productos únicos: 25

Scrape: [Papeles] Toalla papel
  productos únicos: 22

Scrape: [Papeles] Servilletas
  productos únicos: 23

Scrape: [Papeles] Pañuelos desechables
  productos únicos: 11

Scrape: [Papeles] Baño y cocina
  productos únicos: 100

Scrape: [Papeles] Lavalozas y lavavajillas
  productos únicos: 35

Scrape: [Papeles] Limpiador crema
  productos únicos: 5

Scrape: [Papeles] Limpiador antigrasa
  productos únicos: 18

Scrape: [Papeles] Limpiador baño
  productos únicos: 42

Scrape: [Papeles] Cloro
  productos únicos: 56

Scrape: [Papeles] Paños, esponjas y guantes
  productos únicos: 49

Scrape: [Papeles] Sopapos
  productos únicos: 3

Scrape: [Papeles] Limpieza hogar
  productos únicos: 100

Scrape: [Papeles] Aerosoles y desinfectantes
  productos únicos: 86

Scrape: [Papeles] Limpiador vidrios y multiusos
  productos únicos: 29

Scrape: [Papeles] Insecticidas
  productos únicos: 36

Scrape: [Papeles] Velas y fósforos
  productos únicos: 17

Scrape: [Papeles] Pisos y muebles
  productos únicos: 100

Scrape: [Papeles] Limpiador pisos
  productos únicos: 43

Scrape: [Papeles] Limpiador alfombra
  productos únicos: 1

Scrape: [Papeles] Lustramuebles
  productos únicos: 13

Scrape: [Papeles] Ceras
  productos únicos: 18

Scrape: [Papeles] Paños, traperos, mopas y baldes
  productos únicos: 32

Scrape: [Papeles] Escobas, palas, virutillas y plumeros
  productos únicos: 13

Scrape: [Papeles] Accesorios aseo
  productos únicos: 62

Scrape: [Papeles] Bolsa basura
  productos únicos: 37

Scrape: [Papeles] Limpieza calzado y ropa
  productos únicos: 24

Scrape: [Papeles] Otros accesorios aseo
  productos únicos: 1

Scrape: [Baño y cocina] Detergente
  productos únicos: 100

Scrape: [Baño y cocina] Detergente líquido
  productos únicos: 36

Scrape: [Baño y cocina] Detergente polvo
  productos únicos: 20

Scrape: [Baño y cocina] Detergente en cápsulas
  productos únicos: 2

Scrape: [Baño y cocina] Detergente en barra
  productos únicos: 3

Scrape: [Baño y cocina] Tratamiento ropa
  productos únicos: 47

Scrape: [Baño y cocina] Suavizante
  productos únicos: 35

Scrape: [Baño y cocina] Papeles
  productos únicos: 81

Scrape: [Baño y cocina] Papel higiénico
  productos únicos: 25

Scrape: [Baño y cocina] Toalla papel
  productos únicos: 22

Scrape: [Baño y cocina] Servilletas
  productos únicos: 23

Scrape: [Baño y cocina] Pañuelos desechables
  productos únicos: 11

Scrape: [Baño y cocina] Baño y cocina
  productos únicos: 100

Scrape: [Baño y cocina] Lavalozas y lavavajillas
  productos únicos: 35

Scrape: [Baño y cocina] Limpiador crema
  productos únicos: 5

Scrape: [Baño y cocina] Limpiador antigrasa
  productos únicos: 18

Scrape: [Baño y cocina] Limpiador baño
  productos únicos: 42

Scrape: [Baño y cocina] Cloro
  productos únicos: 56

Scrape: [Baño y cocina] Paños, esponjas y guantes
  productos únicos: 49

Scrape: [Baño y cocina] Sopapos
  productos únicos: 3

Scrape: [Baño y cocina] Limpieza hogar
  productos únicos: 100

Scrape: [Baño y cocina] Aerosoles y desinfectantes
  productos únicos: 86

Scrape: [Baño y cocina] Limpiador vidrios y multiusos
  productos únicos: 29

Scrape: [Baño y cocina] Insecticidas
  productos únicos: 36

Scrape: [Baño y cocina] Velas y fósforos
  productos únicos: 17

Scrape: [Baño y cocina] Pisos y muebles
  productos únicos: 100

Scrape: [Baño y cocina] Limpiador pisos
  productos únicos: 43

Scrape: [Baño y cocina] Limpiador alfombra
  productos únicos: 1

Scrape: [Baño y cocina] Lustramuebles
  productos únicos: 13

Scrape: [Baño y cocina] Ceras
  productos únicos: 18

Scrape: [Baño y cocina] Paños, traperos, mopas y baldes
  productos únicos: 32

Scrape: [Baño y cocina] Escobas, palas, virutillas y plumeros
  productos únicos: 13

Scrape: [Baño y cocina] Accesorios aseo
  productos únicos: 62

Scrape: [Baño y cocina] Bolsa basura
  productos únicos: 37

Scrape: [Baño y cocina] Limpieza calzado y ropa
  productos únicos: 24

Scrape: [Baño y cocina] Otros accesorios aseo
  productos únicos: 1

Scrape: [Limpieza hogar] Detergente
  productos únicos: 100

Scrape: [Limpieza hogar] Detergente líquido
  productos únicos: 36

Scrape: [Limpieza hogar] Detergente polvo
  productos únicos: 20

Scrape: [Limpieza hogar] Detergente en cápsulas
  productos únicos: 2

Scrape: [Limpieza hogar] Detergente en barra
  productos únicos: 3

Scrape: [Limpieza hogar] Tratamiento ropa
  productos únicos: 47

Scrape: [Limpieza hogar] Suavizante
  productos únicos: 35

Scrape: [Limpieza hogar] Papeles
  productos únicos: 81

Scrape: [Limpieza hogar] Papel higiénico
  productos únicos: 25

Scrape: [Limpieza hogar] Toalla papel
  productos únicos: 22

Scrape: [Limpieza hogar] Servilletas
  productos únicos: 23

Scrape: [Limpieza hogar] Pañuelos desechables
  productos únicos: 11

Scrape: [Limpieza hogar] Baño y cocina
  productos únicos: 100

Scrape: [Limpieza hogar] Lavalozas y lavavajillas
  productos únicos: 35

Scrape: [Limpieza hogar] Limpiador crema
  productos únicos: 5

Scrape: [Limpieza hogar] Limpiador antigrasa
  productos únicos: 18

Scrape: [Limpieza hogar] Limpiador baño
  productos únicos: 42

Scrape: [Limpieza hogar] Cloro
  productos únicos: 56

Scrape: [Limpieza hogar] Paños, esponjas y guantes
  productos únicos: 49

Scrape: [Limpieza hogar] Sopapos
  productos únicos: 3

Scrape: [Limpieza hogar] Limpieza hogar
  productos únicos: 100

Scrape: [Limpieza hogar] Aerosoles y desinfectantes
  productos únicos: 86

Scrape: [Limpieza hogar] Limpiador vidrios y multiusos
  productos únicos: 29

Scrape: [Limpieza hogar] Insecticidas
  productos únicos: 36

Scrape: [Limpieza hogar] Velas y fósforos
  productos únicos: 17

Scrape: [Limpieza hogar] Pisos y muebles
  productos únicos: 100

Scrape: [Limpieza hogar] Limpiador pisos
  productos únicos: 43

Scrape: [Limpieza hogar] Limpiador alfombra
  productos únicos: 1

Scrape: [Limpieza hogar] Lustramuebles
  productos únicos: 13

Scrape: [Limpieza hogar] Ceras
  productos únicos: 18

Scrape: [Limpieza hogar] Paños, traperos, mopas y baldes
  productos únicos: 32

Scrape: [Limpieza hogar] Escobas, palas, virutillas y plumeros
  productos únicos: 13

Scrape: [Limpieza hogar] Accesorios aseo
  productos únicos: 62

Scrape: [Limpieza hogar] Bolsa basura
  productos únicos: 37

Scrape: [Limpieza hogar] Limpieza calzado y ropa
  productos únicos: 24

Scrape: [Limpieza hogar] Otros accesorios aseo
  productos únicos: 1

Scrape: [Pisos y muebles] Detergente
  productos únicos: 100

Scrape: [Pisos y muebles] Detergente líquido
  productos únicos: 36

Scrape: [Pisos y muebles] Detergente polvo
  productos únicos: 20

Scrape: [Pisos y muebles] Detergente en cápsulas
  productos únicos: 2

Scrape: [Pisos y muebles] Detergente en barra
  productos únicos: 3

Scrape: [Pisos y muebles] Tratamiento ropa
  productos únicos: 47

Scrape: [Pisos y muebles] Suavizante
  productos únicos: 35

Scrape: [Pisos y muebles] Papeles
  productos únicos: 81

Scrape: [Pisos y muebles] Papel higiénico
  productos únicos: 25

Scrape: [Pisos y muebles] Toalla papel
  productos únicos: 22

Scrape: [Pisos y muebles] Servilletas
  productos únicos: 23

Scrape: [Pisos y muebles] Pañuelos desechables
  productos únicos: 11

Scrape: [Pisos y muebles] Baño y cocina
  productos únicos: 100

Scrape: [Pisos y muebles] Lavalozas y lavavajillas
  productos únicos: 35

Scrape: [Pisos y muebles] Limpiador crema
  productos únicos: 5

Scrape: [Pisos y muebles] Limpiador antigrasa
  productos únicos: 18

Scrape: [Pisos y muebles] Limpiador baño
  productos únicos: 42

Scrape: [Pisos y muebles] Cloro
  productos únicos: 56

Scrape: [Pisos y muebles] Paños, esponjas y guantes
  productos únicos: 49

Scrape: [Pisos y muebles] Sopapos
  productos únicos: 3

Scrape: [Pisos y muebles] Limpieza hogar
  productos únicos: 100

Scrape: [Pisos y muebles] Aerosoles y desinfectantes
  productos únicos: 86

Scrape: [Pisos y muebles] Limpiador vidrios y multiusos
  productos únicos: 29

Scrape: [Pisos y muebles] Insecticidas
  productos únicos: 36

Scrape: [Pisos y muebles] Velas y fósforos
  productos únicos: 17

Scrape: [Pisos y muebles] Pisos y muebles
  productos únicos: 100

Scrape: [Pisos y muebles] Limpiador pisos
  productos únicos: 43

Scrape: [Pisos y muebles] Limpiador alfombra
  productos únicos: 1

Scrape: [Pisos y muebles] Lustramuebles
  productos únicos: 13

Scrape: [Pisos y muebles] Ceras
  productos únicos: 18

Scrape: [Pisos y muebles] Paños, traperos, mopas y baldes
  productos únicos: 32

Scrape: [Pisos y muebles] Escobas, palas, virutillas y plumeros
  productos únicos: 13

Scrape: [Pisos y muebles] Accesorios aseo
  productos únicos: 62

Scrape: [Pisos y muebles] Bolsa basura
  productos únicos: 37

Scrape: [Pisos y muebles] Limpieza calzado y ropa
  productos únicos: 24

Scrape: [Pisos y muebles] Otros accesorios aseo
  productos únicos: 1

Scrape: [Accesorios aseo] Detergente
  productos únicos: 100

Scrape: [Accesorios aseo] Detergente líquido
  productos únicos: 36

Scrape: [Accesorios aseo] Detergente polvo
  productos únicos: 20

Scrape: [Accesorios aseo] Detergente en cápsulas
  productos únicos: 2

Scrape: [Accesorios aseo] Detergente en barra
  productos únicos: 3

Scrape: [Accesorios aseo] Tratamiento ropa
  productos únicos: 47

Scrape: [Accesorios aseo] Suavizante
  productos únicos: 35

Scrape: [Accesorios aseo] Papeles
  productos únicos: 81

Scrape: [Accesorios aseo] Papel higiénico
  productos únicos: 25

Scrape: [Accesorios aseo] Toalla papel
  productos únicos: 22

Scrape: [Accesorios aseo] Servilletas
  productos únicos: 23

Scrape: [Accesorios aseo] Pañuelos desechables
  productos únicos: 11

Scrape: [Accesorios aseo] Baño y cocina
  productos únicos: 100

Scrape: [Accesorios aseo] Lavalozas y lavavajillas
  productos únicos: 35

Scrape: [Accesorios aseo] Limpiador crema
  productos únicos: 5

Scrape: [Accesorios aseo] Limpiador antigrasa
  productos únicos: 18

Scrape: [Accesorios aseo] Limpiador baño
  productos únicos: 42

Scrape: [Accesorios aseo] Cloro
  productos únicos: 56

Scrape: [Accesorios aseo] Paños, esponjas y guantes
  productos únicos: 49

Scrape: [Accesorios aseo] Sopapos
  productos únicos: 3

Scrape: [Accesorios aseo] Limpieza hogar
  productos únicos: 100

Scrape: [Accesorios aseo] Aerosoles y desinfectantes
  productos únicos: 86

Scrape: [Accesorios aseo] Limpiador vidrios y multiusos
  productos únicos: 29

Scrape: [Accesorios aseo] Insecticidas
  productos únicos: 36

Scrape: [Accesorios aseo] Velas y fósforos
  productos únicos: 17

Scrape: [Accesorios aseo] Pisos y muebles
  productos únicos: 100

Scrape: [Accesorios aseo] Limpiador pisos
  productos únicos: 43

Scrape: [Accesorios aseo] Limpiador alfombra
  productos únicos: 1

Scrape: [Accesorios aseo] Lustramuebles
  productos únicos: 13

Scrape: [Accesorios aseo] Ceras
  productos únicos: 18

Scrape: [Accesorios aseo] Paños, traperos, mopas y baldes
  productos únicos: 32

Scrape: [Accesorios aseo] Escobas, palas, virutillas y plumeros
  productos únicos: 13

Scrape: [Accesorios aseo] Accesorios aseo
  productos únicos: 62

Scrape: [Accesorios aseo] Bolsa basura
  productos únicos: 37

Scrape: [Accesorios aseo] Limpieza calzado y ropa
  productos únicos: 24

Scrape: [Accesorios aseo] Otros accesorios aseo
  productos únicos: 1

Total filas: 1325
CSV generado: output\limpieza\unimarc_limpieza_subcats_20260223_153238.csv
