
Subcategorías:
- Quesos -> https://www.jumbo.cl/quesos-y-fiambres/quesos
- Especiales y Tablas de Quesos -> https://www.jumbo.cl/quesos-y-fiambres/quesos/especiales-y-tablas-de-quesos
- Mantecosos y Chanco -> https://www.jumbo.cl/quesos-y-fiambres/quesos/mantecosos-y-chanco
- Cabra y Oveja -> https://www.jumbo.cl/quesos-y-fiambres/quesos/cabra-y-oveja
- Chacras, Frescos y Quesillos -> https://www.jumbo.cl/quesos-y-fiambres/quesos/chacras-frescos-y-quesillos
- Quesos (Mostrar todo) -> https://www.jumbo.cl/quesos-y-fiambres/quesos
- Fiambres -> https://www.jumbo.cl/quesos-y-fiambres/fiambres
- Jamones -> https://www.jumbo.cl/quesos-y-fiambres/fiambres/jamones
- Jamón Serrano, Lomo Kassler y Otros -> https://www.jumbo.cl/quesos-y-fiambres/fiambres/jamon-serrano-lomo-kassler-y-otros
- Pechuga de Pavo y Pollo -> https://www.jumbo.cl/quesos-y-fiambres/fiambres/pechuga-de-pavo-y-pollo
- Salames y Tocinos -> https://www.jumbo.cl/quesos-y-fiambres/fiambres/salames-y-tocinos
- Fiambres (Mostrar todo) -> https://www.jumbo.cl/quesos-y-fiambres/fiambres
- Salchichas y Parrilleros -> https://www.jumbo.cl/quesos-y-fiambres/salchichas-y-parrilleros
- Salchichas -> https://www.jumbo.cl/quesos-y-fiambres/salchichas-y-parrilleros/salchichas
- Longanizas y Chorizos -> https://www.jumbo.cl/quesos-y-fiambres/salchichas-y-parrilleros/longanizas-y-chorizos
- Butifarras y Longanicillas -> https://www.jumbo.cl/quesos-y-fiambres/salchichas-y-parrilleros/butifarras-y-longanicillas
- Prietas -> https://www.jumbo.cl/quesos-y-fiambres/salchichas-y-parrilleros/prietas
- Salchichas y Parrilleros (Mostrar todo) -> https://www.jumbo.cl/quesos-y-fiambres/salchichas-y-parrilleros
- Aceitunas, Pepinillos y Otros -> https://www.jumbo.cl/quesos-y-fiambres/aceitunas-pepinillos-y-otros
- Aceitunas -> https://www.jumbo.cl/quesos-y-fiambres/aceitunas-pepinillos-y-otros/aceitunas
- Pepinillos y Pickles -> https://www.jumbo.cl/quesos-y-fiambres/aceitunas-pepinillos-y-otros/pepinillos-y-pickles
- Chucrut y Otros -> https://www.jumbo.cl/quesos-y-fiambres/aceitunas-pepinillos-y-otros/chucrut-y-otros
- Aceitunas, Pepinillos y Otros (Mostrar todo) -> https://www.jumbo.cl/quesos-y-fiambres/aceitunas-pepinillos-y-otros

Scrape: Quesos
🧪 Dump BFF guardado: debug_bff\bff_quesos_p1.json
  productos: 40

Scrape: Especiales y Tablas de Quesos
🧪 Dump BFF guardado: debug_bff\bff_especiales_y_tablas_de_quesos_p1.json
  productos: 40

Scrape: Mantecosos y Chanco
🧪 Dump BFF guardado: debug_bff\bff_mantecosos_y_chanco_p1.json
  productos: 40

Scrape: Cabra y Oveja
🧪 Dump BFF guardado: debug_bff\bff_cabra_y_oveja_p1.json
  productos: 40

Scrape: Chacras, Frescos y Quesillos
🧪 Dump BFF guardado: debug_bff\bff_chacras_frescos_y_quesillos_p1.json
  productos: 40

Scrape: Quesos (Mostrar todo)
🧪 Dump BFF guardado: debug_bff\bff_quesos_mostrar_todo_p1.json
  productos: 40

Scrape: Fiambres
🧪 Dump BFF guardado: debug_bff\bff_fiambres_p1.json
  productos: 40

Scrape: Jamones
🧪 Dump BFF guardado: debug_bff\bff_jamones_p1.json
  productos: 40

Scrape: Jamón Serrano, Lomo Kassler y Otros
🧪 Dump BFF guardado: debug_bff\bff_jam_n_serrano_lomo_kassler_y_otros_p1.json
  productos: 37

Scrape: Pechuga de Pavo y Pollo
🧪 Dump BFF guardado: debug_bff\bff_pechuga_de_pavo_y_pollo_p1.json
  productos: 40

Scrape: Salames y Tocinos
🧪 Dump BFF guardado: debug_bff\bff_salames_y_tocinos_p1.json
  productos: 40

Scrape: Fiambres (Mostrar todo)
🧪 Dump BFF guardado: debug_bff\bff_fiambres_mostrar_todo_p1.json
  productos: 40

Scrape: Salchichas y Parrilleros
🧪 Dump BFF guardado: debug_bff\bff_salchichas_y_parrilleros_p1.json
  productos: 40

Scrape: Salchichas
🧪 Dump BFF guardado: debug_bff\bff_salchichas_p1.json
  productos: 40

Scrape: Longanizas y Chorizos
🧪 Dump BFF guardado: debug_bff\bff_longanizas_y_chorizos_p1.json
  productos: 40

Scrape: Butifarras y Longanicillas
🧪 Dump BFF guardado: debug_bff\bff_butifarras_y_longanicillas_p1.json
  productos: 17

Scrape: Prietas
🧪 Dump BFF guardado: debug_bff\bff_prietas_p1.json
  productos: 10

Scrape: Salchichas y Parrilleros (Mostrar todo)
🧪 Dump BFF guardado: debug_bff\bff_salchichas_y_parrilleros_mostrar_todo_p1.json
  productos: 40

Scrape: Aceitunas, Pepinillos y Otros
🧪 Dump BFF guardado: debug_bff\bff_aceitunas_pepinillos_y_otros_p1.json
  productos: 40

Scrape: Aceitunas
🧪 Dump BFF guardado: debug_bff\bff_aceitunas_p1.json
  productos: 40

Scrape: Pepinillos y Pickles
🧪 Dump BFF guardado: debug_bff\bff_pepinillos_y_pickles_p1.json
  productos: 35

Scrape: Chucrut y Otros
🧪 Dump BFF guardado: debug_bff\bff_chucrut_y_otros_p1.json
  productos: 40

Scrape: Aceitunas, Pepinillos y Otros (Mostrar todo)
🧪 Dump BFF guardado: debug_bff\bff_aceitunas_pepinillos_y_otros_mostrar_todo_p1.json
  productos: 40

Total filas: 701
CSV generado: output\quesos_fiambres\jumbo_quesos_y_fiambres_20260303_170003.csv
