[DEBUG] Subcategoría duplicada omitida por URL: [Cuidado Bucal] Bloqueadores solares y after sun -> https://super.lider.cl/browse/higiene-y-cuidado-personal/protectores-solares/bloqueadores-solares-y-after-sun/72387472_47232852_19007172
[DEBUG] Subcategoría duplicada omitida por URL: [Cuidado Bucal] Bronceador y autobronceante -> https://super.lider.cl/browse/higiene-y-cuidado-personal/protectores-solares/bronceador-y-autobronceante/72387472_47232852_75116032
[DEBUG] Subcategoría duplicada omitida por URL: [Cuidado Bucal] Pasta Dental -> https://super.lider.cl/browse/higiene-y-cuidado-personal/cuidado-bucal/pasta-dental/72387472_88733049_71758797
[DEBUG] Subcategoría duplicada omitida por URL: [Cuidado Bucal] Cepillo Dental -> https://super.lider.cl/browse/higiene-y-cuidado-personal/cuidado-bucal/cepillo-dental/72387472_88733049_86524790
[DEBUG] Subcategoría duplicada omitida por URL: [Cuidado Bucal] Enjuague Bucal -> https://super.lider.cl/browse/higiene-y-cuidado-personal/cuidado-bucal/enjuague-bucal/72387472_88733049_57734500
[DEBUG] Subcategoría duplicada omitida por URL: [Cuidado Bucal] Hilo dental y accesorios -> https://super.lider.cl/browse/higiene-y-cuidado-personal/cuidado-bucal/hilo-dental-y-accesorios/72387472_88733049_08263719
[DEBUG] Subcategoría duplicada omitida por URL: [Cuidado Bucal] Desodorantes -> https://super.lider.cl/browse/higiene-y-cuidado-personal/desodorantes-y-cuidado-corporal/desodorantes/72387472_37200412_62400839
[DEBUG] Subcategoría duplicada omitida por URL: [Cuidado Bucal] Accesorios de baño -> https://super.lider.cl/browse/higiene-y-cuidado-personal/desodorantes-y-cuidado-corporal/accesorios-de-bao/72387472_37200412_30167695
[DEBUG] Subcategoría duplicada omitida por URL: [Cuidado Bucal] Jabón liquido -> https://super.lider.cl/browse/higiene-y-cuidado-personal/jabones/jabon-liquido/72387472_38253071_42509266
[DEBUG] Subcategoría duplicada omitida por URL: [Cuidado Bucal] Gel de ducha -> https://super.lider.cl/browse/higiene-y-cuidado-personal/jabones/gel-de-ducha/72387472_38253071_87395001
[DEBUG] Subcategoría duplicada omitida por URL: [Cuidado Bucal] Jabón en barra -> https://super.lider.cl/browse/higiene-y-cuidado-personal/jabones/jabn-en-barra/72387472_38253071_49365759
[DEBUG] Subcategoría duplicada omitida por URL: [Cuidado Bucal] Jabones infantiles -> https://super.lider.cl/browse/higiene-y-cuidado-personal/jabones/jabones-infantiles/72387472_38253071_89204809
[DEBUG] Subcategoría duplicada omitida por URL: [Cuidado Bucal] Calzones y copas menstruales -> https://super.lider.cl/browse/higiene-y-cuidado-personal/proteccion-femenina/calzones-y-copas-menstruales/72387472_69099803_67365333
[DEBUG] Subcategoría duplicada omitida por URL: [Cuidado Bucal] Protectores diarios -> https://super.lider.cl/browse/higiene-y-cuidado-personal/proteccion-femenina/protectores-diarios/72387472_69099803_78052493
[DEBUG] Subcategoría duplicada omitida por URL: [Cuidado Bucal] Toallas higienicas y tampones -> https://super.lider.cl/browse/higiene-y-cuidado-personal/proteccion-femenina/toallas-higienicas-y-tampones/72387472_69099803_69659719
[DEBUG] Subcategoría duplicada omitida por URL: [Cuidado Bucal] Jabones intimos y pañitos -> https://super.lider.cl/browse/higiene-y-cuidado-personal/proteccion-femenina/jabones-intimos-y-panitos/72387472_69099803_12938180
[DEBUG] Subcategoría duplicada omitida por URL: [Cuidado Bucal] Incontinencia -> https://super.lider.cl/browse/higiene-y-cuidado-personal/proteccion-femenina/incontinencia/72387472_69099803_06635681
[DEBUG] Subcategoría duplicada omitida por URL: [Cuidado Bucal] Vitaminas y suplementos -> https://super.lider.cl/browse/higiene-y-cuidado-personal/salud-y-suplementos/vitaminas-y-suplementos/72387472_67725176_42056040
[DEBUG] Subcategoría duplicada omitida por URL: [Cuidado Bucal] Primeros auxilios -> https://super.lider.cl/browse/higiene-y-cuidado-personal/salud-y-suplementos/primeros-auxilios/72387472_67725176_09893877
[DEBUG] Subcategoría duplicada omitida por URL: [Cuidado Bucal] Bienestar sexual -> https://super.lider.cl/browse/higiene-y-cuidado-personal/salud-y-suplementos/bienestar-sexual/72387472_67725176_23429133
[DEBUG] Subcategoría duplicada omitida por URL: [Cuidado Bucal] Lentes de descanso -> https://super.lider.cl/browse/higiene-y-cuidado-personal/cuidado-adulto-mayor/lentes-de-descanso/72387472_32027656_38373177
[DEBUG] Subcategoría duplicada omitida por URL: [Cuidado Bucal] Pants y pañales -> https://super.lider.cl/browse/higiene-y-cuidado-personal/cuidado-adulto-mayor/pants-y-panales/72387472_32027656_20427727
[DEBUG] Subcategoría duplicada omitida por URL: [Cuidado Bucal] Apósitos y toallas húmedas -> https://super.lider.cl/browse/higiene-y-cuidado-personal/cuidado-adulto-mayor/apositos-y-toallas-humedas/72387472_32027656_86394035
[DEBUG] Subcategoría duplicada omitida por URL: [Cuidado Bucal] Protectores de cama y accesorios -> https://super.lider.cl/browse/higiene-y-cuidado-personal/cuidado-adulto-mayor/protectores-de-cama-y-accesorios/72387472_32027656_16241235
[DEBUG] Subcategoría duplicada omitida por URL: [Desodorantes y cuidado corporal] Bloqueadores solares y after sun -> https://super.lider.cl/browse/higiene-y-cuidado-personal/protectores-solares/bloqueadores-solares-y-after-sun/72387472_47232852_19007172
[DEBUG] Subcategoría duplicada omitida por URL: [Desodorantes y cuidado corporal] Bronceador y autobronceante -> https://super.lider.cl/browse/higiene-y-cuidado-personal/protectores-solares/bronceador-y-autobronceante/72387472_47232852_75116032
[DEBUG] Subcategoría duplicada omitida por URL: [Desodorantes y cuidado corporal] Pasta Dental -> https://super.lider.cl/browse/higiene-y-cuidado-personal/cuidado-bucal/pasta-dental/72387472_88733049_71758797
[DEBUG] Subcategoría duplicada omitida por URL: [Desodorantes y cuidado corporal] Cepillo Dental -> https://super.lider.cl/browse/higiene-y-cuidado-personal/cuidado-bucal/cepillo-dental/72387472_88733049_86524790
[DEBUG] Subcategoría duplicada omitida por URL: [Desodorantes y cuidado corporal] Enjuague Bucal -> https://super.lider.cl/browse/higiene-y-cuidado-personal/cuidado-bucal/enjuague-bucal/72387472_88733049_57734500
[DEBUG] Subcategoría duplicada omitida por URL: [Desodorantes y cuidado corporal] Hilo dental y accesorios -> https://super.lider.cl/browse/higiene-y-cuidado-personal/cuidado-bucal/hilo-dental-y-accesorios/72387472_88733049_08263719
[DEBUG] Subcategoría duplicada omitida por URL: [Desodorantes y cuidado corporal] Desodorantes -> https://super.lider.cl/browse/higiene-y-cuidado-personal/desodorantes-y-cuidado-corporal/desodorantes/72387472_37200412_62400839
[DEBUG] Subcategoría duplicada omitida por URL: [Desodorantes y cuidado corporal] Accesorios de baño -> https://super.lider.cl/browse/higiene-y-cuidado-personal/desodorantes-y-cuidado-corporal/accesorios-de-bao/72387472_37200412_30167695
[DEBUG] Subcategoría duplicada omitida por URL: [Desodorantes y cuidado corporal] Jabón liquido -> https://super.lider.cl/browse/higiene-y-cuidado-personal/jabones/jabon-liquido/72387472_38253071_42509266
[DEBUG] Subcategoría duplicada omitida por URL: [Desodorantes y cuidado corporal] Gel de ducha -> https://super.lider.cl/browse/higiene-y-cuidado-personal/jabones/gel-de-ducha/72387472_38253071_87395001
[DEBUG] Subcategoría duplicada omitida por URL: [Desodorantes y cuidado corporal] Jabón en barra -> https://super.lider.cl/browse/higiene-y-cuidado-personal/jabones/jabn-en-barra/72387472_38253071_49365759
[DEBUG] Subcategoría duplicada omitida por URL: [Desodorantes y cuidado corporal] Jabones infantiles -> https://super.lider.cl/browse/higiene-y-cuidado-personal/jabones/jabones-infantiles/72387472_38253071_89204809
[DEBUG] Subcategoría duplicada omitida por URL: [Desodorantes y cuidado corporal] Calzones y copas menstruales -> https://super.lider.cl/browse/higiene-y-cuidado-personal/proteccion-femenina/calzones-y-copas-menstruales/72387472_69099803_67365333
[DEBUG] Subcategoría duplicada omitida por URL: [Desodorantes y cuidado corporal] Protectores diarios -> https://super.lider.cl/browse/higiene-y-cuidado-personal/proteccion-femenina/protectores-diarios/72387472_69099803_78052493
[DEBUG] Subcategoría duplicada omitida por URL: [Desodorantes y cuidado corporal] Toallas higienicas y tampones -> https://super.lider.cl/browse/higiene-y-cuidado-personal/proteccion-femenina/toallas-higienicas-y-tampones/72387472_69099803_69659719
[DEBUG] Subcategoría duplicada omitida por URL: [Desodorantes y cuidado corporal] Jabones intimos y pañitos -> https://super.lider.cl/browse/higiene-y-cuidado-personal/proteccion-femenina/jabones-intimos-y-panitos/72387472_69099803_12938180
[DEBUG] Subcategoría duplicada omitida por URL: [Desodorantes y cuidado corporal] Incontinencia -> https://super.lider.cl/browse/higiene-y-cuidado-personal/proteccion-femenina/incontinencia/72387472_69099803_06635681
[DEBUG] Subcategoría duplicada omitida por URL: [Desodorantes y cuidado corporal] Vitaminas y suplementos -> https://super.lider.cl/browse/higiene-y-cuidado-personal/salud-y-suplementos/vitaminas-y-suplementos/72387472_67725176_42056040
[DEBUG] Subcategoría duplicada omitida por URL: [Desodorantes y cuidado corporal] Primeros auxilios -> https://super.lider.cl/browse/higiene-y-cuidado-personal/salud-y-suplementos/primeros-auxilios/72387472_67725176_09893877
[DEBUG] Subcategoría duplicada omitida por URL: [Desodorantes y cuidado corporal] Bienestar sexual -> https://super.lider.cl/browse/higiene-y-cuidado-personal/salud-y-suplementos/bienestar-sexual/72387472_67725176_23429133
[DEBUG] Subcategoría duplicada omitida por URL: [Desodorantes y cuidado corporal] Lentes de descanso -> https://super.lider.cl/browse/higiene-y-cuidado-personal/cuidado-adulto-mayor/lentes-de-descanso/72387472_32027656_38373177
[DEBUG] Subcategoría duplicada omitida por URL: [Desodorantes y cuidado corporal] Pants y pañales -> https://super.lider.cl/browse/higiene-y-cuidado-personal/cuidado-adulto-mayor/pants-y-panales/72387472_32027656_20427727
[DEBUG] Subcategoría duplicada omitida por URL: [Desodorantes y cuidado corporal] Apósitos y toallas húmedas -> https://super.lider.cl/browse/higiene-y-cuidado-personal/cuidado-adulto-mayor/apositos-y-toallas-humedas/72387472_32027656_86394035
[DEBUG] Subcategoría duplicada omitida por URL: [Desodorantes y cuidado corporal] Protectores de cama y accesorios -> https://super.lider.cl/browse/higiene-y-cuidado-personal/cuidado-adulto-mayor/protectores-de-cama-y-accesorios/72387472_32027656_16241235
[DEBUG] Subcategoría duplicada omitida por URL: [Jabones] Bloqueadores solares y after sun -> https://super.lider.cl/browse/higiene-y-cuidado-personal/protectores-solares/bloqueadores-solares-y-after-sun/72387472_47232852_19007172
[DEBUG] Subcategoría duplicada omitida por URL: [Jabones] Bronceador y autobronceante -> https://super.lider.cl/browse/higiene-y-cuidado-personal/protectores-solares/bronceador-y-autobronceante/72387472_47232852_75116032
[DEBUG] Subcategoría duplicada omitida por URL: [Jabones] Pasta Dental -> https://super.lider.cl/browse/higiene-y-cuidado-personal/cuidado-bucal/pasta-dental/72387472_88733049_71758797
[DEBUG] Subcategoría duplicada omitida por URL: [Jabones] Cepillo Dental -> https://super.lider.cl/browse/higiene-y-cuidado-personal/cuidado-bucal/cepillo-dental/72387472_88733049_86524790
[DEBUG] Subcategoría duplicada omitida por URL: [Jabones] Enjuague Bucal -> https://super.lider.cl/browse/higiene-y-cuidado-personal/cuidado-bucal/enjuague-bucal/72387472_88733049_57734500
[DEBUG] Subcategoría duplicada omitida por URL: [Jabones] Hilo dental y accesorios -> https://super.lider.cl/browse/higiene-y-cuidado-personal/cuidado-bucal/hilo-dental-y-accesorios/72387472_88733049_08263719
[DEBUG] Subcategoría duplicada omitida por URL: [Jabones] Desodorantes -> https://super.lider.cl/browse/higiene-y-cuidado-personal/desodorantes-y-cuidado-corporal/desodorantes/72387472_37200412_62400839
[DEBUG] Subcategoría duplicada omitida por URL: [Jabones] Accesorios de baño -> https://super.lider.cl/browse/higiene-y-cuidado-personal/desodorantes-y-cuidado-corporal/accesorios-de-bao/72387472_37200412_30167695
[DEBUG] Subcategoría duplicada omitida por URL: [Jabones] Jabón liquido -> https://super.lider.cl/browse/higiene-y-cuidado-personal/jabones/jabon-liquido/72387472_38253071_42509266
[DEBUG] Subcategoría duplicada omitida por URL: [Jabones] Gel de ducha -> https://super.lider.cl/browse/higiene-y-cuidado-personal/jabones/gel-de-ducha/72387472_38253071_87395001
[DEBUG] Subcategoría duplicada omitida por URL: [Jabones] Jabón en barra -> https://super.lider.cl/browse/higiene-y-cuidado-personal/jabones/jabn-en-barra/72387472_38253071_49365759
[DEBUG] Subcategoría duplicada omitida por URL: [Jabones] Jabones infantiles -> https://super.lider.cl/browse/higiene-y-cuidado-personal/jabones/jabones-infantiles/72387472_38253071_89204809
[DEBUG] Subcategoría duplicada omitida por URL: [Jabones] Calzones y copas menstruales -> https://super.lider.cl/browse/higiene-y-cuidado-personal/proteccion-femenina/calzones-y-copas-menstruales/72387472_69099803_67365333
[DEBUG] Subcategoría duplicada omitida por URL: [Jabones] Protectores diarios -> https://super.lider.cl/browse/higiene-y-cuidado-personal/proteccion-femenina/protectores-diarios/72387472_69099803_78052493
[DEBUG] Subcategoría duplicada omitida por URL: [Jabones] Toallas higienicas y tampones -> https://super.lider.cl/browse/higiene-y-cuidado-personal/proteccion-femenina/toallas-higienicas-y-tampones/72387472_69099803_69659719
[DEBUG] Subcategoría duplicada omitida por URL: [Jabones] Jabones intimos y pañitos -> https://super.lider.cl/browse/higiene-y-cuidado-personal/proteccion-femenina/jabones-intimos-y-panitos/72387472_69099803_12938180
[DEBUG] Subcategoría duplicada omitida por URL: [Jabones] Incontinencia -> https://super.lider.cl/browse/higiene-y-cuidado-personal/proteccion-femenina/incontinencia/72387472_69099803_06635681
[DEBUG] Subcategoría duplicada omitida por URL: [Jabones] Vitaminas y suplementos -> https://super.lider.cl/browse/higiene-y-cuidado-personal/salud-y-suplementos/vitaminas-y-suplementos/72387472_67725176_42056040
[DEBUG] Subcategoría duplicada omitida por URL: [Jabones] Primeros auxilios -> https://super.lider.cl/browse/higiene-y-cuidado-personal/salud-y-suplementos/primeros-auxilios/72387472_67725176_09893877
[DEBUG] Subcategoría duplicada omitida por URL: [Jabones] Bienestar sexual -> https://super.lider.cl/browse/higiene-y-cuidado-personal/salud-y-suplementos/bienestar-sexual/72387472_67725176_23429133
[DEBUG] Subcategoría duplicada omitida por URL: [Jabones] Lentes de descanso -> https://super.lider.cl/browse/higiene-y-cuidado-personal/cuidado-adulto-mayor/lentes-de-descanso/72387472_32027656_38373177
[DEBUG] Subcategoría duplicada omitida por URL: [Jabones] Pants y pañales -> https://super.lider.cl/browse/higiene-y-cuidado-personal/cuidado-adulto-mayor/pants-y-panales/72387472_32027656_20427727
[DEBUG] Subcategoría duplicada omitida por URL: [Jabones] Apósitos y toallas húmedas -> https://super.lider.cl/browse/higiene-y-cuidado-personal/cuidado-adulto-mayor/apositos-y-toallas-humedas/72387472_32027656_86394035
[DEBUG] Subcategoría duplicada omitida por URL: [Jabones] Protectores de cama y accesorios -> https://super.lider.cl/browse/higiene-y-cuidado-personal/cuidado-adulto-mayor/protectores-de-cama-y-accesorios/72387472_32027656_16241235
[DEBUG] Subcategoría duplicada omitida por URL: [Protección femenina] Bloqueadores solares y after sun -> https://super.lider.cl/browse/higiene-y-cuidado-personal/protectores-solares/bloqueadores-solares-y-after-sun/72387472_47232852_19007172
[DEBUG] Subcategoría duplicada omitida por URL: [Protección femenina] Bronceador y autobronceante -> https://super.lider.cl/browse/higiene-y-cuidado-personal/protectores-solares/bronceador-y-autobronceante/72387472_47232852_75116032
[DEBUG] Subcategoría duplicada omitida por URL: [Protección femenina] Pasta Dental -> https://super.lider.cl/browse/higiene-y-cuidado-personal/cuidado-bucal/pasta-dental/72387472_88733049_71758797
[DEBUG] Subcategoría duplicada omitida por URL: [Protección femenina] Cepillo Dental -> https://super.lider.cl/browse/higiene-y-cuidado-personal/cuidado-bucal/cepillo-dental/72387472_88733049_86524790
[DEBUG] Subcategoría duplicada omitida por URL: [Protección femenina] Enjuague Bucal -> https://super.lider.cl/browse/higiene-y-cuidado-personal/cuidado-bucal/enjuague-bucal/72387472_88733049_57734500
[DEBUG] Subcategoría duplicada omitida por URL: [Protección femenina] Hilo dental y accesorios -> https://super.lider.cl/browse/higiene-y-cuidado-personal/cuidado-bucal/hilo-dental-y-accesorios/72387472_88733049_08263719
[DEBUG] Subcategoría duplicada omitida por URL: [Protección femenina] Desodorantes -> https://super.lider.cl/browse/higiene-y-cuidado-personal/desodorantes-y-cuidado-corporal/desodorantes/72387472_37200412_62400839
[DEBUG] Subcategoría duplicada omitida por URL: [Protección femenina] Accesorios de baño -> https://super.lider.cl/browse/higiene-y-cuidado-personal/desodorantes-y-cuidado-corporal/accesorios-de-bao/72387472_37200412_30167695
[DEBUG] Subcategoría duplicada omitida por URL: [Protección femenina] Jabón liquido -> https://super.lider.cl/browse/higiene-y-cuidado-personal/jabones/jabon-liquido/72387472_38253071_42509266
[DEBUG] Subcategoría duplicada omitida por URL: [Protección femenina] Gel de ducha -> https://super.lider.cl/browse/higiene-y-cuidado-personal/jabones/gel-de-ducha/72387472_38253071_87395001
[DEBUG] Subcategoría duplicada omitida por URL: [Protección femenina] Jabón en barra -> https://super.lider.cl/browse/higiene-y-cuidado-personal/jabones/jabn-en-barra/72387472_38253071_49365759
[DEBUG] Subcategoría duplicada omitida por URL: [Protección femenina] Jabones infantiles -> https://super.lider.cl/browse/higiene-y-cuidado-personal/jabones/jabones-infantiles/72387472_38253071_89204809
[DEBUG] Subcategoría duplicada omitida por URL: [Protección femenina] Calzones y copas menstruales -> https://super.lider.cl/browse/higiene-y-cuidado-personal/proteccion-femenina/calzones-y-copas-menstruales/72387472_69099803_67365333
[DEBUG] Subcategoría duplicada omitida por URL: [Protección femenina] Protectores diarios -> https://super.lider.cl/browse/higiene-y-cuidado-personal/proteccion-femenina/protectores-diarios/72387472_69099803_78052493
[DEBUG] Subcategoría duplicada omitida por URL: [Protección femenina] Toallas higienicas y tampones -> https://super.lider.cl/browse/higiene-y-cuidado-personal/proteccion-femenina/toallas-higienicas-y-tampones/72387472_69099803_69659719
[DEBUG] Subcategoría duplicada omitida por URL: [Protección femenina] Jabones intimos y pañitos -> https://super.lider.cl/browse/higiene-y-cuidado-personal/proteccion-femenina/jabones-intimos-y-panitos/72387472_69099803_12938180
[DEBUG] Subcategoría duplicada omitida por URL: [Protección femenina] Incontinencia -> https://super.lider.cl/browse/higiene-y-cuidado-personal/proteccion-femenina/incontinencia/72387472_69099803_06635681
[DEBUG] Subcategoría duplicada omitida por URL: [Protección femenina] Vitaminas y suplementos -> https://super.lider.cl/browse/higiene-y-cuidado-personal/salud-y-suplementos/vitaminas-y-suplementos/72387472_67725176_42056040
[DEBUG] Subcategoría duplicada omitida por URL: [Protección femenina] Primeros auxilios -> https://super.lider.cl/browse/higiene-y-cuidado-personal/salud-y-suplementos/primeros-auxilios/72387472_67725176_09893877
[DEBUG] Subcategoría duplicada omitida por URL: [Protección femenina] Bienestar sexual -> https://super.lider.cl/browse/higiene-y-cuidado-personal/salud-y-suplementos/bienestar-sexual/72387472_67725176_23429133
[DEBUG] Subcategoría duplicada omitida por URL: [Protección femenina] Lentes de descanso -> https://super.lider.cl/browse/higiene-y-cuidado-personal/cuidado-adulto-mayor/lentes-de-descanso/72387472_32027656_38373177
[DEBUG] Subcategoría duplicada omitida por URL: [Protección femenina] Pants y pañales -> https://super.lider.cl/browse/higiene-y-cuidado-personal/cuidado-adulto-mayor/pants-y-panales/72387472_32027656_20427727
[DEBUG] Subcategoría duplicada omitida por URL: [Protección femenina] Apósitos y toallas húmedas -> https://super.lider.cl/browse/higiene-y-cuidado-personal/cuidado-adulto-mayor/apositos-y-toallas-humedas/72387472_32027656_86394035
[DEBUG] Subcategoría duplicada omitida por URL: [Protección femenina] Protectores de cama y accesorios -> https://super.lider.cl/browse/higiene-y-cuidado-personal/cuidado-adulto-mayor/protectores-de-cama-y-accesorios/72387472_32027656_16241235
[DEBUG] Subcategoría duplicada omitida por URL: [Salud y suplementos] Bloqueadores solares y after sun -> https://super.lider.cl/browse/higiene-y-cuidado-personal/protectores-solares/bloqueadores-solares-y-after-sun/72387472_47232852_19007172
[DEBUG] Subcategoría duplicada omitida por URL: [Salud y suplementos] Bronceador y autobronceante -> https://super.lider.cl/browse/higiene-y-cuidado-personal/protectores-solares/bronceador-y-autobronceante/72387472_47232852_75116032
[DEBUG] Subcategoría duplicada omitida por URL: [Salud y suplementos] Pasta Dental -> https://super.lider.cl/browse/higiene-y-cuidado-personal/cuidado-bucal/pasta-dental/72387472_88733049_71758797
[DEBUG] Subcategoría duplicada omitida por URL: [Salud y suplementos] Cepillo Dental -> https://super.lider.cl/browse/higiene-y-cuidado-personal/cuidado-bucal/cepillo-dental/72387472_88733049_86524790
[DEBUG] Subcategoría duplicada omitida por URL: [Salud y suplementos] Enjuague Bucal -> https://super.lider.cl/browse/higiene-y-cuidado-personal/cuidado-bucal/enjuague-bucal/72387472_88733049_57734500
[DEBUG] Subcategoría duplicada omitida por URL: [Salud y suplementos] Hilo dental y accesorios -> https://super.lider.cl/browse/higiene-y-cuidado-personal/cuidado-bucal/hilo-dental-y-accesorios/72387472_88733049_08263719
[DEBUG] Subcategoría duplicada omitida por URL: [Salud y suplementos] Desodorantes -> https://super.lider.cl/browse/higiene-y-cuidado-personal/desodorantes-y-cuidado-corporal/desodorantes/72387472_37200412_62400839
[DEBUG] Subcategoría duplicada omitida por URL: [Salud y suplementos] Accesorios de baño -> https://super.lider.cl/browse/higiene-y-cuidado-personal/desodorantes-y-cuidado-corporal/accesorios-de-bao/72387472_37200412_30167695
[DEBUG] Subcategoría duplicada omitida por URL: [Salud y suplementos] Jabón liquido -> https://super.lider.cl/browse/higiene-y-cuidado-personal/jabones/jabon-liquido/72387472_38253071_42509266
[DEBUG] Subcategoría duplicada omitida por URL: [Salud y suplementos] Gel de ducha -> https://super.lider.cl/browse/higiene-y-cuidado-personal/jabones/gel-de-ducha/72387472_38253071_87395001
[DEBUG] Subcategoría duplicada omitida por URL: [Salud y suplementos] Jabón en barra -> https://super.lider.cl/browse/higiene-y-cuidado-personal/jabones/jabn-en-barra/72387472_38253071_49365759
[DEBUG] Subcategoría duplicada omitida por URL: [Salud y suplementos] Jabones infantiles -> https://super.lider.cl/browse/higiene-y-cuidado-personal/jabones/jabones-infantiles/72387472_38253071_89204809
[DEBUG] Subcategoría duplicada omitida por URL: [Salud y suplementos] Calzones y copas menstruales -> https://super.lider.cl/browse/higiene-y-cuidado-personal/proteccion-femenina/calzones-y-copas-menstruales/72387472_69099803_67365333
[DEBUG] Subcategoría duplicada omitida por URL: [Salud y suplementos] Protectores diarios -> https://super.lider.cl/browse/higiene-y-cuidado-personal/proteccion-femenina/protectores-diarios/72387472_69099803_78052493
[DEBUG] Subcategoría duplicada omitida por URL: [Salud y suplementos] Toallas higienicas y tampones -> https://super.lider.cl/browse/higiene-y-cuidado-personal/proteccion-femenina/toallas-higienicas-y-tampones/72387472_69099803_69659719
[DEBUG] Subcategoría duplicada omitida por URL: [Salud y suplementos] Jabones intimos y pañitos -> https://super.lider.cl/browse/higiene-y-cuidado-personal/proteccion-femenina/jabones-intimos-y-panitos/72387472_69099803_12938180
[DEBUG] Subcategoría duplicada omitida por URL: [Salud y suplementos] Incontinencia -> https://super.lider.cl/browse/higiene-y-cuidado-personal/proteccion-femenina/incontinencia/72387472_69099803_06635681
[DEBUG] Subcategoría duplicada omitida por URL: [Salud y suplementos] Vitaminas y suplementos -> https://super.lider.cl/browse/higiene-y-cuidado-personal/salud-y-suplementos/vitaminas-y-suplementos/72387472_67725176_42056040
[DEBUG] Subcategoría duplicada omitida por URL: [Salud y suplementos] Primeros auxilios -> https://super.lider.cl/browse/higiene-y-cuidado-personal/salud-y-suplementos/primeros-auxilios/72387472_67725176_09893877
[DEBUG] Subcategoría duplicada omitida por URL: [Salud y suplementos] Bienestar sexual -> https://super.lider.cl/browse/higiene-y-cuidado-personal/salud-y-suplementos/bienestar-sexual/72387472_67725176_23429133
[DEBUG] Subcategoría duplicada omitida por URL: [Salud y suplementos] Lentes de descanso -> https://super.lider.cl/browse/higiene-y-cuidado-personal/cuidado-adulto-mayor/lentes-de-descanso/72387472_32027656_38373177
[DEBUG] Subcategoría duplicada omitida por URL: [Salud y suplementos] Pants y pañales -> https://super.lider.cl/browse/higiene-y-cuidado-personal/cuidado-adulto-mayor/pants-y-panales/72387472_32027656_20427727
[DEBUG] Subcategoría duplicada omitida por URL: [Salud y suplementos] Apósitos y toallas húmedas -> https://super.lider.cl/browse/higiene-y-cuidado-personal/cuidado-adulto-mayor/apositos-y-toallas-humedas/72387472_32027656_86394035
[DEBUG] Subcategoría duplicada omitida por URL: [Salud y suplementos] Protectores de cama y accesorios -> https://super.lider.cl/browse/higiene-y-cuidado-personal/cuidado-adulto-mayor/protectores-de-cama-y-accesorios/72387472_32027656_16241235
[DEBUG] Subcategoría duplicada omitida por URL: [Cuidado adulto mayor] Bloqueadores solares y after sun -> https://super.lider.cl/browse/higiene-y-cuidado-personal/protectores-solares/bloqueadores-solares-y-after-sun/72387472_47232852_19007172
[DEBUG] Subcategoría duplicada omitida por URL: [Cuidado adulto mayor] Bronceador y autobronceante -> https://super.lider.cl/browse/higiene-y-cuidado-personal/protectores-solares/bronceador-y-autobronceante/72387472_47232852_75116032
[DEBUG] Subcategoría duplicada omitida por URL: [Cuidado adulto mayor] Pasta Dental -> https://super.lider.cl/browse/higiene-y-cuidado-personal/cuidado-bucal/pasta-dental/72387472_88733049_71758797
[DEBUG] Subcategoría duplicada omitida por URL: [Cuidado adulto mayor] Cepillo Dental -> https://super.lider.cl/browse/higiene-y-cuidado-personal/cuidado-bucal/cepillo-dental/72387472_88733049_86524790
[DEBUG] Subcategoría duplicada omitida por URL: [Cuidado adulto mayor] Enjuague Bucal -> https://super.lider.cl/browse/higiene-y-cuidado-personal/cuidado-bucal/enjuague-bucal/72387472_88733049_57734500
[DEBUG] Subcategoría duplicada omitida por URL: [Cuidado adulto mayor] Hilo dental y accesorios -> https://super.lider.cl/browse/higiene-y-cuidado-personal/cuidado-bucal/hilo-dental-y-accesorios/72387472_88733049_08263719
[DEBUG] Subcategoría duplicada omitida por URL: [Cuidado adulto mayor] Desodorantes -> https://super.lider.cl/browse/higiene-y-cuidado-personal/desodorantes-y-cuidado-corporal/desodorantes/72387472_37200412_62400839
[DEBUG] Subcategoría duplicada omitida por URL: [Cuidado adulto mayor] Accesorios de baño -> https://super.lider.cl/browse/higiene-y-cuidado-personal/desodorantes-y-cuidado-corporal/accesorios-de-bao/72387472_37200412_30167695
[DEBUG] Subcategoría duplicada omitida por URL: [Cuidado adulto mayor] Jabón liquido -> https://super.lider.cl/browse/higiene-y-cuidado-personal/jabones/jabon-liquido/72387472_38253071_42509266
[DEBUG] Subcategoría duplicada omitida por URL: [Cuidado adulto mayor] Gel de ducha -> https://super.lider.cl/browse/higiene-y-cuidado-personal/jabones/gel-de-ducha/72387472_38253071_87395001
[DEBUG] Subcategoría duplicada omitida por URL: [Cuidado adulto mayor] Jabón en barra -> https://super.lider.cl/browse/higiene-y-cuidado-personal/jabones/jabn-en-barra/72387472_38253071_49365759
[DEBUG] Subcategoría duplicada omitida por URL: [Cuidado adulto mayor] Jabones infantiles -> https://super.lider.cl/browse/higiene-y-cuidado-personal/jabones/jabones-infantiles/72387472_38253071_89204809
[DEBUG] Subcategoría duplicada omitida por URL: [Cuidado adulto mayor] Calzones y copas menstruales -> https://super.lider.cl/browse/higiene-y-cuidado-personal/proteccion-femenina/calzones-y-copas-menstruales/72387472_69099803_67365333
[DEBUG] Subcategoría duplicada omitida por URL: [Cuidado adulto mayor] Protectores diarios -> https://super.lider.cl/browse/higiene-y-cuidado-personal/proteccion-femenina/protectores-diarios/72387472_69099803_78052493
[DEBUG] Subcategoría duplicada omitida por URL: [Cuidado adulto mayor] Toallas higienicas y tampones -> https://super.lider.cl/browse/higiene-y-cuidado-personal/proteccion-femenina/toallas-higienicas-y-tampones/72387472_69099803_69659719
[DEBUG] Subcategoría duplicada omitida por URL: [Cuidado adulto mayor] Jabones intimos y pañitos -> https://super.lider.cl/browse/higiene-y-cuidado-personal/proteccion-femenina/jabones-intimos-y-panitos/72387472_69099803_12938180
[DEBUG] Subcategoría duplicada omitida por URL: [Cuidado adulto mayor] Incontinencia -> https://super.lider.cl/browse/higiene-y-cuidado-personal/proteccion-femenina/incontinencia/72387472_69099803_06635681
[DEBUG] Subcategoría duplicada omitida por URL: [Cuidado adulto mayor] Vitaminas y suplementos -> https://super.lider.cl/browse/higiene-y-cuidado-personal/salud-y-suplementos/vitaminas-y-suplementos/72387472_67725176_42056040
[DEBUG] Subcategoría duplicada omitida por URL: [Cuidado adulto mayor] Primeros auxilios -> https://super.lider.cl/browse/higiene-y-cuidado-personal/salud-y-suplementos/primeros-auxilios/72387472_67725176_09893877
[DEBUG] Subcategoría duplicada omitida por URL: [Cuidado adulto mayor] Bienestar sexual -> https://super.lider.cl/browse/higiene-y-cuidado-personal/salud-y-suplementos/bienestar-sexual/72387472_67725176_23429133
[DEBUG] Subcategoría duplicada omitida por URL: [Cuidado adulto mayor] Lentes de descanso -> https://super.lider.cl/browse/higiene-y-cuidado-personal/cuidado-adulto-mayor/lentes-de-descanso/72387472_32027656_38373177
[DEBUG] Subcategoría duplicada omitida por URL: [Cuidado adulto mayor] Pants y pañales -> https://super.lider.cl/browse/higiene-y-cuidado-personal/cuidado-adulto-mayor/pants-y-panales/72387472_32027656_20427727
[DEBUG] Subcategoría duplicada omitida por URL: [Cuidado adulto mayor] Apósitos y toallas húmedas -> https://super.lider.cl/browse/higiene-y-cuidado-personal/cuidado-adulto-mayor/apositos-y-toallas-humedas/72387472_32027656_86394035
[DEBUG] Subcategoría duplicada omitida por URL: [Cuidado adulto mayor] Protectores de cama y accesorios -> https://super.lider.cl/browse/higiene-y-cuidado-personal/cuidado-adulto-mayor/protectores-de-cama-y-accesorios/72387472_32027656_16241235

[DEBUG] Subcategorías finales detectadas:
 - [Protectores solares] Bloqueadores solares y after sun -> https://super.lider.cl/browse/higiene-y-cuidado-personal/protectores-solares/bloqueadores-solares-y-after-sun/72387472_47232852_19007172
 - [Protectores solares] Bronceador y autobronceante -> https://super.lider.cl/browse/higiene-y-cuidado-personal/protectores-solares/bronceador-y-autobronceante/72387472_47232852_75116032
 - [Protectores solares] Pasta Dental -> https://super.lider.cl/browse/higiene-y-cuidado-personal/cuidado-bucal/pasta-dental/72387472_88733049_71758797
 - [Protectores solares] Cepillo Dental -> https://super.lider.cl/browse/higiene-y-cuidado-personal/cuidado-bucal/cepillo-dental/72387472_88733049_86524790
 - [Protectores solares] Enjuague Bucal -> https://super.lider.cl/browse/higiene-y-cuidado-personal/cuidado-bucal/enjuague-bucal/72387472_88733049_57734500
 - [Protectores solares] Hilo dental y accesorios -> https://super.lider.cl/browse/higiene-y-cuidado-personal/cuidado-bucal/hilo-dental-y-accesorios/72387472_88733049_08263719
 - [Protectores solares] Desodorantes -> https://super.lider.cl/browse/higiene-y-cuidado-personal/desodorantes-y-cuidado-corporal/desodorantes/72387472_37200412_62400839
 - [Protectores solares] Accesorios de baño -> https://super.lider.cl/browse/higiene-y-cuidado-personal/desodorantes-y-cuidado-corporal/accesorios-de-bao/72387472_37200412_30167695
 - [Protectores solares] Jabón liquido -> https://super.lider.cl/browse/higiene-y-cuidado-personal/jabones/jabon-liquido/72387472_38253071_42509266
 - [Protectores solares] Gel de ducha -> https://super.lider.cl/browse/higiene-y-cuidado-personal/jabones/gel-de-ducha/72387472_38253071_87395001
 - [Protectores solares] Jabón en barra -> https://super.lider.cl/browse/higiene-y-cuidado-personal/jabones/jabn-en-barra/72387472_38253071_49365759
 - [Protectores solares] Jabones infantiles -> https://super.lider.cl/browse/higiene-y-cuidado-personal/jabones/jabones-infantiles/72387472_38253071_89204809
 - [Protectores solares] Calzones y copas menstruales -> https://super.lider.cl/browse/higiene-y-cuidado-personal/proteccion-femenina/calzones-y-copas-menstruales/72387472_69099803_67365333
 - [Protectores solares] Protectores diarios -> https://super.lider.cl/browse/higiene-y-cuidado-personal/proteccion-femenina/protectores-diarios/72387472_69099803_78052493
 - [Protectores solares] Toallas higienicas y tampones -> https://super.lider.cl/browse/higiene-y-cuidado-personal/proteccion-femenina/toallas-higienicas-y-tampones/72387472_69099803_69659719
 - [Protectores solares] Jabones intimos y pañitos -> https://super.lider.cl/browse/higiene-y-cuidado-personal/proteccion-femenina/jabones-intimos-y-panitos/72387472_69099803_12938180
 - [Protectores solares] Incontinencia -> https://super.lider.cl/browse/higiene-y-cuidado-personal/proteccion-femenina/incontinencia/72387472_69099803_06635681
 - [Protectores solares] Vitaminas y suplementos -> https://super.lider.cl/browse/higiene-y-cuidado-personal/salud-y-suplementos/vitaminas-y-suplementos/72387472_67725176_42056040
 - [Protectores solares] Primeros auxilios -> https://super.lider.cl/browse/higiene-y-cuidado-personal/salud-y-suplementos/primeros-auxilios/72387472_67725176_09893877
 - [Protectores solares] Bienestar sexual -> https://super.lider.cl/browse/higiene-y-cuidado-personal/salud-y-suplementos/bienestar-sexual/72387472_67725176_23429133
 - [Protectores solares] Lentes de descanso -> https://super.lider.cl/browse/higiene-y-cuidado-personal/cuidado-adulto-mayor/lentes-de-descanso/72387472_32027656_38373177
 - [Protectores solares] Pants y pañales -> https://super.lider.cl/browse/higiene-y-cuidado-personal/cuidado-adulto-mayor/pants-y-panales/72387472_32027656_20427727
 - [Protectores solares] Apósitos y toallas húmedas -> https://super.lider.cl/browse/higiene-y-cuidado-personal/cuidado-adulto-mayor/apositos-y-toallas-humedas/72387472_32027656_86394035
 - [Protectores solares] Protectores de cama y accesorios -> https://super.lider.cl/browse/higiene-y-cuidado-personal/cuidado-adulto-mayor/protectores-de-cama-y-accesorios/72387472_32027656_16241235

[1/24] Scrape: [Protectores solares] Bloqueadores solares y after sun
    page 1: procesando DOM
      scroll round 1: anchors=12
      scroll round 2: anchors=17
      scroll round 3: anchors=17
      scroll round 4: anchors=17
      scroll round 5: anchors=17
      scroll round 6: anchors=17
      scroll round 7: anchors=17
      scroll round 8: anchors=17
    page 1: visibles=17, nuevos=17, acumulados=17
    page 1: sample_skus=['00780494501780', '00780494501563', '00780492001027', '00780492000999', '00780492000369', '00780494506493', '00780492000684', '00780494501467', '00780494501568', '00780494501583']
    page 1: no se pudo avanzar al paginador siguiente
  productos acumulados subcategoría: 17

[2/24] Scrape: [Protectores solares] Bronceador y autobronceante
    page 1: procesando DOM
      scroll round 1: anchors=0
      scroll round 2: anchors=0
      scroll round 3: anchors=0
      scroll round 4: anchors=0
      scroll round 5: anchors=0
      scroll round 6: anchors=0
      scroll round 7: anchors=0
      scroll round 8: anchors=0
    page 1: visibles=0, nuevos=0, acumulados=0
    page 1: sample_skus=[]
    page 1: no se pudo avanzar al paginador siguiente
  productos acumulados subcategoría: 0

[3/24] Scrape: [Protectores solares] Pasta Dental
    page 1: procesando DOM
      scroll round 1: anchors=24
      scroll round 2: anchors=44
      scroll round 3: anchors=53
      scroll round 4: anchors=53
      scroll round 5: anchors=53
      scroll round 6: anchors=53
      scroll round 7: anchors=53
      scroll round 8: anchors=53
    page 1: visibles=46, nuevos=46, acumulados=46
    page 1: sample_skus=['00770201061160', '00789102412318', '00750954665938', '00750954600098', '00789102412302', '00770201061113', '00780500018088', '00789600941929', '00780492585603', '00750954668235']
    page 2: procesando DOM
      scroll round 1: anchors=33
      scroll round 2: anchors=45
      scroll round 3: anchors=57
      scroll round 4: anchors=57
      scroll round 5: anchors=57
      scroll round 6: anchors=57
      scroll round 7: anchors=57
      scroll round 8: anchors=57
    page 2: visibles=49, nuevos=40, acumulados=86
    page 2: sample_skus=['00770201061160', '00789102412318', '00750954665938', '00750954600098', '00789102412302', '00770201061113', '00780500018090', '00780492554380', '00780491551740', '00779464017247']
    page 3: procesando DOM
      scroll round 1: anchors=33
      scroll round 2: anchors=47
      scroll round 3: anchors=47
      scroll round 4: anchors=47
      scroll round 5: anchors=47
      scroll round 6: anchors=47
      scroll round 7: anchors=47
      scroll round 8: anchors=47
    page 3: visibles=41, nuevos=32, acumulados=118
    page 3: sample_skus=['00770201061160', '00789102412318', '00750954665938', '00750954600098', '00789102412302', '00770201061113', '00893483913559', '00893486819519', '00750043515318', '00750954665351']
    page 4: procesando DOM
      scroll round 1: anchors=47
      scroll round 2: anchors=47
      scroll round 3: anchors=47
      scroll round 4: anchors=47
      scroll round 5: anchors=47
      scroll round 6: anchors=47
      scroll round 7: anchors=47
      scroll round 8: anchors=47
    page 4: visibles=41, nuevos=0, acumulados=118
    page 4: sample_skus=['00770201061160', '00789102412318', '00750954665938', '00750954600098', '00789102412302', '00770201061113', '00893483913559', '00893486819519', '00750043515318', '00750954665351']
    page 5: procesando DOM
      scroll round 1: anchors=47
      scroll round 2: anchors=47
      scroll round 3: anchors=47
      scroll round 4: anchors=47
      scroll round 5: anchors=47
      scroll round 6: anchors=47
      scroll round 7: anchors=47
      scroll round 8: anchors=47
    page 5: visibles=41, nuevos=0, acumulados=118
    page 5: sample_skus=['00770201061160', '00789102412318', '00750954665938', '00750954600098', '00789102412302', '00770201061113', '00893483913559', '00893486819519', '00750043515318', '00750954665351']
    stop: 2 páginas seguidas sin nuevos productos
  productos acumulados subcategoría: 118

[4/24] Scrape: [Protectores solares] Cepillo Dental
    page 1: procesando DOM
      scroll round 1: anchors=24
      scroll round 2: anchors=36
      scroll round 3: anchors=46
      scroll round 4: anchors=62
      scroll round 5: anchors=62
      scroll round 6: anchors=62
      scroll round 7: anchors=62
      scroll round 8: anchors=62
    page 1: visibles=49, nuevos=49, acumulados=49
    page 1: sample_skus=['00750954606855', '00770201013024', '00750954607439', '00770201013025', '00789102407300', '00750954607028', '00750954665822', '00779464017158', '00780500032316', '00750954607927']
    page 2: procesando DOM
      scroll round 1: anchors=40
      scroll round 2: anchors=64
      scroll round 3: anchors=65
      scroll round 4: anchors=65
      scroll round 5: anchors=65
      scroll round 6: anchors=65
      scroll round 7: anchors=65
      scroll round 8: anchors=65
    page 2: visibles=58, nuevos=42, acumulados=91
    page 2: sample_skus=['00750954606855', '00770201013024', '00750954607439', '00770201013025', '00789102407300', '00750954607028', '00789102431619', '00780491501200', '00750043514379', '00750043525088']
    page 3: procesando DOM
      scroll round 1: anchors=40
      scroll round 2: anchors=45
      scroll round 3: anchors=45
      scroll round 4: anchors=45
      scroll round 5: anchors=45
      scroll round 6: anchors=45
      scroll round 7: anchors=45
      scroll round 8: anchors=45
    page 3: visibles=37, nuevos=21, acumulados=112
    page 3: sample_skus=['00750954606855', '00770201013024', '00750954607439', '00770201013025', '00789102407300', '00750954607028', '00780466342019', '00301426001444', '00750619512916', '00421020133477']
    page 4: procesando DOM
      scroll round 1: anchors=45
      scroll round 2: anchors=45
      scroll round 3: anchors=45
      scroll round 4: anchors=45
      scroll round 5: anchors=45
      scroll round 6: anchors=45
      scroll round 7: anchors=45
      scroll round 8: anchors=45
    page 4: visibles=37, nuevos=0, acumulados=112
    page 4: sample_skus=['00750954606855', '00770201013024', '00750954607439', '00770201013025', '00789102407300', '00750954607028', '00780466342019', '00301426001444', '00750619512916', '00421020133477']
    page 5: procesando DOM
      scroll round 1: anchors=45
      scroll round 2: anchors=45
      scroll round 3: anchors=45
      scroll round 4: anchors=45
      scroll round 5: anchors=45
      scroll round 6: anchors=45
      scroll round 7: anchors=45
      scroll round 8: anchors=45
    page 5: visibles=37, nuevos=0, acumulados=112
    page 5: sample_skus=['00750954606855', '00770201013024', '00750954607439', '00770201013025', '00789102407300', '00750954607028', '00780466342019', '00301426001444', '00750619512916', '00421020133477']
    stop: 2 páginas seguidas sin nuevos productos
  productos acumulados subcategoría: 112

[5/24] Scrape: [Protectores solares] Enjuague Bucal
    page 1: procesando DOM
      scroll round 1: anchors=24
      scroll round 2: anchors=44
      scroll round 3: anchors=58
      scroll round 4: anchors=58
      scroll round 5: anchors=58
      scroll round 6: anchors=58
      scroll round 7: anchors=58
      scroll round 8: anchors=58
    page 1: visibles=44, nuevos=44, acumulados=44
    page 1: sample_skus=['00789102402801', '00789102413698', '00750954666699', '00789102402799', '00770203543250', '00770203583384', '00789102403962', '00770203543211', '00770203156332', '00068113103642']
    page 2: procesando DOM
      scroll round 1: anchors=58
      scroll round 2: anchors=58
      scroll round 3: anchors=58
      scroll round 4: anchors=58
      scroll round 5: anchors=58
      scroll round 6: anchors=58
      scroll round 7: anchors=58
      scroll round 8: anchors=58
    page 2: visibles=44, nuevos=0, acumulados=44
    page 2: sample_skus=['00789102402801', '00789102413698', '00750954666699', '00789102402799', '00770203543250', '00770203583384', '00789102403962', '00770203543211', '00770203156332', '00068113103642']
    page 3: procesando DOM
      scroll round 1: anchors=24
      scroll round 2: anchors=24
      scroll round 3: anchors=24
      scroll round 4: anchors=24
      scroll round 5: anchors=24
      scroll round 6: anchors=24
      scroll round 7: anchors=24
      scroll round 8: anchors=24
    page 3: visibles=18, nuevos=4, acumulados=48
    page 3: sample_skus=['00789102402801', '00789102413698', '00750954666699', '00789102402799', '00770203543250', '00770203583384', '00003500098762', '00770203128835', '00770203124622', '00750954666698']
    page 4: procesando DOM
      scroll round 1: anchors=24
      scroll round 2: anchors=24
      scroll round 3: anchors=24
      scroll round 4: anchors=24
      scroll round 5: anchors=24
      scroll round 6: anchors=24
      scroll round 7: anchors=24
      scroll round 8: anchors=24
    page 4: visibles=18, nuevos=0, acumulados=48
    page 4: sample_skus=['00789102402801', '00789102413698', '00750954666699', '00789102402799', '00770203543250', '00770203583384', '00003500098762', '00770203128835', '00770203124622', '00750954666698']
    page 5: procesando DOM
      scroll round 1: anchors=24
      scroll round 2: anchors=24
      scroll round 3: anchors=24
      scroll round 4: anchors=24
      scroll round 5: anchors=24
      scroll round 6: anchors=24
      scroll round 7: anchors=24
      scroll round 8: anchors=24
    page 5: visibles=18, nuevos=0, acumulados=48
    page 5: sample_skus=['00789102402801', '00789102413698', '00750954666699', '00789102402799', '00770203543250', '00770203583384', '00003500098762', '00770203128835', '00770203124622', '00750954666698']
    stop: 2 páginas seguidas sin nuevos productos
  productos acumulados subcategoría: 48

[6/24] Scrape: [Protectores solares] Hilo dental y accesorios
    page 1: procesando DOM
      scroll round 1: anchors=13
      scroll round 2: anchors=13
      scroll round 3: anchors=13
      scroll round 4: anchors=13
      scroll round 5: anchors=13
      scroll round 6: anchors=13
      scroll round 7: anchors=13
      scroll round 8: anchors=13
    page 1: visibles=13, nuevos=13, acumulados=13
    page 1: sample_skus=['00750043512974', '00789101003890', '00789102418312', '00750633939450', '00780466342021', '00779464017321', '00789105102982', '00780466342017', '00779464017273', '00779464017175']
    page 1: no se pudo avanzar al paginador siguiente
  productos acumulados subcategoría: 13

[7/24] Scrape: [Protectores solares] Desodorantes
    page 1: procesando DOM
      scroll round 1: anchors=24
      scroll round 2: anchors=36
      scroll round 3: anchors=68
      scroll round 4: anchors=68
      scroll round 5: anchors=68
      scroll round 6: anchors=68
      scroll round 7: anchors=68
      scroll round 8: anchors=68
    page 1: visibles=63, nuevos=63, acumulados=63
    page 1: sample_skus=['00779129305163', '00779129305157', '00789115010285', '00779129305162', '00779129305166', '00779129305165', '00779129303825', '00779129303826', '00779129305179', '00780490000004']
    page 2: procesando DOM
      scroll round 1: anchors=42
      scroll round 2: anchors=66
      scroll round 3: anchors=68
      scroll round 4: anchors=68
      scroll round 5: anchors=68
      scroll round 6: anchors=68
      scroll round 7: anchors=68
      scroll round 8: anchors=68
    page 2: visibles=63, nuevos=41, acumulados=104
    page 2: sample_skus=['00779129305163', '00779129305157', '00789115010285', '00779129305162', '00779129305166', '00779129305165', '00750954665198', '00400600004383', '00779129304954', '00000007892725']
    page 3: procesando DOM
      scroll round 1: anchors=68
      scroll round 2: anchors=68
      scroll round 3: anchors=68
      scroll round 4: anchors=68
      scroll round 5: anchors=68
      scroll round 6: anchors=68
      scroll round 7: anchors=68
      scroll round 8: anchors=68
    page 3: visibles=63, nuevos=0, acumulados=104
    page 3: sample_skus=['00779129305163', '00779129305157', '00789115010285', '00779129305162', '00779129305166', '00779129305165', '00750954665198', '00400600004383', '00779129304954', '00000007892725']
    page 4: procesando DOM
      scroll round 1: anchors=42
      scroll round 2: anchors=66
      scroll round 3: anchors=67
      scroll round 4: anchors=67
      scroll round 5: anchors=67
      scroll round 6: anchors=67
      scroll round 7: anchors=67
      scroll round 8: anchors=67
    page 4: visibles=61, nuevos=40, acumulados=144
    page 4: sample_skus=['00779129305154', '00779129305163', '00779129305157', '00789115010285', '00779129305162', '00779129305166', '00750043525072', '00770200300500', '00750954607645', '00750100116400']
    page 5: procesando DOM
      scroll round 1: anchors=42
      scroll round 2: anchors=66
      scroll round 3: anchors=68
      scroll round 4: anchors=68
      scroll round 5: anchors=68
      scroll round 6: anchors=68
      scroll round 7: anchors=68
      scroll round 8: anchors=68
    page 5: visibles=65, nuevos=43, acumulados=187
    page 5: sample_skus=['00779129305154', '00779129305163', '00779129305157', '00789115010285', '00779129305162', '00779129305166', '00000007508164', '00750633934902', '00400600004382', '00400590049570']
    page 6: procesando DOM
      scroll round 1: anchors=42
      scroll round 2: anchors=54
      scroll round 3: anchors=54
      scroll round 4: anchors=54
      scroll round 5: anchors=54
      scroll round 6: anchors=54
      scroll round 7: anchors=54
      scroll round 8: anchors=54
    page 6: visibles=51, nuevos=29, acumulados=216
    page 6: sample_skus=['00779129305154', '00779129305163', '00779129305157', '00789115010285', '00779129305162', '00779129305166', '00400600017348', '00779464063050', '00750954669079', '00750043525345']
    page 7: procesando DOM
      scroll round 1: anchors=67
      scroll round 2: anchors=67
      scroll round 3: anchors=67
      scroll round 4: anchors=67
      scroll round 5: anchors=67
      scroll round 6: anchors=67
      scroll round 7: anchors=67
      scroll round 8: anchors=67
    page 7: visibles=64, nuevos=13, acumulados=229
    page 7: sample_skus=['00779129305154', '00779129305163', '00779129305157', '00789115010285', '00779129305162', '00779129305166', '00400600017348', '00779464063050', '00750954669079', '00750043525345']
    page 8: procesando DOM
      scroll round 1: anchors=42
      scroll round 2: anchors=64
      scroll round 3: anchors=64
      scroll round 4: anchors=64
      scroll round 5: anchors=64
      scroll round 6: anchors=64
      scroll round 7: anchors=64
      scroll round 8: anchors=64
    page 8: visibles=58, nuevos=35, acumulados=264
    page 8: sample_skus=['00779129305154', '00779129305163', '00779129305157', '00789115010285', '00779129305162', '00779129305166', '00750954606046', '00779129305158', '00750954607400', '00789115010281']
    page 9: procesando DOM
      scroll round 1: anchors=25
      scroll round 2: anchors=25
      scroll round 3: anchors=25
      scroll round 4: anchors=25
      scroll round 5: anchors=25
      scroll round 6: anchors=25
      scroll round 7: anchors=25
      scroll round 8: anchors=25
    page 9: visibles=23, nuevos=1, acumulados=265
    page 9: sample_skus=['00779129305163', '00779129305157', '00789115010285', '00779129305162', '00779129305166', '00779129305165', '00779129304948', '00750100130906', '00750043525072', '00750100116400']
    page 10: procesando DOM
      scroll round 1: anchors=25
      scroll round 2: anchors=25
      scroll round 3: anchors=25
      scroll round 4: anchors=25
      scroll round 5: anchors=25
      scroll round 6: anchors=25
      scroll round 7: anchors=25
      scroll round 8: anchors=25
    page 10: visibles=23, nuevos=0, acumulados=265
    page 10: sample_skus=['00779129305163', '00779129305157', '00789115010285', '00779129305162', '00779129305166', '00779129305165', '00779129304948', '00750100130906', '00750043525072', '00750100116400']
    page 11: procesando DOM
      scroll round 1: anchors=25
      scroll round 2: anchors=25
      scroll round 3: anchors=25
      scroll round 4: anchors=25
      scroll round 5: anchors=25
      scroll round 6: anchors=25
      scroll round 7: anchors=25
      scroll round 8: anchors=25
    page 11: visibles=23, nuevos=0, acumulados=265
    page 11: sample_skus=['00779129305163', '00779129305157', '00789115010285', '00779129305162', '00779129305166', '00779129305165', '00779129304948', '00750100130906', '00750043525072', '00750100116400']
    stop: 2 páginas seguidas sin nuevos productos
  productos acumulados subcategoría: 265

[8/24] Scrape: [Protectores solares] Accesorios de baño
    page 1: procesando DOM
      scroll round 1: anchors=13
      scroll round 2: anchors=13
      scroll round 3: anchors=13
      scroll round 4: anchors=13
      scroll round 5: anchors=13
      scroll round 6: anchors=13
      scroll round 7: anchors=13
      scroll round 8: anchors=13
    page 1: visibles=13, nuevos=13, acumulados=13
    page 1: sample_skus=['00104183840884', '00888825632948', '00888826988813', '00104183840883', '00104183895050', '00888816949912', '00888816949909', '00104183840885', '00888816949911', '00104183810150']
    page 1: no se pudo avanzar al paginador siguiente
  productos acumulados subcategoría: 13

[9/24] Scrape: [Protectores solares] Jabón liquido
    page 1: procesando DOM
      scroll round 1: anchors=24
      scroll round 2: anchors=44
      scroll round 3: anchors=44
      scroll round 4: anchors=44
      scroll round 5: anchors=44
      scroll round 6: anchors=44
      scroll round 7: anchors=44
      scroll round 8: anchors=44
    page 1: visibles=44, nuevos=44, acumulados=44
    page 1: sample_skus=['00780492001082', '00780492001083', '00780492001044', '00780492001015', '00780492001043', '00773021902139', '00780492001045', '00780494503301', '00780492001042', '00780500016688']
    page 2: procesando DOM
      scroll round 1: anchors=24
      scroll round 2: anchors=44
      scroll round 3: anchors=44
      scroll round 4: anchors=44
      scroll round 5: anchors=44
      scroll round 6: anchors=44
      scroll round 7: anchors=44
      scroll round 8: anchors=44
    page 2: visibles=44, nuevos=44, acumulados=88
    page 2: sample_skus=['00780500032383', '00780494503300', '00841113500811', '00780494505126', '00780494503303', '00780492000761', '00780500032190', '00780500032422', '00780494501071', '00780500031555']
    page 3: procesando DOM
      scroll round 1: anchors=24
      scroll round 2: anchors=26
      scroll round 3: anchors=26
      scroll round 4: anchors=26
      scroll round 5: anchors=26
      scroll round 6: anchors=26
      scroll round 7: anchors=26
      scroll round 8: anchors=26
    page 3: visibles=26, nuevos=26, acumulados=114
    page 3: sample_skus=['00750954666681', '00354962000605', '00780500032390', '00789102403957', '00841113500812', '00780494506174', '00780494501136', '00780492000948', '00893486819435', '00001111104942']
    page 3: no se pudo avanzar al paginador siguiente
  productos acumulados subcategoría: 114

[10/24] Scrape: [Protectores solares] Gel de ducha
    page 1: procesando DOM
      scroll round 1: anchors=7
      scroll round 2: anchors=7
      scroll round 3: anchors=7
      scroll round 4: anchors=7
      scroll round 5: anchors=7
      scroll round 6: anchors=7
      scroll round 7: anchors=7
      scroll round 8: anchors=7
    page 1: visibles=7, nuevos=7, acumulados=7
    page 1: sample_skus=['00400580831316', '00354962000749', '00354962000750', '00354962100784', '00104183842298', '00104183842299', '00354962100785']
    page 1: no se pudo avanzar al paginador siguiente
  productos acumulados subcategoría: 7

[11/24] Scrape: [Protectores solares] Jabón en barra
    page 1: procesando DOM
      scroll round 1: anchors=24
      scroll round 2: anchors=26
      scroll round 3: anchors=26
      scroll round 4: anchors=26
      scroll round 5: anchors=26
      scroll round 6: anchors=26
      scroll round 7: anchors=26
      scroll round 8: anchors=26
    page 1: visibles=26, nuevos=26, acumulados=26
    page 1: sample_skus=['00780504500301', '00780650098242', '00789115004648', '00780499000001', '00779129303668', '00780499000008', '00789115004652', '00750954668338', '00789102411368', '00789102402857']
    page 1: no se pudo avanzar al paginador siguiente
  productos acumulados subcategoría: 26

[12/24] Scrape: [Protectores solares] Jabones infantiles
    page 1: procesando DOM
      scroll round 1: anchors=4
      scroll round 2: anchors=4
      scroll round 3: anchors=4
      scroll round 4: anchors=4
      scroll round 5: anchors=4
      scroll round 6: anchors=4
      scroll round 7: anchors=4
      scroll round 8: anchors=4
    page 1: visibles=4, nuevos=4, acumulados=4
    page 1: sample_skus=['00780491552915', '00780491501230', '00780491552914', '00780491501073']
    page 1: no se pudo avanzar al paginador siguiente
  productos acumulados subcategoría: 4

[13/24] Scrape: [Protectores solares] Calzones y copas menstruales
    page 1: procesando DOM
      scroll round 1: anchors=5
      scroll round 2: anchors=5
      scroll round 3: anchors=5
      scroll round 4: anchors=5
      scroll round 5: anchors=5
      scroll round 6: anchors=5
      scroll round 7: anchors=5
      scroll round 8: anchors=5
    page 1: visibles=5, nuevos=5, acumulados=5
    page 1: sample_skus=['00770202618408', '00770202618509', '00770202615145', '00770202618407', '00780491845164']
    page 1: no se pudo avanzar al paginador siguiente
  productos acumulados subcategoría: 5

[14/24] Scrape: [Protectores solares] Protectores diarios
    page 1: procesando DOM
      scroll round 1: anchors=24
      scroll round 2: anchors=37
      scroll round 3: anchors=37
      scroll round 4: anchors=37
      scroll round 5: anchors=37
      scroll round 6: anchors=37
      scroll round 7: anchors=37
      scroll round 8: anchors=37
    page 1: visibles=30, nuevos=30, acumulados=30
    page 1: sample_skus=['00770202618090', '00770202614708', '00779001061675', '00770203150144', '00770203153915', '00770203195450', '00780650096357', '00770202744094', '00770202618002', '00770202749554']
    page 2: procesando DOM
      scroll round 1: anchors=37
      scroll round 2: anchors=37
      scroll round 3: anchors=37
      scroll round 4: anchors=37
      scroll round 5: anchors=37
      scroll round 6: anchors=37
      scroll round 7: anchors=37
      scroll round 8: anchors=37
    page 2: visibles=30, nuevos=0, acumulados=30
    page 2: sample_skus=['00770202618090', '00770202614708', '00779001061675', '00770203150144', '00770203153915', '00770203195450', '00780650096357', '00770202744094', '00770202618002', '00770202749554']
    page 3: procesando DOM
      scroll round 1: anchors=37
      scroll round 2: anchors=37
      scroll round 3: anchors=37
      scroll round 4: anchors=37
      scroll round 5: anchors=37
      scroll round 6: anchors=37
      scroll round 7: anchors=37
      scroll round 8: anchors=37
    page 3: visibles=30, nuevos=0, acumulados=30
    page 3: sample_skus=['00770202618090', '00770202614708', '00779001061675', '00770203150144', '00770203153915', '00770203195450', '00780650096357', '00770202744094', '00770202618002', '00770202749554']
    stop: 2 páginas seguidas sin nuevos productos
  productos acumulados subcategoría: 30

[15/24] Scrape: [Protectores solares] Toallas higienicas y tampones
    page 1: procesando DOM
      scroll round 1: anchors=24
      scroll round 2: anchors=44
      scroll round 3: anchors=46
      scroll round 4: anchors=46
      scroll round 5: anchors=46
      scroll round 6: anchors=46
      scroll round 7: anchors=46
      scroll round 8: anchors=46
    page 1: visibles=44, nuevos=44, acumulados=44
    page 1: sample_skus=['00770202618033', '00770202615154', '00780650096268', '00780650096259', '00780650096282', '00780650096072', '00770202618028', '00770202617362', '00750043513791', '00780960402697']
    page 2: procesando DOM
      scroll round 1: anchors=26
      scroll round 2: anchors=36
      scroll round 3: anchors=36
      scroll round 4: anchors=36
      scroll round 5: anchors=36
      scroll round 6: anchors=36
      scroll round 7: anchors=36
      scroll round 8: anchors=36
    page 2: visibles=34, nuevos=32, acumulados=76
    page 2: sample_skus=['00770202618033', '00770202615154', '00750043513790', '00780960403170', '00780960401225', '00770242581050', '00750630980549', '00750629536936', '00750043517131', '00780960401561']
    page 3: procesando DOM
      scroll round 1: anchors=36
      scroll round 2: anchors=36
      scroll round 3: anchors=36
      scroll round 4: anchors=36
      scroll round 5: anchors=36
      scroll round 6: anchors=36
      scroll round 7: anchors=36
      scroll round 8: anchors=36
    page 3: visibles=34, nuevos=0, acumulados=76
    page 3: sample_skus=['00770202618033', '00770202615154', '00750043513790', '00780960403170', '00780960401225', '00770242581050', '00750630980549', '00750629536936', '00750043517131', '00780960401561']
    page 4: procesando DOM
      scroll round 1: anchors=36
      scroll round 2: anchors=36
      scroll round 3: anchors=36
      scroll round 4: anchors=36
      scroll round 5: anchors=36
      scroll round 6: anchors=36
      scroll round 7: anchors=36
      scroll round 8: anchors=36
    page 4: visibles=34, nuevos=0, acumulados=76
    page 4: sample_skus=['00770202618033', '00770202615154', '00750043513790', '00780960403170', '00780960401225', '00770242581050', '00750630980549', '00750629536936', '00750043517131', '00780960401561']
    stop: 2 páginas seguidas sin nuevos productos
  productos acumulados subcategoría: 76

[16/24] Scrape: [Protectores solares] Jabones intimos y pañitos
    page 1: procesando DOM
      scroll round 1: anchors=13
      scroll round 2: anchors=13
      scroll round 3: anchors=13
      scroll round 4: anchors=13
      scroll round 5: anchors=13
      scroll round 6: anchors=13
      scroll round 7: anchors=13
      scroll round 8: anchors=13
    page 1: visibles=13, nuevos=13, acumulados=13
    page 1: sample_skus=['00770202617754', '00770202617766', '00770202619275', '00770202619627', '00770202617890', '00697567042493', '00789102402396', '00841113595506', '00750043520444', '00400580853855']
    page 1: no se pudo avanzar al paginador siguiente
  productos acumulados subcategoría: 13

[17/24] Scrape: [Protectores solares] Incontinencia
    page 1: procesando DOM
      scroll round 1: anchors=19
      scroll round 2: anchors=19
      scroll round 3: anchors=19
      scroll round 4: anchors=19
      scroll round 5: anchors=19
      scroll round 6: anchors=19
      scroll round 7: anchors=19
      scroll round 8: anchors=19
    page 1: visibles=19, nuevos=19, acumulados=19
    page 1: sample_skus=['00750101905534', '00770202747044', '00779462600741', '00779462601085', '00780960402967', '00779462601088', '00779462601156', '00779462601149', '00750101905110', '00770202747023']
    page 1: no se pudo avanzar al paginador siguiente
  productos acumulados subcategoría: 19

[18/24] Scrape: [Protectores solares] Vitaminas y suplementos
    page 1: procesando DOM
      scroll round 1: anchors=24
      scroll round 2: anchors=43
      scroll round 3: anchors=43
      scroll round 4: anchors=43
      scroll round 5: anchors=43
      scroll round 6: anchors=43
      scroll round 7: anchors=43
      scroll round 8: anchors=43
    page 1: visibles=43, nuevos=43, acumulados=43
    page 1: sample_skus=['00780466627147', '00780466627126', '00780466627184', '00780467118017', '00780466627118', '00780467118013', '00780467118048', '00871042801370', '00780491845324', '00871042802048']
    page 1: no se pudo avanzar al paginador siguiente
  productos acumulados subcategoría: 43

[19/24] Scrape: [Protectores solares] Primeros auxilios
    page 1: procesando DOM
      scroll round 1: anchors=24
      scroll round 2: anchors=36
      scroll round 3: anchors=44
      scroll round 4: anchors=44
      scroll round 5: anchors=44
      scroll round 6: anchors=44
      scroll round 7: anchors=44
      scroll round 8: anchors=44
    page 1: visibles=44, nuevos=44, acumulados=44
    page 1: sample_skus=['00780654500027', '00780466445003', '00780654500024', '00780654500010', '00780654500028', '00780493001540', '00780466445004', '00040000637590', '00780466445000', '00040000637592']
    page 2: procesando DOM
      scroll round 1: anchors=15
      scroll round 2: anchors=15
      scroll round 3: anchors=15
      scroll round 4: anchors=15
      scroll round 5: anchors=15
      scroll round 6: anchors=15
      scroll round 7: anchors=15
      scroll round 8: anchors=15
    page 2: visibles=15, nuevos=15, acumulados=59
    page 2: sample_skus=['00405459687918', '00750105455004', '00780991210296', '00780466445001', '00780491845369', '00068113116974', '00780491553026', '00933034400128', '00780519000024', '00780461418191']
    page 2: no se pudo avanzar al paginador siguiente
  productos acumulados subcategoría: 59

[20/24] Scrape: [Protectores solares] Bienestar sexual
    page 1: procesando DOM
      scroll round 1: anchors=24
      scroll round 2: anchors=26
      scroll round 3: anchors=26
      scroll round 4: anchors=26
      scroll round 5: anchors=26
      scroll round 6: anchors=26
      scroll round 7: anchors=26
      scroll round 8: anchors=26
    page 1: visibles=26, nuevos=26, acumulados=26
    page 1: sample_skus=['00780491845073', '00780491845030', '00780000400374', '00780491845094', '00505219700855', '00780491845095', '00780491850094', '00750115973113', '00780491840197', '00780501000407']
    page 1: no se pudo avanzar al paginador siguiente
  productos acumulados subcategoría: 26

[21/24] Scrape: [Protectores solares] Lentes de descanso
    page 1: procesando DOM
      scroll round 1: anchors=15
      scroll round 2: anchors=15
      scroll round 3: anchors=15
      scroll round 4: anchors=15
      scroll round 5: anchors=15
      scroll round 6: anchors=15
      scroll round 7: anchors=15
      scroll round 8: anchors=15
    page 1: visibles=15, nuevos=15, acumulados=15
    page 1: sample_skus=['00007760200444', '00900006243613', '00900004795264', '00900004901615', '00600276241802', '00600276241804', '00900002761815', '00900004462543', '00900002693327', '00600276241800']
    page 1: no se pudo avanzar al paginador siguiente
  productos acumulados subcategoría: 15

[22/24] Scrape: [Protectores solares] Pants y pañales
    page 1: procesando DOM
      scroll round 1: anchors=24
      scroll round 2: anchors=36
      scroll round 3: anchors=42
      scroll round 4: anchors=42
      scroll round 5: anchors=42
      scroll round 6: anchors=42
      scroll round 7: anchors=42
      scroll round 8: anchors=42
    page 1: visibles=42, nuevos=42, acumulados=42
    page 1: sample_skus=['00780460354223', '00780650077587', '00780650077149', '00780650077150', '00780650077161', '00692873811265', '00692873811264', '00780650077589', '00750101905519', '00750101905394']
    page 1: no se pudo avanzar al paginador siguiente
  productos acumulados subcategoría: 42

[23/24] Scrape: [Protectores solares] Apósitos y toallas húmedas
    page 1: procesando DOM
      scroll round 1: anchors=1
      scroll round 2: anchors=1
      scroll round 3: anchors=1
      scroll round 4: anchors=1
      scroll round 5: anchors=1
      scroll round 6: anchors=1
      scroll round 7: anchors=1
      scroll round 8: anchors=1
    page 1: visibles=1, nuevos=1, acumulados=1
    page 1: sample_skus=['00780650073114']
    page 1: no se pudo avanzar al paginador siguiente
  productos acumulados subcategoría: 1

[24/24] Scrape: [Protectores solares] Protectores de cama y accesorios
    page 1: procesando DOM
      scroll round 1: anchors=5
      scroll round 2: anchors=5
      scroll round 3: anchors=5
      scroll round 4: anchors=5
      scroll round 5: anchors=5
      scroll round 6: anchors=5
      scroll round 7: anchors=5
      scroll round 8: anchors=5
    page 1: visibles=5, nuevos=5, acumulados=5
    page 1: sample_skus=['00780654500001', '00697567042235', '00780650077105', '00750101905048', '00770202747204']
    page 1: no se pudo avanzar al paginador siguiente
  productos acumulados subcategoría: 5

Total filas: 1068
CSV generado: output\higiene_cuidado_personal\lider_higiene_cuidado_personal_20260317_225617.csv
