[DEBUG] Click en botón categorías con selector: text=Categorías

[DEBUG] Primeros 3000 caracteres del body tras abrir menú:

Saltar al contenido principal
Categorías
Todas las categorías
Marcas Propias
Marcas Americanas
La Boti
Carnes y Pescados
Despensa
Frutas y Verduras
Bebidas y Snacks
Frescos y Lácteos
Panadería y Pastelería
Congelados
Desayunos y Dulces
Limpieza y Aseo
Mundo Bebé y Juguetería
Chocolates
Colaciones
Platos Preparados
Mascotas
Hogar
Belleza
Higiene y Cuidado Personal
Parrillas y Jardín
Deporte y Aire Libre
Tecno y Electro
Librería y Cumpleaños
Ferretería
Automóvil
Vestuario
Soy Pyme
Salud y Estilos De Vida
Campañas
Ir a Mundo Lider
Vuelve a pedirlos
Tus productos
Ingresar
Cuenta
0
Tarjeta Lider Bci
Mi Club
Centro de ayuda
Supermercado
Precios Black en Todo
Precios Black en Todo
Lo que buscas en tecnología y hogar con el ahorro que esperabas
¡Descubre más!
Precios Bajos desde $1.000
Precios Bajos desde $1.000
Arma tu carrito sin pasarte del presupuesto
¡Descubre más!
Confía en Mr Músculo
Encuentra más por menos
¡Descubre más!
Patrocinado
Los favoritos de grandes y chicos
¡Que no falten en tu hogar!
¡Descubre más!
Patrocinado
Pañales Babysec talla grande
Comodidad para explorar
¡Descubre más!
Patrocinado
Más sabor con Hellmann’s Supreme
Cremosa y súper deliciosa
¡Descubre más!
Patrocinado
Prueba hoy la crema sin lactosa Nestlé
Perfecta en tus recetas
¡Descubre más!
Patrocinado
Pescadería de Pascua: Calidad y Frescura
Pescadería de Pascua: Calidad y Frescura
Variedad de pescados y mariscos para tu mesa esta temporada
¡Descubre más!
Pascua en Casa: Decoración y Juegos
Pascua en Casa: Decoración y Juegos
Todo para compartir con detalles únicos
¡Descubre más!
Diapositiva actual del carrusel 2 de 9
Productos a mil
Ver Todo
Productos a 1000
Productos a 2000
Productos a 3000
Campañas
The New Black
Feliz Pascua
Vuelta a Clases
Precios Bajos Siempre
Destacados
Lácteos
Mascotas
Bebidas y Snacks
Belleza
Beneficios adicionales
Revisa tus movimientos y descubre todo lo que has acumulado
Acumula Pesos Mi Club en todas tus compras y canjéalos cuando quieras
Paga con tu tarjeta Lider Bci y recibe parte de tu compra en Pesos Mi Club
Activa tu tarjeta Lider Bci y aprovecha este beneficio exclusivo. Tope $20.000
[DEBUG] Encontrado 'La Boti' con selector: text=La Boti

[DEBUG] Subcategorías detectadas:
 - [Vinos y Espumantes 3x] Combina 3 Espumantes -> https://super.lider.cl/browse/la-boti/vinos-y-espumantes-3x/combina-3-espumantes/60338008_77596990_42321275
 - [Vinos y Espumantes 3x] Combina 3x 27.990 -> https://super.lider.cl/browse/la-boti/vinos-y-espumantes-3x/combina-3x-27990/60338008_77596990_41644678
 - [Vinos y Espumantes 3x] Combina 3x 24.990 -> https://super.lider.cl/browse/la-boti/vinos-y-espumantes-3x/combina-3x-24990/60338008_77596990_95447923
 - [Vinos y Espumantes 3x] Combina 3x 21.990 -> https://super.lider.cl/browse/la-boti/vinos-y-espumantes-3x/combina-3x-21990/60338008_77596990_20052510
 - [Vinos y Espumantes 3x] Combina 3x 18.990 -> https://super.lider.cl/browse/la-boti/vinos-y-espumantes-3x/combina-3x-18990/60338008_77596990_99448932
 - [Vinos y Espumantes 3x] Combina 3x 15.990 -> https://super.lider.cl/browse/la-boti/vinos-y-espumantes-3x/combina-3x-15990/60338008_77596990_83383486
 - [Vinos y Espumantes 3x] Combina 3x 12.990 -> https://super.lider.cl/browse/la-boti/vinos-y-espumantes-3x/combina-3x-12990/60338008_77596990_25441597
 - [Vinos y Espumantes 3x] Combina 3x 9.990 -> https://super.lider.cl/browse/la-boti/vinos-y-espumantes-3x/combina-3x-9990/60338008_77596990_24707406
 - [Vinos y Espumantes 3x] Combina 3x 6.990 -> https://super.lider.cl/browse/la-boti/vinos-y-espumantes-3x/combina-3x-6990/60338008_77596990_78909989
 - [Cerveza] Combina 3x 2.990 -> https://super.lider.cl/browse/la-boti/cerveza/combina-3x-2.990/60338008_25254512_52292572
 - [Cerveza] Combina 3x 3.990 -> https://super.lider.cl/browse/la-boti/cerveza/combina-3x-3.990/60338008_25254512_36896307
 - [Cerveza] Premium -> https://super.lider.cl/browse/la-boti/cerveza/premium/60338008_25254512_37891560
 - [Cerveza] Artesanales -> https://super.lider.cl/browse/la-boti/cerveza/artesanales/60338008_25254512_95883367
 - [Cerveza] Importadas -> https://super.lider.cl/browse/la-boti/cerveza/importadas/60338008_25254512_89665872
 - [Cerveza] Tradicionales -> https://super.lider.cl/browse/la-boti/cerveza/tradicionales/60338008_25254512_84744709
 - [Cerveza] Saborizadas -> https://super.lider.cl/browse/la-boti/cerveza/saborizadas/60338008_25254512_20767940
 - [Espumantes] Premium -> https://super.lider.cl/browse/la-boti/espumantes/premium/60338008_75569554_70698448
 - [Espumantes] Moscato y Rose -> https://super.lider.cl/browse/la-boti/espumantes/moscato-y-rose/60338008_75569554_43999540
 - [Espumantes] Brut y Extra Brut -> https://super.lider.cl/browse/la-boti/espumantes/brut-y-extra-brut/60338008_75569554_40093930
 - [Espumantes] Demi Sec -> https://super.lider.cl/browse/la-boti/espumantes/demi-sec/60338008_75569554_36906818
 - [Espumantes] Saborizados -> https://super.lider.cl/browse/la-boti/espumantes/saborizados/60338008_75569554_56792112
 - [Espumantes] Individuales -> https://super.lider.cl/browse/la-boti/espumantes/individuales/60338008_75569554_83585492
 - [Sin Alcohol] Cervezas -> https://super.lider.cl/browse/la-boti/sin-alcohol/cervezas/60338008_15483971_26504837
 - [Sin Alcohol] Vinos y Espumantes -> https://super.lider.cl/browse/la-boti/sin-alcohol/vinos-y-espumantes/60338008_15483971_17437456
 - [Vinos] Premium -> https://super.lider.cl/browse/la-boti/vinos/premium/60338008_85836428_40470033
 - [Vinos] Rose y Late Harvest -> https://super.lider.cl/browse/la-boti/vinos/rose-y-late-harvest/60338008_85836428_66177866
 - [Vinos] Individuales -> https://super.lider.cl/browse/la-boti/vinos/individuales/60338008_85836428_91269168
 - [Vinos] Sangria y Sidra -> https://super.lider.cl/browse/la-boti/vinos/sangria-y-sidra/60338008_85836428_70471944
 - [Vinos] Tinto -> https://super.lider.cl/browse/la-boti/vinos/tinto/60338008_85836428_31491496
 - [Vinos] Blanco -> https://super.lider.cl/browse/la-boti/vinos/blanco/60338008_85836428_40759004
 - [Destilados] Whisky -> https://super.lider.cl/browse/la-boti/destilados/whisky/60338008_18800914_67188509
 - [Destilados] Pisco -> https://super.lider.cl/browse/la-boti/destilados/pisco/60338008_18800914_61791484
 - [Destilados] Gin -> https://super.lider.cl/browse/la-boti/destilados/gin/60338008_18800914_35374371
 - [Destilados] Tequila -> https://super.lider.cl/browse/la-boti/destilados/tequila/60338008_18800914_15822818
 - [Destilados] Ron -> https://super.lider.cl/browse/la-boti/destilados/ron/60338008_18800914_97182693
 - [Destilados] Vodka -> https://super.lider.cl/browse/la-boti/destilados/vodka/60338008_18800914_70647850
 - [Coctel] Sour -> https://super.lider.cl/browse/la-boti/coctel/sour/60338008_30587707_50279275
 - [Coctel] Cremas y Coladas -> https://super.lider.cl/browse/la-boti/coctel/cremas-y-coladas/60338008_30587707_89065897
 - [Coctel] Licores y Spritz -> https://super.lider.cl/browse/la-boti/coctel/licores-y-spritz/60338008_30587707_76376814
 - [Coctel] Tragos Preparados -> https://super.lider.cl/browse/la-boti/coctel/tragos-preparados/60338008_30587707_81763173
 - [Coctel] Vermouth -> https://super.lider.cl/browse/la-boti/coctel/vermouth/60338008_30587707_12773651
 - [Coctel] Complementos -> https://super.lider.cl/browse/la-boti/coctel/complementos/60338008_30587707_29570768
 - [Preparalo tu Mismo] Sangria -> https://super.lider.cl/browse/la-boti/preparalo-tu-mismo/sangria/60338008_59156238_24978901
 - [Preparalo tu Mismo] Michelada -> https://super.lider.cl/browse/la-boti/preparalo-tu-mismo/michelada/60338008_59156238_71316960
 - [Preparalo tu Mismo] Gin Tonic -> https://super.lider.cl/browse/la-boti/preparalo-tu-mismo/gin-tonic/60338008_59156238_84982572
 - [Preparalo tu Mismo] Moscow Mule -> https://super.lider.cl/browse/la-boti/preparalo-tu-mismo/moscow-mule/60338008_59156238_46759941
 - [Preparalo tu Mismo] Mojito -> https://super.lider.cl/browse/la-boti/preparalo-tu-mismo/mojito/60338008_59156238_86016342
 - [Preparalo tu Mismo] Tequila Sunrise -> https://super.lider.cl/browse/la-boti/preparalo-tu-mismo/tequila-sunrise/60338008_59156238_59097423
\n[1/48] Scrape: [Vinos y Espumantes 3x] Combina 3 Espumantes
  productos: 21
\n[2/48] Scrape: [Vinos y Espumantes 3x] Combina 3x 27.990
  productos: 28
\n[3/48] Scrape: [Vinos y Espumantes 3x] Combina 3x 24.990
  productos: 19
\n[4/48] Scrape: [Vinos y Espumantes 3x] Combina 3x 21.990
  productos: 22
\n[5/48] Scrape: [Vinos y Espumantes 3x] Combina 3x 18.990
  productos: 25
\n[6/48] Scrape: [Vinos y Espumantes 3x] Combina 3x 15.990
  productos: 38
\n[7/48] Scrape: [Vinos y Espumantes 3x] Combina 3x 12.990
  productos: 44
\n[8/48] Scrape: [Vinos y Espumantes 3x] Combina 3x 9.990
  productos: 33
\n[9/48] Scrape: [Vinos y Espumantes 3x] Combina 3x 6.990
  productos: 19
\n[10/48] Scrape: [Cerveza] Combina 3x 2.990
  productos: 25
\n[11/48] Scrape: [Cerveza] Combina 3x 3.990
  productos: 11
\n[12/48] Scrape: [Cerveza] Premium
  productos: 48
\n[13/48] Scrape: [Cerveza] Artesanales
  productos: 44
\n[14/48] Scrape: [Cerveza] Importadas
  productos: 19
\n[15/48] Scrape: [Cerveza] Tradicionales
  productos: 25
\n[16/48] Scrape: [Cerveza] Saborizadas
  productos: 6
\n[17/48] Scrape: [Espumantes] Premium
  productos: 11
\n[18/48] Scrape: [Espumantes] Moscato y Rose
  productos: 38
\n[19/48] Scrape: [Espumantes] Brut y Extra Brut
  productos: 30
\n[20/48] Scrape: [Espumantes] Demi Sec
  productos: 8
\n[21/48] Scrape: [Espumantes] Saborizados
  productos: 9
\n[22/48] Scrape: [Espumantes] Individuales
  productos: 6
\n[23/48] Scrape: [Sin Alcohol] Cervezas
  productos: 13
\n[24/48] Scrape: [Sin Alcohol] Vinos y Espumantes
  productos: 3
\n[25/48] Scrape: [Vinos] Premium
  productos: 44
\n[26/48] Scrape: [Vinos] Rose y Late Harvest
  productos: 31
\n[27/48] Scrape: [Vinos] Individuales
  productos: 4
\n[28/48] Scrape: [Vinos] Sangria y Sidra
  productos: 10
\n[29/48] Scrape: [Vinos] Tinto
  productos: 44
\n[30/48] Scrape: [Vinos] Blanco
  productos: 44
\n[31/48] Scrape: [Destilados] Whisky
  productos: 44
\n[32/48] Scrape: [Destilados] Pisco
  productos: 44
\n[33/48] Scrape: [Destilados] Gin
  productos: 36
\n[34/48] Scrape: [Destilados] Tequila
  productos: 11
\n[35/48] Scrape: [Destilados] Ron
  productos: 25
\n[36/48] Scrape: [Destilados] Vodka
  productos: 25
\n[37/48] Scrape: [Coctel] Sour
  productos: 43
\n[38/48] Scrape: [Coctel] Cremas y Coladas
  productos: 19
\n[39/48] Scrape: [Coctel] Licores y Spritz
  productos: 44
\n[40/48] Scrape: [Coctel] Tragos Preparados
  productos: 37
\n[41/48] Scrape: [Coctel] Vermouth
  productos: 4
\n[42/48] Scrape: [Coctel] Complementos
  productos: 15
\n[43/48] Scrape: [Preparalo tu Mismo] Sangria
  productos: 14
\n[44/48] Scrape: [Preparalo tu Mismo] Michelada
  productos: 15
\n[45/48] Scrape: [Preparalo tu Mismo] Gin Tonic
  productos: 16
\n[46/48] Scrape: [Preparalo tu Mismo] Moscow Mule
  productos: 16
\n[47/48] Scrape: [Preparalo tu Mismo] Mojito
  productos: 13
\n[48/48] Scrape: [Preparalo tu Mismo] Tequila Sunrise
  productos: 11
\nTotal filas: 1154
CSV generado: output\la_boti\lider_la_boti_20260317_231459.csv
