[DEBUG] Click en botón categorías con selector: text=Categorías

[DEBUG] Primeros 3000 caracteres del body tras abrir menú:

Saltar al contenido principal
Categorías
Todas las categorías
Marcas Propias
Marcas Americanas
La Boti
Carnes y Pescados
Despensa
Frutas y Verduras
Bebidas y Snacks
Frescos y Lácteos
Panadería y Pastelería
Congelados
Desayunos y Dulces
Limpieza y Aseo
Mundo Bebé y Juguetería
Chocolates
Colaciones
Platos Preparados
Mascotas
Hogar
Belleza
Higiene y Cuidado Personal
Parrillas y Jardín
Deporte y Aire Libre
Tecno y Electro
Librería y Cumpleaños
Ferretería
Automóvil
Vestuario
Soy Pyme
Salud y Estilos De Vida
Campañas
Ir a Mundo Lider
Vuelve a pedirlos
Tus productos
Ingresar
Cuenta
0
Tarjeta Lider Bci
Mi Club
Centro de ayuda
Supermercado
Precios Black en Todo
Precios Black en Todo
Lo que buscas en tecnología y hogar con el ahorro que esperabas
¡Descubre más!
Precios Bajos desde $1.000
Precios Bajos desde $1.000
Arma tu carrito sin pasarte del presupuesto
¡Descubre más!
Confía en Mr Músculo
Encuentra más por menos
¡Descubre más!
Patrocinado
Los favoritos de grandes y chicos
¡Que no falten en tu hogar!
¡Descubre más!
Patrocinado
Pañales Babysec talla grande
Comodidad para explorar
¡Descubre más!
Patrocinado
Más sabor con Hellmann’s Supreme
Cremosa y súper deliciosa
¡Descubre más!
Patrocinado
Prueba hoy la crema sin lactosa Nestlé
Perfecta en tus recetas
¡Descubre más!
Patrocinado
Pescadería de Pascua: Calidad y Frescura
Pescadería de Pascua: Calidad y Frescura
Variedad de pescados y mariscos para tu mesa esta temporada
¡Descubre más!
Pascua en Casa: Decoración y Juegos
Pascua en Casa: Decoración y Juegos
Todo para compartir con detalles únicos
¡Descubre más!
Diapositiva actual del carrusel 2 de 9
Productos a mil
Ver Todo
Productos a 1000
Productos a 2000
Productos a 3000
Campañas
The New Black
Feliz Pascua
Vuelta a Clases
Precios Bajos Siempre
Destacados
Lácteos
Mascotas
Bebidas y Snacks
Belleza
Beneficios adicionales
Revisa tus movimientos y descubre todo lo que has acumulado
Acumula Pesos Mi Club en todas tus compras y canjéalos cuando quieras
Paga con tu tarjeta Lider Bci y recibe parte de tu compra en Pesos Mi Club
Activa tu tarjeta Lider Bci y aprovecha este beneficio exclusivo. Tope $20.000
[DEBUG] Encontrado 'Bebidas y Snacks' con selector: text=Bebidas y Snacks

[DEBUG] Subcategorías detectadas:
 - [Bebidas] Regulares -> https://super.lider.cl/browse/bebidas-y-snacks/bebidas/regulares/13901022_56657077_93029006
 - [Bebidas] Light y Zero -> https://super.lider.cl/browse/bebidas-y-snacks/bebidas/light-y-zero/13901022_56657077_36914852
 - [Bebidas] Individuales -> https://super.lider.cl/browse/bebidas-y-snacks/bebidas/individuales/13901022_56657077_37655717
 - [Bebidas] Retornables -> https://super.lider.cl/browse/bebidas-y-snacks/bebidas/retornables/13901022_56657077_33265335
 - [Bebidas] Mixer -> https://super.lider.cl/browse/bebidas-y-snacks/bebidas/mixer/13901022_56657077_35603134
 - [Jugos] Líquidos -> https://super.lider.cl/browse/bebidas-y-snacks/jugos/liquidos/13901022_61163586_71774567
 - [Jugos] En Polvo -> https://super.lider.cl/browse/bebidas-y-snacks/jugos/en-polvo/13901022_61163586_46285707
 - [Jugos] Individuales -> https://super.lider.cl/browse/bebidas-y-snacks/jugos/individuales/13901022_61163586_45220448
 - [Jugos] Colaciones -> https://super.lider.cl/browse/bebidas-y-snacks/jugos/colaciones/13901022_61163586_54484975
 - [Refrigerados] Jugos 100 -> https://super.lider.cl/browse/bebidas-y-snacks/refrigerados/jugos-100/13901022_41934663_48309221
 - [Refrigerados] Jugos Nectares -> https://super.lider.cl/browse/bebidas-y-snacks/refrigerados/jugos-nectares/13901022_41934663_66114975
 - [Refrigerados] Jugos Prensados -> https://super.lider.cl/browse/bebidas-y-snacks/refrigerados/jugos-prensados/13901022_41934663_28248986
 - [Refrigerados] Kombucha -> https://super.lider.cl/browse/bebidas-y-snacks/refrigerados/kombucha/13901022_41934663_15531995
 - [Bebidas Funcionales] Energeticas -> https://super.lider.cl/browse/bebidas-y-snacks/bebidas-funcionales/energeticas/13901022_63687960_66329784
 - [Bebidas Funcionales] Isotonicas y Sueros -> https://super.lider.cl/browse/bebidas-y-snacks/bebidas-funcionales/isotonicas-y-sueros/13901022_63687960_19981018
 - [Bebidas Funcionales] Te Helado -> https://super.lider.cl/browse/bebidas-y-snacks/bebidas-funcionales/te-helado/13901022_63687960_65545662
 - [Aguas] Mineral o Purificada -> https://super.lider.cl/browse/bebidas-y-snacks/aguas/mineral-o-purificada/13901022_67311042_94721204
 - [Aguas] Saborizadas -> https://super.lider.cl/browse/bebidas-y-snacks/aguas/saborizadas/13901022_67311042_23922996
 - [Aguas] Individuales -> https://super.lider.cl/browse/bebidas-y-snacks/aguas/individuales/13901022_67311042_63260507
 - [Aguas] Bidón -> https://super.lider.cl/browse/bebidas-y-snacks/aguas/bidon/13901022_67311042_75349459
 - [Aguas] Aloe Vera -> https://super.lider.cl/browse/bebidas-y-snacks/aguas/aloe-vera/13901022_67311042_89652778
 - [Snacks y Picoteo] Papas Fritas y Vegetales -> https://super.lider.cl/browse/bebidas-y-snacks/snacks-y-picoteo/papas-fritas-y-vegetales/13901022_66742898_23317138
 - [Snacks y Picoteo] Ramitas Sufles y mas -> https://super.lider.cl/browse/bebidas-y-snacks/snacks-y-picoteo/ramitas-sufles-y-mas/13901022_66742898_63723596
 - [Snacks y Picoteo] Tortillas -> https://super.lider.cl/browse/bebidas-y-snacks/snacks-y-picoteo/tortillas/13901022_66742898_96840690
 - [Snacks y Picoteo] Galletas Saladas -> https://super.lider.cl/browse/bebidas-y-snacks/snacks-y-picoteo/galletas-saladas/13901022_66742898_71825687
 - [Snacks y Picoteo] Untables -> https://super.lider.cl/browse/bebidas-y-snacks/snacks-y-picoteo/untables/13901022_66742898_65352178
 - [Snacks y Picoteo] Frutos Secos -> https://super.lider.cl/browse/bebidas-y-snacks/snacks-y-picoteo/frutos-secos/13901022_66742898_63978999
 - [Snacks y Picoteo] Aceitunas Pepinillos y Encurtidos -> https://super.lider.cl/browse/bebidas-y-snacks/snacks-y-picoteo/aceitunas-pepinillos-y-encurtidos/13901022_66742898_78341269
 - [Snacks y Picoteo] Cabritas -> https://super.lider.cl/browse/bebidas-y-snacks/snacks-y-picoteo/cabritas/13901022_66742898_27078414
\n[1/29] Scrape: [Bebidas] Regulares
  productos: 44
\n[2/29] Scrape: [Bebidas] Light y Zero
  productos: 44
\n[3/29] Scrape: [Bebidas] Individuales
  productos: 44
\n[4/29] Scrape: [Bebidas] Retornables
  productos: 16
\n[5/29] Scrape: [Bebidas] Mixer
  productos: 10
\n[6/29] Scrape: [Jugos] Líquidos
  productos: 44
\n[7/29] Scrape: [Jugos] En Polvo
  productos: 44
\n[8/29] Scrape: [Jugos] Individuales
  productos: 9
\n[9/29] Scrape: [Jugos] Colaciones
  productos: 2
\n[10/29] Scrape: [Refrigerados] Jugos 100
  productos: 11
\n[11/29] Scrape: [Refrigerados] Jugos Nectares
  productos: 35
\n[12/29] Scrape: [Refrigerados] Jugos Prensados
  productos: 6
\n[13/29] Scrape: [Refrigerados] Kombucha
  productos: 8
\n[14/29] Scrape: [Bebidas Funcionales] Energeticas
  productos: 35
\n[15/29] Scrape: [Bebidas Funcionales] Isotonicas y Sueros
  productos: 43
\n[16/29] Scrape: [Bebidas Funcionales] Te Helado
  productos: 8
\n[17/29] Scrape: [Aguas] Mineral o Purificada
  productos: 27
\n[18/29] Scrape: [Aguas] Saborizadas
  productos: 24
\n[19/29] Scrape: [Aguas] Individuales
  productos: 1
\n[20/29] Scrape: [Aguas] Bidón
  productos: 2
\n[21/29] Scrape: [Aguas] Aloe Vera
  productos: 6
\n[22/29] Scrape: [Snacks y Picoteo] Papas Fritas y Vegetales
  productos: 44
\n[23/29] Scrape: [Snacks y Picoteo] Ramitas Sufles y mas
  productos: 44
\n[24/29] Scrape: [Snacks y Picoteo] Tortillas
  productos: 23
\n[25/29] Scrape: [Snacks y Picoteo] Galletas Saladas
  productos: 47
\n[26/29] Scrape: [Snacks y Picoteo] Untables
  productos: 28
\n[27/29] Scrape: [Snacks y Picoteo] Frutos Secos
  productos: 44
\n[28/29] Scrape: [Snacks y Picoteo] Aceitunas Pepinillos y Encurtidos
  productos: 44
\n[29/29] Scrape: [Snacks y Picoteo] Cabritas
  productos: 24
\nTotal filas: 761
CSV generado: output\bebidas_y_snacks\lider_bebidas_y_snacks_20260317_204848.csv
