[DEBUG] Click en botón categorías con selector: text=Categorías

[DEBUG] Primeros 3000 caracteres del body tras abrir menú:

Saltar al contenido principal
Categorías
Todas las categorías
Marcas Propias
Marcas Americanas
La Boti
Carnes y Pescados
Despensa
Frutas y Verduras
Bebidas y Snacks
Frescos y Lácteos
Panadería y Pastelería
Congelados
Desayunos y Dulces
Limpieza y Aseo
Mundo Bebé y Juguetería
Chocolates
Colaciones
Platos Preparados
Mascotas
Hogar
Belleza
Higiene y Cuidado Personal
Parrillas y Jardín
Deporte y Aire Libre
Tecno y Electro
Librería y Cumpleaños
Ferretería
Automóvil
Vestuario
Soy Pyme
Salud y Estilos De Vida
Campañas
Ir a Mundo Lider
Vuelve a pedirlos
Tus productos
Ingresar
Cuenta
0
Tarjeta Lider Bci
Mi Club
Centro de ayuda
Supermercado
Precios Black en Todo
Precios Black en Todo
Lo que buscas en tecnología y hogar con el ahorro que esperabas
¡Descubre más!
Precios Bajos desde $1.000
Precios Bajos desde $1.000
Arma tu carrito sin pasarte del presupuesto
¡Descubre más!
Confía en Mr Músculo
Encuentra más por menos
¡Descubre más!
Patrocinado
Los favoritos de grandes y chicos
¡Que no falten en tu hogar!
¡Descubre más!
Patrocinado
Pañales Babysec talla grande
Comodidad para explorar
¡Descubre más!
Patrocinado
Más sabor con Hellmann’s Supreme
Cremosa y súper deliciosa
¡Descubre más!
Patrocinado
Prueba hoy la crema sin lactosa Nestlé
Perfecta en tus recetas
¡Descubre más!
Patrocinado
Pescadería de Pascua: Calidad y Frescura
Pescadería de Pascua: Calidad y Frescura
Variedad de pescados y mariscos para tu mesa esta temporada
¡Descubre más!
Pascua en Casa: Decoración y Juegos
Pascua en Casa: Decoración y Juegos
Todo para compartir con detalles únicos
¡Descubre más!
Diapositiva actual del carrusel 2 de 9
Productos a mil
Ver Todo
Productos a 1000
Productos a 2000
Productos a 3000
Campañas
The New Black
Feliz Pascua
Vuelta a Clases
Precios Bajos Siempre
Destacados
Lácteos
Mascotas
Bebidas y Snacks
Belleza
Beneficios adicionales
Revisa tus movimientos y descubre todo lo que has acumulado
Acumula Pesos Mi Club en todas tus compras y canjéalos cuando quieras
Paga con tu tarjeta Lider Bci y recibe parte de tu compra en Pesos Mi Club
Activa tu tarjeta Lider Bci y aprovecha este beneficio exclusivo. Tope $20.000
[DEBUG] Encontrado 'Frutas y Verduras' con selector: text=Frutas y Verduras

[DEBUG] Subcategorías detectadas:
 - [Frutas] Paltas -> https://super.lider.cl/browse/frutas-y-verduras/frutas/paltas/22884697_93034836_74747974
 - [Frutas] Plátanos y Tropicales -> https://super.lider.cl/browse/frutas-y-verduras/frutas/platanos-y-tropicales/22884697_93034836_25986881
 - [Frutas] Limón Naranja y Cítricos -> https://super.lider.cl/browse/frutas-y-verduras/frutas/limon-naranja-y-citricos/22884697_93034836_42570076
 - [Frutas] Manzanas y Peras -> https://super.lider.cl/browse/frutas-y-verduras/frutas/manzanas-y-peras/22884697_93034836_29741665
 - [Frutas] Uvas, Frutos Rojos y Berries -> https://super.lider.cl/browse/frutas-y-verduras/frutas/uvas-frutos-rojos-y-berries/22884697_93034836_71576040
 - [Frutas] Duraznos y Damascos -> https://super.lider.cl/browse/frutas-y-verduras/frutas/duraznos-y-damascos/22884697_93034836_76362024
 - [Frutas] Sandías y Melones -> https://super.lider.cl/browse/frutas-y-verduras/frutas/sandias-y-melones/22884697_93034836_78685106
 - [Frutas] Fruta Picada -> https://super.lider.cl/browse/frutas-y-verduras/frutas/fruta-picada/22884697_93034836_41753395
 - [Frutas] Fruta de Temporada -> https://super.lider.cl/browse/frutas-y-verduras/frutas/fruta-de-temporada/22884697_93034836_93999531
 - [Frutas] Otras Frutas -> https://super.lider.cl/browse/frutas-y-verduras/frutas/otras-frutas/22884697_93034836_18835024
 - [Verduras] Tomates -> https://super.lider.cl/browse/frutas-y-verduras/verduras/tomates/22884697_56981658_49906391
 - [Verduras] Champiñones -> https://super.lider.cl/browse/frutas-y-verduras/verduras/champinones/22884697_56981658_75779080
 - [Verduras] Lechugas y otras hojas -> https://super.lider.cl/browse/frutas-y-verduras/verduras/lechugas-y-otras-hojas/22884697_56981658_36245199
 - [Verduras] Acelga y Espinaca -> https://super.lider.cl/browse/frutas-y-verduras/verduras/acelga-y-espinaca/22884697_56981658_81959808
 - [Verduras] Repollo Brocoli y Coliflor -> https://super.lider.cl/browse/frutas-y-verduras/verduras/repollo-brocoli-y-coliflor/22884697_56981658_85528760
 - [Verduras] Pimientos Pepinos y Ajies -> https://super.lider.cl/browse/frutas-y-verduras/verduras/pimientos-pepinos-y-ajies/22884697_56981658_74398474
 - [Verduras] Papas y Cebollas -> https://super.lider.cl/browse/frutas-y-verduras/verduras/papas-y-cebollas/22884697_56981658_15636328
 - [Verduras] Zapallos y Zanahorias -> https://super.lider.cl/browse/frutas-y-verduras/verduras/zapallos-y-zanahorias/22884697_56981658_21660014
 - [Verduras] Hierbas y condimentos -> https://super.lider.cl/browse/frutas-y-verduras/verduras/hierbas-y-condimentos/22884697_56981658_44610240
 - [Verduras] Ensaladas listas -> https://super.lider.cl/browse/frutas-y-verduras/verduras/ensaladas-listas/22884697_56981658_10018627
 - [Verduras] Otras Verduras -> https://super.lider.cl/browse/frutas-y-verduras/verduras/otras-verduras/22884697_56981658_76797476
 - [Frutos Secos] Almendras y mani -> https://super.lider.cl/browse/frutas-y-verduras/frutos-secos/almendras-y-mani/22884697_77940868_68638881
 - [Frutos Secos] Mix -> https://super.lider.cl/browse/frutas-y-verduras/frutos-secos/mix/22884697_77940868_83793236
 - [Frutos Secos] Semillas -> https://super.lider.cl/browse/frutas-y-verduras/frutos-secos/semillas/22884697_77940868_34051965
 - [Frutos Secos] Otros Frutos secos -> https://super.lider.cl/browse/frutas-y-verduras/frutos-secos/otros-frutos-secos/22884697_77940868_48510277
 - [Frutas y Ensaladas Listas] Ensaladas listas -> https://super.lider.cl/browse/frutas-y-verduras/frutas-y-ensaladas-listas/ensaladas-listas/22884697_59618763_19199185
 - [Frutas y Ensaladas Listas] Complementos ensaladas -> https://super.lider.cl/browse/frutas-y-verduras/frutas-y-ensaladas-listas/complementos-ensaladas/22884697_59618763_90407235
 - [Frutas y Ensaladas Listas] Fruta Picada -> https://super.lider.cl/browse/frutas-y-verduras/frutas-y-ensaladas-listas/fruta-picada/22884697_59618763_85179506
\n[1/28] Scrape: [Frutas] Paltas
  productos: 5
\n[2/28] Scrape: [Frutas] Plátanos y Tropicales
  productos: 5
\n[3/28] Scrape: [Frutas] Limón Naranja y Cítricos
  productos: 8
\n[4/28] Scrape: [Frutas] Manzanas y Peras
  productos: 10
\n[5/28] Scrape: [Frutas] Uvas, Frutos Rojos y Berries
  productos: 8
\n[6/28] Scrape: [Frutas] Duraznos y Damascos
  productos: 3
\n[7/28] Scrape: [Frutas] Sandías y Melones
  productos: 1
\n[8/28] Scrape: [Frutas] Fruta Picada
  productos: 2
\n[9/28] Scrape: [Frutas] Fruta de Temporada
  productos: 11
\n[10/28] Scrape: [Frutas] Otras Frutas
  productos: 1
\n[11/28] Scrape: [Verduras] Tomates
  productos: 10
\n[12/28] Scrape: [Verduras] Champiñones
  productos: 5
\n[13/28] Scrape: [Verduras] Lechugas y otras hojas
  productos: 22
\n[14/28] Scrape: [Verduras] Acelga y Espinaca
  productos: 6
\n[15/28] Scrape: [Verduras] Repollo Brocoli y Coliflor
  productos: 4
\n[16/28] Scrape: [Verduras] Pimientos Pepinos y Ajies
  productos: 10
\n[17/28] Scrape: [Verduras] Papas y Cebollas
  productos: 15
\n[18/28] Scrape: [Verduras] Zapallos y Zanahorias
  productos: 11
\n[19/28] Scrape: [Verduras] Hierbas y condimentos
  productos: 31
\n[20/28] Scrape: [Verduras] Ensaladas listas
  productos: 22
\n[21/28] Scrape: [Verduras] Otras Verduras
  productos: 14
\n[22/28] Scrape: [Frutos Secos] Almendras y mani
  productos: 1
\n[23/28] Scrape: [Frutos Secos] Mix
  productos: 8
\n[24/28] Scrape: [Frutos Secos] Semillas
  productos: 5
\n[25/28] Scrape: [Frutos Secos] Otros Frutos secos
  productos: 19
\n[26/28] Scrape: [Frutas y Ensaladas Listas] Ensaladas listas
  productos: 28
\n[27/28] Scrape: [Frutas y Ensaladas Listas] Complementos ensaladas
  productos: 12
\n[28/28] Scrape: [Frutas y Ensaladas Listas] Fruta Picada
  productos: 2
\nTotal filas: 279
CSV generado: output\frutas_y_verduras\lider_frutas_y_verduras_20260317_223211.csv
