[DEBUG] Click en botón categorías con selector: text=Categorías

[DEBUG] Primeros 3000 caracteres del body tras abrir menú:

Saltar al contenido principal
Categorías
Todas las categorías
Marcas Propias
Marcas Americanas
La Boti
Carnes y Pescados
Despensa
Frutas y Verduras
Bebidas y Snacks
Frescos y Lácteos
Panadería y Pastelería
Congelados
Desayunos y Dulces
Limpieza y Aseo
Mundo Bebé y Juguetería
Chocolates
Colaciones
Platos Preparados
Mascotas
Hogar
Belleza
Higiene y Cuidado Personal
Parrillas y Jardín
Deporte y Aire Libre
Tecno y Electro
Librería y Cumpleaños
Ferretería
Automóvil
Vestuario
Soy Pyme
Salud y Estilos De Vida
Campañas
Ir a Mundo Lider
Vuelve a pedirlos
Tus productos
Ingresar
Cuenta
0
Tarjeta Lider Bci
Mi Club
Centro de ayuda
Supermercado
Precios Black en Todo
Precios Black en Todo
Lo que buscas en tecnología y hogar con el ahorro que esperabas
¡Descubre más!
Precios Bajos desde $1.000
Precios Bajos desde $1.000
Arma tu carrito sin pasarte del presupuesto
¡Descubre más!
Confía en Mr Músculo
Encuentra más por menos
¡Descubre más!
Patrocinado
Los favoritos de grandes y chicos
¡Que no falten en tu hogar!
¡Descubre más!
Patrocinado
Pañales Babysec talla grande
Comodidad para explorar
¡Descubre más!
Patrocinado
Más sabor con Hellmann’s Supreme
Cremosa y súper deliciosa
¡Descubre más!
Patrocinado
Prueba hoy la crema sin lactosa Nestlé
Perfecta en tus recetas
¡Descubre más!
Patrocinado
Pescadería de Pascua: Calidad y Frescura
Pescadería de Pascua: Calidad y Frescura
Variedad de pescados y mariscos para tu mesa esta temporada
¡Descubre más!
Pascua en Casa: Decoración y Juegos
Pascua en Casa: Decoración y Juegos
Todo para compartir con detalles únicos
¡Descubre más!
Diapositiva actual del carrusel 2 de 9
Productos a mil
Ver Todo
Productos a 1000
Productos a 2000
Productos a 3000
Campañas
The New Black
Feliz Pascua
Vuelta a Clases
Precios Bajos Siempre
Destacados
Lácteos
Mascotas
Bebidas y Snacks
Belleza
Beneficios adicionales
Revisa tus movimientos y descubre todo lo que has acumulado
Acumula Pesos Mi Club en todas tus compras y canjéalos cuando quieras
Paga con tu tarjeta Lider Bci y recibe parte de tu compra en Pesos Mi Club
Activa tu tarjeta Lider Bci y aprovecha este beneficio exclusivo. Tope $20.000
[DEBUG] Encontrado 'Frescos y Lácteos' con selector: text=Frescos y Lácteos

[DEBUG] Subcategorías detectadas:
 - [Fiambres y Embutidos] Jamón de Pavo y Pollo -> https://super.lider.cl/browse/frescos-y-lacteos/fiambres-y-embutidos/jamon-de-pavo-y-pollo/45669105_22196003_63106879
 - [Fiambres y Embutidos] Jamón de Cerdo -> https://super.lider.cl/browse/frescos-y-lacteos/fiambres-y-embutidos/jamon-de-cerdo/45669105_22196003_48154606
 - [Fiambres y Embutidos] Mortadela y Otros -> https://super.lider.cl/browse/frescos-y-lacteos/fiambres-y-embutidos/mortadela-y-otros/45669105_22196003_85629212
 - [Fiambres y Embutidos] Jamón Serrano y Otros -> https://super.lider.cl/browse/frescos-y-lacteos/fiambres-y-embutidos/jamon-serrano-y-otros/45669105_22196003_91159475
 - [Fiambres y Embutidos] Salame y Tocino -> https://super.lider.cl/browse/frescos-y-lacteos/fiambres-y-embutidos/salame-y-tocino/45669105_22196003_13641579
 - [Fiambres y Embutidos] Patés -> https://super.lider.cl/browse/frescos-y-lacteos/fiambres-y-embutidos/pates/45669105_22196003_13863897
 - [Fiambres y Embutidos] Salchichas -> https://super.lider.cl/browse/frescos-y-lacteos/fiambres-y-embutidos/salchichas/45669105_22196003_42978581
 - [Fiambres y Embutidos] Parrilleros -> https://super.lider.cl/browse/frescos-y-lacteos/fiambres-y-embutidos/parrilleros/45669105_22196003_21842317
 - [Quesos] Chanco y Mantecoso -> https://super.lider.cl/browse/frescos-y-lacteos/quesos/chanco-y-mantecoso/45669105_72564080_89974098
 - [Quesos] Gauda -> https://super.lider.cl/browse/frescos-y-lacteos/quesos/gauda/45669105_72564080_21161375
 - [Quesos] Untable y Fundido -> https://super.lider.cl/browse/frescos-y-lacteos/quesos/untable-y-fundido/45669105_72564080_80746235
 - [Quesos] Queso Fresco -> https://super.lider.cl/browse/frescos-y-lacteos/quesos/queso-fresco/45669105_72564080_66028932
 - [Quesos] Granulados y Rallados -> https://super.lider.cl/browse/frescos-y-lacteos/quesos/granulados-y-rallados/45669105_72564080_73251959
 - [Quesos] Especialidades y Tablas -> https://super.lider.cl/browse/frescos-y-lacteos/quesos/especialidades-y-tablas/45669105_72564080_76845273
 - [Quesos] Snack -> https://super.lider.cl/browse/frescos-y-lacteos/quesos/snack/45669105_72564080_66637065
 - [Quesos] Cabra y Oveja -> https://super.lider.cl/browse/frescos-y-lacteos/quesos/cabra-y-oveja/45669105_72564080_31680545
 - [Quesos] Veganos -> https://super.lider.cl/browse/frescos-y-lacteos/quesos/veganos/45669105_72564080_93322279
 - [Quesos] Cheddar -> https://super.lider.cl/browse/frescos-y-lacteos/quesos/cheddar/45669105_72564080_52422189
 - [Leche] Blanca -> https://super.lider.cl/browse/frescos-y-lacteos/leche/blanca/45669105_39354732_67846210
 - [Leche] En Polvo -> https://super.lider.cl/browse/frescos-y-lacteos/leche/en-polvo/45669105_39354732_60000386
 - [Leche] Leche sin Lactosa -> https://super.lider.cl/browse/frescos-y-lacteos/leche/leche-sin-lactosa/45669105_39354732_55540378
 - [Leche] Individuales -> https://super.lider.cl/browse/frescos-y-lacteos/leche/individuales/45669105_39354732_42678608
 - [Leche] Saborizadas -> https://super.lider.cl/browse/frescos-y-lacteos/leche/saborizadas/45669105_39354732_51230408
 - [Leche] Saborizantes -> https://super.lider.cl/browse/frescos-y-lacteos/leche/saborizantes/45669105_39354732_22417433
 - [Leche] Leche Cultivada -> https://super.lider.cl/browse/frescos-y-lacteos/leche/leche-cultivada/45669105_39354732_94089240
 - [Cremas] Cremas Light -> https://super.lider.cl/browse/frescos-y-lacteos/cremas/cremas-light/45669105_27824002_97669671
 - [Cremas] Crema Sin Lactosa -> https://super.lider.cl/browse/frescos-y-lacteos/cremas/crema-sin-lactosa/45669105_27824002_28300135
 - [Cremas] Crema Tradicional -> https://super.lider.cl/browse/frescos-y-lacteos/cremas/crema-tradicional/45669105_27824002_53554811
 - [Cremas] Cremas Refrigeradas -> https://super.lider.cl/browse/frescos-y-lacteos/cremas/cremas-refrigeradas/45669105_27824002_12967063
 - [Cremas] Crema Chantilly -> https://super.lider.cl/browse/frescos-y-lacteos/cremas/crema-chantilly/45669105_27824002_27008959
 - [Bebidas Vegetales] Almendra -> https://super.lider.cl/browse/frescos-y-lacteos/bebidas-vegetales/almendra/45669105_53011137_35310704
 - [Bebidas Vegetales] Otras Bebidas Vegetales -> https://super.lider.cl/browse/frescos-y-lacteos/bebidas-vegetales/otras-bebidas-vegetales/45669105_53011137_56946828
 - [Bebidas Vegetales] Soya -> https://super.lider.cl/browse/frescos-y-lacteos/bebidas-vegetales/soya/45669105_53011137_42950425
 - [Yoghurt] Batidos -> https://super.lider.cl/browse/frescos-y-lacteos/yoghurt/batidos/45669105_59066660_24871675
 - [Yoghurt] Trozos -> https://super.lider.cl/browse/frescos-y-lacteos/yoghurt/trozos/45669105_59066660_12258832
 - [Yoghurt] Infantiles -> https://super.lider.cl/browse/frescos-y-lacteos/yoghurt/infantiles/45669105_59066660_76245301
 - [Yoghurt] Proteina -> https://super.lider.cl/browse/frescos-y-lacteos/yoghurt/proteina/45669105_59066660_20390000
 - [Yoghurt] Sin Lactosa -> https://super.lider.cl/browse/frescos-y-lacteos/yoghurt/sin-lactosa/45669105_59066660_73965460
 - [Yoghurt] Probióticos -> https://super.lider.cl/browse/frescos-y-lacteos/yoghurt/probioticos/45669105_59066660_74270296
 - [Yoghurt] Formato Familiar -> https://super.lider.cl/browse/frescos-y-lacteos/yoghurt/formato-familiar/45669105_59066660_14769204
 - [Yoghurt] Salud y Bienestar -> https://super.lider.cl/browse/frescos-y-lacteos/yoghurt/salud-y-bienestar/45669105_59066660_27805453
 - [Yoghurt] Base Vegetal -> https://super.lider.cl/browse/frescos-y-lacteos/yoghurt/base-vegetal/45669105_59066660_80416783
 - [Yoghurt] Natural -> https://super.lider.cl/browse/frescos-y-lacteos/yoghurt/natural/45669105_59066660_92081883
 - [Postres Refrigerados] Flan -> https://super.lider.cl/browse/frescos-y-lacteos/postres-refrigerados/flan/45669105_15349134_31961073
 - [Postres Refrigerados] Jalea -> https://super.lider.cl/browse/frescos-y-lacteos/postres-refrigerados/jalea/45669105_15349134_45976369
 - [Postres Refrigerados] Leche Asada y Arroz con leche -> https://super.lider.cl/browse/frescos-y-lacteos/postres-refrigerados/leche-asada-y-arroz-con-leche/45669105_15349134_75960253
 - [Postres Refrigerados] Sémola -> https://super.lider.cl/browse/frescos-y-lacteos/postres-refrigerados/semola/45669105_15349134_41710927
 - [Postres Refrigerados] Compotas -> https://super.lider.cl/browse/frescos-y-lacteos/postres-refrigerados/compotas/45669105_15349134_40696280
 - [Postres Refrigerados] Postres Cremosos -> https://super.lider.cl/browse/frescos-y-lacteos/postres-refrigerados/postres-cremosos/45669105_15349134_39105273
 - [Postres Refrigerados] Postres Tipo Mousse -> https://super.lider.cl/browse/frescos-y-lacteos/postres-refrigerados/postres-tipo-mousse/45669105_15349134_84090179
 - [Huevos y Mantequillas] Huevos -> https://super.lider.cl/browse/frescos-y-lacteos/huevos-y-mantequillas/huevos/45669105_83514807_48569905
 - [Huevos y Mantequillas] Mantequillas -> https://super.lider.cl/browse/frescos-y-lacteos/huevos-y-mantequillas/mantequillas/45669105_83514807_80634555
 - [Huevos y Mantequillas] Margarinas -> https://super.lider.cl/browse/frescos-y-lacteos/huevos-y-mantequillas/margarinas/45669105_83514807_43845980
 - [Huevos y Mantequillas] Mantecas y Levaduras -> https://super.lider.cl/browse/frescos-y-lacteos/huevos-y-mantequillas/mantecas-y-levaduras/45669105_83514807_96292906
 - [Dulces mermeladas y manjar] Leche condensada y evaporada -> https://super.lider.cl/browse/frescos-y-lacteos/dulces_mermeladas_y_manjar/leche-condensada-y-evaporada/45669105_21333127_69217375
 - [Dulces mermeladas y manjar] Manjar y dulces de leche -> https://super.lider.cl/browse/frescos-y-lacteos/dulces_mermeladas_y_manjar/manjar_y_dulces_de_leche/45669105_21333127_86772668
 - [Dulces mermeladas y manjar] Mantequillas y margarinas -> https://super.lider.cl/browse/frescos-y-lacteos/dulces_mermeladas_y_manjar/mantequillas_y_margarinas/45669105_21333127_22706358
 - [Dulces mermeladas y manjar] Mermeladas -> https://super.lider.cl/browse/frescos-y-lacteos/dulces_mermeladas_y_manjar/mermeladas/45669105_21333127_73460512
 - [Dulces mermeladas y manjar] Miel y dulces -> https://super.lider.cl/browse/frescos-y-lacteos/dulces_mermeladas_y_manjar/miel_y_dulces/45669105_21333127_09156956
\n[1/59] Scrape: [Fiambres y Embutidos] Jamón de Pavo y Pollo
  productos: 25
\n[2/59] Scrape: [Fiambres y Embutidos] Jamón de Cerdo
  productos: 44
\n[3/59] Scrape: [Fiambres y Embutidos] Mortadela y Otros
  productos: 14
\n[4/59] Scrape: [Fiambres y Embutidos] Jamón Serrano y Otros
  productos: 24
\n[5/59] Scrape: [Fiambres y Embutidos] Salame y Tocino
  productos: 30
\n[6/59] Scrape: [Fiambres y Embutidos] Patés
  productos: 21
\n[7/59] Scrape: [Fiambres y Embutidos] Salchichas
  productos: 37
\n[8/59] Scrape: [Fiambres y Embutidos] Parrilleros
  productos: 44
\n[9/59] Scrape: [Quesos] Chanco y Mantecoso
  productos: 44
\n[10/59] Scrape: [Quesos] Gauda
  productos: 27
\n[11/59] Scrape: [Quesos] Untable y Fundido
  productos: 28
\n[12/59] Scrape: [Quesos] Queso Fresco
  productos: 38
\n[13/59] Scrape: [Quesos] Granulados y Rallados
  productos: 25
\n[14/59] Scrape: [Quesos] Especialidades y Tablas
  productos: 44
\n[15/59] Scrape: [Quesos] Snack
  productos: 11
\n[16/59] Scrape: [Quesos] Cabra y Oveja
  productos: 19
\n[17/59] Scrape: [Quesos] Veganos
  productos: 6
\n[18/59] Scrape: [Quesos] Cheddar
  productos: 10
\n[19/59] Scrape: [Leche] Blanca
  productos: 24
\n[20/59] Scrape: [Leche] En Polvo
  productos: 43
\n[21/59] Scrape: [Leche] Leche sin Lactosa
  productos: 34
\n[22/59] Scrape: [Leche] Individuales
  productos: 44
\n[23/59] Scrape: [Leche] Saborizadas
  productos: 37
\n[24/59] Scrape: [Leche] Saborizantes
  productos: 40
\n[25/59] Scrape: [Leche] Leche Cultivada
  productos: 22
\n[26/59] Scrape: [Cremas] Cremas Light
  productos: 3
\n[27/59] Scrape: [Cremas] Crema Sin Lactosa
  productos: 5
\n[28/59] Scrape: [Cremas] Crema Tradicional
  productos: 19
\n[29/59] Scrape: [Cremas] Cremas Refrigeradas
  productos: 4
\n[30/59] Scrape: [Cremas] Crema Chantilly
  productos: 6
\n[31/59] Scrape: [Bebidas Vegetales] Almendra
  productos: 14
\n[32/59] Scrape: [Bebidas Vegetales] Otras Bebidas Vegetales
  productos: 35
\n[33/59] Scrape: [Bebidas Vegetales] Soya
  productos: 5
\n[34/59] Scrape: [Yoghurt] Batidos
  productos: 44
\n[35/59] Scrape: [Yoghurt] Trozos
  productos: 36
\n[36/59] Scrape: [Yoghurt] Infantiles
  productos: 44
\n[37/59] Scrape: [Yoghurt] Proteina
  productos: 40
\n[38/59] Scrape: [Yoghurt] Sin Lactosa
  productos: 32
\n[39/59] Scrape: [Yoghurt] Probióticos
  productos: 31
\n[40/59] Scrape: [Yoghurt] Formato Familiar
  productos: 37
\n[41/59] Scrape: [Yoghurt] Salud y Bienestar
  productos: 26
\n[42/59] Scrape: [Yoghurt] Base Vegetal
  productos: 3
\n[43/59] Scrape: [Yoghurt] Natural
  productos: 4
\n[44/59] Scrape: [Postres Refrigerados] Flan
  productos: 17
\n[45/59] Scrape: [Postres Refrigerados] Jalea
  productos: 30
\n[46/59] Scrape: [Postres Refrigerados] Leche Asada y Arroz con leche
  productos: 5
\n[47/59] Scrape: [Postres Refrigerados] Sémola
  productos: 6
\n[48/59] Scrape: [Postres Refrigerados] Compotas
  productos: 6
\n[49/59] Scrape: [Postres Refrigerados] Postres Cremosos
  productos: 23
\n[50/59] Scrape: [Postres Refrigerados] Postres Tipo Mousse
  productos: 18
\n[51/59] Scrape: [Huevos y Mantequillas] Huevos
  productos: 33
\n[52/59] Scrape: [Huevos y Mantequillas] Mantequillas
  productos: 44
\n[53/59] Scrape: [Huevos y Mantequillas] Margarinas
  productos: 31
\n[54/59] Scrape: [Huevos y Mantequillas] Mantecas y Levaduras
  productos: 9
\n[55/59] Scrape: [Dulces mermeladas y manjar] Leche condensada y evaporada
  productos: 2
\n[56/59] Scrape: [Dulces mermeladas y manjar] Manjar y dulces de leche
  productos: 32
\n[57/59] Scrape: [Dulces mermeladas y manjar] Mantequillas y margarinas
  productos: 1
\n[58/59] Scrape: [Dulces mermeladas y manjar] Mermeladas
  productos: 44
\n[59/59] Scrape: [Dulces mermeladas y manjar] Miel y dulces
  productos: 25
\nTotal filas: 1449
CSV generado: output\frescos_y_lacteos\lider_frescos_y_lacteos_20260317_222114.csv
