[DEBUG] Click en botón categorías con selector: text=Categorías

[DEBUG] Primeros 3000 caracteres del body tras abrir menú:

Saltar al contenido principal
Categorías
Todas las categorías
Marcas Propias
Marcas Americanas
La Boti
Carnes y Pescados
Despensa
Frutas y Verduras
Bebidas y Snacks
Frescos y Lácteos
Panadería y Pastelería
Congelados
Desayunos y Dulces
Limpieza y Aseo
Mundo Bebé y Juguetería
Chocolates
Colaciones
Platos Preparados
Mascotas
Hogar
Belleza
Higiene y Cuidado Personal
Parrillas y Jardín
Deporte y Aire Libre
Tecno y Electro
Librería y Cumpleaños
Ferretería
Automóvil
Vestuario
Soy Pyme
Salud y Estilos De Vida
Campañas
Ir a Mundo Lider
Vuelve a pedirlos
Tus productos
Ingresar
Cuenta
0
Tarjeta Lider Bci
Mi Club
Centro de ayuda
Supermercado
Precios Black en Todo
Precios Black en Todo
Lo que buscas en tecnología y hogar con el ahorro que esperabas
¡Descubre más!
Precios Bajos desde $1.000
Precios Bajos desde $1.000
Arma tu carrito sin pasarte del presupuesto
¡Descubre más!
Confía en Mr Músculo
Encuentra más por menos
¡Descubre más!
Patrocinado
Los favoritos de grandes y chicos
¡Que no falten en tu hogar!
¡Descubre más!
Patrocinado
Pañales Babysec talla grande
Comodidad para explorar
¡Descubre más!
Patrocinado
Más sabor con Hellmann’s Supreme
Cremosa y súper deliciosa
¡Descubre más!
Patrocinado
Prueba hoy la crema sin lactosa Nestlé
Perfecta en tus recetas
¡Descubre más!
Patrocinado
Pescadería de Pascua: Calidad y Frescura
Pescadería de Pascua: Calidad y Frescura
Variedad de pescados y mariscos para tu mesa esta temporada
¡Descubre más!
Pascua en Casa: Decoración y Juegos
Pascua en Casa: Decoración y Juegos
Todo para compartir con detalles únicos
¡Descubre más!
Diapositiva actual del carrusel 2 de 9
Productos a mil
Ver Todo
Productos a 1000
Productos a 2000
Productos a 3000
Campañas
The New Black
Feliz Pascua
Vuelta a Clases
Precios Bajos Siempre
Destacados
Lácteos
Mascotas
Bebidas y Snacks
Belleza
Beneficios adicionales
Revisa tus movimientos y descubre todo lo que has acumulado
Acumula Pesos Mi Club en todas tus compras y canjéalos cuando quieras
Paga con tu tarjeta Lider Bci y recibe parte de tu compra en Pesos Mi Club
Activa tu tarjeta Lider Bci y aprovecha este beneficio exclusivo. Tope $20.000
[DEBUG] Encontrado 'Panadería y Pastelería' con selector: text=Panadería y Pastelería

[DEBUG] Subcategorías detectadas:
 - [Panadería Envasada] Pan de Molde Blanco -> https://super.lider.cl/browse/panaderia-y-pasteleria/panaderia-envasada/pan-de-molde-blanco/73535247_22477361_83966286
 - [Panadería Envasada] Pan de Molde Integral -> https://super.lider.cl/browse/panaderia-y-pasteleria/panaderia-envasada/pan-de-molde-integral/73535247_22477361_84415371
 - [Panadería Envasada] Pan Especial -> https://super.lider.cl/browse/panaderia-y-pasteleria/panaderia-envasada/pan-especial/73535247_22477361_93414754
 - [Panadería Envasada] Pan Pita -> https://super.lider.cl/browse/panaderia-y-pasteleria/panaderia-envasada/pan-pita/73535247_22477361_29378700
 - [Panadería Envasada] Pan Hot Dog y Hamburguesa -> https://super.lider.cl/browse/panaderia-y-pasteleria/panaderia-envasada/hot-dog-y-hamburguesa/73535247_22477361_90821749
 - [Panadería Envasada] Pan para Hornear en Casa -> https://super.lider.cl/browse/panaderia-y-pasteleria/panaderia-envasada/pan-para-hornear-en-casa/73535247_22477361_98730837
 - [Panadería Envasada] Tortillas -> https://super.lider.cl/browse/panaderia-y-pasteleria/panaderia-envasada/tortillas/73535247_22477361_17270661
 - [Panadería Envasada] Masas pizzas y empanadas -> https://super.lider.cl/browse/panaderia-y-pasteleria/panaderia-envasada/masas-pizzas-y-empanadas/73535247_22477361_55255262
 - [Panadería Envasada] Pan Funcional y Sin Gluten -> https://super.lider.cl/browse/panaderia-y-pasteleria/panaderia-envasada/pan-funcional-y-sin-gluten/73535247_22477361_62947705
 - [Panadería Envasada] Pan Rallado -> https://super.lider.cl/browse/panaderia-y-pasteleria/panaderia-envasada/pan-rallado/73535247_22477361_17916289
 - [Panadería Envasada] Cocktelería -> https://super.lider.cl/browse/panaderia-y-pasteleria/panaderia-envasada/cockteleria/73535247_22477361_69746250
 - [Panadería Granel] Tradicional -> https://super.lider.cl/browse/panaderia-y-pasteleria/panaderia-granel/tradicional/73535247_87066079_10579506
 - [Panadería Granel] Baguette -> https://super.lider.cl/browse/panaderia-y-pasteleria/panaderia-granel/baguette/73535247_87066079_75533995
 - [Panadería Granel] Ciabatta -> https://super.lider.cl/browse/panaderia-y-pasteleria/panaderia-granel/ciabatta/73535247_87066079_76033537
 - [Panadería Granel] Pan Cocktail -> https://super.lider.cl/browse/panaderia-y-pasteleria/panaderia-granel/pan-cocktail/73535247_87066079_15359640
 - [Panadería Granel] Especial -> https://super.lider.cl/browse/panaderia-y-pasteleria/panaderia-granel/especial/73535247_87066079_52254435
 - [Panadería Granel] Hot Dog y Hamburguesa -> https://super.lider.cl/browse/panaderia-y-pasteleria/panaderia-granel/hot-dog-y-hamburguesa/73535247_87066079_90180394
 - [Panadería Granel] Pan de Campo y Alemán -> https://super.lider.cl/browse/panaderia-y-pasteleria/panaderia-granel/pan-de-campo-y-aleman/73535247_87066079_55828653
 - [Panadería Granel] Pan Pita -> https://super.lider.cl/browse/panaderia-y-pasteleria/panaderia-granel/pan-pita/73535247_87066079_18746396
 - [Panadería Granel] Pan dulce -> https://super.lider.cl/browse/panaderia-y-pasteleria/panaderia-granel/pan-dulce/73535247_87066079_42419035
 - [Pastelería] Tortas y Pasteles -> https://super.lider.cl/browse/panaderia-y-pasteleria/pasteleria/tortas-y-pasteles/73535247_90671850_29178081
 - [Pastelería] Tartas y Kuchen -> https://super.lider.cl/browse/panaderia-y-pasteleria/pasteleria/tartas-y-kuchen/73535247_90671850_23047733
 - [Pastelería] Queques y Brazos de Reina -> https://super.lider.cl/browse/panaderia-y-pasteleria/pasteleria/queques-y-brazos-de-reina/73535247_90671850_30058345
 - [Pastelería] Magdalenas y Bizcochos -> https://super.lider.cl/browse/panaderia-y-pasteleria/pasteleria/magdalenas-y-bizcochos/73535247_90671850_21460083
 - [Pastelería] Alfajores -> https://super.lider.cl/browse/panaderia-y-pasteleria/pasteleria/alfajores/73535247_90671850_54272476
 - [Pastelería] Masas Dulces y Hojaldrados -> https://super.lider.cl/browse/panaderia-y-pasteleria/pasteleria/masas-dulces-y-hojaldrados/73535247_90671850_34676385
 - [Pastelería] Dulces Artesanales -> https://super.lider.cl/browse/panaderia-y-pasteleria/pasteleria/dulces-artesanales/73535247_90671850_37916949
 - [Pastelería] Pan de Pascua y Pan Dulce -> https://super.lider.cl/browse/panaderia-y-pasteleria/pasteleria/pan-de-pascua-y-pan-dulce/73535247_90671850_31388464
 - [Pastelería] Bases para Tortas -> https://super.lider.cl/browse/panaderia-y-pasteleria/pasteleria/bases-para-tortas/73535247_90671850_20471163
 - [Repostería] Leche Condensada y Evaporada -> https://super.lider.cl/browse/panaderia-y-pasteleria/reposteria/leche-condensada-y-evaporada/73535247_58054857_72888453
 - [Repostería] Coberturas -> https://super.lider.cl/browse/panaderia-y-pasteleria/reposteria/coberturas/73535247_58054857_58622238
 - [Repostería] Cremas -> https://super.lider.cl/browse/panaderia-y-pasteleria/reposteria/cremas/73535247_58054857_96912309
 - [Repostería] Decoración -> https://super.lider.cl/browse/panaderia-y-pasteleria/reposteria/decoracion/73535247_58054857_60545993
 - [Repostería] Esencias -> https://super.lider.cl/browse/panaderia-y-pasteleria/reposteria/esencias/73535247_58054857_40023146
 - [Repostería] Féculas y Polvos -> https://super.lider.cl/browse/panaderia-y-pasteleria/reposteria/feculas-y-polvos/73535247_58054857_15688045
 - [Repostería] Mezclas y Premezclas -> https://super.lider.cl/browse/panaderia-y-pasteleria/reposteria/mezclas-y-premezclas/73535247_58054857_73821449
 - [Repostería] Azúcar -> https://super.lider.cl/browse/panaderia-y-pasteleria/reposteria/azucar/73535247_58054857_71112270
 - [Repostería] Endulzantes -> https://super.lider.cl/browse/panaderia-y-pasteleria/reposteria/endulzantes/73535247_58054857_28368901
\n[1/38] Scrape: [Panadería Envasada] Pan de Molde Blanco
  productos: 31
\n[2/38] Scrape: [Panadería Envasada] Pan de Molde Integral
  productos: 44
\n[3/38] Scrape: [Panadería Envasada] Pan Especial
  productos: 19
\n[4/38] Scrape: [Panadería Envasada] Pan Pita
  productos: 17
\n[5/38] Scrape: [Panadería Envasada] Pan Hot Dog y Hamburguesa
  productos: 23
\n[6/38] Scrape: [Panadería Envasada] Pan para Hornear en Casa
  productos: 20
\n[7/38] Scrape: [Panadería Envasada] Tortillas
  productos: 26
\n[8/38] Scrape: [Panadería Envasada] Masas pizzas y empanadas
  productos: 20
\n[9/38] Scrape: [Panadería Envasada] Pan Funcional y Sin Gluten
  productos: 44
\n[10/38] Scrape: [Panadería Envasada] Pan Rallado
  productos: 2
\n[11/38] Scrape: [Panadería Envasada] Cocktelería
  productos: 33
\n[12/38] Scrape: [Panadería Granel] Tradicional
  productos: 6
\n[13/38] Scrape: [Panadería Granel] Baguette
  productos: 3
\n[14/38] Scrape: [Panadería Granel] Ciabatta
  productos: 2
\n[15/38] Scrape: [Panadería Granel] Pan Cocktail
  productos: 4
\n[16/38] Scrape: [Panadería Granel] Especial
  productos: 13
\n[17/38] Scrape: [Panadería Granel] Hot Dog y Hamburguesa
  productos: 2
\n[18/38] Scrape: [Panadería Granel] Pan de Campo y Alemán
[DEBUG-EMPTY] title=
[DEBUG-EMPTY] url=https://super.lider.cl/browse/panaderia-y-pasteleria/panaderia-granel/pan-de-campo-y-aleman/73535247_87066079_55828653
[DEBUG-EMPTY] body primeros 1500 chars:\nSaltar al contenido principal
Categorías
Ir a Mundo Lider
Vuelve a pedirlos
Tus productos
Ingresar
Cuenta
0
Tarjeta Lider Bci
Mi Club
Centro de ayuda
No se pudo encontrar esta página.
¡Lo sentimos!
Volver al inicio
Revisar todas las categorías
¿Necesitas Ayuda?
Centro de ayuda
Servicio técnico
Consulta tu boleta
Devoluciones y cambios
Infórmate
Medios de pago
Pago 100% seguro
Beneficios Lider.cl
Tarjeta de regalo
Recetas Lider
Servifácil
Encuéntranos
Nuestros locales
Cobertura supermercado
Acerca de Lider
Acerca de nosotros
Términos y condiciones
Política de privacidad
Información legal
Trabaja en Lider
Vende con nosotros
Propiedad Intelectual
Inscríbete en Mi Club

Nuestras marcas

Lider.cl - Razón Social: Administradora de Supermercados Hiper Limitada, RUT: 76.134.941-4, es administrada y representada por Sermob Limitada, la que a su vez es representada por Eli Senerman. Dirección: Avda. Presidente Eduardo Frei Montalva 8301, comuna de Quilicura, Región Metropolitana, Chile.

Política privacidad
Volver arriba
  productos: 0
\n[19/38] Scrape: [Panadería Granel] Pan Pita
[DEBUG-EMPTY] title=
[DEBUG-EMPTY] url=https://super.lider.cl/browse/panaderia-y-pasteleria/panaderia-granel/pan-pita/73535247_87066079_18746396
[DEBUG-EMPTY] body primeros 1500 chars:\nSaltar al contenido principal
Categorías
Ir a Mundo Lider
Vuelve a pedirlos
Tus productos
Ingresar
Cuenta
0
Tarjeta Lider Bci
Mi Club
Centro de ayuda
No se pudo encontrar esta página.
¡Lo sentimos!
Volver al inicio
Revisar todas las categorías
¿Necesitas Ayuda?
Centro de ayuda
Servicio técnico
Consulta tu boleta
Devoluciones y cambios
Infórmate
Medios de pago
Pago 100% seguro
Beneficios Lider.cl
Tarjeta de regalo
Recetas Lider
Servifácil
Encuéntranos
Nuestros locales
Cobertura supermercado
Acerca de Lider
Acerca de nosotros
Términos y condiciones
Política de privacidad
Información legal
Trabaja en Lider
Vende con nosotros
Propiedad Intelectual
Inscríbete en Mi Club

Nuestras marcas

Lider.cl - Razón Social: Administradora de Supermercados Hiper Limitada, RUT: 76.134.941-4, es administrada y representada por Sermob Limitada, la que a su vez es representada por Eli Senerman. Dirección: Avda. Presidente Eduardo Frei Montalva 8301, comuna de Quilicura, Región Metropolitana, Chile.

Política privacidad
Volver arriba
  productos: 0
\n[20/38] Scrape: [Panadería Granel] Pan dulce
[DEBUG-EMPTY] title=
[DEBUG-EMPTY] url=https://super.lider.cl/browse/panaderia-y-pasteleria/panaderia-granel/pan-dulce/73535247_87066079_42419035
[DEBUG-EMPTY] body primeros 1500 chars:\nSaltar al contenido principal
Categorías
Ir a Mundo Lider
Vuelve a pedirlos
Tus productos
Ingresar
Cuenta
0
Tarjeta Lider Bci
Mi Club
Centro de ayuda
No se pudo encontrar esta página.
¡Lo sentimos!
Volver al inicio
Revisar todas las categorías
¿Necesitas Ayuda?
Centro de ayuda
Servicio técnico
Consulta tu boleta
Devoluciones y cambios
Infórmate
Medios de pago
Pago 100% seguro
Beneficios Lider.cl
Tarjeta de regalo
Recetas Lider
Servifácil
Encuéntranos
Nuestros locales
Cobertura supermercado
Acerca de Lider
Acerca de nosotros
Términos y condiciones
Política de privacidad
Información legal
Trabaja en Lider
Vende con nosotros
Propiedad Intelectual
Inscríbete en Mi Club

Nuestras marcas

Lider.cl - Razón Social: Administradora de Supermercados Hiper Limitada, RUT: 76.134.941-4, es administrada y representada por Sermob Limitada, la que a su vez es representada por Eli Senerman. Dirección: Avda. Presidente Eduardo Frei Montalva 8301, comuna de Quilicura, Región Metropolitana, Chile.

Política privacidad
Volver arriba
  productos: 0
\n[21/38] Scrape: [Pastelería] Tortas y Pasteles
  productos: 44
\n[22/38] Scrape: [Pastelería] Tartas y Kuchen
  productos: 25
\n[23/38] Scrape: [Pastelería] Queques y Brazos de Reina
  productos: 41
\n[24/38] Scrape: [Pastelería] Magdalenas y Bizcochos
  productos: 14
\n[25/38] Scrape: [Pastelería] Alfajores
  productos: 7
\n[26/38] Scrape: [Pastelería] Masas Dulces y Hojaldrados
  productos: 18
\n[27/38] Scrape: [Pastelería] Dulces Artesanales
  productos: 21
\n[28/38] Scrape: [Pastelería] Pan de Pascua y Pan Dulce
  productos: 6
\n[29/38] Scrape: [Pastelería] Bases para Tortas
  productos: 1
\n[30/38] Scrape: [Repostería] Leche Condensada y Evaporada
  productos: 12
\n[31/38] Scrape: [Repostería] Coberturas
  productos: 13
\n[32/38] Scrape: [Repostería] Cremas
  productos: 5
\n[33/38] Scrape: [Repostería] Decoración
  productos: 3
\n[34/38] Scrape: [Repostería] Esencias
  productos: 12
\n[35/38] Scrape: [Repostería] Féculas y Polvos
  productos: 20
\n[36/38] Scrape: [Repostería] Mezclas y Premezclas
  productos: 42
\n[37/38] Scrape: [Repostería] Azúcar
[DEBUG-EMPTY] title=
[DEBUG-EMPTY] url=https://super.lider.cl/browse/panaderia-y-pasteleria/reposteria/azucar/73535247_58054857_71112270
[DEBUG-EMPTY] body primeros 1500 chars:\nSaltar al contenido principal
Categorías
Ir a Mundo Lider
Vuelve a pedirlos
Tus productos
Ingresar
Cuenta
0
Tarjeta Lider Bci
Mi Club
Centro de ayuda
No se pudo encontrar esta página.
¡Lo sentimos!
Volver al inicio
Revisar todas las categorías
¿Necesitas Ayuda?
Centro de ayuda
Servicio técnico
Consulta tu boleta
Devoluciones y cambios
Infórmate
Medios de pago
Pago 100% seguro
Beneficios Lider.cl
Tarjeta de regalo
Recetas Lider
Servifácil
Encuéntranos
Nuestros locales
Cobertura supermercado
Acerca de Lider
Acerca de nosotros
Términos y condiciones
Política de privacidad
Información legal
Trabaja en Lider
Vende con nosotros
Propiedad Intelectual
Inscríbete en Mi Club

Nuestras marcas

Lider.cl - Razón Social: Administradora de Supermercados Hiper Limitada, RUT: 76.134.941-4, es administrada y representada por Sermob Limitada, la que a su vez es representada por Eli Senerman. Dirección: Avda. Presidente Eduardo Frei Montalva 8301, comuna de Quilicura, Región Metropolitana, Chile.

Política privacidad
Volver arriba
  productos: 0
\n[38/38] Scrape: [Repostería] Endulzantes
  productos: 44
\nTotal filas: 637
CSV generado: output\panaderia_y_pasteleria\lider_panaderia_y_pasteleria_20260317_234757.csv
