
Subcategorías:
- Leches (Mostrar todo) -> https://www.jumbo.cl/lacteos-huevos-y-congelados/leches
- Leche Líquida -> https://www.jumbo.cl/lacteos-huevos-y-congelados/leches/leche-liquida
- Leche en Polvo -> https://www.jumbo.cl/lacteos-huevos-y-congelados/leches/leche-en-polvo
- Saborizantes -> https://www.jumbo.cl/lacteos-huevos-y-congelados/leches/saborizantes
- Leches (Mostrar todo) -> https://www.jumbo.cl/lacteos-huevos-y-congelados/leches
- Yoghurt (Mostrar todo) -> https://www.jumbo.cl/lacteos-huevos-y-congelados/yoghurt
- Yoghurt Batido -> https://www.jumbo.cl/lacteos-huevos-y-congelados/yoghurt/yoghurt-batido
- Yoghurt con Proteínas -> https://www.jumbo.cl/lacteos-huevos-y-congelados/yoghurt/yoghurt-con-proteinas
- Yoghurt Light y Sin Azúcar -> https://www.jumbo.cl/lacteos-huevos-y-congelados/yoghurt/yoghurt-light-y-sin-azucar
- Yoghurt Natural y Griego -> https://www.jumbo.cl/lacteos-huevos-y-congelados/yoghurt/yoghurt-natural-y-griego
- Yoghurt (Mostrar todo) -> https://www.jumbo.cl/lacteos-huevos-y-congelados/yoghurt
- Leches Cultivadas y Bebidas Lácteas (Mostrar todo) -> https://www.jumbo.cl/lacteos-huevos-y-congelados/leches-cultivadas-y-bebidas-lacteas
- Leches Cultivadas -> https://www.jumbo.cl/lacteos-huevos-y-congelados/leches-cultivadas-y-bebidas-lacteas/leches-cultivadas
- Bebidas Lácteas y Probióticos -> https://www.jumbo.cl/lacteos-huevos-y-congelados/leches-cultivadas-y-bebidas-lacteas/bebidas-lacteas-y-probioticos
- Leches Cultivadas y Bebidas Lácteas (Mostrar todo) -> https://www.jumbo.cl/lacteos-huevos-y-congelados/leches-cultivadas-y-bebidas-lacteas
- Postres Refrigerados (Mostrar todo) -> https://www.jumbo.cl/lacteos-huevos-y-congelados/postres-refrigerados
- Postres -> https://www.jumbo.cl/lacteos-huevos-y-congelados/postres-refrigerados/postres
- Flanes -> https://www.jumbo.cl/lacteos-huevos-y-congelados/postres-refrigerados/flanes
- Jaleas y Compotas -> https://www.jumbo.cl/lacteos-huevos-y-congelados/postres-refrigerados/jaleas-y-compotas
- Postres Refrigerados (Mostrar todo) -> https://www.jumbo.cl/lacteos-huevos-y-congelados/postres-refrigerados
- Mantequillas y Margarinas (Mostrar todo) -> https://www.jumbo.cl/lacteos-huevos-y-congelados/mantequillas-y-margarinas
- Mantequillas -> https://www.jumbo.cl/lacteos-huevos-y-congelados/mantequillas-y-margarinas/mantequillas
- Margarinas -> https://www.jumbo.cl/lacteos-huevos-y-congelados/mantequillas-y-margarinas/margarinas
- Mantecas -> https://www.jumbo.cl/lacteos-huevos-y-congelados/mantequillas-y-margarinas/mantecas
- Levadura Fresca -> https://www.jumbo.cl/lacteos-huevos-y-congelados/mantequillas-y-margarinas/levadura-fresca
- Mantequillas y Margarinas (Mostrar todo) -> https://www.jumbo.cl/lacteos-huevos-y-congelados/mantequillas-y-margarinas
- Manjar y Dulce de Leche (Mostrar todo) -> https://www.jumbo.cl/lacteos-huevos-y-congelados/manjar-y-dulce-de-leche
- Manjar -> https://www.jumbo.cl/lacteos-huevos-y-congelados/manjar-y-dulce-de-leche/manjar
- Dulce de Leche -> https://www.jumbo.cl/lacteos-huevos-y-congelados/manjar-y-dulce-de-leche/dulce-de-leche
- Manjar y Dulce de Leche (Mostrar todo) -> https://www.jumbo.cl/lacteos-huevos-y-congelados/manjar-y-dulce-de-leche
- Cremas -> https://www.jumbo.cl/despensa/harinas-postres-y-reposteria/cremas
- Cremas (Mostrar todo) -> https://www.jumbo.cl/despensa/harinas-postres-y-reposteria/cremas
- Huevos (Mostrar todo) -> https://www.jumbo.cl/lacteos-huevos-y-congelados/huevos
- Huevos de Campo y Gallina Libre -> https://www.jumbo.cl/lacteos-huevos-y-congelados/huevos/huevos-de-campo-y-gallina-libre
- Huevos Tradicionales -> https://www.jumbo.cl/lacteos-huevos-y-congelados/huevos/huevos-tradicionales
- Huevos de Codorniz -> https://www.jumbo.cl/lacteos-huevos-y-congelados/huevos/huevos-de-codorniz
- Huevos en Polvo -> https://www.jumbo.cl/lacteos-huevos-y-congelados/huevos/huevos-en-polvo
- Huevos (Mostrar todo) -> https://www.jumbo.cl/lacteos-huevos-y-congelados/huevos
- Bebidas Vegetales (Mostrar todo) -> https://www.jumbo.cl/lacteos-huevos-y-congelados/bebidas-vegetales
- Bebidas de Almendras y Coco -> https://www.jumbo.cl/lacteos-huevos-y-congelados/bebidas-vegetales/bebidas-de-almendras-y-coco
- Bebidas de Soya -> https://www.jumbo.cl/lacteos-huevos-y-congelados/bebidas-vegetales/bebidas-de-soya
- Bebidas de Arroz y Avena -> https://www.jumbo.cl/lacteos-huevos-y-congelados/bebidas-vegetales/bebidas-de-arroz-y-avena
- Otras Bebidas Vegetales -> https://www.jumbo.cl/lacteos-huevos-y-congelados/bebidas-vegetales/otras-bebidas-vegetales
- Bebidas Vegetales (Mostrar todo) -> https://www.jumbo.cl/lacteos-huevos-y-congelados/bebidas-vegetales
- Helados y Postres (Mostrar todo) -> https://www.jumbo.cl/lacteos-huevos-y-congelados/helados-y-postres
- Helados Multipack -> https://www.jumbo.cl/lacteos-huevos-y-congelados/helados-y-postres/helados-multipack
- Helados Tradicionales -> https://www.jumbo.cl/lacteos-huevos-y-congelados/helados-y-postres/helados-tradicionales
- Helados Premium -> https://www.jumbo.cl/lacteos-huevos-y-congelados/helados-y-postres/helados-premium
- Helados Light y Sin Azúcar -> https://www.jumbo.cl/lacteos-huevos-y-congelados/helados-y-postres/helados-light-y-sin-azucar
- Helados y Postres (Mostrar todo) -> https://www.jumbo.cl/lacteos-huevos-y-congelados/helados-y-postres
- Frutas y Pulpas Congeladas (Mostrar todo) -> https://www.jumbo.cl/lacteos-huevos-y-congelados/frutas-y-pulpas-congeladas
- Pulpa de Fruta -> https://www.jumbo.cl/lacteos-huevos-y-congelados/frutas-y-pulpas-congeladas/pulpa-de-fruta
- Frutas Congeladas -> https://www.jumbo.cl/lacteos-huevos-y-congelados/frutas-y-pulpas-congeladas/frutas-congeladas
- Smoothies y Acai -> https://www.jumbo.cl/lacteos-huevos-y-congelados/frutas-y-pulpas-congeladas/smoothies-y-acai
- Frutas y Pulpas Congeladas (Mostrar todo) -> https://www.jumbo.cl/lacteos-huevos-y-congelados/frutas-y-pulpas-congeladas
- Verduras Congeladas (Mostrar todo) -> https://www.jumbo.cl/lacteos-huevos-y-congelados/verduras-congeladas
- Choclos, Arvejas y Primaveras -> https://www.jumbo.cl/lacteos-huevos-y-congelados/verduras-congeladas/choclos-arvejas-y-primaveras
- Papas -> https://www.jumbo.cl/lacteos-huevos-y-congelados/verduras-congeladas/papas
- Sofritos y Mix de Verduras -> https://www.jumbo.cl/lacteos-huevos-y-congelados/verduras-congeladas/sofritos-y-mix-de-verduras
- Legumbres Congeladas -> https://www.jumbo.cl/lacteos-huevos-y-congelados/verduras-congeladas/legumbres-congeladas
- Verduras Congeladas (Mostrar todo) -> https://www.jumbo.cl/lacteos-huevos-y-congelados/verduras-congeladas
- Hamburguesas (Mostrar todo) -> https://www.jumbo.cl/lacteos-huevos-y-congelados/hamburguesas
- Hamburguesas de Vacuno -> https://www.jumbo.cl/lacteos-huevos-y-congelados/hamburguesas/hamburguesas-de-vacuno
- Hamburguesas de Pollo -> https://www.jumbo.cl/lacteos-huevos-y-congelados/hamburguesas/hamburguesas-de-pollo
- Hamburguesas Vegetales -> https://www.jumbo.cl/lacteos-huevos-y-congelados/hamburguesas/hamburguesas-vegetales
- Hamburguesas (Mostrar todo) -> https://www.jumbo.cl/lacteos-huevos-y-congelados/hamburguesas
- Nuggets, Apanados y Embutidos (Mostrar todo) -> https://www.jumbo.cl/lacteos-huevos-y-congelados/nuggets-apanados-y-embutidos
- Nuggets y Alitas de Pollo -> https://www.jumbo.cl/lacteos-huevos-y-congelados/nuggets-apanados-y-embutidos/nuggets-y-alitas-de-pollo
- Apanados -> https://www.jumbo.cl/lacteos-huevos-y-congelados/nuggets-apanados-y-embutidos/apanados
- Nuggets y Apanados de Verduras -> https://www.jumbo.cl/lacteos-huevos-y-congelados/nuggets-apanados-y-embutidos/nuggets-y-apanados-de-verduras
- Embutidos y Otros -> https://www.jumbo.cl/lacteos-huevos-y-congelados/nuggets-apanados-y-embutidos/embutidos-y-otros
- Nuggets, Apanados y Embutidos (Mostrar todo) -> https://www.jumbo.cl/lacteos-huevos-y-congelados/nuggets-apanados-y-embutidos
- Churrascos, Lomitos y Otros (Mostrar todo) -> https://www.jumbo.cl/lacteos-huevos-y-congelados/churrascos-lomitos-y-otros
- Churrascos y Lomitos -> https://www.jumbo.cl/lacteos-huevos-y-congelados/churrascos-lomitos-y-otros/churrascos-y-lomitos
- Carpaccio y Otros -> https://www.jumbo.cl/lacteos-huevos-y-congelados/churrascos-lomitos-y-otros/carpaccios-y-otros
- Churrascos, Lomitos y Otros (Mostrar todo) -> https://www.jumbo.cl/lacteos-huevos-y-congelados/churrascos-lomitos-y-otros
- Comidas Congeladas (Mostrar todo) -> https://www.jumbo.cl/lacteos-huevos-y-congelados/comidas-congeladas
- Pizzas y Pastas Congeladas -> https://www.jumbo.cl/lacteos-huevos-y-congelados/comidas-congeladas/pizzas-y-pastas-congeladas
- Empanadas Congeladas -> https://www.jumbo.cl/lacteos-huevos-y-congelados/comidas-congeladas/empanadas-congeladas
- Quiches, Sopaipillas y Otros -> https://www.jumbo.cl/lacteos-huevos-y-congelados/comidas-congeladas/quiches-sopaipillas-y-otros
- Comida Chilena -> https://www.jumbo.cl/lacteos-huevos-y-congelados/comidas-congeladas/comida-chilena
- Comidas Congeladas (Mostrar todo) -> https://www.jumbo.cl/lacteos-huevos-y-congelados/comidas-congeladas
- Hielo (Mostrar todo) -> https://www.jumbo.cl/lacteos-huevos-y-congelados/hielo

Scrape: Leches (Mostrar todo)
🧪 Dump BFF guardado: debug_bff\bff_leches_mostrar_todo_p1.json
  productos: 40

Scrape: Leche Líquida
🧪 Dump BFF guardado: debug_bff\bff_leche_l_quida_p1.json
  productos: 40

Scrape: Leche en Polvo
🧪 Dump BFF guardado: debug_bff\bff_leche_en_polvo_p1.json
  productos: 40

Scrape: Saborizantes
🧪 Dump BFF guardado: debug_bff\bff_saborizantes_p1.json
  productos: 40

Scrape: Leches (Mostrar todo)
🧪 Dump BFF guardado: debug_bff\bff_leches_mostrar_todo_p1.json
  productos: 43

Scrape: Yoghurt (Mostrar todo)
🧪 Dump BFF guardado: debug_bff\bff_yoghurt_mostrar_todo_p1.json
  productos: 40

Scrape: Yoghurt Batido
🧪 Dump BFF guardado: debug_bff\bff_yoghurt_batido_p1.json
  productos: 40

Scrape: Yoghurt con Proteínas
🧪 Dump BFF guardado: debug_bff\bff_yoghurt_con_prote_nas_p1.json
  productos: 40

Scrape: Yoghurt Light y Sin Azúcar
🧪 Dump BFF guardado: debug_bff\bff_yoghurt_light_y_sin_az_car_p1.json
  productos: 40

Scrape: Yoghurt Natural y Griego
🧪 Dump BFF guardado: debug_bff\bff_yoghurt_natural_y_griego_p1.json
  productos: 40

Scrape: Yoghurt (Mostrar todo)
🧪 Dump BFF guardado: debug_bff\bff_yoghurt_mostrar_todo_p1.json
  productos: 40

Scrape: Leches Cultivadas y Bebidas Lácteas (Mostrar todo)
🧪 Dump BFF guardado: debug_bff\bff_leches_cultivadas_y_bebidas_l_cteas_mostrar_todo_p1.json
  productos: 40

Scrape: Leches Cultivadas
🧪 Dump BFF guardado: debug_bff\bff_leches_cultivadas_p1.json
  productos: 25

Scrape: Bebidas Lácteas y Probióticos
🧪 Dump BFF guardado: debug_bff\bff_bebidas_l_cteas_y_probi_ticos_p1.json
  productos: 40

Scrape: Leches Cultivadas y Bebidas Lácteas (Mostrar todo)
🧪 Dump BFF guardado: debug_bff\bff_leches_cultivadas_y_bebidas_l_cteas_mostrar_todo_p1.json
  productos: 40

Scrape: Postres Refrigerados (Mostrar todo)
🧪 Dump BFF guardado: debug_bff\bff_postres_refrigerados_mostrar_todo_p1.json
  productos: 40

Scrape: Postres
