Traceback (most recent call last):
  File "C:\Python\Lib\asyncio\runners.py", line 118, in run
    return self._loop.run_until_complete(task)
           ~~~~~~~~~~~~~~~~~~~~~~~~~~~~~^^^^^^
  File "C:\Python\Lib\asyncio\base_events.py", line 721, in run_until_complete
    return future.result()
           ~~~~~~~~~~~~~^^
  File "C:\Users\fvergram\OneDrive - NTT DATA EMEAL\Desktop\webscrapping\Supermercados\Jumbo\src\categorias\jumbo_lacteos_huevos_congelados.py", line 643, in main
    rows = await scrape_subcategory(context, page, sc["name"], sc["url"], max_pages=MAX_PAGES)
           ^^^^^^^^^^^^^^^^^^^^^^^^^^^^^^^^^^^^^^^^^^^^^^^^^^^^^^^^^^^^^^^^^^^^^^^^^^^^^^^^^^^
  File "C:\Users\fvergram\OneDrive - NTT DATA EMEAL\Desktop\webscrapping\Supermercados\Jumbo\src\categorias\jumbo_lacteos_huevos_congelados.py", line 520, in scrape_subcategory
    seed, data0 = await capture_seed_bff_request(page, url, timeout_ms=120000)
                  ^^^^^^^^^^^^^^^^^^^^^^^^^^^^^^^^^^^^^^^^^^^^^^^^^^^^^^^^^^^^
  File "C:\Users\fvergram\OneDrive - NTT DATA EMEAL\Desktop\webscrapping\Supermercados\Jumbo\src\categorias\jumbo_lacteos_huevos_congelados.py", line 466, in capture_seed_bff_request
    async with page.expect_response(pred, timeout=timeout_ms) as resp_info:
               ~~~~~~~~~~~~~~~~~~~~^^^^^^^^^^^^^^^^^^^^^^^^^^
  File "C:\Python\Lib\site-packages\playwright\_impl\_async_base.py", line 60, in __aexit__
    await self._event.value
  File "C:\Python\Lib\site-packages\playwright\_impl\_async_base.py", line 35, in value
    return mapping.from_maybe_impl(await self._future)
                                   ^^^^^^^^^^^^^^^^^^
asyncio.exceptions.CancelledError

During handling of the above exception, another exception occurred:

Traceback (most recent call last):
  File "C:\Users\fvergram\OneDrive - NTT DATA EMEAL\Desktop\webscrapping\Supermercados\Jumbo\src\categorias\jumbo_lacteos_huevos_congelados.py", line 665, in <module>
    asyncio.run(main())
    ~~~~~~~~~~~^^^^^^^^
  File "C:\Python\Lib\asyncio\runners.py", line 194, in run
    return runner.run(main)
           ~~~~~~~~~~^^^^^^
  File "C:\Python\Lib\asyncio\runners.py", line 123, in run
    raise KeyboardInterrupt()
KeyboardInterrupt
