
Subcategorías:
- Shampoos -> https://www.jumbo.cl/cuidado-personal-y-bebe/cuidado-capilar/shampoo
- Acondicionadores -> https://www.jumbo.cl/cuidado-personal-y-bebe/cuidado-capilar/acondicionadores
- Tratamiento Capilar -> https://www.jumbo.cl/cuidado-personal-y-bebe/cuidado-capilar/tratamiento-capilar
- Coloración y Tintura de Pelo -> https://www.jumbo.cl/cuidado-personal-y-bebe/cuidado-capilar/coloracion-y-tintura-de-pelo
- Capilar (Mostrar todo) -> https://www.jumbo.cl/cuidado-personal-y-bebe/cuidado-capilar
- Pasta Dental -> https://www.jumbo.cl/cuidado-personal-y-bebe/higiene-bucal/pasta-dental
- Cepillo Dental -> https://www.jumbo.cl/cuidado-personal-y-bebe/higiene-bucal/cepillo-dental
- Cepillos y Pasta Dental Infantil -> https://www.jumbo.cl/cuidado-personal-y-bebe/higiene-bucal/cepillos-y-pasta-dental-infantil
- Enjuague Bucal -> https://www.jumbo.cl/cuidado-personal-y-bebe/higiene-bucal/enjuague-bucal
- Higiene (Mostrar todo) -> https://www.jumbo.cl/cuidado-personal-y-bebe/higiene-bucal
- Gel de Ducha -> https://www.jumbo.cl/cuidado-personal-y-bebe/jabones/gel-de-ducha
- Jabones Líquidos -> https://www.jumbo.cl/cuidado-personal-y-bebe/jabones/jabones-liquidos
- Jabones en Barra -> https://www.jumbo.cl/cuidado-personal-y-bebe/jabones/jabones-en-barra
- Jabones (Mostrar todo) -> https://www.jumbo.cl/cuidado-personal-y-bebe/jabones
- Accesorios de Bebé -> https://www.jumbo.cl/cuidado-personal-y-bebe/bebe/accesorios-de-bebe
- Colados, Picados y Otros -> https://www.jumbo.cl/cuidado-personal-y-bebe/bebe/colados-picados-y-otros
- Leche y Suplementos Infantiles -> https://www.jumbo.cl/cuidado-personal-y-bebe/bebe/leche-y-suplementos-infantiles
- Pañales y Toallitas Húmedas -> https://www.jumbo.cl/cuidado-personal-y-bebe/bebe/panales-y-toallas-humedas
- Bebe (Mostrar todo) -> https://www.jumbo.cl/cuidado-personal-y-bebe/bebe
- Desodorantes en Aerosol -> https://www.jumbo.cl/cuidado-personal-y-bebe/desodorantes/desodorantes-en-aerosol
- Desodorantes en Barra -> https://www.jumbo.cl/cuidado-personal-y-bebe/desodorantes/desodorantes-en-barra
- Desodorantes Roll-on -> https://www.jumbo.cl/cuidado-personal-y-bebe/desodorantes/desodorantes-roll-on
- Desodorantes Clinical -> https://www.jumbo.cl/cuidado-personal-y-bebe/desodorantes/desodorantes-clinical
- Desodorantes (Mostrar todo) -> https://www.jumbo.cl/cuidado-personal-y-bebe/desodorantes
- Cremas para Manos -> https://www.jumbo.cl/cuidado-personal-y-bebe/cuidado-corporal/cremas-para-manos
- Talcos y Cremas para Pies -> https://www.jumbo.cl/cuidado-personal-y-bebe/cuidado-corporal/talcos-y-cremas-para-pies
- Cremas y Cuidado Corporal -> https://www.jumbo.cl/cuidado-personal-y-bebe/cuidado-corporal/cremas-y-cuidado-corporal
- Bienestar -> https://www.jumbo.cl/cuidado-personal-y-bebe/cuidado-corporal/bienestar
- Cuidado Corporal (Mostrar todo) -> https://www.jumbo.cl/cuidado-personal-y-bebe/cuidado-corporal
- Toallas Higiénicas y Tampones -> https://www.jumbo.cl/cuidado-personal-y-bebe/proteccion-femenina/toallas-higienicas-y-tampones
- Protectores Diarios -> https://www.jumbo.cl/cuidado-personal-y-bebe/proteccion-femenina/protectores-diarios
- Jabones Íntimos y Pañitos Húmedos -> https://www.jumbo.cl/cuidado-personal-y-bebe/proteccion-femenina/jabones-intimos-y-panitos-humedos
- Calzones y Copas Menstruales -> https://www.jumbo.cl/cuidado-personal-y-bebe/proteccion-femenina/calzones-y-copas-menstruales
- Protección Femenina (Mostrar todo) -> https://www.jumbo.cl/cuidado-personal-y-bebe/proteccion-femenina
- Máquinas de Depilación -> https://www.jumbo.cl/cuidado-personal-y-bebe/depilacion/maquinas-de-depilacion
- Ceras Depilatorias -> https://www.jumbo.cl/cuidado-personal-y-bebe/depilacion/ceras-depilatorias
- Bandas Depilatorias -> https://www.jumbo.cl/cuidado-personal-y-bebe/depilacion/bandas-depilatorias
- Cremas Depilatorias -> https://www.jumbo.cl/cuidado-personal-y-bebe/depilacion/cremas-depilatorias
- Depilación (Mostrar todo) -> https://www.jumbo.cl/cuidado-personal-y-bebe/depilacion
- Incontinencia -> https://www.jumbo.cl/cuidado-personal-y-bebe/incontinencia-y-panales-adulto/incontinencia
- Pañales Adulto -> https://www.jumbo.cl/cuidado-personal-y-bebe/incontinencia-y-panales-adulto/panales-adulto
- Incontinencia y Pañales Adulto (Mostrar todo) -> https://www.jumbo.cl/cuidado-personal-y-bebe/incontinencia-y-panales-adulto
- Bálsamo y Protector Labial -> https://www.jumbo.cl/cuidado-personal-y-bebe/cuidado-facial/balsamo-y-protector-labial
- Cremas e Hidratación Facial -> https://www.jumbo.cl/cuidado-personal-y-bebe/cuidado-facial/cremas-e-hidratacion-facial
- Limpieza Facial -> https://www.jumbo.cl/cuidado-personal-y-bebe/cuidado-facial/limpieza-facial
- Tratamientos Faciales -> https://www.jumbo.cl/cuidado-personal-y-bebe/cuidado-facial/tratamientos-faciales
- Cuidado Facial (Mostrar todo) -> https://www.jumbo.cl/cuidado-personal-y-bebe/cuidado-facial
- Maquillaje Rostro -> https://www.jumbo.cl/cuidado-personal-y-bebe/maquillaje/maquillaje-rostro
- Maquillaje Ojos -> https://www.jumbo.cl/cuidado-personal-y-bebe/maquillaje/maquillaje-ojos
- Maquillaje Labios -> https://www.jumbo.cl/cuidado-personal-y-bebe/maquillaje/maquillaje-labios
- Sets de Maquillaje -> https://www.jumbo.cl/cuidado-personal-y-bebe/maquillaje/sets-de-maquillaje
- Maquillaje (Mostrar todo) -> https://www.jumbo.cl/cuidado-personal-y-bebe/maquillaje
- Solares y Autobronceantes -> https://www.jumbo.cl/cuidado-personal-y-bebe/solares-y-autobronceantes
- Solares (Mostrar todo) -> https://www.jumbo.cl/cuidado-personal-y-bebe/solares
- Accesorios Médicos -> https://www.jumbo.cl/cuidado-personal-y-bebe/farmacia/accesorios-medicos
- Anteojos -> https://www.jumbo.cl/cuidado-personal-y-bebe/farmacia/anteojos
- Higiene Bucal Especialidad -> https://www.jumbo.cl/cuidado-personal-y-bebe/farmacia/higiene-bucal-especialidad
- Preservativos y Lubricantes -> https://www.jumbo.cl/cuidado-personal-y-bebe/farmacia/preservativos-y-lubricantes
- Farmacia (Mostrar todo) -> https://www.jumbo.cl/cuidado-personal-y-bebe/farmacia
- Máquinas y Repuestos de Afeitar -> https://www.jumbo.cl/cuidado-personal-y-bebe/cuidado-masculino/maquinas-y-repuestos-de-afeitar
- Espuma y Crema para Afeitar -> https://www.jumbo.cl/cuidado-personal-y-bebe/cuidado-masculino/espuma-y-crema-para-afeitar
- Colonias para Hombres -> https://www.jumbo.cl/cuidado-personal-y-bebe/cuidado-masculino/colonias-para-hombres
- Shampoo, Cremas y Ceras para Hombres -> https://www.jumbo.cl/cuidado-personal-y-bebe/cuidado-masculino/shampoo-cremas-y-ceras-para-hombres
- Cuidado Masculino (Mostrar todo) -> https://www.jumbo.cl/cuidado-personal-y-bebe/cuidado-masculino
- Packs de Cuidado y Belleza -> https://www.jumbo.cl/cuidado-personal-y-bebe/packs-de-cuidado-y-belleza
- Packs (Mostrar todo) -> https://www.jumbo.cl/cuidado-personal-y-bebe/packs

Scrape: Shampoos
🧪 Dump BFF guardado: debug_bff\bff_shampoos_p1.json
  productos: 40

Scrape: Acondicionadores
🧪 Dump BFF guardado: debug_bff\bff_acondicionadores_p1.json
  productos: 40

Scrape: Tratamiento Capilar
🧪 Dump BFF guardado: debug_bff\bff_tratamiento_capilar_p1.json
  productos: 40

Scrape: Coloración y Tintura de Pelo
🧪 Dump BFF guardado: debug_bff\bff_coloraci_n_y_tintura_de_pelo_p1.json
  productos: 40

Scrape: Capilar (Mostrar todo)
🧪 Dump BFF guardado: debug_bff\bff_capilar_mostrar_todo_p1.json
  productos: 40

Scrape: Pasta Dental
🧪 Dump BFF guardado: debug_bff\bff_pasta_dental_p1.json
  productos: 40

Scrape: Cepillo Dental
🧪 Dump BFF guardado: debug_bff\bff_cepillo_dental_p1.json
  productos: 40

Scrape: Cepillos y Pasta Dental Infantil
🧪 Dump BFF guardado: debug_bff\bff_cepillos_y_pasta_dental_infantil_p1.json
  productos: 33

Scrape: Enjuague Bucal
🧪 Dump BFF guardado: debug_bff\bff_enjuague_bucal_p1.json
  productos: 40

Scrape: Higiene (Mostrar todo)
🧪 Dump BFF guardado: debug_bff\bff_higiene_mostrar_todo_p1.json
  productos: 40

Scrape: Gel de Ducha
🧪 Dump BFF guardado: debug_bff\bff_gel_de_ducha_p1.json
  productos: 40

Scrape: Jabones Líquidos
🧪 Dump BFF guardado: debug_bff\bff_jabones_l_quidos_p1.json
  productos: 40

Scrape: Jabones en Barra
🧪 Dump BFF guardado: debug_bff\bff_jabones_en_barra_p1.json
  productos: 40

Scrape: Jabones (Mostrar todo)
🧪 Dump BFF guardado: debug_bff\bff_jabones_mostrar_todo_p1.json
  productos: 40

Scrape: Accesorios de Bebé
🧪 Dump BFF guardado: debug_bff\bff_accesorios_de_beb_p1.json
  productos: 40

Scrape: Colados, Picados y Otros
🧪 Dump BFF guardado: debug_bff\bff_colados_picados_y_otros_p1.json
  productos: 40

Scrape: Leche y Suplementos Infantiles
🧪 Dump BFF guardado: debug_bff\bff_leche_y_suplementos_infantiles_p1.json
  productos: 32

Scrape: Pañales y Toallitas Húmedas
🧪 Dump BFF guardado: debug_bff\bff_pa_ales_y_toallitas_h_medas_p1.json
  productos: 40

Scrape: Bebe (Mostrar todo)
🧪 Dump BFF guardado: debug_bff\bff_bebe_mostrar_todo_p1.json
  productos: 40

Scrape: Desodorantes en Aerosol
🧪 Dump BFF guardado: debug_bff\bff_desodorantes_en_aerosol_p1.json
  productos: 40

Scrape: Desodorantes en Barra
🧪 Dump BFF guardado: debug_bff\bff_desodorantes_en_barra_p1.json
  productos: 40

Scrape: Desodorantes Roll-on
🧪 Dump BFF guardado: debug_bff\bff_desodorantes_roll_on_p1.json
  productos: 32

Scrape: Desodorantes Clinical
🧪 Dump BFF guardado: debug_bff\bff_desodorantes_clinical_p1.json
  productos: 40

Scrape: Desodorantes (Mostrar todo)
🧪 Dump BFF guardado: debug_bff\bff_desodorantes_mostrar_todo_p1.json
  productos: 40

Scrape: Cremas para Manos
🧪 Dump BFF guardado: debug_bff\bff_cremas_para_manos_p1.json
  productos: 26

Scrape: Talcos y Cremas para Pies
🧪 Dump BFF guardado: debug_bff\bff_talcos_y_cremas_para_pies_p1.json
  productos: 26

Scrape: Cremas y Cuidado Corporal
🧪 Dump BFF guardado: debug_bff\bff_cremas_y_cuidado_corporal_p1.json
  productos: 40

Scrape: Bienestar
🧪 Dump BFF guardado: debug_bff\bff_bienestar_p1.json
  productos: 22

Scrape: Cuidado Corporal (Mostrar todo)
🧪 Dump BFF guardado: debug_bff\bff_cuidado_corporal_mostrar_todo_p1.json
  productos: 40

Scrape: Toallas Higiénicas y Tampones
🧪 Dump BFF guardado: debug_bff\bff_toallas_higi_nicas_y_tampones_p1.json
  productos: 40

Scrape: Protectores Diarios
🧪 Dump BFF guardado: debug_bff\bff_protectores_diarios_p1.json
  productos: 37

Scrape: Jabones Íntimos y Pañitos Húmedos
🧪 Dump BFF guardado: debug_bff\bff_jabones_ntimos_y_pa_itos_h_medos_p1.json
  productos: 19

Scrape: Calzones y Copas Menstruales
🧪 Dump BFF guardado: debug_bff\bff_calzones_y_copas_menstruales_p1.json
  productos: 32

Scrape: Protección Femenina (Mostrar todo)
🧪 Dump BFF guardado: debug_bff\bff_protecci_n_femenina_mostrar_todo_p1.json
  productos: 40

Scrape: Máquinas de Depilación
🧪 Dump BFF guardado: debug_bff\bff_m_quinas_de_depilaci_n_p1.json
  productos: 40

Scrape: Ceras Depilatorias
🧪 Dump BFF guardado: debug_bff\bff_ceras_depilatorias_p1.json
  productos: 7

Scrape: Bandas Depilatorias
🧪 Dump BFF guardado: debug_bff\bff_bandas_depilatorias_p1.json
  productos: 8

Scrape: Cremas Depilatorias
🧪 Dump BFF guardado: debug_bff\bff_cremas_depilatorias_p1.json
  productos: 15

Scrape: Depilación (Mostrar todo)
🧪 Dump BFF guardado: debug_bff\bff_depilaci_n_mostrar_todo_p1.json
  productos: 40

Scrape: Incontinencia
🧪 Dump BFF guardado: debug_bff\bff_incontinencia_p1.json
  productos: 39

Scrape: Pañales Adulto
🧪 Dump BFF guardado: debug_bff\bff_pa_ales_adulto_p1.json
  productos: 40

Scrape: Incontinencia y Pañales Adulto (Mostrar todo)
🧪 Dump BFF guardado: debug_bff\bff_incontinencia_y_pa_ales_adulto_mostrar_todo_p1.json
  productos: 40

Scrape: Bálsamo y Protector Labial
🧪 Dump BFF guardado: debug_bff\bff_b_lsamo_y_protector_labial_p1.json
  productos: 40

Scrape: Cremas e Hidratación Facial
🧪 Dump BFF guardado: debug_bff\bff_cremas_e_hidrataci_n_facial_p1.json
  productos: 40

Scrape: Limpieza Facial
🧪 Dump BFF guardado: debug_bff\bff_limpieza_facial_p1.json
  productos: 40

Scrape: Tratamientos Faciales
🧪 Dump BFF guardado: debug_bff\bff_tratamientos_faciales_p1.json
  productos: 40

Scrape: Cuidado Facial (Mostrar todo)
🧪 Dump BFF guardado: debug_bff\bff_cuidado_facial_mostrar_todo_p1.json
  productos: 40

Scrape: Maquillaje Rostro
🧪 Dump BFF guardado: debug_bff\bff_maquillaje_rostro_p1.json
  productos: 40

Scrape: Maquillaje Ojos
🧪 Dump BFF guardado: debug_bff\bff_maquillaje_ojos_p1.json
  productos: 40

Scrape: Maquillaje Labios
🧪 Dump BFF guardado: debug_bff\bff_maquillaje_labios_p1.json
  productos: 38

Scrape: Sets de Maquillaje
🧪 Dump BFF guardado: debug_bff\bff_sets_de_maquillaje_p1.json
⚠️ 0 productos (BFF respondió pero no se detectaron productos): https://www.jumbo.cl/cuidado-personal-y-bebe/maquillaje/sets-de-maquillaje
  productos: 0

Scrape: Maquillaje (Mostrar todo)
🧪 Dump BFF guardado: debug_bff\bff_maquillaje_mostrar_todo_p1.json
  productos: 40

Scrape: Solares y Autobronceantes
🧪 Dump BFF guardado: debug_bff\bff_solares_y_autobronceantes_p1.json
  productos: 40

Scrape: Solares (Mostrar todo)
🧪 Dump BFF guardado: debug_bff\bff_solares_mostrar_todo_p1.json
⚠️ 0 productos (BFF respondió pero no se detectaron productos): https://www.jumbo.cl/cuidado-personal-y-bebe/solares
  productos: 0

Scrape: Accesorios Médicos
🧪 Dump BFF guardado: debug_bff\bff_accesorios_m_dicos_p1.json
  productos: 40

Scrape: Anteojos
🧪 Dump BFF guardado: debug_bff\bff_anteojos_p1.json
  productos: 18

Scrape: Higiene Bucal Especialidad
🧪 Dump BFF guardado: debug_bff\bff_higiene_bucal_especialidad_p1.json
  productos: 40

Scrape: Preservativos y Lubricantes
🧪 Dump BFF guardado: debug_bff\bff_preservativos_y_lubricantes_p1.json
  productos: 19

Scrape: Farmacia (Mostrar todo)
🧪 Dump BFF guardado: debug_bff\bff_farmacia_mostrar_todo_p1.json
  productos: 40

Scrape: Máquinas y Repuestos de Afeitar
🧪 Dump BFF guardado: debug_bff\bff_m_quinas_y_repuestos_de_afeitar_p1.json
  productos: 40

Scrape: Espuma y Crema para Afeitar
🧪 Dump BFF guardado: debug_bff\bff_espuma_y_crema_para_afeitar_p1.json
  productos: 28

Scrape: Colonias para Hombres
🧪 Dump BFF guardado: debug_bff\bff_colonias_para_hombres_p1.json
  productos: 30

Scrape: Shampoo, Cremas y Ceras para Hombres
🧪 Dump BFF guardado: debug_bff\bff_shampoo_cremas_y_ceras_para_hombres_p1.json
  productos: 29

Scrape: Cuidado Masculino (Mostrar todo)
🧪 Dump BFF guardado: debug_bff\bff_cuidado_masculino_mostrar_todo_p1.json
  productos: 40

Scrape: Packs de Cuidado y Belleza
🧪 Dump BFF guardado: debug_bff\bff_packs_de_cuidado_y_belleza_p1.json
  productos: 40

Scrape: Packs (Mostrar todo)
🧪 Dump BFF guardado: debug_bff\bff_packs_mostrar_todo_p1.json
⚠️ 0 productos (BFF respondió pero no se detectaron productos): https://www.jumbo.cl/cuidado-personal-y-bebe/packs
  productos: 0

Total filas: 2250
CSV generado: output\cuidado_personal_bebe\jumbo_cuidado_personal_y_bebe_20260302_230100.csv
