[DEBUG] Subcategoría duplicada omitida por URL: [Alimentación y Lactancia] Pañales -> https://super.lider.cl/browse/mundo-bebe-y-jugueteria/panales-y-toallas-humedas/panales/11780484_12671170_82649776
[DEBUG] Subcategoría duplicada omitida por URL: [Alimentación y Lactancia] Toallas Húmedas -> https://super.lider.cl/browse/mundo-bebe-y-jugueteria/panales-y-toallas-humedas/toallas-humedas/11780484_12671170_62518890
[DEBUG] Subcategoría duplicada omitida por URL: [Alimentación y Lactancia] Colados Picados y Aceites -> https://super.lider.cl/browse/mundo-bebe-y-jugueteria/alimentacion-y-lactancia/colados-picados-y-aceites/11780484_23586822_54051415
[DEBUG] Subcategoría duplicada omitida por URL: [Alimentación y Lactancia] Cereales Jugos y Snacks -> https://super.lider.cl/browse/mundo-bebe-y-jugueteria/alimentacion-y-lactancia/cereales-jugos-y-snacks/11780484_23586822_25882846
[DEBUG] Subcategoría duplicada omitida por URL: [Alimentación y Lactancia] Fórmulas y Suplementos -> https://super.lider.cl/browse/mundo-bebe-y-jugueteria/alimentacion-y-lactancia/formulas-y-suplementos/11780484_23586822_14036163
[DEBUG] Subcategoría duplicada omitida por URL: [Alimentación y Lactancia] Accesorios para Comer -> https://super.lider.cl/browse/mundo-bebe-y-jugueteria/alimentacion-y-lactancia/accesorios-para-comer/11780484_23586822_41433317
[DEBUG] Subcategoría duplicada omitida por URL: [Alimentación y Lactancia] Mamaderas Tetinas y Vasos -> https://super.lider.cl/browse/mundo-bebe-y-jugueteria/alimentacion-y-lactancia/mamaderas-tetinas-y-vasos/11780484_23586822_71925836
[DEBUG] Subcategoría duplicada omitida por URL: [Alimentación y Lactancia] Chupetes y Accesorios -> https://super.lider.cl/browse/mundo-bebe-y-jugueteria/alimentacion-y-lactancia/chupetes-y-accesorios/11780484_23586822_62165355
[DEBUG] Subcategoría duplicada omitida por URL: [Alimentación y Lactancia] Sillas para Comer -> https://super.lider.cl/browse/mundo-bebe-y-jugueteria/alimentacion-y-lactancia/sillas-para-comer/11780484_23586822_76958416
[DEBUG] Subcategoría duplicada omitida por URL: [Alimentación y Lactancia] Shampoo y Bálsamo -> https://super.lider.cl/browse/mundo-bebe-y-jugueteria/perfumeria-e-higiene/shampoo-y-balsamo/11780484_96645034_33464976
[DEBUG] Subcategoría duplicada omitida por URL: [Alimentación y Lactancia] Jabón -> https://super.lider.cl/browse/mundo-bebe-y-jugueteria/perfumeria-e-higiene/jabon/11780484_96645034_33865365
[DEBUG] Subcategoría duplicada omitida por URL: [Alimentación y Lactancia] Cremas y Aceites -> https://super.lider.cl/browse/mundo-bebe-y-jugueteria/perfumeria-e-higiene/cremas-y-aceites/11780484_96645034_57030571
[DEBUG] Subcategoría duplicada omitida por URL: [Alimentación y Lactancia] Colonias y Lociones -> https://super.lider.cl/browse/mundo-bebe-y-jugueteria/perfumeria-e-higiene/colonias-y-lociones/11780484_96645034_64397654
[DEBUG] Subcategoría duplicada omitida por URL: [Alimentación y Lactancia] Talcos y Pomadas -> https://super.lider.cl/browse/mundo-bebe-y-jugueteria/perfumeria-e-higiene/talcos-y-pomadas/11780484_96645034_48346309
[DEBUG] Subcategoría duplicada omitida por URL: [Alimentación y Lactancia] Accesorios Lactancia y Cuidado -> https://super.lider.cl/browse/mundo-bebe-y-jugueteria/perfumeria-e-higiene/accesorios-lactancia-y-cuidado/11780484_96645034_34843549
[DEBUG] Subcategoría duplicada omitida por URL: [Alimentación y Lactancia] Accesorios Baño -> https://super.lider.cl/browse/mundo-bebe-y-jugueteria/perfumeria-e-higiene/accesorios-bano/11780484_96645034_87629217
[DEBUG] Subcategoría duplicada omitida por URL: [Alimentación y Lactancia] Reivsar todo -> https://super.lider.cl/browse/mundo-bebe-y-jugueteria/perfumeria-e-higiene/11780484_96645034
[DEBUG] Subcategoría duplicada omitida por URL: [Alimentación y Lactancia] Babysec -> https://super.lider.cl/browse/mundo-bebe-y-jugueteria/panales-y-muda/babysec/11780484_69224535_59131125
[DEBUG] Subcategoría duplicada omitida por URL: [Alimentación y Lactancia] Emubaby -> https://super.lider.cl/browse/mundo-bebe-y-jugueteria/panales-y-muda/emubaby/11780484_69224535_61276778
[DEBUG] Subcategoría duplicada omitida por URL: [Alimentación y Lactancia] Huggies -> https://super.lider.cl/browse/mundo-bebe-y-jugueteria/panales-y-muda/huggies/11780484_69224535_24872702
[DEBUG] Subcategoría duplicada omitida por URL: [Alimentación y Lactancia] Pampers -> https://super.lider.cl/browse/mundo-bebe-y-jugueteria/panales-y-muda/pampers/11780484_69224535_63027401
[DEBUG] Subcategoría duplicada omitida por URL: [Alimentación y Lactancia] Parents Choice -> https://super.lider.cl/browse/mundo-bebe-y-jugueteria/panales-y-muda/parents-choice/11780484_69224535_53648247
[DEBUG] Subcategoría duplicada omitida por URL: [Alimentación y Lactancia] Toallitas Húmedas -> https://super.lider.cl/browse/mundo-bebe-y-jugueteria/panales-y-muda/toallitas-humedas/11780484_69224535_68323693
[DEBUG] Subcategoría duplicada omitida por URL: [Alimentación y Lactancia] Centro de Actividades y Estimulación -> https://super.lider.cl/browse/mundo-bebe-y-jugueteria/actividades-bebe/centro-de-actividades-y-estimulacion/11780484_85214299_98170774
[DEBUG] Subcategoría duplicada omitida por URL: [Alimentación y Lactancia] Mordedores y Sonajeros -> https://super.lider.cl/browse/mundo-bebe-y-jugueteria/actividades-bebe/mordedores-y-sonajeros/11780484_85214299_86865170
[DEBUG] Subcategoría duplicada omitida por URL: [Alimentación y Lactancia] Coches y Sillas de Auto -> https://super.lider.cl/browse/mundo-bebe-y-jugueteria/actividades-bebe/coches-y-sillas-de-auto/11780484_85214299_70470202
[DEBUG] Subcategoría duplicada omitida por URL: [Alimentación y Lactancia] Cunas y Dormitorio -> https://super.lider.cl/browse/mundo-bebe-y-jugueteria/actividades-bebe/cunas-y-dormitorio/11780484_85214299_71173986
[DEBUG] Subcategoría duplicada omitida por URL: [Alimentación y Lactancia] Juguetes y Accesorios Baño -> https://super.lider.cl/browse/mundo-bebe-y-jugueteria/actividades-bebe/juguetes-y-accesorios-bano/11780484_85214299_97671494
[DEBUG] Subcategoría duplicada omitida por URL: [Alimentación y Lactancia] Accesorios y Seguridad -> https://super.lider.cl/browse/mundo-bebe-y-jugueteria/actividades-bebe/accesorios-y-seguridad/11780484_85214299_75609491
[DEBUG] Subcategoría duplicada omitida por URL: [Alimentación y Lactancia] Figuras de Acción y Coleccionables -> https://super.lider.cl/browse/mundo-bebe-y-jugueteria/jugueteria/figuras-de-accion-y-coleccionables/11780484_48411377_79231226
[DEBUG] Subcategoría duplicada omitida por URL: [Alimentación y Lactancia] Muñecas y Accesorios -> https://super.lider.cl/browse/mundo-bebe-y-jugueteria/jugueteria/munecas-y-accesorios/11780484_48411377_72747460
[DEBUG] Subcategoría duplicada omitida por URL: [Alimentación y Lactancia] Juegos de Mesa y Familiares -> https://super.lider.cl/browse/mundo-bebe-y-jugueteria/jugueteria/juegos-de-mesa-y-familiares/11780484_48411377_18736579
[DEBUG] Subcategoría duplicada omitida por URL: [Alimentación y Lactancia] Vehículos y Rodados -> https://super.lider.cl/browse/mundo-bebe-y-jugueteria/jugueteria/vehiculos-y-rodados/11780484_48411377_98832673
[DEBUG] Subcategoría duplicada omitida por URL: [Alimentación y Lactancia] Construcción y Bloques -> https://super.lider.cl/browse/mundo-bebe-y-jugueteria/jugueteria/construccion-y-bloques/11780484_48411377_20281112
[DEBUG] Subcategoría duplicada omitida por URL: [Alimentación y Lactancia] Pre Escolar e Infantiles -> https://super.lider.cl/browse/mundo-bebe-y-jugueteria/jugueteria/pre-escolar-e-infantiles/11780484_48411377_15807280
[DEBUG] Subcategoría duplicada omitida por URL: [Alimentación y Lactancia] Manualidades y Ciencia -> https://super.lider.cl/browse/mundo-bebe-y-jugueteria/jugueteria/manualidades-y-ciencia/11780484_48411377_74861030
[DEBUG] Subcategoría duplicada omitida por URL: [Alimentación y Lactancia] Juego de Roles y Disfraces -> https://super.lider.cl/browse/mundo-bebe-y-jugueteria/jugueteria/juego-de-roles-y-disfraces/11780484_48411377_76152972
[DEBUG] Subcategoría duplicada omitida por URL: [Alimentación y Lactancia] Juegos de Exterior -> https://super.lider.cl/browse/mundo-bebe-y-jugueteria/jugueteria/juegos-de-exterior/11780484_48411377_91982079
[DEBUG] Subcategoría duplicada omitida por URL: [Alimentación y Lactancia] Lanzadores -> https://super.lider.cl/browse/mundo-bebe-y-jugueteria/jugueteria/lanzadores/11780484_48411377_34645991
[DEBUG] Subcategoría duplicada omitida por URL: [Alimentación y Lactancia] Textil Bebé -> https://super.lider.cl/browse/mundo-bebe-y-jugueteria/ropa-de-bebe/textil-bebe/11780484_75259820_13653943
[DEBUG] Subcategoría duplicada omitida por URL: [Alimentación y Lactancia] Accesorios Bebé -> https://super.lider.cl/browse/mundo-bebe-y-jugueteria/ropa-de-bebe/accesorios-bebe/11780484_75259820_39565084
[DEBUG] Subcategoría duplicada omitida por URL: [Alimentación y Lactancia] Vestuario Bebé -> https://super.lider.cl/browse/mundo-bebe-y-jugueteria/ropa-de-bebe/vestuario-bebe/11780484_75259820_61468915
[DEBUG] Subcategoría duplicada omitida por URL: [Perfumería e Higiene] Pañales -> https://super.lider.cl/browse/mundo-bebe-y-jugueteria/panales-y-toallas-humedas/panales/11780484_12671170_82649776
[DEBUG] Subcategoría duplicada omitida por URL: [Perfumería e Higiene] Toallas Húmedas -> https://super.lider.cl/browse/mundo-bebe-y-jugueteria/panales-y-toallas-humedas/toallas-humedas/11780484_12671170_62518890
[DEBUG] Subcategoría duplicada omitida por URL: [Perfumería e Higiene] Colados Picados y Aceites -> https://super.lider.cl/browse/mundo-bebe-y-jugueteria/alimentacion-y-lactancia/colados-picados-y-aceites/11780484_23586822_54051415
[DEBUG] Subcategoría duplicada omitida por URL: [Perfumería e Higiene] Cereales Jugos y Snacks -> https://super.lider.cl/browse/mundo-bebe-y-jugueteria/alimentacion-y-lactancia/cereales-jugos-y-snacks/11780484_23586822_25882846
[DEBUG] Subcategoría duplicada omitida por URL: [Perfumería e Higiene] Fórmulas y Suplementos -> https://super.lider.cl/browse/mundo-bebe-y-jugueteria/alimentacion-y-lactancia/formulas-y-suplementos/11780484_23586822_14036163
[DEBUG] Subcategoría duplicada omitida por URL: [Perfumería e Higiene] Accesorios para Comer -> https://super.lider.cl/browse/mundo-bebe-y-jugueteria/alimentacion-y-lactancia/accesorios-para-comer/11780484_23586822_41433317
[DEBUG] Subcategoría duplicada omitida por URL: [Perfumería e Higiene] Mamaderas Tetinas y Vasos -> https://super.lider.cl/browse/mundo-bebe-y-jugueteria/alimentacion-y-lactancia/mamaderas-tetinas-y-vasos/11780484_23586822_71925836
[DEBUG] Subcategoría duplicada omitida por URL: [Perfumería e Higiene] Chupetes y Accesorios -> https://super.lider.cl/browse/mundo-bebe-y-jugueteria/alimentacion-y-lactancia/chupetes-y-accesorios/11780484_23586822_62165355
[DEBUG] Subcategoría duplicada omitida por URL: [Perfumería e Higiene] Sillas para Comer -> https://super.lider.cl/browse/mundo-bebe-y-jugueteria/alimentacion-y-lactancia/sillas-para-comer/11780484_23586822_76958416
[DEBUG] Subcategoría duplicada omitida por URL: [Perfumería e Higiene] Shampoo y Bálsamo -> https://super.lider.cl/browse/mundo-bebe-y-jugueteria/perfumeria-e-higiene/shampoo-y-balsamo/11780484_96645034_33464976
[DEBUG] Subcategoría duplicada omitida por URL: [Perfumería e Higiene] Jabón -> https://super.lider.cl/browse/mundo-bebe-y-jugueteria/perfumeria-e-higiene/jabon/11780484_96645034_33865365
[DEBUG] Subcategoría duplicada omitida por URL: [Perfumería e Higiene] Cremas y Aceites -> https://super.lider.cl/browse/mundo-bebe-y-jugueteria/perfumeria-e-higiene/cremas-y-aceites/11780484_96645034_57030571
[DEBUG] Subcategoría duplicada omitida por URL: [Perfumería e Higiene] Colonias y Lociones -> https://super.lider.cl/browse/mundo-bebe-y-jugueteria/perfumeria-e-higiene/colonias-y-lociones/11780484_96645034_64397654
[DEBUG] Subcategoría duplicada omitida por URL: [Perfumería e Higiene] Talcos y Pomadas -> https://super.lider.cl/browse/mundo-bebe-y-jugueteria/perfumeria-e-higiene/talcos-y-pomadas/11780484_96645034_48346309
[DEBUG] Subcategoría duplicada omitida por URL: [Perfumería e Higiene] Accesorios Lactancia y Cuidado -> https://super.lider.cl/browse/mundo-bebe-y-jugueteria/perfumeria-e-higiene/accesorios-lactancia-y-cuidado/11780484_96645034_34843549
[DEBUG] Subcategoría duplicada omitida por URL: [Perfumería e Higiene] Accesorios Baño -> https://super.lider.cl/browse/mundo-bebe-y-jugueteria/perfumeria-e-higiene/accesorios-bano/11780484_96645034_87629217
[DEBUG] Subcategoría duplicada omitida por URL: [Perfumería e Higiene] Reivsar todo -> https://super.lider.cl/browse/mundo-bebe-y-jugueteria/perfumeria-e-higiene/11780484_96645034
[DEBUG] Subcategoría duplicada omitida por URL: [Perfumería e Higiene] Babysec -> https://super.lider.cl/browse/mundo-bebe-y-jugueteria/panales-y-muda/babysec/11780484_69224535_59131125
[DEBUG] Subcategoría duplicada omitida por URL: [Perfumería e Higiene] Emubaby -> https://super.lider.cl/browse/mundo-bebe-y-jugueteria/panales-y-muda/emubaby/11780484_69224535_61276778
[DEBUG] Subcategoría duplicada omitida por URL: [Perfumería e Higiene] Huggies -> https://super.lider.cl/browse/mundo-bebe-y-jugueteria/panales-y-muda/huggies/11780484_69224535_24872702
[DEBUG] Subcategoría duplicada omitida por URL: [Perfumería e Higiene] Pampers -> https://super.lider.cl/browse/mundo-bebe-y-jugueteria/panales-y-muda/pampers/11780484_69224535_63027401
[DEBUG] Subcategoría duplicada omitida por URL: [Perfumería e Higiene] Parents Choice -> https://super.lider.cl/browse/mundo-bebe-y-jugueteria/panales-y-muda/parents-choice/11780484_69224535_53648247
[DEBUG] Subcategoría duplicada omitida por URL: [Perfumería e Higiene] Toallitas Húmedas -> https://super.lider.cl/browse/mundo-bebe-y-jugueteria/panales-y-muda/toallitas-humedas/11780484_69224535_68323693
[DEBUG] Subcategoría duplicada omitida por URL: [Perfumería e Higiene] Centro de Actividades y Estimulación -> https://super.lider.cl/browse/mundo-bebe-y-jugueteria/actividades-bebe/centro-de-actividades-y-estimulacion/11780484_85214299_98170774
[DEBUG] Subcategoría duplicada omitida por URL: [Perfumería e Higiene] Mordedores y Sonajeros -> https://super.lider.cl/browse/mundo-bebe-y-jugueteria/actividades-bebe/mordedores-y-sonajeros/11780484_85214299_86865170
[DEBUG] Subcategoría duplicada omitida por URL: [Perfumería e Higiene] Coches y Sillas de Auto -> https://super.lider.cl/browse/mundo-bebe-y-jugueteria/actividades-bebe/coches-y-sillas-de-auto/11780484_85214299_70470202
[DEBUG] Subcategoría duplicada omitida por URL: [Perfumería e Higiene] Cunas y Dormitorio -> https://super.lider.cl/browse/mundo-bebe-y-jugueteria/actividades-bebe/cunas-y-dormitorio/11780484_85214299_71173986
[DEBUG] Subcategoría duplicada omitida por URL: [Perfumería e Higiene] Juguetes y Accesorios Baño -> https://super.lider.cl/browse/mundo-bebe-y-jugueteria/actividades-bebe/juguetes-y-accesorios-bano/11780484_85214299_97671494
[DEBUG] Subcategoría duplicada omitida por URL: [Perfumería e Higiene] Accesorios y Seguridad -> https://super.lider.cl/browse/mundo-bebe-y-jugueteria/actividades-bebe/accesorios-y-seguridad/11780484_85214299_75609491
[DEBUG] Subcategoría duplicada omitida por URL: [Perfumería e Higiene] Figuras de Acción y Coleccionables -> https://super.lider.cl/browse/mundo-bebe-y-jugueteria/jugueteria/figuras-de-accion-y-coleccionables/11780484_48411377_79231226
[DEBUG] Subcategoría duplicada omitida por URL: [Perfumería e Higiene] Muñecas y Accesorios -> https://super.lider.cl/browse/mundo-bebe-y-jugueteria/jugueteria/munecas-y-accesorios/11780484_48411377_72747460
[DEBUG] Subcategoría duplicada omitida por URL: [Perfumería e Higiene] Juegos de Mesa y Familiares -> https://super.lider.cl/browse/mundo-bebe-y-jugueteria/jugueteria/juegos-de-mesa-y-familiares/11780484_48411377_18736579
[DEBUG] Subcategoría duplicada omitida por URL: [Perfumería e Higiene] Vehículos y Rodados -> https://super.lider.cl/browse/mundo-bebe-y-jugueteria/jugueteria/vehiculos-y-rodados/11780484_48411377_98832673
[DEBUG] Subcategoría duplicada omitida por URL: [Perfumería e Higiene] Construcción y Bloques -> https://super.lider.cl/browse/mundo-bebe-y-jugueteria/jugueteria/construccion-y-bloques/11780484_48411377_20281112
[DEBUG] Subcategoría duplicada omitida por URL: [Perfumería e Higiene] Pre Escolar e Infantiles -> https://super.lider.cl/browse/mundo-bebe-y-jugueteria/jugueteria/pre-escolar-e-infantiles/11780484_48411377_15807280
[DEBUG] Subcategoría duplicada omitida por URL: [Perfumería e Higiene] Manualidades y Ciencia -> https://super.lider.cl/browse/mundo-bebe-y-jugueteria/jugueteria/manualidades-y-ciencia/11780484_48411377_74861030
[DEBUG] Subcategoría duplicada omitida por URL: [Perfumería e Higiene] Juego de Roles y Disfraces -> https://super.lider.cl/browse/mundo-bebe-y-jugueteria/jugueteria/juego-de-roles-y-disfraces/11780484_48411377_76152972
[DEBUG] Subcategoría duplicada omitida por URL: [Perfumería e Higiene] Juegos de Exterior -> https://super.lider.cl/browse/mundo-bebe-y-jugueteria/jugueteria/juegos-de-exterior/11780484_48411377_91982079
[DEBUG] Subcategoría duplicada omitida por URL: [Perfumería e Higiene] Lanzadores -> https://super.lider.cl/browse/mundo-bebe-y-jugueteria/jugueteria/lanzadores/11780484_48411377_34645991
[DEBUG] Subcategoría duplicada omitida por URL: [Perfumería e Higiene] Textil Bebé -> https://super.lider.cl/browse/mundo-bebe-y-jugueteria/ropa-de-bebe/textil-bebe/11780484_75259820_13653943
[DEBUG] Subcategoría duplicada omitida por URL: [Perfumería e Higiene] Accesorios Bebé -> https://super.lider.cl/browse/mundo-bebe-y-jugueteria/ropa-de-bebe/accesorios-bebe/11780484_75259820_39565084
[DEBUG] Subcategoría duplicada omitida por URL: [Perfumería e Higiene] Vestuario Bebé -> https://super.lider.cl/browse/mundo-bebe-y-jugueteria/ropa-de-bebe/vestuario-bebe/11780484_75259820_61468915
[DEBUG] Subcategoría duplicada omitida por URL: [Pañales y Muda] Pañales -> https://super.lider.cl/browse/mundo-bebe-y-jugueteria/panales-y-toallas-humedas/panales/11780484_12671170_82649776
[DEBUG] Subcategoría duplicada omitida por URL: [Pañales y Muda] Toallas Húmedas -> https://super.lider.cl/browse/mundo-bebe-y-jugueteria/panales-y-toallas-humedas/toallas-humedas/11780484_12671170_62518890
[DEBUG] Subcategoría duplicada omitida por URL: [Pañales y Muda] Colados Picados y Aceites -> https://super.lider.cl/browse/mundo-bebe-y-jugueteria/alimentacion-y-lactancia/colados-picados-y-aceites/11780484_23586822_54051415
[DEBUG] Subcategoría duplicada omitida por URL: [Pañales y Muda] Cereales Jugos y Snacks -> https://super.lider.cl/browse/mundo-bebe-y-jugueteria/alimentacion-y-lactancia/cereales-jugos-y-snacks/11780484_23586822_25882846
[DEBUG] Subcategoría duplicada omitida por URL: [Pañales y Muda] Fórmulas y Suplementos -> https://super.lider.cl/browse/mundo-bebe-y-jugueteria/alimentacion-y-lactancia/formulas-y-suplementos/11780484_23586822_14036163
[DEBUG] Subcategoría duplicada omitida por URL: [Pañales y Muda] Accesorios para Comer -> https://super.lider.cl/browse/mundo-bebe-y-jugueteria/alimentacion-y-lactancia/accesorios-para-comer/11780484_23586822_41433317
[DEBUG] Subcategoría duplicada omitida por URL: [Pañales y Muda] Mamaderas Tetinas y Vasos -> https://super.lider.cl/browse/mundo-bebe-y-jugueteria/alimentacion-y-lactancia/mamaderas-tetinas-y-vasos/11780484_23586822_71925836
[DEBUG] Subcategoría duplicada omitida por URL: [Pañales y Muda] Chupetes y Accesorios -> https://super.lider.cl/browse/mundo-bebe-y-jugueteria/alimentacion-y-lactancia/chupetes-y-accesorios/11780484_23586822_62165355
[DEBUG] Subcategoría duplicada omitida por URL: [Pañales y Muda] Sillas para Comer -> https://super.lider.cl/browse/mundo-bebe-y-jugueteria/alimentacion-y-lactancia/sillas-para-comer/11780484_23586822_76958416
[DEBUG] Subcategoría duplicada omitida por URL: [Pañales y Muda] Shampoo y Bálsamo -> https://super.lider.cl/browse/mundo-bebe-y-jugueteria/perfumeria-e-higiene/shampoo-y-balsamo/11780484_96645034_33464976
[DEBUG] Subcategoría duplicada omitida por URL: [Pañales y Muda] Jabón -> https://super.lider.cl/browse/mundo-bebe-y-jugueteria/perfumeria-e-higiene/jabon/11780484_96645034_33865365
[DEBUG] Subcategoría duplicada omitida por URL: [Pañales y Muda] Cremas y Aceites -> https://super.lider.cl/browse/mundo-bebe-y-jugueteria/perfumeria-e-higiene/cremas-y-aceites/11780484_96645034_57030571
[DEBUG] Subcategoría duplicada omitida por URL: [Pañales y Muda] Colonias y Lociones -> https://super.lider.cl/browse/mundo-bebe-y-jugueteria/perfumeria-e-higiene/colonias-y-lociones/11780484_96645034_64397654
[DEBUG] Subcategoría duplicada omitida por URL: [Pañales y Muda] Talcos y Pomadas -> https://super.lider.cl/browse/mundo-bebe-y-jugueteria/perfumeria-e-higiene/talcos-y-pomadas/11780484_96645034_48346309
[DEBUG] Subcategoría duplicada omitida por URL: [Pañales y Muda] Accesorios Lactancia y Cuidado -> https://super.lider.cl/browse/mundo-bebe-y-jugueteria/perfumeria-e-higiene/accesorios-lactancia-y-cuidado/11780484_96645034_34843549
[DEBUG] Subcategoría duplicada omitida por URL: [Pañales y Muda] Accesorios Baño -> https://super.lider.cl/browse/mundo-bebe-y-jugueteria/perfumeria-e-higiene/accesorios-bano/11780484_96645034_87629217
[DEBUG] Subcategoría duplicada omitida por URL: [Pañales y Muda] Reivsar todo -> https://super.lider.cl/browse/mundo-bebe-y-jugueteria/perfumeria-e-higiene/11780484_96645034
[DEBUG] Subcategoría duplicada omitida por URL: [Pañales y Muda] Babysec -> https://super.lider.cl/browse/mundo-bebe-y-jugueteria/panales-y-muda/babysec/11780484_69224535_59131125
[DEBUG] Subcategoría duplicada omitida por URL: [Pañales y Muda] Emubaby -> https://super.lider.cl/browse/mundo-bebe-y-jugueteria/panales-y-muda/emubaby/11780484_69224535_61276778
[DEBUG] Subcategoría duplicada omitida por URL: [Pañales y Muda] Huggies -> https://super.lider.cl/browse/mundo-bebe-y-jugueteria/panales-y-muda/huggies/11780484_69224535_24872702
[DEBUG] Subcategoría duplicada omitida por URL: [Pañales y Muda] Pampers -> https://super.lider.cl/browse/mundo-bebe-y-jugueteria/panales-y-muda/pampers/11780484_69224535_63027401
[DEBUG] Subcategoría duplicada omitida por URL: [Pañales y Muda] Parents Choice -> https://super.lider.cl/browse/mundo-bebe-y-jugueteria/panales-y-muda/parents-choice/11780484_69224535_53648247
[DEBUG] Subcategoría duplicada omitida por URL: [Pañales y Muda] Toallitas Húmedas -> https://super.lider.cl/browse/mundo-bebe-y-jugueteria/panales-y-muda/toallitas-humedas/11780484_69224535_68323693
[DEBUG] Subcategoría duplicada omitida por URL: [Pañales y Muda] Centro de Actividades y Estimulación -> https://super.lider.cl/browse/mundo-bebe-y-jugueteria/actividades-bebe/centro-de-actividades-y-estimulacion/11780484_85214299_98170774
[DEBUG] Subcategoría duplicada omitida por URL: [Pañales y Muda] Mordedores y Sonajeros -> https://super.lider.cl/browse/mundo-bebe-y-jugueteria/actividades-bebe/mordedores-y-sonajeros/11780484_85214299_86865170
[DEBUG] Subcategoría duplicada omitida por URL: [Pañales y Muda] Coches y Sillas de Auto -> https://super.lider.cl/browse/mundo-bebe-y-jugueteria/actividades-bebe/coches-y-sillas-de-auto/11780484_85214299_70470202
[DEBUG] Subcategoría duplicada omitida por URL: [Pañales y Muda] Cunas y Dormitorio -> https://super.lider.cl/browse/mundo-bebe-y-jugueteria/actividades-bebe/cunas-y-dormitorio/11780484_85214299_71173986
[DEBUG] Subcategoría duplicada omitida por URL: [Pañales y Muda] Juguetes y Accesorios Baño -> https://super.lider.cl/browse/mundo-bebe-y-jugueteria/actividades-bebe/juguetes-y-accesorios-bano/11780484_85214299_97671494
[DEBUG] Subcategoría duplicada omitida por URL: [Pañales y Muda] Accesorios y Seguridad -> https://super.lider.cl/browse/mundo-bebe-y-jugueteria/actividades-bebe/accesorios-y-seguridad/11780484_85214299_75609491
[DEBUG] Subcategoría duplicada omitida por URL: [Pañales y Muda] Figuras de Acción y Coleccionables -> https://super.lider.cl/browse/mundo-bebe-y-jugueteria/jugueteria/figuras-de-accion-y-coleccionables/11780484_48411377_79231226
[DEBUG] Subcategoría duplicada omitida por URL: [Pañales y Muda] Muñecas y Accesorios -> https://super.lider.cl/browse/mundo-bebe-y-jugueteria/jugueteria/munecas-y-accesorios/11780484_48411377_72747460
[DEBUG] Subcategoría duplicada omitida por URL: [Pañales y Muda] Juegos de Mesa y Familiares -> https://super.lider.cl/browse/mundo-bebe-y-jugueteria/jugueteria/juegos-de-mesa-y-familiares/11780484_48411377_18736579
[DEBUG] Subcategoría duplicada omitida por URL: [Pañales y Muda] Vehículos y Rodados -> https://super.lider.cl/browse/mundo-bebe-y-jugueteria/jugueteria/vehiculos-y-rodados/11780484_48411377_98832673
[DEBUG] Subcategoría duplicada omitida por URL: [Pañales y Muda] Construcción y Bloques -> https://super.lider.cl/browse/mundo-bebe-y-jugueteria/jugueteria/construccion-y-bloques/11780484_48411377_20281112
[DEBUG] Subcategoría duplicada omitida por URL: [Pañales y Muda] Pre Escolar e Infantiles -> https://super.lider.cl/browse/mundo-bebe-y-jugueteria/jugueteria/pre-escolar-e-infantiles/11780484_48411377_15807280
[DEBUG] Subcategoría duplicada omitida por URL: [Pañales y Muda] Manualidades y Ciencia -> https://super.lider.cl/browse/mundo-bebe-y-jugueteria/jugueteria/manualidades-y-ciencia/11780484_48411377_74861030
[DEBUG] Subcategoría duplicada omitida por URL: [Pañales y Muda] Juego de Roles y Disfraces -> https://super.lider.cl/browse/mundo-bebe-y-jugueteria/jugueteria/juego-de-roles-y-disfraces/11780484_48411377_76152972
[DEBUG] Subcategoría duplicada omitida por URL: [Pañales y Muda] Juegos de Exterior -> https://super.lider.cl/browse/mundo-bebe-y-jugueteria/jugueteria/juegos-de-exterior/11780484_48411377_91982079
[DEBUG] Subcategoría duplicada omitida por URL: [Pañales y Muda] Lanzadores -> https://super.lider.cl/browse/mundo-bebe-y-jugueteria/jugueteria/lanzadores/11780484_48411377_34645991
[DEBUG] Subcategoría duplicada omitida por URL: [Pañales y Muda] Textil Bebé -> https://super.lider.cl/browse/mundo-bebe-y-jugueteria/ropa-de-bebe/textil-bebe/11780484_75259820_13653943
[DEBUG] Subcategoría duplicada omitida por URL: [Pañales y Muda] Accesorios Bebé -> https://super.lider.cl/browse/mundo-bebe-y-jugueteria/ropa-de-bebe/accesorios-bebe/11780484_75259820_39565084
[DEBUG] Subcategoría duplicada omitida por URL: [Pañales y Muda] Vestuario Bebé -> https://super.lider.cl/browse/mundo-bebe-y-jugueteria/ropa-de-bebe/vestuario-bebe/11780484_75259820_61468915
[DEBUG] Subcategoría duplicada omitida por URL: [Actividades Bebé] Pañales -> https://super.lider.cl/browse/mundo-bebe-y-jugueteria/panales-y-toallas-humedas/panales/11780484_12671170_82649776
[DEBUG] Subcategoría duplicada omitida por URL: [Actividades Bebé] Toallas Húmedas -> https://super.lider.cl/browse/mundo-bebe-y-jugueteria/panales-y-toallas-humedas/toallas-humedas/11780484_12671170_62518890
[DEBUG] Subcategoría duplicada omitida por URL: [Actividades Bebé] Colados Picados y Aceites -> https://super.lider.cl/browse/mundo-bebe-y-jugueteria/alimentacion-y-lactancia/colados-picados-y-aceites/11780484_23586822_54051415
[DEBUG] Subcategoría duplicada omitida por URL: [Actividades Bebé] Cereales Jugos y Snacks -> https://super.lider.cl/browse/mundo-bebe-y-jugueteria/alimentacion-y-lactancia/cereales-jugos-y-snacks/11780484_23586822_25882846
[DEBUG] Subcategoría duplicada omitida por URL: [Actividades Bebé] Fórmulas y Suplementos -> https://super.lider.cl/browse/mundo-bebe-y-jugueteria/alimentacion-y-lactancia/formulas-y-suplementos/11780484_23586822_14036163
[DEBUG] Subcategoría duplicada omitida por URL: [Actividades Bebé] Accesorios para Comer -> https://super.lider.cl/browse/mundo-bebe-y-jugueteria/alimentacion-y-lactancia/accesorios-para-comer/11780484_23586822_41433317
[DEBUG] Subcategoría duplicada omitida por URL: [Actividades Bebé] Mamaderas Tetinas y Vasos -> https://super.lider.cl/browse/mundo-bebe-y-jugueteria/alimentacion-y-lactancia/mamaderas-tetinas-y-vasos/11780484_23586822_71925836
[DEBUG] Subcategoría duplicada omitida por URL: [Actividades Bebé] Chupetes y Accesorios -> https://super.lider.cl/browse/mundo-bebe-y-jugueteria/alimentacion-y-lactancia/chupetes-y-accesorios/11780484_23586822_62165355
[DEBUG] Subcategoría duplicada omitida por URL: [Actividades Bebé] Sillas para Comer -> https://super.lider.cl/browse/mundo-bebe-y-jugueteria/alimentacion-y-lactancia/sillas-para-comer/11780484_23586822_76958416
[DEBUG] Subcategoría duplicada omitida por URL: [Actividades Bebé] Shampoo y Bálsamo -> https://super.lider.cl/browse/mundo-bebe-y-jugueteria/perfumeria-e-higiene/shampoo-y-balsamo/11780484_96645034_33464976
[DEBUG] Subcategoría duplicada omitida por URL: [Actividades Bebé] Jabón -> https://super.lider.cl/browse/mundo-bebe-y-jugueteria/perfumeria-e-higiene/jabon/11780484_96645034_33865365
[DEBUG] Subcategoría duplicada omitida por URL: [Actividades Bebé] Cremas y Aceites -> https://super.lider.cl/browse/mundo-bebe-y-jugueteria/perfumeria-e-higiene/cremas-y-aceites/11780484_96645034_57030571
[DEBUG] Subcategoría duplicada omitida por URL: [Actividades Bebé] Colonias y Lociones -> https://super.lider.cl/browse/mundo-bebe-y-jugueteria/perfumeria-e-higiene/colonias-y-lociones/11780484_96645034_64397654
[DEBUG] Subcategoría duplicada omitida por URL: [Actividades Bebé] Talcos y Pomadas -> https://super.lider.cl/browse/mundo-bebe-y-jugueteria/perfumeria-e-higiene/talcos-y-pomadas/11780484_96645034_48346309
[DEBUG] Subcategoría duplicada omitida por URL: [Actividades Bebé] Accesorios Lactancia y Cuidado -> https://super.lider.cl/browse/mundo-bebe-y-jugueteria/perfumeria-e-higiene/accesorios-lactancia-y-cuidado/11780484_96645034_34843549
[DEBUG] Subcategoría duplicada omitida por URL: [Actividades Bebé] Accesorios Baño -> https://super.lider.cl/browse/mundo-bebe-y-jugueteria/perfumeria-e-higiene/accesorios-bano/11780484_96645034_87629217
[DEBUG] Subcategoría duplicada omitida por URL: [Actividades Bebé] Reivsar todo -> https://super.lider.cl/browse/mundo-bebe-y-jugueteria/perfumeria-e-higiene/11780484_96645034
[DEBUG] Subcategoría duplicada omitida por URL: [Actividades Bebé] Babysec -> https://super.lider.cl/browse/mundo-bebe-y-jugueteria/panales-y-muda/babysec/11780484_69224535_59131125
[DEBUG] Subcategoría duplicada omitida por URL: [Actividades Bebé] Emubaby -> https://super.lider.cl/browse/mundo-bebe-y-jugueteria/panales-y-muda/emubaby/11780484_69224535_61276778
[DEBUG] Subcategoría duplicada omitida por URL: [Actividades Bebé] Huggies -> https://super.lider.cl/browse/mundo-bebe-y-jugueteria/panales-y-muda/huggies/11780484_69224535_24872702
[DEBUG] Subcategoría duplicada omitida por URL: [Actividades Bebé] Pampers -> https://super.lider.cl/browse/mundo-bebe-y-jugueteria/panales-y-muda/pampers/11780484_69224535_63027401
[DEBUG] Subcategoría duplicada omitida por URL: [Actividades Bebé] Parents Choice -> https://super.lider.cl/browse/mundo-bebe-y-jugueteria/panales-y-muda/parents-choice/11780484_69224535_53648247
[DEBUG] Subcategoría duplicada omitida por URL: [Actividades Bebé] Toallitas Húmedas -> https://super.lider.cl/browse/mundo-bebe-y-jugueteria/panales-y-muda/toallitas-humedas/11780484_69224535_68323693
[DEBUG] Subcategoría duplicada omitida por URL: [Actividades Bebé] Centro de Actividades y Estimulación -> https://super.lider.cl/browse/mundo-bebe-y-jugueteria/actividades-bebe/centro-de-actividades-y-estimulacion/11780484_85214299_98170774
[DEBUG] Subcategoría duplicada omitida por URL: [Actividades Bebé] Mordedores y Sonajeros -> https://super.lider.cl/browse/mundo-bebe-y-jugueteria/actividades-bebe/mordedores-y-sonajeros/11780484_85214299_86865170
[DEBUG] Subcategoría duplicada omitida por URL: [Actividades Bebé] Coches y Sillas de Auto -> https://super.lider.cl/browse/mundo-bebe-y-jugueteria/actividades-bebe/coches-y-sillas-de-auto/11780484_85214299_70470202
[DEBUG] Subcategoría duplicada omitida por URL: [Actividades Bebé] Cunas y Dormitorio -> https://super.lider.cl/browse/mundo-bebe-y-jugueteria/actividades-bebe/cunas-y-dormitorio/11780484_85214299_71173986
[DEBUG] Subcategoría duplicada omitida por URL: [Actividades Bebé] Juguetes y Accesorios Baño -> https://super.lider.cl/browse/mundo-bebe-y-jugueteria/actividades-bebe/juguetes-y-accesorios-bano/11780484_85214299_97671494
[DEBUG] Subcategoría duplicada omitida por URL: [Actividades Bebé] Accesorios y Seguridad -> https://super.lider.cl/browse/mundo-bebe-y-jugueteria/actividades-bebe/accesorios-y-seguridad/11780484_85214299_75609491
[DEBUG] Subcategoría duplicada omitida por URL: [Actividades Bebé] Figuras de Acción y Coleccionables -> https://super.lider.cl/browse/mundo-bebe-y-jugueteria/jugueteria/figuras-de-accion-y-coleccionables/11780484_48411377_79231226
[DEBUG] Subcategoría duplicada omitida por URL: [Actividades Bebé] Muñecas y Accesorios -> https://super.lider.cl/browse/mundo-bebe-y-jugueteria/jugueteria/munecas-y-accesorios/11780484_48411377_72747460
[DEBUG] Subcategoría duplicada omitida por URL: [Actividades Bebé] Juegos de Mesa y Familiares -> https://super.lider.cl/browse/mundo-bebe-y-jugueteria/jugueteria/juegos-de-mesa-y-familiares/11780484_48411377_18736579
[DEBUG] Subcategoría duplicada omitida por URL: [Actividades Bebé] Vehículos y Rodados -> https://super.lider.cl/browse/mundo-bebe-y-jugueteria/jugueteria/vehiculos-y-rodados/11780484_48411377_98832673
[DEBUG] Subcategoría duplicada omitida por URL: [Actividades Bebé] Construcción y Bloques -> https://super.lider.cl/browse/mundo-bebe-y-jugueteria/jugueteria/construccion-y-bloques/11780484_48411377_20281112
[DEBUG] Subcategoría duplicada omitida por URL: [Actividades Bebé] Pre Escolar e Infantiles -> https://super.lider.cl/browse/mundo-bebe-y-jugueteria/jugueteria/pre-escolar-e-infantiles/11780484_48411377_15807280
[DEBUG] Subcategoría duplicada omitida por URL: [Actividades Bebé] Manualidades y Ciencia -> https://super.lider.cl/browse/mundo-bebe-y-jugueteria/jugueteria/manualidades-y-ciencia/11780484_48411377_74861030
[DEBUG] Subcategoría duplicada omitida por URL: [Actividades Bebé] Juego de Roles y Disfraces -> https://super.lider.cl/browse/mundo-bebe-y-jugueteria/jugueteria/juego-de-roles-y-disfraces/11780484_48411377_76152972
[DEBUG] Subcategoría duplicada omitida por URL: [Actividades Bebé] Juegos de Exterior -> https://super.lider.cl/browse/mundo-bebe-y-jugueteria/jugueteria/juegos-de-exterior/11780484_48411377_91982079
[DEBUG] Subcategoría duplicada omitida por URL: [Actividades Bebé] Lanzadores -> https://super.lider.cl/browse/mundo-bebe-y-jugueteria/jugueteria/lanzadores/11780484_48411377_34645991
[DEBUG] Subcategoría duplicada omitida por URL: [Actividades Bebé] Textil Bebé -> https://super.lider.cl/browse/mundo-bebe-y-jugueteria/ropa-de-bebe/textil-bebe/11780484_75259820_13653943
[DEBUG] Subcategoría duplicada omitida por URL: [Actividades Bebé] Accesorios Bebé -> https://super.lider.cl/browse/mundo-bebe-y-jugueteria/ropa-de-bebe/accesorios-bebe/11780484_75259820_39565084
[DEBUG] Subcategoría duplicada omitida por URL: [Actividades Bebé] Vestuario Bebé -> https://super.lider.cl/browse/mundo-bebe-y-jugueteria/ropa-de-bebe/vestuario-bebe/11780484_75259820_61468915
[DEBUG] Subcategoría duplicada omitida por URL: [Juguetería] Pañales -> https://super.lider.cl/browse/mundo-bebe-y-jugueteria/panales-y-toallas-humedas/panales/11780484_12671170_82649776
[DEBUG] Subcategoría duplicada omitida por URL: [Juguetería] Toallas Húmedas -> https://super.lider.cl/browse/mundo-bebe-y-jugueteria/panales-y-toallas-humedas/toallas-humedas/11780484_12671170_62518890
[DEBUG] Subcategoría duplicada omitida por URL: [Juguetería] Colados Picados y Aceites -> https://super.lider.cl/browse/mundo-bebe-y-jugueteria/alimentacion-y-lactancia/colados-picados-y-aceites/11780484_23586822_54051415
[DEBUG] Subcategoría duplicada omitida por URL: [Juguetería] Cereales Jugos y Snacks -> https://super.lider.cl/browse/mundo-bebe-y-jugueteria/alimentacion-y-lactancia/cereales-jugos-y-snacks/11780484_23586822_25882846
[DEBUG] Subcategoría duplicada omitida por URL: [Juguetería] Fórmulas y Suplementos -> https://super.lider.cl/browse/mundo-bebe-y-jugueteria/alimentacion-y-lactancia/formulas-y-suplementos/11780484_23586822_14036163
[DEBUG] Subcategoría duplicada omitida por URL: [Juguetería] Accesorios para Comer -> https://super.lider.cl/browse/mundo-bebe-y-jugueteria/alimentacion-y-lactancia/accesorios-para-comer/11780484_23586822_41433317
[DEBUG] Subcategoría duplicada omitida por URL: [Juguetería] Mamaderas Tetinas y Vasos -> https://super.lider.cl/browse/mundo-bebe-y-jugueteria/alimentacion-y-lactancia/mamaderas-tetinas-y-vasos/11780484_23586822_71925836
[DEBUG] Subcategoría duplicada omitida por URL: [Juguetería] Chupetes y Accesorios -> https://super.lider.cl/browse/mundo-bebe-y-jugueteria/alimentacion-y-lactancia/chupetes-y-accesorios/11780484_23586822_62165355
[DEBUG] Subcategoría duplicada omitida por URL: [Juguetería] Sillas para Comer -> https://super.lider.cl/browse/mundo-bebe-y-jugueteria/alimentacion-y-lactancia/sillas-para-comer/11780484_23586822_76958416
[DEBUG] Subcategoría duplicada omitida por URL: [Juguetería] Shampoo y Bálsamo -> https://super.lider.cl/browse/mundo-bebe-y-jugueteria/perfumeria-e-higiene/shampoo-y-balsamo/11780484_96645034_33464976
[DEBUG] Subcategoría duplicada omitida por URL: [Juguetería] Jabón -> https://super.lider.cl/browse/mundo-bebe-y-jugueteria/perfumeria-e-higiene/jabon/11780484_96645034_33865365
[DEBUG] Subcategoría duplicada omitida por URL: [Juguetería] Cremas y Aceites -> https://super.lider.cl/browse/mundo-bebe-y-jugueteria/perfumeria-e-higiene/cremas-y-aceites/11780484_96645034_57030571
[DEBUG] Subcategoría duplicada omitida por URL: [Juguetería] Colonias y Lociones -> https://super.lider.cl/browse/mundo-bebe-y-jugueteria/perfumeria-e-higiene/colonias-y-lociones/11780484_96645034_64397654
[DEBUG] Subcategoría duplicada omitida por URL: [Juguetería] Talcos y Pomadas -> https://super.lider.cl/browse/mundo-bebe-y-jugueteria/perfumeria-e-higiene/talcos-y-pomadas/11780484_96645034_48346309
[DEBUG] Subcategoría duplicada omitida por URL: [Juguetería] Accesorios Lactancia y Cuidado -> https://super.lider.cl/browse/mundo-bebe-y-jugueteria/perfumeria-e-higiene/accesorios-lactancia-y-cuidado/11780484_96645034_34843549
[DEBUG] Subcategoría duplicada omitida por URL: [Juguetería] Accesorios Baño -> https://super.lider.cl/browse/mundo-bebe-y-jugueteria/perfumeria-e-higiene/accesorios-bano/11780484_96645034_87629217
[DEBUG] Subcategoría duplicada omitida por URL: [Juguetería] Reivsar todo -> https://super.lider.cl/browse/mundo-bebe-y-jugueteria/perfumeria-e-higiene/11780484_96645034
[DEBUG] Subcategoría duplicada omitida por URL: [Juguetería] Babysec -> https://super.lider.cl/browse/mundo-bebe-y-jugueteria/panales-y-muda/babysec/11780484_69224535_59131125
[DEBUG] Subcategoría duplicada omitida por URL: [Juguetería] Emubaby -> https://super.lider.cl/browse/mundo-bebe-y-jugueteria/panales-y-muda/emubaby/11780484_69224535_61276778
[DEBUG] Subcategoría duplicada omitida por URL: [Juguetería] Huggies -> https://super.lider.cl/browse/mundo-bebe-y-jugueteria/panales-y-muda/huggies/11780484_69224535_24872702
[DEBUG] Subcategoría duplicada omitida por URL: [Juguetería] Pampers -> https://super.lider.cl/browse/mundo-bebe-y-jugueteria/panales-y-muda/pampers/11780484_69224535_63027401
[DEBUG] Subcategoría duplicada omitida por URL: [Juguetería] Parents Choice -> https://super.lider.cl/browse/mundo-bebe-y-jugueteria/panales-y-muda/parents-choice/11780484_69224535_53648247
[DEBUG] Subcategoría duplicada omitida por URL: [Juguetería] Toallitas Húmedas -> https://super.lider.cl/browse/mundo-bebe-y-jugueteria/panales-y-muda/toallitas-humedas/11780484_69224535_68323693
[DEBUG] Subcategoría duplicada omitida por URL: [Juguetería] Centro de Actividades y Estimulación -> https://super.lider.cl/browse/mundo-bebe-y-jugueteria/actividades-bebe/centro-de-actividades-y-estimulacion/11780484_85214299_98170774
[DEBUG] Subcategoría duplicada omitida por URL: [Juguetería] Mordedores y Sonajeros -> https://super.lider.cl/browse/mundo-bebe-y-jugueteria/actividades-bebe/mordedores-y-sonajeros/11780484_85214299_86865170
[DEBUG] Subcategoría duplicada omitida por URL: [Juguetería] Coches y Sillas de Auto -> https://super.lider.cl/browse/mundo-bebe-y-jugueteria/actividades-bebe/coches-y-sillas-de-auto/11780484_85214299_70470202
[DEBUG] Subcategoría duplicada omitida por URL: [Juguetería] Cunas y Dormitorio -> https://super.lider.cl/browse/mundo-bebe-y-jugueteria/actividades-bebe/cunas-y-dormitorio/11780484_85214299_71173986
[DEBUG] Subcategoría duplicada omitida por URL: [Juguetería] Juguetes y Accesorios Baño -> https://super.lider.cl/browse/mundo-bebe-y-jugueteria/actividades-bebe/juguetes-y-accesorios-bano/11780484_85214299_97671494
[DEBUG] Subcategoría duplicada omitida por URL: [Juguetería] Accesorios y Seguridad -> https://super.lider.cl/browse/mundo-bebe-y-jugueteria/actividades-bebe/accesorios-y-seguridad/11780484_85214299_75609491
[DEBUG] Subcategoría duplicada omitida por URL: [Juguetería] Figuras de Acción y Coleccionables -> https://super.lider.cl/browse/mundo-bebe-y-jugueteria/jugueteria/figuras-de-accion-y-coleccionables/11780484_48411377_79231226
[DEBUG] Subcategoría duplicada omitida por URL: [Juguetería] Muñecas y Accesorios -> https://super.lider.cl/browse/mundo-bebe-y-jugueteria/jugueteria/munecas-y-accesorios/11780484_48411377_72747460
[DEBUG] Subcategoría duplicada omitida por URL: [Juguetería] Juegos de Mesa y Familiares -> https://super.lider.cl/browse/mundo-bebe-y-jugueteria/jugueteria/juegos-de-mesa-y-familiares/11780484_48411377_18736579
[DEBUG] Subcategoría duplicada omitida por URL: [Juguetería] Vehículos y Rodados -> https://super.lider.cl/browse/mundo-bebe-y-jugueteria/jugueteria/vehiculos-y-rodados/11780484_48411377_98832673
[DEBUG] Subcategoría duplicada omitida por URL: [Juguetería] Construcción y Bloques -> https://super.lider.cl/browse/mundo-bebe-y-jugueteria/jugueteria/construccion-y-bloques/11780484_48411377_20281112
[DEBUG] Subcategoría duplicada omitida por URL: [Juguetería] Pre Escolar e Infantiles -> https://super.lider.cl/browse/mundo-bebe-y-jugueteria/jugueteria/pre-escolar-e-infantiles/11780484_48411377_15807280
[DEBUG] Subcategoría duplicada omitida por URL: [Juguetería] Manualidades y Ciencia -> https://super.lider.cl/browse/mundo-bebe-y-jugueteria/jugueteria/manualidades-y-ciencia/11780484_48411377_74861030
[DEBUG] Subcategoría duplicada omitida por URL: [Juguetería] Juego de Roles y Disfraces -> https://super.lider.cl/browse/mundo-bebe-y-jugueteria/jugueteria/juego-de-roles-y-disfraces/11780484_48411377_76152972
[DEBUG] Subcategoría duplicada omitida por URL: [Juguetería] Juegos de Exterior -> https://super.lider.cl/browse/mundo-bebe-y-jugueteria/jugueteria/juegos-de-exterior/11780484_48411377_91982079
[DEBUG] Subcategoría duplicada omitida por URL: [Juguetería] Lanzadores -> https://super.lider.cl/browse/mundo-bebe-y-jugueteria/jugueteria/lanzadores/11780484_48411377_34645991
[DEBUG] Subcategoría duplicada omitida por URL: [Juguetería] Textil Bebé -> https://super.lider.cl/browse/mundo-bebe-y-jugueteria/ropa-de-bebe/textil-bebe/11780484_75259820_13653943
[DEBUG] Subcategoría duplicada omitida por URL: [Juguetería] Accesorios Bebé -> https://super.lider.cl/browse/mundo-bebe-y-jugueteria/ropa-de-bebe/accesorios-bebe/11780484_75259820_39565084
[DEBUG] Subcategoría duplicada omitida por URL: [Juguetería] Vestuario Bebé -> https://super.lider.cl/browse/mundo-bebe-y-jugueteria/ropa-de-bebe/vestuario-bebe/11780484_75259820_61468915
[DEBUG] Subcategoría duplicada omitida por URL: [Ropa de Bebé] Pañales -> https://super.lider.cl/browse/mundo-bebe-y-jugueteria/panales-y-toallas-humedas/panales/11780484_12671170_82649776
[DEBUG] Subcategoría duplicada omitida por URL: [Ropa de Bebé] Toallas Húmedas -> https://super.lider.cl/browse/mundo-bebe-y-jugueteria/panales-y-toallas-humedas/toallas-humedas/11780484_12671170_62518890
[DEBUG] Subcategoría duplicada omitida por URL: [Ropa de Bebé] Colados Picados y Aceites -> https://super.lider.cl/browse/mundo-bebe-y-jugueteria/alimentacion-y-lactancia/colados-picados-y-aceites/11780484_23586822_54051415
[DEBUG] Subcategoría duplicada omitida por URL: [Ropa de Bebé] Cereales Jugos y Snacks -> https://super.lider.cl/browse/mundo-bebe-y-jugueteria/alimentacion-y-lactancia/cereales-jugos-y-snacks/11780484_23586822_25882846
[DEBUG] Subcategoría duplicada omitida por URL: [Ropa de Bebé] Fórmulas y Suplementos -> https://super.lider.cl/browse/mundo-bebe-y-jugueteria/alimentacion-y-lactancia/formulas-y-suplementos/11780484_23586822_14036163
[DEBUG] Subcategoría duplicada omitida por URL: [Ropa de Bebé] Accesorios para Comer -> https://super.lider.cl/browse/mundo-bebe-y-jugueteria/alimentacion-y-lactancia/accesorios-para-comer/11780484_23586822_41433317
[DEBUG] Subcategoría duplicada omitida por URL: [Ropa de Bebé] Mamaderas Tetinas y Vasos -> https://super.lider.cl/browse/mundo-bebe-y-jugueteria/alimentacion-y-lactancia/mamaderas-tetinas-y-vasos/11780484_23586822_71925836
[DEBUG] Subcategoría duplicada omitida por URL: [Ropa de Bebé] Chupetes y Accesorios -> https://super.lider.cl/browse/mundo-bebe-y-jugueteria/alimentacion-y-lactancia/chupetes-y-accesorios/11780484_23586822_62165355
[DEBUG] Subcategoría duplicada omitida por URL: [Ropa de Bebé] Sillas para Comer -> https://super.lider.cl/browse/mundo-bebe-y-jugueteria/alimentacion-y-lactancia/sillas-para-comer/11780484_23586822_76958416
[DEBUG] Subcategoría duplicada omitida por URL: [Ropa de Bebé] Shampoo y Bálsamo -> https://super.lider.cl/browse/mundo-bebe-y-jugueteria/perfumeria-e-higiene/shampoo-y-balsamo/11780484_96645034_33464976
[DEBUG] Subcategoría duplicada omitida por URL: [Ropa de Bebé] Jabón -> https://super.lider.cl/browse/mundo-bebe-y-jugueteria/perfumeria-e-higiene/jabon/11780484_96645034_33865365
[DEBUG] Subcategoría duplicada omitida por URL: [Ropa de Bebé] Cremas y Aceites -> https://super.lider.cl/browse/mundo-bebe-y-jugueteria/perfumeria-e-higiene/cremas-y-aceites/11780484_96645034_57030571
[DEBUG] Subcategoría duplicada omitida por URL: [Ropa de Bebé] Colonias y Lociones -> https://super.lider.cl/browse/mundo-bebe-y-jugueteria/perfumeria-e-higiene/colonias-y-lociones/11780484_96645034_64397654
[DEBUG] Subcategoría duplicada omitida por URL: [Ropa de Bebé] Talcos y Pomadas -> https://super.lider.cl/browse/mundo-bebe-y-jugueteria/perfumeria-e-higiene/talcos-y-pomadas/11780484_96645034_48346309
[DEBUG] Subcategoría duplicada omitida por URL: [Ropa de Bebé] Accesorios Lactancia y Cuidado -> https://super.lider.cl/browse/mundo-bebe-y-jugueteria/perfumeria-e-higiene/accesorios-lactancia-y-cuidado/11780484_96645034_34843549
[DEBUG] Subcategoría duplicada omitida por URL: [Ropa de Bebé] Accesorios Baño -> https://super.lider.cl/browse/mundo-bebe-y-jugueteria/perfumeria-e-higiene/accesorios-bano/11780484_96645034_87629217
[DEBUG] Subcategoría duplicada omitida por URL: [Ropa de Bebé] Reivsar todo -> https://super.lider.cl/browse/mundo-bebe-y-jugueteria/perfumeria-e-higiene/11780484_96645034
[DEBUG] Subcategoría duplicada omitida por URL: [Ropa de Bebé] Babysec -> https://super.lider.cl/browse/mundo-bebe-y-jugueteria/panales-y-muda/babysec/11780484_69224535_59131125
[DEBUG] Subcategoría duplicada omitida por URL: [Ropa de Bebé] Emubaby -> https://super.lider.cl/browse/mundo-bebe-y-jugueteria/panales-y-muda/emubaby/11780484_69224535_61276778
[DEBUG] Subcategoría duplicada omitida por URL: [Ropa de Bebé] Huggies -> https://super.lider.cl/browse/mundo-bebe-y-jugueteria/panales-y-muda/huggies/11780484_69224535_24872702
[DEBUG] Subcategoría duplicada omitida por URL: [Ropa de Bebé] Pampers -> https://super.lider.cl/browse/mundo-bebe-y-jugueteria/panales-y-muda/pampers/11780484_69224535_63027401
[DEBUG] Subcategoría duplicada omitida por URL: [Ropa de Bebé] Parents Choice -> https://super.lider.cl/browse/mundo-bebe-y-jugueteria/panales-y-muda/parents-choice/11780484_69224535_53648247
[DEBUG] Subcategoría duplicada omitida por URL: [Ropa de Bebé] Toallitas Húmedas -> https://super.lider.cl/browse/mundo-bebe-y-jugueteria/panales-y-muda/toallitas-humedas/11780484_69224535_68323693
[DEBUG] Subcategoría duplicada omitida por URL: [Ropa de Bebé] Centro de Actividades y Estimulación -> https://super.lider.cl/browse/mundo-bebe-y-jugueteria/actividades-bebe/centro-de-actividades-y-estimulacion/11780484_85214299_98170774
[DEBUG] Subcategoría duplicada omitida por URL: [Ropa de Bebé] Mordedores y Sonajeros -> https://super.lider.cl/browse/mundo-bebe-y-jugueteria/actividades-bebe/mordedores-y-sonajeros/11780484_85214299_86865170
[DEBUG] Subcategoría duplicada omitida por URL: [Ropa de Bebé] Coches y Sillas de Auto -> https://super.lider.cl/browse/mundo-bebe-y-jugueteria/actividades-bebe/coches-y-sillas-de-auto/11780484_85214299_70470202
[DEBUG] Subcategoría duplicada omitida por URL: [Ropa de Bebé] Cunas y Dormitorio -> https://super.lider.cl/browse/mundo-bebe-y-jugueteria/actividades-bebe/cunas-y-dormitorio/11780484_85214299_71173986
[DEBUG] Subcategoría duplicada omitida por URL: [Ropa de Bebé] Juguetes y Accesorios Baño -> https://super.lider.cl/browse/mundo-bebe-y-jugueteria/actividades-bebe/juguetes-y-accesorios-bano/11780484_85214299_97671494
[DEBUG] Subcategoría duplicada omitida por URL: [Ropa de Bebé] Accesorios y Seguridad -> https://super.lider.cl/browse/mundo-bebe-y-jugueteria/actividades-bebe/accesorios-y-seguridad/11780484_85214299_75609491
[DEBUG] Subcategoría duplicada omitida por URL: [Ropa de Bebé] Figuras de Acción y Coleccionables -> https://super.lider.cl/browse/mundo-bebe-y-jugueteria/jugueteria/figuras-de-accion-y-coleccionables/11780484_48411377_79231226
[DEBUG] Subcategoría duplicada omitida por URL: [Ropa de Bebé] Muñecas y Accesorios -> https://super.lider.cl/browse/mundo-bebe-y-jugueteria/jugueteria/munecas-y-accesorios/11780484_48411377_72747460
[DEBUG] Subcategoría duplicada omitida por URL: [Ropa de Bebé] Juegos de Mesa y Familiares -> https://super.lider.cl/browse/mundo-bebe-y-jugueteria/jugueteria/juegos-de-mesa-y-familiares/11780484_48411377_18736579
[DEBUG] Subcategoría duplicada omitida por URL: [Ropa de Bebé] Vehículos y Rodados -> https://super.lider.cl/browse/mundo-bebe-y-jugueteria/jugueteria/vehiculos-y-rodados/11780484_48411377_98832673
[DEBUG] Subcategoría duplicada omitida por URL: [Ropa de Bebé] Construcción y Bloques -> https://super.lider.cl/browse/mundo-bebe-y-jugueteria/jugueteria/construccion-y-bloques/11780484_48411377_20281112
[DEBUG] Subcategoría duplicada omitida por URL: [Ropa de Bebé] Pre Escolar e Infantiles -> https://super.lider.cl/browse/mundo-bebe-y-jugueteria/jugueteria/pre-escolar-e-infantiles/11780484_48411377_15807280
[DEBUG] Subcategoría duplicada omitida por URL: [Ropa de Bebé] Manualidades y Ciencia -> https://super.lider.cl/browse/mundo-bebe-y-jugueteria/jugueteria/manualidades-y-ciencia/11780484_48411377_74861030
[DEBUG] Subcategoría duplicada omitida por URL: [Ropa de Bebé] Juego de Roles y Disfraces -> https://super.lider.cl/browse/mundo-bebe-y-jugueteria/jugueteria/juego-de-roles-y-disfraces/11780484_48411377_76152972
[DEBUG] Subcategoría duplicada omitida por URL: [Ropa de Bebé] Juegos de Exterior -> https://super.lider.cl/browse/mundo-bebe-y-jugueteria/jugueteria/juegos-de-exterior/11780484_48411377_91982079
[DEBUG] Subcategoría duplicada omitida por URL: [Ropa de Bebé] Lanzadores -> https://super.lider.cl/browse/mundo-bebe-y-jugueteria/jugueteria/lanzadores/11780484_48411377_34645991
[DEBUG] Subcategoría duplicada omitida por URL: [Ropa de Bebé] Textil Bebé -> https://super.lider.cl/browse/mundo-bebe-y-jugueteria/ropa-de-bebe/textil-bebe/11780484_75259820_13653943
[DEBUG] Subcategoría duplicada omitida por URL: [Ropa de Bebé] Accesorios Bebé -> https://super.lider.cl/browse/mundo-bebe-y-jugueteria/ropa-de-bebe/accesorios-bebe/11780484_75259820_39565084
[DEBUG] Subcategoría duplicada omitida por URL: [Ropa de Bebé] Vestuario Bebé -> https://super.lider.cl/browse/mundo-bebe-y-jugueteria/ropa-de-bebe/vestuario-bebe/11780484_75259820_61468915

[DEBUG] Subcategorías finales detectadas:
 - [Pañales y Toallas Húmedas] Pañales -> https://super.lider.cl/browse/mundo-bebe-y-jugueteria/panales-y-toallas-humedas/panales/11780484_12671170_82649776
 - [Pañales y Toallas Húmedas] Toallas Húmedas -> https://super.lider.cl/browse/mundo-bebe-y-jugueteria/panales-y-toallas-humedas/toallas-humedas/11780484_12671170_62518890
 - [Pañales y Toallas Húmedas] Colados Picados y Aceites -> https://super.lider.cl/browse/mundo-bebe-y-jugueteria/alimentacion-y-lactancia/colados-picados-y-aceites/11780484_23586822_54051415
 - [Pañales y Toallas Húmedas] Cereales Jugos y Snacks -> https://super.lider.cl/browse/mundo-bebe-y-jugueteria/alimentacion-y-lactancia/cereales-jugos-y-snacks/11780484_23586822_25882846
 - [Pañales y Toallas Húmedas] Fórmulas y Suplementos -> https://super.lider.cl/browse/mundo-bebe-y-jugueteria/alimentacion-y-lactancia/formulas-y-suplementos/11780484_23586822_14036163
 - [Pañales y Toallas Húmedas] Accesorios para Comer -> https://super.lider.cl/browse/mundo-bebe-y-jugueteria/alimentacion-y-lactancia/accesorios-para-comer/11780484_23586822_41433317
 - [Pañales y Toallas Húmedas] Mamaderas Tetinas y Vasos -> https://super.lider.cl/browse/mundo-bebe-y-jugueteria/alimentacion-y-lactancia/mamaderas-tetinas-y-vasos/11780484_23586822_71925836
 - [Pañales y Toallas Húmedas] Chupetes y Accesorios -> https://super.lider.cl/browse/mundo-bebe-y-jugueteria/alimentacion-y-lactancia/chupetes-y-accesorios/11780484_23586822_62165355
 - [Pañales y Toallas Húmedas] Sillas para Comer -> https://super.lider.cl/browse/mundo-bebe-y-jugueteria/alimentacion-y-lactancia/sillas-para-comer/11780484_23586822_76958416
 - [Pañales y Toallas Húmedas] Shampoo y Bálsamo -> https://super.lider.cl/browse/mundo-bebe-y-jugueteria/perfumeria-e-higiene/shampoo-y-balsamo/11780484_96645034_33464976
 - [Pañales y Toallas Húmedas] Jabón -> https://super.lider.cl/browse/mundo-bebe-y-jugueteria/perfumeria-e-higiene/jabon/11780484_96645034_33865365
 - [Pañales y Toallas Húmedas] Cremas y Aceites -> https://super.lider.cl/browse/mundo-bebe-y-jugueteria/perfumeria-e-higiene/cremas-y-aceites/11780484_96645034_57030571
 - [Pañales y Toallas Húmedas] Colonias y Lociones -> https://super.lider.cl/browse/mundo-bebe-y-jugueteria/perfumeria-e-higiene/colonias-y-lociones/11780484_96645034_64397654
 - [Pañales y Toallas Húmedas] Talcos y Pomadas -> https://super.lider.cl/browse/mundo-bebe-y-jugueteria/perfumeria-e-higiene/talcos-y-pomadas/11780484_96645034_48346309
 - [Pañales y Toallas Húmedas] Accesorios Lactancia y Cuidado -> https://super.lider.cl/browse/mundo-bebe-y-jugueteria/perfumeria-e-higiene/accesorios-lactancia-y-cuidado/11780484_96645034_34843549
 - [Pañales y Toallas Húmedas] Accesorios Baño -> https://super.lider.cl/browse/mundo-bebe-y-jugueteria/perfumeria-e-higiene/accesorios-bano/11780484_96645034_87629217
 - [Pañales y Toallas Húmedas] Reivsar todo -> https://super.lider.cl/browse/mundo-bebe-y-jugueteria/perfumeria-e-higiene/11780484_96645034
 - [Pañales y Toallas Húmedas] Babysec -> https://super.lider.cl/browse/mundo-bebe-y-jugueteria/panales-y-muda/babysec/11780484_69224535_59131125
 - [Pañales y Toallas Húmedas] Emubaby -> https://super.lider.cl/browse/mundo-bebe-y-jugueteria/panales-y-muda/emubaby/11780484_69224535_61276778
 - [Pañales y Toallas Húmedas] Huggies -> https://super.lider.cl/browse/mundo-bebe-y-jugueteria/panales-y-muda/huggies/11780484_69224535_24872702
 - [Pañales y Toallas Húmedas] Pampers -> https://super.lider.cl/browse/mundo-bebe-y-jugueteria/panales-y-muda/pampers/11780484_69224535_63027401
 - [Pañales y Toallas Húmedas] Parents Choice -> https://super.lider.cl/browse/mundo-bebe-y-jugueteria/panales-y-muda/parents-choice/11780484_69224535_53648247
 - [Pañales y Toallas Húmedas] Toallitas Húmedas -> https://super.lider.cl/browse/mundo-bebe-y-jugueteria/panales-y-muda/toallitas-humedas/11780484_69224535_68323693
 - [Pañales y Toallas Húmedas] Centro de Actividades y Estimulación -> https://super.lider.cl/browse/mundo-bebe-y-jugueteria/actividades-bebe/centro-de-actividades-y-estimulacion/11780484_85214299_98170774
 - [Pañales y Toallas Húmedas] Mordedores y Sonajeros -> https://super.lider.cl/browse/mundo-bebe-y-jugueteria/actividades-bebe/mordedores-y-sonajeros/11780484_85214299_86865170
 - [Pañales y Toallas Húmedas] Coches y Sillas de Auto -> https://super.lider.cl/browse/mundo-bebe-y-jugueteria/actividades-bebe/coches-y-sillas-de-auto/11780484_85214299_70470202
 - [Pañales y Toallas Húmedas] Cunas y Dormitorio -> https://super.lider.cl/browse/mundo-bebe-y-jugueteria/actividades-bebe/cunas-y-dormitorio/11780484_85214299_71173986
 - [Pañales y Toallas Húmedas] Juguetes y Accesorios Baño -> https://super.lider.cl/browse/mundo-bebe-y-jugueteria/actividades-bebe/juguetes-y-accesorios-bano/11780484_85214299_97671494
 - [Pañales y Toallas Húmedas] Accesorios y Seguridad -> https://super.lider.cl/browse/mundo-bebe-y-jugueteria/actividades-bebe/accesorios-y-seguridad/11780484_85214299_75609491
 - [Pañales y Toallas Húmedas] Figuras de Acción y Coleccionables -> https://super.lider.cl/browse/mundo-bebe-y-jugueteria/jugueteria/figuras-de-accion-y-coleccionables/11780484_48411377_79231226
 - [Pañales y Toallas Húmedas] Muñecas y Accesorios -> https://super.lider.cl/browse/mundo-bebe-y-jugueteria/jugueteria/munecas-y-accesorios/11780484_48411377_72747460
 - [Pañales y Toallas Húmedas] Juegos de Mesa y Familiares -> https://super.lider.cl/browse/mundo-bebe-y-jugueteria/jugueteria/juegos-de-mesa-y-familiares/11780484_48411377_18736579
 - [Pañales y Toallas Húmedas] Vehículos y Rodados -> https://super.lider.cl/browse/mundo-bebe-y-jugueteria/jugueteria/vehiculos-y-rodados/11780484_48411377_98832673
 - [Pañales y Toallas Húmedas] Construcción y Bloques -> https://super.lider.cl/browse/mundo-bebe-y-jugueteria/jugueteria/construccion-y-bloques/11780484_48411377_20281112
 - [Pañales y Toallas Húmedas] Pre Escolar e Infantiles -> https://super.lider.cl/browse/mundo-bebe-y-jugueteria/jugueteria/pre-escolar-e-infantiles/11780484_48411377_15807280
 - [Pañales y Toallas Húmedas] Manualidades y Ciencia -> https://super.lider.cl/browse/mundo-bebe-y-jugueteria/jugueteria/manualidades-y-ciencia/11780484_48411377_74861030
 - [Pañales y Toallas Húmedas] Juego de Roles y Disfraces -> https://super.lider.cl/browse/mundo-bebe-y-jugueteria/jugueteria/juego-de-roles-y-disfraces/11780484_48411377_76152972
 - [Pañales y Toallas Húmedas] Juegos de Exterior -> https://super.lider.cl/browse/mundo-bebe-y-jugueteria/jugueteria/juegos-de-exterior/11780484_48411377_91982079
 - [Pañales y Toallas Húmedas] Lanzadores -> https://super.lider.cl/browse/mundo-bebe-y-jugueteria/jugueteria/lanzadores/11780484_48411377_34645991
 - [Pañales y Toallas Húmedas] Textil Bebé -> https://super.lider.cl/browse/mundo-bebe-y-jugueteria/ropa-de-bebe/textil-bebe/11780484_75259820_13653943
 - [Pañales y Toallas Húmedas] Accesorios Bebé -> https://super.lider.cl/browse/mundo-bebe-y-jugueteria/ropa-de-bebe/accesorios-bebe/11780484_75259820_39565084
 - [Pañales y Toallas Húmedas] Vestuario Bebé -> https://super.lider.cl/browse/mundo-bebe-y-jugueteria/ropa-de-bebe/vestuario-bebe/11780484_75259820_61468915

[1/42] Scrape: [Pañales y Toallas Húmedas] Pañales
    page 1: procesando DOM
      scroll round 1: anchors=24
      scroll round 2: anchors=44
      scroll round 3: anchors=44
      scroll round 4: anchors=44
      scroll round 5: anchors=44
      scroll round 6: anchors=44
      scroll round 7: anchors=44
      scroll round 8: anchors=44
    page 1: visibles=44, nuevos=44, acumulados=44
    page 1: sample_skus=['00750043525371', '00780460354242', '00780650075247', '00780960403168', '00780460354282', '00750043523292', '00780650075226', '00750043515753', '00040000623093', '00780650075244']
    page 2: procesando DOM
      scroll round 1: anchors=24
      scroll round 2: anchors=36
      scroll round 3: anchors=44
      scroll round 4: anchors=44
      scroll round 5: anchors=44
      scroll round 6: anchors=44
      scroll round 7: anchors=44
      scroll round 8: anchors=44
    page 2: visibles=44, nuevos=44, acumulados=88
    page 2: sample_skus=['00780960403171', '00750043513025', '00780650075246', '00003600045609', '00750043513301', '00040000687481', '00780650079914', '00780460354197', '00780960403148', '00780650079910']
    page 3: procesando DOM
      scroll round 1: anchors=24
      scroll round 2: anchors=32
      scroll round 3: anchors=32
      scroll round 4: anchors=32
      scroll round 5: anchors=32
      scroll round 6: anchors=32
      scroll round 7: anchors=32
      scroll round 8: anchors=32
    page 3: visibles=32, nuevos=32, acumulados=120
    page 3: sample_skus=['00780460354205', '00780650075208', '00750043511334', '00750043513722', '00040000687479', '00775149301106', '00750043513024', '00780960403151', '00780650075219', '00750043511331']
    page 3: no se pudo avanzar al paginador siguiente
  productos acumulados subcategoría: 120

[2/42] Scrape: [Pañales y Toallas Húmedas] Toallas Húmedas
    page 1: procesando DOM
      scroll round 1: anchors=24
      scroll round 2: anchors=43
      scroll round 3: anchors=43
      scroll round 4: anchors=43
      scroll round 5: anchors=43
      scroll round 6: anchors=43
      scroll round 7: anchors=43
      scroll round 8: anchors=43
    page 1: visibles=43, nuevos=43, acumulados=43
    page 1: sample_skus=['00040005092091', '00780460354191', '00040005115613', '00040005115614', '00780494501742', '00780460354141', '00780460354276', '00780494501740', '00040000622340', '00040000622343']
    page 1: no se pudo avanzar al paginador siguiente
  productos acumulados subcategoría: 43

[3/42] Scrape: [Pañales y Toallas Húmedas] Colados Picados y Aceites
    page 1: procesando DOM
      scroll round 1: anchors=24
      scroll round 2: anchors=44
      scroll round 3: anchors=44
      scroll round 4: anchors=44
      scroll round 5: anchors=44
      scroll round 6: anchors=44
      scroll round 7: anchors=44
      scroll round 8: anchors=44
    page 1: visibles=44, nuevos=44, acumulados=44
    page 1: sample_skus=['00761303069257', '00761303026470', '00761303026456', '00761303069266', '00844529000429', '00761303651058', '00761303026408', '00761303026404', '00761303026237', '00844529176988']
    page 2: procesando DOM
      scroll round 1: anchors=17
      scroll round 2: anchors=17
      scroll round 3: anchors=17
      scroll round 4: anchors=17
      scroll round 5: anchors=17
      scroll round 6: anchors=17
      scroll round 7: anchors=17
      scroll round 8: anchors=17
    page 2: visibles=17, nuevos=17, acumulados=61
    page 2: sample_skus=['00780465506004', '00780465097027', '00780465506095', '00780465097047', '00780465506094', '00750647511029', '00780465506096', '00750647511028', '00750647511030', '00780465097048']
    page 2: no se pudo avanzar al paginador siguiente
  productos acumulados subcategoría: 61

[4/42] Scrape: [Pañales y Toallas Húmedas] Cereales Jugos y Snacks
    page 1: procesando DOM
      scroll round 1: anchors=24
      scroll round 2: anchors=36
      scroll round 3: anchors=44
      scroll round 4: anchors=44
      scroll round 5: anchors=44
      scroll round 6: anchors=44
      scroll round 7: anchors=44
      scroll round 8: anchors=44
    page 1: visibles=44, nuevos=44, acumulados=44
    page 1: sample_skus=['00079396900255', '00844529183261', '00074585384295', '00074585384296', '00780465097024', '00780465097025', '00079396900249', '00761303593911', '00068635260319', '00079396900253']
    page 2: procesando DOM
      scroll round 1: anchors=9
      scroll round 2: anchors=9
      scroll round 3: anchors=9
      scroll round 4: anchors=9
      scroll round 5: anchors=9
      scroll round 6: anchors=9
      scroll round 7: anchors=9
      scroll round 8: anchors=9
    page 2: visibles=9, nuevos=9, acumulados=53
    page 2: sample_skus=['00844529053912', '00780465097063', '00844529084663', '00780465506080', '00780465097064', '00780465506103', '00780465506175', '00780465506176', '00780465506174']
    page 2: no se pudo avanzar al paginador siguiente
  productos acumulados subcategoría: 53

[5/42] Scrape: [Pañales y Toallas Húmedas] Fórmulas y Suplementos
    page 1: procesando DOM
      scroll round 1: anchors=24
      scroll round 2: anchors=44
      scroll round 3: anchors=44
      scroll round 4: anchors=44
      scroll round 5: anchors=44
      scroll round 6: anchors=44
      scroll round 7: anchors=44
      scroll round 8: anchors=44
    page 1: visibles=44, nuevos=44, acumulados=44
    page 1: sample_skus=['00844529129087', '00789100029926', '00750105862976', '00750105928349', '00509986401660', '00509986401662', '00750105864409', '00871042802512', '00750105865700', '00888645101170']
    page 1: no se pudo avanzar al paginador siguiente
  productos acumulados subcategoría: 44

[6/42] Scrape: [Pañales y Toallas Húmedas] Accesorios para Comer
    page 1: procesando DOM
      scroll round 1: anchors=24
      scroll round 2: anchors=44
      scroll round 3: anchors=44
      scroll round 4: anchors=44
      scroll round 5: anchors=44
      scroll round 6: anchors=44
      scroll round 7: anchors=44
      scroll round 8: anchors=44
    page 1: visibles=44, nuevos=44, acumulados=44
    page 1: sample_skus=['00068635260316', '00068635260315', '00690222149219', '00780465802193', '00490250812979', '00068113100179', '00486102520006', '00780494502403', '00692869130008', '00885021750022']
    page 2: procesando DOM
      scroll round 1: anchors=21
      scroll round 2: anchors=21
      scroll round 3: anchors=21
      scroll round 4: anchors=21
      scroll round 5: anchors=21
      scroll round 6: anchors=21
      scroll round 7: anchors=21
      scroll round 8: anchors=21
    page 2: visibles=21, nuevos=21, acumulados=65
    page 2: sample_skus=['00690222149220', '00780494502497', '00490250801934', '00885021750013', '00690222149214', '00841249750636', '00780494502520', '00780494502533', '00506042819889', '00841249790109']
    page 2: no se pudo avanzar al paginador siguiente
  productos acumulados subcategoría: 65

[7/42] Scrape: [Pañales y Toallas Húmedas] Mamaderas Tetinas y Vasos
    page 1: procesando DOM
      scroll round 1: anchors=24
      scroll round 2: anchors=36
      scroll round 3: anchors=44
      scroll round 4: anchors=44
      scroll round 5: anchors=44
      scroll round 6: anchors=44
      scroll round 7: anchors=44
      scroll round 8: anchors=44
    page 1: visibles=44, nuevos=44, acumulados=44
    page 1: sample_skus=['00490250812979', '00486102520006', '00068113100159', '00885021750025', '00490250880835', '00885021750027', '00885021750001', '00885021750018', '00490250812955', '00885021750014']
    page 2: procesando DOM
      scroll round 1: anchors=24
      scroll round 2: anchors=40
      scroll round 3: anchors=40
      scroll round 4: anchors=40
      scroll round 5: anchors=40
      scroll round 6: anchors=40
      scroll round 7: anchors=40
      scroll round 8: anchors=40
    page 2: visibles=40, nuevos=40, acumulados=84
    page 2: sample_skus=['00841249750666', '00690222149210', '00780494502307', '00490250880900', '00841249713690', '00872068900695', '00490250801935', '00780494502351', '00872068900706', '00490250801934']
    page 2: no se pudo avanzar al paginador siguiente
  productos acumulados subcategoría: 84

[8/42] Scrape: [Pañales y Toallas Húmedas] Chupetes y Accesorios
    page 1: procesando DOM
      scroll round 1: anchors=19
      scroll round 2: anchors=19
      scroll round 3: anchors=19
      scroll round 4: anchors=19
      scroll round 5: anchors=19
      scroll round 6: anchors=19
      scroll round 7: anchors=19
      scroll round 8: anchors=19
    page 1: visibles=19, nuevos=19, acumulados=19
    page 1: sample_skus=['00780654500029', '00040000726275', '00068113100179', '00871010390179', '00490250880828', '00040000726274', '00068113100174', '00490250816815', '00872068901220', '00872068901298']
    page 1: no se pudo avanzar al paginador siguiente
  productos acumulados subcategoría: 19

[9/42] Scrape: [Pañales y Toallas Húmedas] Sillas para Comer
    page 1: procesando DOM
      scroll round 1: anchors=0
      scroll round 2: anchors=0
      scroll round 3: anchors=0
      scroll round 4: anchors=0
      scroll round 5: anchors=0
      scroll round 6: anchors=0
      scroll round 7: anchors=0
      scroll round 8: anchors=0
    page 1: visibles=0, nuevos=0, acumulados=0
    page 1: sample_skus=[]
    page 1: no se pudo avanzar al paginador siguiente
  productos acumulados subcategoría: 0

[10/42] Scrape: [Pañales y Toallas Húmedas] Shampoo y Bálsamo
    page 1: procesando DOM
      scroll round 1: anchors=24
      scroll round 2: anchors=44
      scroll round 3: anchors=44
      scroll round 4: anchors=44
      scroll round 5: anchors=44
      scroll round 6: anchors=44
      scroll round 7: anchors=44
      scroll round 8: anchors=44
    page 1: visibles=44, nuevos=44, acumulados=44
    page 1: sample_skus=['00780492000886', '00780492000641', '00780492000870', '00780494503277', '00780492000621', '00780492002140', '00780494507434', '00780494507431', '00780494507432', '00780492000577']
    page 2: procesando DOM
      scroll round 1: anchors=24
      scroll round 2: anchors=31
      scroll round 3: anchors=31
      scroll round 4: anchors=31
      scroll round 5: anchors=31
      scroll round 6: anchors=31
      scroll round 7: anchors=31
      scroll round 8: anchors=31
    page 2: visibles=31, nuevos=31, acumulados=75
    page 2: sample_skus=['00780494500739', '00780494501254', '00770203129362', '00780494500734', '00780494500735', '00770203129152', '00780494500204', '00780494500192', '00780494501288', '00770203129151']
    page 2: no se pudo avanzar al paginador siguiente
  productos acumulados subcategoría: 75

[11/42] Scrape: [Pañales y Toallas Húmedas] Jabón
    page 1: procesando DOM
      scroll round 1: anchors=17
      scroll round 2: anchors=17
      scroll round 3: anchors=17
      scroll round 4: anchors=17
      scroll round 5: anchors=17
      scroll round 6: anchors=17
      scroll round 7: anchors=17
      scroll round 8: anchors=17
    page 1: visibles=17, nuevos=17, acumulados=17
    page 1: sample_skus=['00780494507141', '00780494501139', '00780494500105', '00780494500103', '00780494501169', '00780494501138', '00780492035089', '00780494507132', '00780494501183', '00350410503561']
    page 1: no se pudo avanzar al paginador siguiente
  productos acumulados subcategoría: 17

[12/42] Scrape: [Pañales y Toallas Húmedas] Cremas y Aceites
    page 1: procesando DOM
      scroll round 1: anchors=22
      scroll round 2: anchors=22
      scroll round 3: anchors=22
      scroll round 4: anchors=22
      scroll round 5: anchors=22
      scroll round 6: anchors=22
      scroll round 7: anchors=22
      scroll round 8: anchors=22
    page 1: visibles=22, nuevos=22, acumulados=22
    page 1: sample_skus=['00780494500731', '00780494500207', '00780494500732', '00780001812009', '00780494507510', '00780494500142', '00350410503563', '00780494500291', '00780001812590', '00780494501525']
    page 1: no se pudo avanzar al paginador siguiente
  productos acumulados subcategoría: 22

[13/42] Scrape: [Pañales y Toallas Húmedas] Colonias y Lociones
    page 1: procesando DOM
      scroll round 1: anchors=19
      scroll round 2: anchors=19
      scroll round 3: anchors=19
      scroll round 4: anchors=19
      scroll round 5: anchors=19
      scroll round 6: anchors=19
      scroll round 7: anchors=19
      scroll round 8: anchors=19
    page 1: visibles=19, nuevos=19, acumulados=19
    page 1: sample_skus=['00780494507613', '00780494507616', '00780494507612', '00780494507614', '00780494500152', '00780494500162', '00780494500511', '00780494501615', '00780494500272', '00780492601207']
    page 1: no se pudo avanzar al paginador siguiente
  productos acumulados subcategoría: 19

[14/42] Scrape: [Pañales y Toallas Húmedas] Talcos y Pomadas
    page 1: procesando DOM
      scroll round 1: anchors=16
      scroll round 2: anchors=16
      scroll round 3: anchors=16
      scroll round 4: anchors=16
      scroll round 5: anchors=16
      scroll round 6: anchors=16
      scroll round 7: anchors=16
      scroll round 8: anchors=16
    page 1: visibles=16, nuevos=16, acumulados=16
    page 1: sample_skus=['00780494500782', '00780494500781', '00780000450887', '00780575011043', '00780494500208', '00780460354012', '00780001816301', '00780494500126', '00780001812009', '00780494500291']
    page 1: no se pudo avanzar al paginador siguiente
  productos acumulados subcategoría: 16

[15/42] Scrape: [Pañales y Toallas Húmedas] Accesorios Lactancia y Cuidado
    page 1: procesando DOM
      scroll round 1: anchors=24
      scroll round 2: anchors=26
      scroll round 3: anchors=26
      scroll round 4: anchors=26
      scroll round 5: anchors=26
      scroll round 6: anchors=26
      scroll round 7: anchors=26
      scroll round 8: anchors=26
    page 1: visibles=26, nuevos=26, acumulados=26
    page 1: sample_skus=['00750303220653', '00471143640020', '00040000726275', '00040000726276', '00490250812979', '00779462600147', '00486102520006', '00490250812955', '00885021750005', '00040000726277']
    page 1: no se pudo avanzar al paginador siguiente
  productos acumulados subcategoría: 26

[16/42] Scrape: [Pañales y Toallas Húmedas] Accesorios Baño
    page 1: procesando DOM
      scroll round 1: anchors=24
      scroll round 2: anchors=25
      scroll round 3: anchors=25
      scroll round 4: anchors=25
      scroll round 5: anchors=25
      scroll round 6: anchors=25
      scroll round 7: anchors=25
      scroll round 8: anchors=25
    page 1: visibles=25, nuevos=25, acumulados=25
    page 1: sample_skus=['00780654500029', '00490250812979', '00486102520006', '00530403304925', '00405239610551', '00405239610549', '00490250812955', '00405239610550', '00885021750005', '00885021750004']
    page 1: no se pudo avanzar al paginador siguiente
  productos acumulados subcategoría: 25

[17/42] Scrape: [Pañales y Toallas Húmedas] Reivsar todo
    page 1: procesando DOM
      scroll round 1: anchors=24
      scroll round 2: anchors=44
      scroll round 3: anchors=44
      scroll round 4: anchors=44
      scroll round 5: anchors=44
      scroll round 6: anchors=44
      scroll round 7: anchors=44
      scroll round 8: anchors=44
    page 1: visibles=44, nuevos=44, acumulados=44
    page 1: sample_skus=['00750303220653', '00471143640020', '00780494500731', '00780494500782', '00780654500029', '00780494500207', '00780494500732', '00780494500781', '00780000450887', '00780575011043']
    page 2: procesando DOM
      scroll round 1: anchors=24
      scroll round 2: anchors=44
      scroll round 3: anchors=44
      scroll round 4: anchors=44
      scroll round 5: anchors=44
      scroll round 6: anchors=44
      scroll round 7: anchors=44
      scroll round 8: anchors=44
    page 2: visibles=44, nuevos=44, acumulados=88
    page 2: sample_skus=['00780494500272', '00780492000577', '00770203129336', '00780492002141', '00780494501245', '00780494500103', '00780494501169', '00780492000619', '00780492000687', '00780001812590']
    page 3: procesando DOM
      scroll round 1: anchors=24
      scroll round 2: anchors=44
      scroll round 3: anchors=44
      scroll round 4: anchors=44
      scroll round 5: anchors=44
      scroll round 6: anchors=44
      scroll round 7: anchors=44
      scroll round 8: anchors=44
    page 3: visibles=44, nuevos=44, acumulados=132
    page 3: sample_skus=['00780492035089', '00490250812955', '00405239610550', '00350410503562', '00885021750005', '00770203124462', '00780492000871', '00040000726277', '00775746200114', '00040000726274']
    page 4: procesando DOM
      scroll round 1: anchors=24
      scroll round 2: anchors=44
      scroll round 3: anchors=44
      scroll round 4: anchors=44
      scroll round 5: anchors=44
      scroll round 6: anchors=44
      scroll round 7: anchors=44
      scroll round 8: anchors=44
    page 4: visibles=44, nuevos=44, acumulados=176
    page 4: sample_skus=['00770203129151', '00750231169052', '00490250879320', '00770203131845', '00780494507225', '00770203129343', '00405239610556', '00885021750021', '00780494500741', '00770203103674']
    page 5: procesando DOM
      scroll round 1: anchors=9
      scroll round 2: anchors=9
      scroll round 3: anchors=9
      scroll round 4: anchors=9
      scroll round 5: anchors=9
      scroll round 6: anchors=9
      scroll round 7: anchors=9
      scroll round 8: anchors=9
    page 5: visibles=9, nuevos=9, acumulados=185
    page 5: sample_skus=['00780494506015', '00062891564106', '00068113115133', '00780494502446', '00068113104141', '00780494501624', '00780494500140', '00780494501623', '00780494501303']
    page 5: no se pudo avanzar al paginador siguiente
  productos acumulados subcategoría: 185

[18/42] Scrape: [Pañales y Toallas Húmedas] Babysec
    page 1: procesando DOM
      scroll round 1: anchors=21
      scroll round 2: anchors=21
      scroll round 3: anchors=21
      scroll round 4: anchors=21
      scroll round 5: anchors=21
      scroll round 6: anchors=21
      scroll round 7: anchors=21
      scroll round 8: anchors=21
    page 1: visibles=21, nuevos=21, acumulados=21
    page 1: sample_skus=['00780650075226', '00780650075204', '00780650075212', '00780650079228', '00780650079914', '00780650079910', '00780650075209', '00780650075203', '00780650075206', '00780650075201']
    page 1: no se pudo avanzar al paginador siguiente
  productos acumulados subcategoría: 21

[19/42] Scrape: [Pañales y Toallas Húmedas] Emubaby
    page 1: procesando DOM
      scroll round 1: anchors=8
      scroll round 2: anchors=8
      scroll round 3: anchors=8
      scroll round 4: anchors=8
      scroll round 5: anchors=8
      scroll round 6: anchors=8
      scroll round 7: anchors=8
      scroll round 8: anchors=8
    page 1: visibles=8, nuevos=8, acumulados=8
    page 1: sample_skus=['00780460354242', '00780460354212', '00780460354241', '00780460354209', '00780460354240', '00780460354197', '00780460354239', '00780460354205']
    page 1: no se pudo avanzar al paginador siguiente
  productos acumulados subcategoría: 8

[20/42] Scrape: [Pañales y Toallas Húmedas] Huggies
    page 1: procesando DOM
      scroll round 1: anchors=10
      scroll round 2: anchors=10
      scroll round 3: anchors=10
      scroll round 4: anchors=10
      scroll round 5: anchors=10
      scroll round 6: anchors=10
      scroll round 7: anchors=10
      scroll round 8: anchors=10
    page 1: visibles=10, nuevos=10, acumulados=10
    page 1: sample_skus=['00003600045610', '00780960403138', '00780960403137', '00780960403060', '00780960403066', '00779462600962', '00779462600821', '00003600045609', '00789600755108', '00779462600714']
    page 1: no se pudo avanzar al paginador siguiente
  productos acumulados subcategoría: 10

[21/42] Scrape: [Pañales y Toallas Húmedas] Pampers
    page 1: procesando DOM
      scroll round 1: anchors=14
      scroll round 2: anchors=14
      scroll round 3: anchors=14
      scroll round 4: anchors=14
      scroll round 5: anchors=14
      scroll round 6: anchors=14
      scroll round 7: anchors=14
      scroll round 8: anchors=14
    page 1: visibles=14, nuevos=14, acumulados=14
    page 1: sample_skus=['00750043515753', '00750043513059', '00750043513548', '00750043515752', '00750043513301', '00750043513058', '00750043514603', '00750043513057', '00750043514650', '00750043514602']
    page 1: no se pudo avanzar al paginador siguiente
  productos acumulados subcategoría: 14

[22/42] Scrape: [Pañales y Toallas Húmedas] Parents Choice
    page 1: procesando DOM
      scroll round 1: anchors=17
      scroll round 2: anchors=17
      scroll round 3: anchors=17
      scroll round 4: anchors=17
      scroll round 5: anchors=17
      scroll round 6: anchors=17
      scroll round 7: anchors=17
      scroll round 8: anchors=17
    page 1: visibles=17, nuevos=17, acumulados=17
    page 1: sample_skus=['00692873811812', '00040000623093', '00040000687482', '00040000879225', '00040000623091', '00040000623092', '00040000687481', '00040000623090', '00040000879224', '00040000623076']
    page 1: no se pudo avanzar al paginador siguiente
  productos acumulados subcategoría: 17

[23/42] Scrape: [Pañales y Toallas Húmedas] Toallitas Húmedas
    page 1: procesando DOM
      scroll round 1: anchors=1
      scroll round 2: anchors=1
      scroll round 3: anchors=1
      scroll round 4: anchors=1
      scroll round 5: anchors=1
      scroll round 6: anchors=1
      scroll round 7: anchors=1
      scroll round 8: anchors=1
    page 1: visibles=1, nuevos=1, acumulados=1
    page 1: sample_skus=['00104183840463']
    page 1: no se pudo avanzar al paginador siguiente
  productos acumulados subcategoría: 1

[24/42] Scrape: [Pañales y Toallas Húmedas] Centro de Actividades y Estimulación
    page 1: procesando DOM
      scroll round 1: anchors=12
      scroll round 2: anchors=12
      scroll round 3: anchors=12
      scroll round 4: anchors=12
      scroll round 5: anchors=12
      scroll round 6: anchors=12
      scroll round 7: anchors=12
      scroll round 8: anchors=12
    page 1: visibles=12, nuevos=12, acumulados=12
    page 1: sample_skus=['00697311084725', '00040000775965', '00083416200520', '00489240197266', '00697010516627', '00489523411628', '00040005080995', '00040005077081', '00697010516629', '00040000559272']
    page 1: no se pudo avanzar al paginador siguiente
  productos acumulados subcategoría: 12

[25/42] Scrape: [Pañales y Toallas Húmedas] Mordedores y Sonajeros
    page 1: procesando DOM
      scroll round 1: anchors=9
      scroll round 2: anchors=9
      scroll round 3: anchors=9
      scroll round 4: anchors=9
      scroll round 5: anchors=9
      scroll round 6: anchors=9
      scroll round 7: anchors=9
      scroll round 8: anchors=9
    page 1: visibles=9, nuevos=9, acumulados=9
    page 1: sample_skus=['00489525750085', '00885021760061', '00885021750022', '00885021770137', '00885021771121', '00885021770651', '00019473509592', '00697311084564', '00697311084569']
    page 1: no se pudo avanzar al paginador siguiente
  productos acumulados subcategoría: 9

[26/42] Scrape: [Pañales y Toallas Húmedas] Coches y Sillas de Auto
    page 1: procesando DOM
      scroll round 1: anchors=0
      scroll round 2: anchors=0
      scroll round 3: anchors=0
      scroll round 4: anchors=0
      scroll round 5: anchors=0
      scroll round 6: anchors=0
      scroll round 7: anchors=0
      scroll round 8: anchors=0
    page 1: visibles=0, nuevos=0, acumulados=0
    page 1: sample_skus=[]
    page 1: no se pudo avanzar al paginador siguiente
  productos acumulados subcategoría: 0

[27/42] Scrape: [Pañales y Toallas Húmedas] Cunas y Dormitorio
    page 1: procesando DOM
      scroll round 1: anchors=0
      scroll round 2: anchors=0
      scroll round 3: anchors=0
      scroll round 4: anchors=0
      scroll round 5: anchors=0
      scroll round 6: anchors=0
      scroll round 7: anchors=0
      scroll round 8: anchors=0
    page 1: visibles=0, nuevos=0, acumulados=0
    page 1: sample_skus=[]
    page 1: no se pudo avanzar al paginador siguiente
  productos acumulados subcategoría: 0

[28/42] Scrape: [Pañales y Toallas Húmedas] Juguetes y Accesorios Baño
    page 1: procesando DOM
      scroll round 1: anchors=21
      scroll round 2: anchors=21
      scroll round 3: anchors=21
      scroll round 4: anchors=21
      scroll round 5: anchors=21
      scroll round 6: anchors=21
      scroll round 7: anchors=21
      scroll round 8: anchors=21
    page 1: visibles=21, nuevos=21, acumulados=21
    page 1: sample_skus=['00697311084725', '00530403304925', '00405239610549', '00405239610550', '00885021750005', '00885021750004', '00405239610558', '00490250810113', '00885021750003', '00885021750021']
    page 1: no se pudo avanzar al paginador siguiente
  productos acumulados subcategoría: 21

[29/42] Scrape: [Pañales y Toallas Húmedas] Accesorios y Seguridad
    page 1: procesando DOM
      scroll round 1: anchors=16
      scroll round 2: anchors=16
      scroll round 3: anchors=16
      scroll round 4: anchors=16
      scroll round 5: anchors=16
      scroll round 6: anchors=16
      scroll round 7: anchors=16
      scroll round 8: anchors=16
    page 1: visibles=16, nuevos=16, acumulados=16
    page 1: sample_skus=['00900436245855', '00780456789017', '00088439248039', '00009460601403', '00780543501607', '00420232311104', '00780456789021', '00780543501608', '00420232311101', '00780456789019']
    page 1: no se pudo avanzar al paginador siguiente
  productos acumulados subcategoría: 16

[30/42] Scrape: [Pañales y Toallas Húmedas] Figuras de Acción y Coleccionables
    page 1: procesando DOM
      scroll round 1: anchors=24
      scroll round 2: anchors=44
      scroll round 3: anchors=44
      scroll round 4: anchors=44
      scroll round 5: anchors=44
      scroll round 6: anchors=44
      scroll round 7: anchors=44
      scroll round 8: anchors=44
    page 1: visibles=44, nuevos=44, acumulados=44
    page 1: sample_skus=['00063050991013', '00489192478213', '00489310410054', '00063050991016', '00501099622114', '00063099623569', '00501099620481', '00501099366286', '00063099624780', '00063099624785']
    page 2: procesando DOM
      scroll round 1: anchors=7
      scroll round 2: anchors=7
      scroll round 3: anchors=7
      scroll round 4: anchors=7
      scroll round 5: anchors=7
      scroll round 6: anchors=7
      scroll round 7: anchors=7
      scroll round 8: anchors=7
    page 2: visibles=7, nuevos=6, acumulados=50
    page 2: sample_skus=['00310029046283', '00501099619616', '00019305206485', '00019516626562', '00019473531006', '00063099624805', '00019473529846']
    page 3: procesando DOM
      scroll round 1: anchors=7
      scroll round 2: anchors=7
      scroll round 3: anchors=7
      scroll round 4: anchors=7
      scroll round 5: anchors=7
      scroll round 6: anchors=7
      scroll round 7: anchors=7
      scroll round 8: anchors=7
    page 3: visibles=7, nuevos=0, acumulados=50
    page 3: sample_skus=['00310029046283', '00501099619616', '00019305206485', '00019516626562', '00019473531006', '00063099624805', '00019473529846']
    page 4: procesando DOM
      scroll round 1: anchors=7
      scroll round 2: anchors=7
      scroll round 3: anchors=7
      scroll round 4: anchors=7
      scroll round 5: anchors=7
      scroll round 6: anchors=7
      scroll round 7: anchors=7
      scroll round 8: anchors=7
    page 4: visibles=7, nuevos=0, acumulados=50
    page 4: sample_skus=['00310029046283', '00501099619616', '00019305206485', '00019516626562', '00019473531006', '00063099624805', '00019473529846']
    stop: 2 páginas seguidas sin nuevos productos
  productos acumulados subcategoría: 50

[31/42] Scrape: [Pañales y Toallas Húmedas] Muñecas y Accesorios
    page 1: procesando DOM
      scroll round 1: anchors=24
      scroll round 2: anchors=36
      scroll round 3: anchors=44
      scroll round 4: anchors=44
      scroll round 5: anchors=44
      scroll round 6: anchors=44
      scroll round 7: anchors=44
      scroll round 8: anchors=44
    page 1: visibles=44, nuevos=44, acumulados=44
    page 1: sample_skus=['00002708492952', '00019473505628', '00692420024080', '00019473515648', '00019473530564', '00019305206103', '00019473518362', '00088796138324', '00077898860215', '00789696525680']
    page 2: procesando DOM
      scroll round 1: anchors=44
      scroll round 2: anchors=44
      scroll round 3: anchors=44
      scroll round 4: anchors=44
      scroll round 5: anchors=44
      scroll round 6: anchors=44
      scroll round 7: anchors=44
      scroll round 8: anchors=44
    page 2: visibles=44, nuevos=0, acumulados=44
    page 2: sample_skus=['00002708492952', '00019473505628', '00692420024080', '00019473515648', '00019473530564', '00019305206103', '00019473518362', '00088796138324', '00077898860215', '00789696525680']
    page 3: procesando DOM
      scroll round 1: anchors=24
      scroll round 2: anchors=27
      scroll round 3: anchors=27
      scroll round 4: anchors=27
      scroll round 5: anchors=27
      scroll round 6: anchors=27
      scroll round 7: anchors=27
      scroll round 8: anchors=27
    page 3: visibles=27, nuevos=25, acumulados=69
    page 3: sample_skus=['00019473509813', '00088796191903', '00501099632850', '00019305206485', '00088796136806', '00019473516222', '00003505151141', '00003505153118', '00003505198867', '00019473527919']
    page 3: no se pudo avanzar al paginador siguiente
  productos acumulados subcategoría: 69

[32/42] Scrape: [Pañales y Toallas Húmedas] Juegos de Mesa y Familiares
    page 1: procesando DOM
      scroll round 1: anchors=24
      scroll round 2: anchors=36
      scroll round 3: anchors=44
      scroll round 4: anchors=44
      scroll round 5: anchors=44
      scroll round 6: anchors=44
      scroll round 7: anchors=44
      scroll round 8: anchors=44
    page 1: visibles=44, nuevos=44, acumulados=44
    page 1: sample_skus=['00843601722010', '00019621410605', '00843601722113', '00843601722068', '00019473519884', '00019516624473', '00088796175106', '00019516625825', '00072437362803', '00067087546403']
    page 2: procesando DOM
      scroll round 1: anchors=20
      scroll round 2: anchors=20
      scroll round 3: anchors=20
      scroll round 4: anchors=20
      scroll round 5: anchors=20
      scroll round 6: anchors=20
      scroll round 7: anchors=20
      scroll round 8: anchors=20
    page 2: visibles=20, nuevos=20, acumulados=64
    page 2: sample_skus=['00063050970110', '00019516615804', '00019473532823', '00103335411000', '00067087546352', '00081008304540', '00081008304256', '00843658962921', '00019516629892', '00019516628722']
    page 2: no se pudo avanzar al paginador siguiente
  productos acumulados subcategoría: 64

[33/42] Scrape: [Pañales y Toallas Húmedas] Vehículos y Rodados
    page 1: procesando DOM
      scroll round 1: anchors=24
      scroll round 2: anchors=44
      scroll round 3: anchors=44
      scroll round 4: anchors=44
      scroll round 5: anchors=44
      scroll round 6: anchors=44
      scroll round 7: anchors=44
      scroll round 8: anchors=44
    page 1: visibles=44, nuevos=44, acumulados=44
    page 1: sample_skus=['00019473535308', '00019473533498', '00002708412013', '00489192478043', '00007429954886', '00009015908717', '00489518403782', '00088796155667', '00088796180051', '00346745205232']
    page 2: procesando DOM
      scroll round 1: anchors=44
      scroll round 2: anchors=44
      scroll round 3: anchors=44
      scroll round 4: anchors=44
      scroll round 5: anchors=44
      scroll round 6: anchors=44
      scroll round 7: anchors=44
      scroll round 8: anchors=44
    page 2: visibles=44, nuevos=0, acumulados=44
    page 2: sample_skus=['00019473535308', '00019473533498', '00002708412013', '00489192478043', '00007429954886', '00009015908717', '00489518403782', '00088796155667', '00088796180051', '00346745205232']
    page 3: procesando DOM
      scroll round 1: anchors=44
      scroll round 2: anchors=44
      scroll round 3: anchors=44
      scroll round 4: anchors=44
      scroll round 5: anchors=44
      scroll round 6: anchors=44
      scroll round 7: anchors=44
      scroll round 8: anchors=44
    page 3: visibles=44, nuevos=0, acumulados=44
    page 3: sample_skus=['00019473535308', '00019473533498', '00002708412013', '00489192478043', '00007429954886', '00009015908717', '00489518403782', '00088796155667', '00088796180051', '00346745205232']
    stop: 2 páginas seguidas sin nuevos productos
  productos acumulados subcategoría: 44

[34/42] Scrape: [Pañales y Toallas Húmedas] Construcción y Bloques
    page 1: procesando DOM
      scroll round 1: anchors=24
      scroll round 2: anchors=36
      scroll round 3: anchors=42
      scroll round 4: anchors=42
      scroll round 5: anchors=42
      scroll round 6: anchors=42
      scroll round 7: anchors=42
      scroll round 8: anchors=42
    page 1: visibles=42, nuevos=42, acumulados=42
    page 1: sample_skus=['00067341928289', '00006554108416', '00067341935959', '00067341940345', '00067341937117', '00067341939017', '00067341936312', '00067341940708', '00067341940227', '00489192478204']
    page 1: no se pudo avanzar al paginador siguiente
  productos acumulados subcategoría: 42

[35/42] Scrape: [Pañales y Toallas Húmedas] Pre Escolar e Infantiles
    page 1: procesando DOM
      scroll round 1: anchors=24
      scroll round 2: anchors=44
      scroll round 3: anchors=44
      scroll round 4: anchors=44
      scroll round 5: anchors=44
      scroll round 6: anchors=44
      scroll round 7: anchors=44
      scroll round 8: anchors=44
    page 1: visibles=44, nuevos=44, acumulados=44
    page 1: sample_skus=['00019473522529', '00063099617640', '00083416200520', '00501099415961', '00489240197266', '00040005077769', '00489525750151', '00040005077766', '00310021155043', '00040005077768']
    page 2: procesando DOM
      scroll round 1: anchors=44
      scroll round 2: anchors=44
      scroll round 3: anchors=44
      scroll round 4: anchors=44
      scroll round 5: anchors=44
      scroll round 6: anchors=44
      scroll round 7: anchors=44
      scroll round 8: anchors=44
    page 2: visibles=44, nuevos=0, acumulados=44
    page 2: sample_skus=['00019473522529', '00063099617640', '00083416200520', '00501099415961', '00489240197266', '00040005077769', '00489525750151', '00040005077766', '00310021155043', '00040005077768']
    page 3: procesando DOM
      scroll round 1: anchors=8
      scroll round 2: anchors=8
      scroll round 3: anchors=8
      scroll round 4: anchors=8
      scroll round 5: anchors=8
      scroll round 6: anchors=8
      scroll round 7: anchors=8
      scroll round 8: anchors=8
    page 3: visibles=8, nuevos=8, acumulados=52
    page 3: sample_skus=['00040005077767', '00019473519464', '00019473504564', '00002166482447', '00310000521731', '00063099619131', '00063099623508', '00697010516626']
    page 3: no se pudo avanzar al paginador siguiente
  productos acumulados subcategoría: 52

[36/42] Scrape: [Pañales y Toallas Húmedas] Manualidades y Ciencia
    page 1: procesando DOM
      scroll round 1: anchors=24
      scroll round 2: anchors=36
      scroll round 3: anchors=37
      scroll round 4: anchors=37
      scroll round 5: anchors=37
      scroll round 6: anchors=37
      scroll round 7: anchors=37
      scroll round 8: anchors=37
    page 1: visibles=37, nuevos=37, acumulados=37
    page 1: sample_skus=['00355580132602', '00063050977521', '00063050935908', '00697311084382', '00355580135801', '00063050977617', '00063050945241', '00489523412049', '00489523412047', '00501099620142']
    page 2: procesando DOM
      scroll round 1: anchors=37
      scroll round 2: anchors=37
      scroll round 3: anchors=37
      scroll round 4: anchors=37
      scroll round 5: anchors=37
      scroll round 6: anchors=37
      scroll round 7: anchors=37
      scroll round 8: anchors=37
    page 2: visibles=37, nuevos=0, acumulados=37
    page 2: sample_skus=['00355580132602', '00063050977521', '00063050935908', '00697311084382', '00355580135801', '00063050977617', '00063050945241', '00489523412049', '00489523412047', '00501099620142']
    page 2: no se pudo avanzar al paginador siguiente
  productos acumulados subcategoría: 37

[37/42] Scrape: [Pañales y Toallas Húmedas] Juego de Roles y Disfraces
    page 1: procesando DOM
      scroll round 1: anchors=15
      scroll round 2: anchors=15
      scroll round 3: anchors=15
      scroll round 4: anchors=15
      scroll round 5: anchors=15
      scroll round 6: anchors=15
      scroll round 7: anchors=15
      scroll round 8: anchors=15
    page 1: visibles=15, nuevos=15, acumulados=15
    page 1: sample_skus=['00104183841883', '00489192478792', '00310021155043', '00310000411815', '00489416610527', '00489192478739', '00489518402439', '00489518402671', '00310000521739', '00780544018377']
    page 1: no se pudo avanzar al paginador siguiente
  productos acumulados subcategoría: 15

[38/42] Scrape: [Pañales y Toallas Húmedas] Juegos de Exterior
    page 1: procesando DOM
      scroll round 1: anchors=4
      scroll round 2: anchors=4
      scroll round 3: anchors=4
      scroll round 4: anchors=4
      scroll round 5: anchors=4
      scroll round 6: anchors=4
      scroll round 7: anchors=4
      scroll round 8: anchors=4
    page 1: visibles=4, nuevos=4, acumulados=4
    page 1: sample_skus=['00040005082172', '00520840249814', '00019305204043', '00019516617093']
    page 1: no se pudo avanzar al paginador siguiente
  productos acumulados subcategoría: 4

[39/42] Scrape: [Pañales y Toallas Húmedas] Lanzadores
    page 1: procesando DOM
      scroll round 1: anchors=24
      scroll round 2: anchors=25
      scroll round 3: anchors=25
      scroll round 4: anchors=25
      scroll round 5: anchors=25
      scroll round 6: anchors=25
      scroll round 7: anchors=25
      scroll round 8: anchors=25
    page 1: visibles=25, nuevos=25, acumulados=25
    page 1: sample_skus=['00019305202137', '00019305206359', '00019516624689', '00900006131155', '00019305202149', '00019516629846', '00019516629089', '00019305204794', '00019305201508', '00019516626983']
    page 1: no se pudo avanzar al paginador siguiente
  productos acumulados subcategoría: 25

[40/42] Scrape: [Pañales y Toallas Húmedas] Textil Bebé
    page 1: procesando DOM
      scroll round 1: anchors=1
      scroll round 2: anchors=1
      scroll round 3: anchors=1
      scroll round 4: anchors=1
      scroll round 5: anchors=1
      scroll round 6: anchors=1
      scroll round 7: anchors=1
      scroll round 8: anchors=1
    page 1: visibles=1, nuevos=1, acumulados=1
    page 1: sample_skus=['00900436245855']
    page 1: no se pudo avanzar al paginador siguiente
  productos acumulados subcategoría: 1

[41/42] Scrape: [Pañales y Toallas Húmedas] Accesorios Bebé
    page 1: procesando DOM
      scroll round 1: anchors=0
      scroll round 2: anchors=0
      scroll round 3: anchors=0
      scroll round 4: anchors=0
      scroll round 5: anchors=0
      scroll round 6: anchors=0
      scroll round 7: anchors=0
      scroll round 8: anchors=0
    page 1: visibles=0, nuevos=0, acumulados=0
    page 1: sample_skus=[]
    page 1: no se pudo avanzar al paginador siguiente
  productos acumulados subcategoría: 0

[42/42] Scrape: [Pañales y Toallas Húmedas] Vestuario Bebé
    page 1: procesando DOM
      scroll round 1: anchors=4
      scroll round 2: anchors=4
      scroll round 3: anchors=4
      scroll round 4: anchors=4
      scroll round 5: anchors=4
      scroll round 6: anchors=4
      scroll round 7: anchors=4
      scroll round 8: anchors=4
    page 1: visibles=4, nuevos=4, acumulados=4
    page 1: sample_skus=['00750113556714', '00750113558934', '00750113556715', '00750113556716']
    page 1: no se pudo avanzar al paginador siguiente
  productos acumulados subcategoría: 4

Total filas: 1040
CSV generado: output\mundo_bebe_jugueteria\lider_mundo_bebe_jugueteria_20260317_151449.csv
