
Subcategorías:
- Chocolates en Barra -> https://www.jumbo.cl/chocolates-galletas-y-snacks/chocolates/chocolates-en-barra
- Bombones y Trufas -> https://www.jumbo.cl/chocolates-galletas-y-snacks/chocolates/bombones-y-trufas
- Chocolates y Tentaciones -> https://www.jumbo.cl/chocolates-galletas-y-snacks/chocolates/chocolates-y-tentaciones
- Chocolates sin Azúcar -> https://www.jumbo.cl/chocolates-galletas-y-snacks/chocolates/chocolates-sin-azucar
- Chocolates (Mostrar todo) -> https://www.jumbo.cl/chocolates-galletas-y-snacks/chocolates
- Galletas Rellenas y Bañadas -> https://www.jumbo.cl/chocolates-galletas-y-snacks/galletas-dulces/galletas-rellenas-y-banadas
- Galletas Mini -> https://www.jumbo.cl/chocolates-galletas-y-snacks/galletas-dulces/galletas-mini
- Galletas Tradicionales -> https://www.jumbo.cl/chocolates-galletas-y-snacks/galletas-dulces/galletas-tradicionales
- Galletas Obleas y Champagne -> https://www.jumbo.cl/chocolates-galletas-y-snacks/galletas-dulces/galletas-obleas-y-champagne
- Galletas Dulces (Mostrar todo) -> https://www.jumbo.cl/chocolates-galletas-y-snacks/galletas-dulces
- Gomitas y Chicles -> https://www.jumbo.cl/chocolates-galletas-y-snacks/dulces/gomitas-y-chicles
- Masticables y Caramelos -> https://www.jumbo.cl/chocolates-galletas-y-snacks/dulces/calugas-masticables-y-caramelos
- Malvas, Marshmallows y Merenguitos -> https://www.jumbo.cl/chocolates-galletas-y-snacks/dulces/malvas-marshmallows-y-merenguitos
- Alfajores, Pasteles y Queques -> https://www.jumbo.cl/chocolates-galletas-y-snacks/dulces/alfajores-pasteles-y-queques
- Dulces (Mostrar todo) -> https://www.jumbo.cl/chocolates-galletas-y-snacks/dulces
- Papas Fritas -> https://www.jumbo.cl/chocolates-galletas-y-snacks/snacks/papas-fritas
- Snacks Vegetales -> https://www.jumbo.cl/chocolates-galletas-y-snacks/snacks/snacks-vegetales
- Maní y Frutos Secos -> https://www.jumbo.cl/chocolates-galletas-y-snacks/snacks/mani-y-frutos-secos
- Ramitas, Suflés y Otros Snacks -> https://www.jumbo.cl/chocolates-galletas-y-snacks/snacks/ramitas-sufles-y-otros-snacks
- Snacks (Mostrar todo) -> https://www.jumbo.cl/chocolates-galletas-y-snacks/snacks
- Galletas de Cóctel -> https://www.jumbo.cl/chocolates-galletas-y-snacks/galletas-saladas/galletas-de-coctel
- Galletas de Arroz y Quinoa -> https://www.jumbo.cl/chocolates-galletas-y-snacks/galletas-saladas/galletas-de-arroz-y-quinoa
- Galletas de Soda y Agua -> https://www.jumbo.cl/chocolates-galletas-y-snacks/galletas-saladas/galletas-de-soda-y-agua
- Galletas Integrales y Salvado -> https://www.jumbo.cl/chocolates-galletas-y-snacks/galletas-saladas/galletas-integrales-y-salvado
- Galletas Saladas (Mostrar todo) -> https://www.jumbo.cl/chocolates-galletas-y-snacks/galletas-saladas
- Pastas Untables -> https://www.jumbo.cl/chocolates-galletas-y-snacks/pastas-para-coctel-y-untables/pastas-untables
- Salsas y Dip Untables -> https://www.jumbo.cl/chocolates-galletas-y-snacks/pastas-para-coctel-y-untables/salsas-y-dip-untables
- Hummus -> https://www.jumbo.cl/chocolates-galletas-y-snacks/pastas-para-coctel-y-untables/hummus
- Pastas para Cóctel y Untables (Mostrar todo) -> https://www.jumbo.cl/chocolates-galletas-y-snacks/pastas-para-coctel-y-untables

Scrape: Chocolates en Barra
🧪 Dump BFF guardado: debug_bff\bff_chocolates_en_barra_p1.json
  productos: 40

Scrape: Bombones y Trufas
🧪 Dump BFF guardado: debug_bff\bff_bombones_y_trufas_p1.json
  productos: 40

Scrape: Chocolates y Tentaciones
🧪 Dump BFF guardado: debug_bff\bff_chocolates_y_tentaciones_p1.json
  productos: 40

Scrape: Chocolates sin Azúcar
🧪 Dump BFF guardado: debug_bff\bff_chocolates_sin_az_car_p1.json
  productos: 21

Scrape: Chocolates (Mostrar todo)
🧪 Dump BFF guardado: debug_bff\bff_chocolates_mostrar_todo_p1.json
  productos: 40

Scrape: Galletas Rellenas y Bañadas
🧪 Dump BFF guardado: debug_bff\bff_galletas_rellenas_y_ba_adas_p1.json
  productos: 40

Scrape: Galletas Mini
🧪 Dump BFF guardado: debug_bff\bff_galletas_mini_p1.json
  productos: 40

Scrape: Galletas Tradicionales
🧪 Dump BFF guardado: debug_bff\bff_galletas_tradicionales_p1.json
  productos: 40

Scrape: Galletas Obleas y Champagne
🧪 Dump BFF guardado: debug_bff\bff_galletas_obleas_y_champagne_p1.json
  productos: 40

Scrape: Galletas Dulces (Mostrar todo)
🧪 Dump BFF guardado: debug_bff\bff_galletas_dulces_mostrar_todo_p1.json
  productos: 40

Scrape: Gomitas y Chicles
🧪 Dump BFF guardado: debug_bff\bff_gomitas_y_chicles_p1.json
  productos: 40

Scrape: Masticables y Caramelos
🧪 Dump BFF guardado: debug_bff\bff_masticables_y_caramelos_p1.json
  productos: 40

Scrape: Malvas, Marshmallows y Merenguitos
🧪 Dump BFF guardado: debug_bff\bff_malvas_marshmallows_y_merenguitos_p1.json
  productos: 26

Scrape: Alfajores, Pasteles y Queques
🧪 Dump BFF guardado: debug_bff\bff_alfajores_pasteles_y_queques_p1.json
  productos: 40

Scrape: Dulces (Mostrar todo)
🧪 Dump BFF guardado: debug_bff\bff_dulces_mostrar_todo_p1.json
  productos: 40

Scrape: Papas Fritas
🧪 Dump BFF guardado: debug_bff\bff_papas_fritas_p1.json
  productos: 40

Scrape: Snacks Vegetales
🧪 Dump BFF guardado: debug_bff\bff_snacks_vegetales_p1.json
  productos: 35

Scrape: Maní y Frutos Secos
🧪 Dump BFF guardado: debug_bff\bff_man_y_frutos_secos_p1.json
  productos: 40

Scrape: Ramitas, Suflés y Otros Snacks
🧪 Dump BFF guardado: debug_bff\bff_ramitas_sufl_s_y_otros_snacks_p1.json
  productos: 40

Scrape: Snacks (Mostrar todo)
🧪 Dump BFF guardado: debug_bff\bff_snacks_mostrar_todo_p1.json
  productos: 40

Scrape: Galletas de Cóctel
🧪 Dump BFF guardado: debug_bff\bff_galletas_de_c_ctel_p1.json
  productos: 40

Scrape: Galletas de Arroz y Quinoa
🧪 Dump BFF guardado: debug_bff\bff_galletas_de_arroz_y_quinoa_p1.json
  productos: 25

Scrape: Galletas de Soda y Agua
🧪 Dump BFF guardado: debug_bff\bff_galletas_de_soda_y_agua_p1.json
  productos: 14

Scrape: Galletas Integrales y Salvado
🧪 Dump BFF guardado: debug_bff\bff_galletas_integrales_y_salvado_p1.json
  productos: 8

Scrape: Galletas Saladas (Mostrar todo)
🧪 Dump BFF guardado: debug_bff\bff_galletas_saladas_mostrar_todo_p1.json
  productos: 40

Scrape: Pastas Untables
🧪 Dump BFF guardado: debug_bff\bff_pastas_untables_p1.json
  productos: 39

Scrape: Salsas y Dip Untables
🧪 Dump BFF guardado: debug_bff\bff_salsas_y_dip_untables_p1.json
  productos: 34

Scrape: Hummus
🧪 Dump BFF guardado: debug_bff\bff_hummus_p1.json
  productos: 14

Scrape: Pastas para Cóctel y Untables (Mostrar todo)
🧪 Dump BFF guardado: debug_bff\bff_pastas_para_c_ctel_y_untables_mostrar_todo_p1.json
  productos: 40

Total filas: 1016
CSV generado: output\chocolates_galletas_snacks\jumbo_chocolates_galletas_y_snacks_20260302_223142.csv
