[DEBUG] Click en botón categorías con selector: text=Categorías

[DEBUG] Primeros 3000 caracteres del body tras abrir menú:

Saltar al contenido principal
Categorías
Todas las categorías
Marcas Propias
Marcas Americanas
La Boti
Carnes y Pescados
Despensa
Frutas y Verduras
Bebidas y Snacks
Frescos y Lácteos
Panadería y Pastelería
Congelados
Desayunos y Dulces
Limpieza y Aseo
Mundo Bebé y Juguetería
Chocolates
Colaciones
Platos Preparados
Mascotas
Hogar
Belleza
Higiene y Cuidado Personal
Parrillas y Jardín
Deporte y Aire Libre
Tecno y Electro
Librería y Cumpleaños
Ferretería
Automóvil
Vestuario
Soy Pyme
Salud y Estilos De Vida
Campañas
Ir a Mundo Lider
Vuelve a pedirlos
Tus productos
Ingresar
Cuenta
0
Tarjeta Lider Bci
Mi Club
Centro de ayuda
Supermercado
Precios Black en Todo
Precios Black en Todo
Lo que buscas en tecnología y hogar con el ahorro que esperabas
¡Descubre más!
Precios Bajos desde $1.000
Precios Bajos desde $1.000
Arma tu carrito sin pasarte del presupuesto
¡Descubre más!
Confía en Mr Músculo
Encuentra más por menos
¡Descubre más!
Patrocinado
Los favoritos de grandes y chicos
¡Que no falten en tu hogar!
¡Descubre más!
Patrocinado
Pañales Babysec talla grande
Comodidad para explorar
¡Descubre más!
Patrocinado
Más sabor con Hellmann’s Supreme
Cremosa y súper deliciosa
¡Descubre más!
Patrocinado
Prueba hoy la crema sin lactosa Nestlé
Perfecta en tus recetas
¡Descubre más!
Patrocinado
Pescadería de Pascua: Calidad y Frescura
Pescadería de Pascua: Calidad y Frescura
Variedad de pescados y mariscos para tu mesa esta temporada
¡Descubre más!
Pascua en Casa: Decoración y Juegos
Pascua en Casa: Decoración y Juegos
Todo para compartir con detalles únicos
¡Descubre más!
Diapositiva actual del carrusel 2 de 9
Productos a mil
Ver Todo
Productos a 1000
Productos a 2000
Productos a 3000
Campañas
The New Black
Feliz Pascua
Vuelta a Clases
Precios Bajos Siempre
Destacados
Lácteos
Mascotas
Bebidas y Snacks
Belleza
Beneficios adicionales
Revisa tus movimientos y descubre todo lo que has acumulado
Acumula Pesos Mi Club en todas tus compras y canjéalos cuando quieras
Paga con tu tarjeta Lider Bci y recibe parte de tu compra en Pesos Mi Club
Activa tu tarjeta Lider Bci y aprovecha este beneficio exclusivo. Tope $20.000
[DEBUG] Encontrado 'Carnes y Pescados' con selector: text=Carnes y Pescados

[DEBUG] Subcategorías detectadas:
 - [Vacuno] Carnes para Parrilla -> https://super.lider.cl/browse/carnes-y-pescados/vacuno/carnes-para-parrilla/21856785_29265944_50526969
 - [Vacuno] Carnes Premium -> https://super.lider.cl/browse/carnes-y-pescados/vacuno/Carnes-premium/21856785_29265944_30952649
 - [Vacuno] Carnes Americanas -> https://super.lider.cl/browse/carnes-y-pescados/vacuno/carnes-americanas/21856785_29265944_50210659
 - [Vacuno] Carnes para Olla -> https://super.lider.cl/browse/carnes-y-pescados/vacuno/carnes-para-%20olla/21856785_29265944_96511332
 - [Vacuno] Carnes para Sartén -> https://super.lider.cl/browse/carnes-y-pescados/vacuno/carnes-para%20sarten/21856785_29265944_80964603
 - [Vacuno] Carnes Molidas -> https://super.lider.cl/browse/carnes-y-pescados/vacuno/carnes-molidas/21856785_29265944_68501092
 - [Vacuno] Carnes para Horno -> https://super.lider.cl/browse/carnes-y-pescados/vacuno/carnes-para-horno/21856785_29265944_60492631
 - [Cerdo] Chuletas -> https://super.lider.cl/browse/carnes-y-pescados/cerdo/chuletas/21856785_97025819_47338432
 - [Cerdo] Cortes Parrilleros -> https://super.lider.cl/browse/carnes-y-pescados/cerdo/cortes-parrilleros/21856785_97025819_74915247
 - [Cerdo] Costillar y Costillitas -> https://super.lider.cl/browse/carnes-y-pescados/cerdo/costillar-y-costillitas/21856785_97025819_51448656
 - [Cerdo] Lomo -> https://super.lider.cl/browse/carnes-y-pescados/cerdo/lomo/21856785_97025819_91139765
 - [Cerdo] Pulpa -> https://super.lider.cl/browse/carnes-y-pescados/cerdo/pulpa/21856785_97025819_35224679
 - [Cerdo] Molidas y Otros -> https://super.lider.cl/browse/carnes-y-pescados/cerdo/molidas-y-otros/21856785_97025819_17833060
 - [Pollo] Pechuga y Filetitos de Pollo -> https://super.lider.cl/browse/carnes-y-pescados/pollo/pechuga-y-filetitos-de-pollo/21856785_36612818_49820290
 - [Pollo] Trutro de Pollo -> https://super.lider.cl/browse/carnes-y-pescados/pollo/trutro-de-pollo/21856785_36612818_80084355
 - [Pollo] Pollo sin Marinar -> https://super.lider.cl/browse/carnes-y-pescados/pollo/pollo-sin-marinar/21856785_36612818_73535774
 - [Pollo] Pollo Entero -> https://super.lider.cl/browse/carnes-y-pescados/pollo/pollo-%20entero/21856785_36612818_47980549
 - [Pollo] Parrilla y Saborizados -> https://super.lider.cl/browse/carnes-y-pescados/pollo/parrilla-y-saborizados/21856785_36612818_13798362
 - [Pollo] Subproductos y Otros -> https://super.lider.cl/browse/carnes-y-pescados/pollo/subproductos-y-otros/21856785_36612818_81490114
 - [Pollo] Pollo Asado -> https://super.lider.cl/browse/carnes-y-pescados/pollo/pollo-asado/21856785_36612818_85138768
 - [Pavo] Pechuga y Filetes -> https://super.lider.cl/browse/carnes-y-pescados/pavo/pechuga-y-filetes/21856785_66365889_22249135
 - [Pavo] Trutro de Pavo -> https://super.lider.cl/browse/carnes-y-pescados/pavo/trutro_de_pavo/21856785_66365889_79631022
 - [Pavo] Molida y Hamburguesas -> https://super.lider.cl/browse/carnes-y-pescados/pavo/molida_y_hamburguesas/21856785_66365889_81213008
 - [Pavo] Listo para Cocinar -> https://super.lider.cl/browse/carnes-y-pescados/pavo/listo_para-cocinar/21856785_66365889_91285228
 - [Para Parrilla] Parrilleros -> https://super.lider.cl/browse/carnes-y-pescados/para-parrilla/parrilleros/21856785_96130591_58087468
 - [Para Parrilla] Salchichas -> https://super.lider.cl/browse/carnes-y-pescados/para-parrilla/salchichas/21856785_96130591_17828745
 - [Para Parrilla] Carbón y Pellet -> https://super.lider.cl/browse/carnes-y-pescados/para-parrilla/carbon-y-pellet/21856785_96130591_60168331
 - [Cordero] Chuletas -> https://super.lider.cl/browse/carnes-y-pescados/cordero/chuletas/21856785_32675613_99151867
 - [Pescados y Mariscos] Novedades -> https://super.lider.cl/browse/carnes-y-pescados/pescados_y_mariscos/novedades/21856785_89519682_10513320
 - [Pescados y Mariscos] Camarón -> https://super.lider.cl/browse/carnes-y-pescados/pescados-y-mariscos/camaron/21856785_89519682_92610187
 - [Pescados y Mariscos] Salmón -> https://super.lider.cl/browse/carnes-y-pescados/pescados-y-mariscos/salmon/21856785_89519682_82454763
 - [Pescados y Mariscos] Atún -> https://super.lider.cl/browse/carnes-y-pescados/pescados-y-mariscos/atun/21856785_89519682_12298061
 - [Pescados y Mariscos] Mariscos -> https://super.lider.cl/browse/carnes-y-pescados/pescados-y-mariscos/mariscos/21856785_89519682_86920189
 - [Pescados y Mariscos] Apanados -> https://super.lider.cl/browse/carnes-y-pescados/pescados-y-mariscos/apanados/21856785_89519682_72708957
 - [Pescados y Mariscos] Otros Pescados -> https://super.lider.cl/browse/carnes-y-pescados/pescados-y-mariscos/otros-pescados/21856785_89519682_38823790
 - [Pescados y Mariscos] Merluza -> https://super.lider.cl/browse/carnes-y-pescados/pescados-y-mariscos/merluza/21856785_89519682_86937463
 - [Pescados y Mariscos] Especialidades -> https://super.lider.cl/browse/carnes-y-pescados/pescados-y-mariscos/especialidades/21856785_89519682_21662988
\n[1/37] Scrape: [Vacuno] Carnes para Parrilla
  productos: 38
\n[2/37] Scrape: [Vacuno] Carnes Premium
  productos: 37
\n[3/37] Scrape: [Vacuno] Carnes Americanas
  productos: 13
\n[4/37] Scrape: [Vacuno] Carnes para Olla
  productos: 25
\n[5/37] Scrape: [Vacuno] Carnes para Sartén
  productos: 18
\n[6/37] Scrape: [Vacuno] Carnes Molidas
  productos: 10
\n[7/37] Scrape: [Vacuno] Carnes para Horno
  productos: 6
\n[8/37] Scrape: [Cerdo] Chuletas
  productos: 9
\n[9/37] Scrape: [Cerdo] Cortes Parrilleros
  productos: 17
\n[10/37] Scrape: [Cerdo] Costillar y Costillitas
  productos: 23
\n[11/37] Scrape: [Cerdo] Lomo
  productos: 14
\n[12/37] Scrape: [Cerdo] Pulpa
  productos: 13
\n[13/37] Scrape: [Cerdo] Molidas y Otros
  productos: 2
\n[14/37] Scrape: [Pollo] Pechuga y Filetitos de Pollo
  productos: 44
\n[15/37] Scrape: [Pollo] Trutro de Pollo
  productos: 44
\n[16/37] Scrape: [Pollo] Pollo sin Marinar
  productos: 7
\n[17/37] Scrape: [Pollo] Pollo Entero
  productos: 9
\n[18/37] Scrape: [Pollo] Parrilla y Saborizados
  productos: 13
\n[19/37] Scrape: [Pollo] Subproductos y Otros
  productos: 19
\n[20/37] Scrape: [Pollo] Pollo Asado
  productos: 1
\n[21/37] Scrape: [Pavo] Pechuga y Filetes
  productos: 5
\n[22/37] Scrape: [Pavo] Trutro de Pavo
[DEBUG-EMPTY] title=
[DEBUG-EMPTY] url=https://super.lider.cl/browse/carnes-y-pescados/pavo/trutro_de_pavo/21856785_66365889_79631022
[DEBUG-EMPTY] body primeros 1500 chars:\nSaltar al contenido principal
Categorías
Ir a Mundo Lider
Vuelve a pedirlos
Tus productos
Ingresar
Cuenta
0
Tarjeta Lider Bci
Mi Club
Centro de ayuda
No se pudo encontrar esta página.
¡Lo sentimos!
Volver al inicio
Revisar todas las categorías
¿Necesitas Ayuda?
Centro de ayuda
Servicio técnico
Consulta tu boleta
Devoluciones y cambios
Infórmate
Medios de pago
Pago 100% seguro
Beneficios Lider.cl
Tarjeta de regalo
Recetas Lider
Servifácil
Encuéntranos
Nuestros locales
Cobertura supermercado
Acerca de Lider
Acerca de nosotros
Términos y condiciones
Política de privacidad
Información legal
Trabaja en Lider
Vende con nosotros
Propiedad Intelectual
Inscríbete en Mi Club

Nuestras marcas

Lider.cl - Razón Social: Administradora de Supermercados Hiper Limitada, RUT: 76.134.941-4, es administrada y representada por Sermob Limitada, la que a su vez es representada por Eli Senerman. Dirección: Avda. Presidente Eduardo Frei Montalva 8301, comuna de Quilicura, Región Metropolitana, Chile.

Política privacidad
Volver arriba
  productos: 0
\n[23/37] Scrape: [Pavo] Molida y Hamburguesas
  productos: 2
\n[24/37] Scrape: [Pavo] Listo para Cocinar
  productos: 1
\n[25/37] Scrape: [Para Parrilla] Parrilleros
  productos: 44
\n[26/37] Scrape: [Para Parrilla] Salchichas
  productos: 44
\n[27/37] Scrape: [Para Parrilla] Carbón y Pellet
  productos: 6
\n[28/37] Scrape: [Cordero] Chuletas
  productos: 2
\n[29/37] Scrape: [Pescados y Mariscos] Novedades
  productos: 12
\n[30/37] Scrape: [Pescados y Mariscos] Camarón
  productos: 27
\n[31/37] Scrape: [Pescados y Mariscos] Salmón
  productos: 38
\n[32/37] Scrape: [Pescados y Mariscos] Atún
  productos: 8
\n[33/37] Scrape: [Pescados y Mariscos] Mariscos
  productos: 26
\n[34/37] Scrape: [Pescados y Mariscos] Apanados
  productos: 19
\n[35/37] Scrape: [Pescados y Mariscos] Otros Pescados
  productos: 23
\n[36/37] Scrape: [Pescados y Mariscos] Merluza
  productos: 21
\n[37/37] Scrape: [Pescados y Mariscos] Especialidades
  productos: 17
\nTotal filas: 657
CSV generado: output\carnes_pescados\lider_carnes_y_pescados_20260316_233743.csv
