[DEBUG] Subcategoría duplicada omitida por URL: [Cuidado Bucal] Bloqueadores solares y after sun -> https://super.lider.cl/browse/higiene-y-cuidado-personal/protectores-solares/bloqueadores-solares-y-after-sun/72387472_47232852_19007172
[DEBUG] Subcategoría duplicada omitida por URL: [Cuidado Bucal] Bronceador y autobronceante -> https://super.lider.cl/browse/higiene-y-cuidado-personal/protectores-solares/bronceador-y-autobronceante/72387472_47232852_75116032
[DEBUG] Subcategoría duplicada omitida por URL: [Cuidado Bucal] Pasta Dental -> https://super.lider.cl/browse/higiene-y-cuidado-personal/cuidado-bucal/pasta-dental/72387472_88733049_71758797
[DEBUG] Subcategoría duplicada omitida por URL: [Cuidado Bucal] Cepillo Dental -> https://super.lider.cl/browse/higiene-y-cuidado-personal/cuidado-bucal/cepillo-dental/72387472_88733049_86524790
[DEBUG] Subcategoría duplicada omitida por URL: [Cuidado Bucal] Enjuague Bucal -> https://super.lider.cl/browse/higiene-y-cuidado-personal/cuidado-bucal/enjuague-bucal/72387472_88733049_57734500
[DEBUG] Subcategoría duplicada omitida por URL: [Cuidado Bucal] Hilo dental y accesorios -> https://super.lider.cl/browse/higiene-y-cuidado-personal/cuidado-bucal/hilo-dental-y-accesorios/72387472_88733049_08263719
[DEBUG] Subcategoría duplicada omitida por URL: [Cuidado Bucal] Desodorantes -> https://super.lider.cl/browse/higiene-y-cuidado-personal/desodorantes-y-cuidado-corporal/desodorantes/72387472_37200412_62400839
[DEBUG] Subcategoría duplicada omitida por URL: [Cuidado Bucal] Accesorios de baño -> https://super.lider.cl/browse/higiene-y-cuidado-personal/desodorantes-y-cuidado-corporal/accesorios-de-bao/72387472_37200412_30167695
[DEBUG] Subcategoría duplicada omitida por URL: [Cuidado Bucal] Jabón liquido -> https://super.lider.cl/browse/higiene-y-cuidado-personal/jabones/jabon-liquido/72387472_38253071_42509266
[DEBUG] Subcategoría duplicada omitida por URL: [Cuidado Bucal] Gel de ducha -> https://super.lider.cl/browse/higiene-y-cuidado-personal/jabones/gel-de-ducha/72387472_38253071_87395001
[DEBUG] Subcategoría duplicada omitida por URL: [Cuidado Bucal] Jabón en barra -> https://super.lider.cl/browse/higiene-y-cuidado-personal/jabones/jabn-en-barra/72387472_38253071_49365759
[DEBUG] Subcategoría duplicada omitida por URL: [Cuidado Bucal] Jabones infantiles -> https://super.lider.cl/browse/higiene-y-cuidado-personal/jabones/jabones-infantiles/72387472_38253071_89204809
[DEBUG] Subcategoría duplicada omitida por URL: [Cuidado Bucal] Calzones y copas menstruales -> https://super.lider.cl/browse/higiene-y-cuidado-personal/proteccion-femenina/calzones-y-copas-menstruales/72387472_69099803_67365333
[DEBUG] Subcategoría duplicada omitida por URL: [Cuidado Bucal] Protectores diarios -> https://super.lider.cl/browse/higiene-y-cuidado-personal/proteccion-femenina/protectores-diarios/72387472_69099803_78052493
[DEBUG] Subcategoría duplicada omitida por URL: [Cuidado Bucal] Toallas higienicas y tampones -> https://super.lider.cl/browse/higiene-y-cuidado-personal/proteccion-femenina/toallas-higienicas-y-tampones/72387472_69099803_69659719
[DEBUG] Subcategoría duplicada omitida por URL: [Cuidado Bucal] Jabones intimos y pañitos -> https://super.lider.cl/browse/higiene-y-cuidado-personal/proteccion-femenina/jabones-intimos-y-panitos/72387472_69099803_12938180
[DEBUG] Subcategoría duplicada omitida por URL: [Cuidado Bucal] Incontinencia -> https://super.lider.cl/browse/higiene-y-cuidado-personal/proteccion-femenina/incontinencia/72387472_69099803_06635681
[DEBUG] Subcategoría duplicada omitida por URL: [Cuidado Bucal] Vitaminas y suplementos -> https://super.lider.cl/browse/higiene-y-cuidado-personal/salud-y-suplementos/vitaminas-y-suplementos/72387472_67725176_42056040
[DEBUG] Subcategoría duplicada omitida por URL: [Cuidado Bucal] Primeros auxilios -> https://super.lider.cl/browse/higiene-y-cuidado-personal/salud-y-suplementos/primeros-auxilios/72387472_67725176_09893877
[DEBUG] Subcategoría duplicada omitida por URL: [Cuidado Bucal] Bienestar sexual -> https://super.lider.cl/browse/higiene-y-cuidado-personal/salud-y-suplementos/bienestar-sexual/72387472_67725176_23429133
[DEBUG] Subcategoría duplicada omitida por URL: [Cuidado Bucal] Lentes de descanso -> https://super.lider.cl/browse/higiene-y-cuidado-personal/cuidado-adulto-mayor/lentes-de-descanso/72387472_32027656_38373177
[DEBUG] Subcategoría duplicada omitida por URL: [Cuidado Bucal] Pants y pañales -> https://super.lider.cl/browse/higiene-y-cuidado-personal/cuidado-adulto-mayor/pants-y-panales/72387472_32027656_20427727
[DEBUG] Subcategoría duplicada omitida por URL: [Cuidado Bucal] Apósitos y toallas húmedas -> https://super.lider.cl/browse/higiene-y-cuidado-personal/cuidado-adulto-mayor/apositos-y-toallas-humedas/72387472_32027656_86394035
[DEBUG] Subcategoría duplicada omitida por URL: [Cuidado Bucal] Protectores de cama y accesorios -> https://super.lider.cl/browse/higiene-y-cuidado-personal/cuidado-adulto-mayor/protectores-de-cama-y-accesorios/72387472_32027656_16241235
[DEBUG] Subcategoría duplicada omitida por URL: [Desodorantes y cuidado corporal] Bloqueadores solares y after sun -> https://super.lider.cl/browse/higiene-y-cuidado-personal/protectores-solares/bloqueadores-solares-y-after-sun/72387472_47232852_19007172
[DEBUG] Subcategoría duplicada omitida por URL: [Desodorantes y cuidado corporal] Bronceador y autobronceante -> https://super.lider.cl/browse/higiene-y-cuidado-personal/protectores-solares/bronceador-y-autobronceante/72387472_47232852_75116032
[DEBUG] Subcategoría duplicada omitida por URL: [Desodorantes y cuidado corporal] Pasta Dental -> https://super.lider.cl/browse/higiene-y-cuidado-personal/cuidado-bucal/pasta-dental/72387472_88733049_71758797
[DEBUG] Subcategoría duplicada omitida por URL: [Desodorantes y cuidado corporal] Cepillo Dental -> https://super.lider.cl/browse/higiene-y-cuidado-personal/cuidado-bucal/cepillo-dental/72387472_88733049_86524790
[DEBUG] Subcategoría duplicada omitida por URL: [Desodorantes y cuidado corporal] Enjuague Bucal -> https://super.lider.cl/browse/higiene-y-cuidado-personal/cuidado-bucal/enjuague-bucal/72387472_88733049_57734500
[DEBUG] Subcategoría duplicada omitida por URL: [Desodorantes y cuidado corporal] Hilo dental y accesorios -> https://super.lider.cl/browse/higiene-y-cuidado-personal/cuidado-bucal/hilo-dental-y-accesorios/72387472_88733049_08263719
[DEBUG] Subcategoría duplicada omitida por URL: [Desodorantes y cuidado corporal] Desodorantes -> https://super.lider.cl/browse/higiene-y-cuidado-personal/desodorantes-y-cuidado-corporal/desodorantes/72387472_37200412_62400839
[DEBUG] Subcategoría duplicada omitida por URL: [Desodorantes y cuidado corporal] Accesorios de baño -> https://super.lider.cl/browse/higiene-y-cuidado-personal/desodorantes-y-cuidado-corporal/accesorios-de-bao/72387472_37200412_30167695
[DEBUG] Subcategoría duplicada omitida por URL: [Desodorantes y cuidado corporal] Jabón liquido -> https://super.lider.cl/browse/higiene-y-cuidado-personal/jabones/jabon-liquido/72387472_38253071_42509266
[DEBUG] Subcategoría duplicada omitida por URL: [Desodorantes y cuidado corporal] Gel de ducha -> https://super.lider.cl/browse/higiene-y-cuidado-personal/jabones/gel-de-ducha/72387472_38253071_87395001
[DEBUG] Subcategoría duplicada omitida por URL: [Desodorantes y cuidado corporal] Jabón en barra -> https://super.lider.cl/browse/higiene-y-cuidado-personal/jabones/jabn-en-barra/72387472_38253071_49365759
[DEBUG] Subcategoría duplicada omitida por URL: [Desodorantes y cuidado corporal] Jabones infantiles -> https://super.lider.cl/browse/higiene-y-cuidado-personal/jabones/jabones-infantiles/72387472_38253071_89204809
[DEBUG] Subcategoría duplicada omitida por URL: [Desodorantes y cuidado corporal] Calzones y copas menstruales -> https://super.lider.cl/browse/higiene-y-cuidado-personal/proteccion-femenina/calzones-y-copas-menstruales/72387472_69099803_67365333
[DEBUG] Subcategoría duplicada omitida por URL: [Desodorantes y cuidado corporal] Protectores diarios -> https://super.lider.cl/browse/higiene-y-cuidado-personal/proteccion-femenina/protectores-diarios/72387472_69099803_78052493
[DEBUG] Subcategoría duplicada omitida por URL: [Desodorantes y cuidado corporal] Toallas higienicas y tampones -> https://super.lider.cl/browse/higiene-y-cuidado-personal/proteccion-femenina/toallas-higienicas-y-tampones/72387472_69099803_69659719
[DEBUG] Subcategoría duplicada omitida por URL: [Desodorantes y cuidado corporal] Jabones intimos y pañitos -> https://super.lider.cl/browse/higiene-y-cuidado-personal/proteccion-femenina/jabones-intimos-y-panitos/72387472_69099803_12938180
[DEBUG] Subcategoría duplicada omitida por URL: [Desodorantes y cuidado corporal] Incontinencia -> https://super.lider.cl/browse/higiene-y-cuidado-personal/proteccion-femenina/incontinencia/72387472_69099803_06635681
[DEBUG] Subcategoría duplicada omitida por URL: [Desodorantes y cuidado corporal] Vitaminas y suplementos -> https://super.lider.cl/browse/higiene-y-cuidado-personal/salud-y-suplementos/vitaminas-y-suplementos/72387472_67725176_42056040
[DEBUG] Subcategoría duplicada omitida por URL: [Desodorantes y cuidado corporal] Primeros auxilios -> https://super.lider.cl/browse/higiene-y-cuidado-personal/salud-y-suplementos/primeros-auxilios/72387472_67725176_09893877
[DEBUG] Subcategoría duplicada omitida por URL: [Desodorantes y cuidado corporal] Bienestar sexual -> https://super.lider.cl/browse/higiene-y-cuidado-personal/salud-y-suplementos/bienestar-sexual/72387472_67725176_23429133
[DEBUG] Subcategoría duplicada omitida por URL: [Desodorantes y cuidado corporal] Lentes de descanso -> https://super.lider.cl/browse/higiene-y-cuidado-personal/cuidado-adulto-mayor/lentes-de-descanso/72387472_32027656_38373177
[DEBUG] Subcategoría duplicada omitida por URL: [Desodorantes y cuidado corporal] Pants y pañales -> https://super.lider.cl/browse/higiene-y-cuidado-personal/cuidado-adulto-mayor/pants-y-panales/72387472_32027656_20427727
[DEBUG] Subcategoría duplicada omitida por URL: [Desodorantes y cuidado corporal] Apósitos y toallas húmedas -> https://super.lider.cl/browse/higiene-y-cuidado-personal/cuidado-adulto-mayor/apositos-y-toallas-humedas/72387472_32027656_86394035
[DEBUG] Subcategoría duplicada omitida por URL: [Desodorantes y cuidado corporal] Protectores de cama y accesorios -> https://super.lider.cl/browse/higiene-y-cuidado-personal/cuidado-adulto-mayor/protectores-de-cama-y-accesorios/72387472_32027656_16241235
[DEBUG] Subcategoría duplicada omitida por URL: [Jabones] Bloqueadores solares y after sun -> https://super.lider.cl/browse/higiene-y-cuidado-personal/protectores-solares/bloqueadores-solares-y-after-sun/72387472_47232852_19007172
[DEBUG] Subcategoría duplicada omitida por URL: [Jabones] Bronceador y autobronceante -> https://super.lider.cl/browse/higiene-y-cuidado-personal/protectores-solares/bronceador-y-autobronceante/72387472_47232852_75116032
[DEBUG] Subcategoría duplicada omitida por URL: [Jabones] Pasta Dental -> https://super.lider.cl/browse/higiene-y-cuidado-personal/cuidado-bucal/pasta-dental/72387472_88733049_71758797
[DEBUG] Subcategoría duplicada omitida por URL: [Jabones] Cepillo Dental -> https://super.lider.cl/browse/higiene-y-cuidado-personal/cuidado-bucal/cepillo-dental/72387472_88733049_86524790
[DEBUG] Subcategoría duplicada omitida por URL: [Jabones] Enjuague Bucal -> https://super.lider.cl/browse/higiene-y-cuidado-personal/cuidado-bucal/enjuague-bucal/72387472_88733049_57734500
[DEBUG] Subcategoría duplicada omitida por URL: [Jabones] Hilo dental y accesorios -> https://super.lider.cl/browse/higiene-y-cuidado-personal/cuidado-bucal/hilo-dental-y-accesorios/72387472_88733049_08263719
[DEBUG] Subcategoría duplicada omitida por URL: [Jabones] Desodorantes -> https://super.lider.cl/browse/higiene-y-cuidado-personal/desodorantes-y-cuidado-corporal/desodorantes/72387472_37200412_62400839
[DEBUG] Subcategoría duplicada omitida por URL: [Jabones] Accesorios de baño -> https://super.lider.cl/browse/higiene-y-cuidado-personal/desodorantes-y-cuidado-corporal/accesorios-de-bao/72387472_37200412_30167695
[DEBUG] Subcategoría duplicada omitida por URL: [Jabones] Jabón liquido -> https://super.lider.cl/browse/higiene-y-cuidado-personal/jabones/jabon-liquido/72387472_38253071_42509266
[DEBUG] Subcategoría duplicada omitida por URL: [Jabones] Gel de ducha -> https://super.lider.cl/browse/higiene-y-cuidado-personal/jabones/gel-de-ducha/72387472_38253071_87395001
[DEBUG] Subcategoría duplicada omitida por URL: [Jabones] Jabón en barra -> https://super.lider.cl/browse/higiene-y-cuidado-personal/jabones/jabn-en-barra/72387472_38253071_49365759
[DEBUG] Subcategoría duplicada omitida por URL: [Jabones] Jabones infantiles -> https://super.lider.cl/browse/higiene-y-cuidado-personal/jabones/jabones-infantiles/72387472_38253071_89204809
[DEBUG] Subcategoría duplicada omitida por URL: [Jabones] Calzones y copas menstruales -> https://super.lider.cl/browse/higiene-y-cuidado-personal/proteccion-femenina/calzones-y-copas-menstruales/72387472_69099803_67365333
[DEBUG] Subcategoría duplicada omitida por URL: [Jabones] Protectores diarios -> https://super.lider.cl/browse/higiene-y-cuidado-personal/proteccion-femenina/protectores-diarios/72387472_69099803_78052493
[DEBUG] Subcategoría duplicada omitida por URL: [Jabones] Toallas higienicas y tampones -> https://super.lider.cl/browse/higiene-y-cuidado-personal/proteccion-femenina/toallas-higienicas-y-tampones/72387472_69099803_69659719
[DEBUG] Subcategoría duplicada omitida por URL: [Jabones] Jabones intimos y pañitos -> https://super.lider.cl/browse/higiene-y-cuidado-personal/proteccion-femenina/jabones-intimos-y-panitos/72387472_69099803_12938180
[DEBUG] Subcategoría duplicada omitida por URL: [Jabones] Incontinencia -> https://super.lider.cl/browse/higiene-y-cuidado-personal/proteccion-femenina/incontinencia/72387472_69099803_06635681
[DEBUG] Subcategoría duplicada omitida por URL: [Jabones] Vitaminas y suplementos -> https://super.lider.cl/browse/higiene-y-cuidado-personal/salud-y-suplementos/vitaminas-y-suplementos/72387472_67725176_42056040
[DEBUG] Subcategoría duplicada omitida por URL: [Jabones] Primeros auxilios -> https://super.lider.cl/browse/higiene-y-cuidado-personal/salud-y-suplementos/primeros-auxilios/72387472_67725176_09893877
[DEBUG] Subcategoría duplicada omitida por URL: [Jabones] Bienestar sexual -> https://super.lider.cl/browse/higiene-y-cuidado-personal/salud-y-suplementos/bienestar-sexual/72387472_67725176_23429133
[DEBUG] Subcategoría duplicada omitida por URL: [Jabones] Lentes de descanso -> https://super.lider.cl/browse/higiene-y-cuidado-personal/cuidado-adulto-mayor/lentes-de-descanso/72387472_32027656_38373177
[DEBUG] Subcategoría duplicada omitida por URL: [Jabones] Pants y pañales -> https://super.lider.cl/browse/higiene-y-cuidado-personal/cuidado-adulto-mayor/pants-y-panales/72387472_32027656_20427727
[DEBUG] Subcategoría duplicada omitida por URL: [Jabones] Apósitos y toallas húmedas -> https://super.lider.cl/browse/higiene-y-cuidado-personal/cuidado-adulto-mayor/apositos-y-toallas-humedas/72387472_32027656_86394035
[DEBUG] Subcategoría duplicada omitida por URL: [Jabones] Protectores de cama y accesorios -> https://super.lider.cl/browse/higiene-y-cuidado-personal/cuidado-adulto-mayor/protectores-de-cama-y-accesorios/72387472_32027656_16241235
[DEBUG] Subcategoría duplicada omitida por URL: [Protección femenina] Bloqueadores solares y after sun -> https://super.lider.cl/browse/higiene-y-cuidado-personal/protectores-solares/bloqueadores-solares-y-after-sun/72387472_47232852_19007172
[DEBUG] Subcategoría duplicada omitida por URL: [Protección femenina] Bronceador y autobronceante -> https://super.lider.cl/browse/higiene-y-cuidado-personal/protectores-solares/bronceador-y-autobronceante/72387472_47232852_75116032
[DEBUG] Subcategoría duplicada omitida por URL: [Protección femenina] Pasta Dental -> https://super.lider.cl/browse/higiene-y-cuidado-personal/cuidado-bucal/pasta-dental/72387472_88733049_71758797
[DEBUG] Subcategoría duplicada omitida por URL: [Protección femenina] Cepillo Dental -> https://super.lider.cl/browse/higiene-y-cuidado-personal/cuidado-bucal/cepillo-dental/72387472_88733049_86524790
[DEBUG] Subcategoría duplicada omitida por URL: [Protección femenina] Enjuague Bucal -> https://super.lider.cl/browse/higiene-y-cuidado-personal/cuidado-bucal/enjuague-bucal/72387472_88733049_57734500
[DEBUG] Subcategoría duplicada omitida por URL: [Protección femenina] Hilo dental y accesorios -> https://super.lider.cl/browse/higiene-y-cuidado-personal/cuidado-bucal/hilo-dental-y-accesorios/72387472_88733049_08263719
[DEBUG] Subcategoría duplicada omitida por URL: [Protección femenina] Desodorantes -> https://super.lider.cl/browse/higiene-y-cuidado-personal/desodorantes-y-cuidado-corporal/desodorantes/72387472_37200412_62400839
[DEBUG] Subcategoría duplicada omitida por URL: [Protección femenina] Accesorios de baño -> https://super.lider.cl/browse/higiene-y-cuidado-personal/desodorantes-y-cuidado-corporal/accesorios-de-bao/72387472_37200412_30167695
[DEBUG] Subcategoría duplicada omitida por URL: [Protección femenina] Jabón liquido -> https://super.lider.cl/browse/higiene-y-cuidado-personal/jabones/jabon-liquido/72387472_38253071_42509266
[DEBUG] Subcategoría duplicada omitida por URL: [Protección femenina] Gel de ducha -> https://super.lider.cl/browse/higiene-y-cuidado-personal/jabones/gel-de-ducha/72387472_38253071_87395001
[DEBUG] Subcategoría duplicada omitida por URL: [Protección femenina] Jabón en barra -> https://super.lider.cl/browse/higiene-y-cuidado-personal/jabones/jabn-en-barra/72387472_38253071_49365759
[DEBUG] Subcategoría duplicada omitida por URL: [Protección femenina] Jabones infantiles -> https://super.lider.cl/browse/higiene-y-cuidado-personal/jabones/jabones-infantiles/72387472_38253071_89204809
[DEBUG] Subcategoría duplicada omitida por URL: [Protección femenina] Calzones y copas menstruales -> https://super.lider.cl/browse/higiene-y-cuidado-personal/proteccion-femenina/calzones-y-copas-menstruales/72387472_69099803_67365333
[DEBUG] Subcategoría duplicada omitida por URL: [Protección femenina] Protectores diarios -> https://super.lider.cl/browse/higiene-y-cuidado-personal/proteccion-femenina/protectores-diarios/72387472_69099803_78052493
[DEBUG] Subcategoría duplicada omitida por URL: [Protección femenina] Toallas higienicas y tampones -> https://super.lider.cl/browse/higiene-y-cuidado-personal/proteccion-femenina/toallas-higienicas-y-tampones/72387472_69099803_69659719
[DEBUG] Subcategoría duplicada omitida por URL: [Protección femenina] Jabones intimos y pañitos -> https://super.lider.cl/browse/higiene-y-cuidado-personal/proteccion-femenina/jabones-intimos-y-panitos/72387472_69099803_12938180
[DEBUG] Subcategoría duplicada omitida por URL: [Protección femenina] Incontinencia -> https://super.lider.cl/browse/higiene-y-cuidado-personal/proteccion-femenina/incontinencia/72387472_69099803_06635681
[DEBUG] Subcategoría duplicada omitida por URL: [Protección femenina] Vitaminas y suplementos -> https://super.lider.cl/browse/higiene-y-cuidado-personal/salud-y-suplementos/vitaminas-y-suplementos/72387472_67725176_42056040
[DEBUG] Subcategoría duplicada omitida por URL: [Protección femenina] Primeros auxilios -> https://super.lider.cl/browse/higiene-y-cuidado-personal/salud-y-suplementos/primeros-auxilios/72387472_67725176_09893877
[DEBUG] Subcategoría duplicada omitida por URL: [Protección femenina] Bienestar sexual -> https://super.lider.cl/browse/higiene-y-cuidado-personal/salud-y-suplementos/bienestar-sexual/72387472_67725176_23429133
[DEBUG] Subcategoría duplicada omitida por URL: [Protección femenina] Lentes de descanso -> https://super.lider.cl/browse/higiene-y-cuidado-personal/cuidado-adulto-mayor/lentes-de-descanso/72387472_32027656_38373177
[DEBUG] Subcategoría duplicada omitida por URL: [Protección femenina] Pants y pañales -> https://super.lider.cl/browse/higiene-y-cuidado-personal/cuidado-adulto-mayor/pants-y-panales/72387472_32027656_20427727
[DEBUG] Subcategoría duplicada omitida por URL: [Protección femenina] Apósitos y toallas húmedas -> https://super.lider.cl/browse/higiene-y-cuidado-personal/cuidado-adulto-mayor/apositos-y-toallas-humedas/72387472_32027656_86394035
[DEBUG] Subcategoría duplicada omitida por URL: [Protección femenina] Protectores de cama y accesorios -> https://super.lider.cl/browse/higiene-y-cuidado-personal/cuidado-adulto-mayor/protectores-de-cama-y-accesorios/72387472_32027656_16241235
[DEBUG] Subcategoría duplicada omitida por URL: [Salud y suplementos] Bloqueadores solares y after sun -> https://super.lider.cl/browse/higiene-y-cuidado-personal/protectores-solares/bloqueadores-solares-y-after-sun/72387472_47232852_19007172
[DEBUG] Subcategoría duplicada omitida por URL: [Salud y suplementos] Bronceador y autobronceante -> https://super.lider.cl/browse/higiene-y-cuidado-personal/protectores-solares/bronceador-y-autobronceante/72387472_47232852_75116032
[DEBUG] Subcategoría duplicada omitida por URL: [Salud y suplementos] Pasta Dental -> https://super.lider.cl/browse/higiene-y-cuidado-personal/cuidado-bucal/pasta-dental/72387472_88733049_71758797
[DEBUG] Subcategoría duplicada omitida por URL: [Salud y suplementos] Cepillo Dental -> https://super.lider.cl/browse/higiene-y-cuidado-personal/cuidado-bucal/cepillo-dental/72387472_88733049_86524790
[DEBUG] Subcategoría duplicada omitida por URL: [Salud y suplementos] Enjuague Bucal -> https://super.lider.cl/browse/higiene-y-cuidado-personal/cuidado-bucal/enjuague-bucal/72387472_88733049_57734500
[DEBUG] Subcategoría duplicada omitida por URL: [Salud y suplementos] Hilo dental y accesorios -> https://super.lider.cl/browse/higiene-y-cuidado-personal/cuidado-bucal/hilo-dental-y-accesorios/72387472_88733049_08263719
[DEBUG] Subcategoría duplicada omitida por URL: [Salud y suplementos] Desodorantes -> https://super.lider.cl/browse/higiene-y-cuidado-personal/desodorantes-y-cuidado-corporal/desodorantes/72387472_37200412_62400839
[DEBUG] Subcategoría duplicada omitida por URL: [Salud y suplementos] Accesorios de baño -> https://super.lider.cl/browse/higiene-y-cuidado-personal/desodorantes-y-cuidado-corporal/accesorios-de-bao/72387472_37200412_30167695
[DEBUG] Subcategoría duplicada omitida por URL: [Salud y suplementos] Jabón liquido -> https://super.lider.cl/browse/higiene-y-cuidado-personal/jabones/jabon-liquido/72387472_38253071_42509266
[DEBUG] Subcategoría duplicada omitida por URL: [Salud y suplementos] Gel de ducha -> https://super.lider.cl/browse/higiene-y-cuidado-personal/jabones/gel-de-ducha/72387472_38253071_87395001
[DEBUG] Subcategoría duplicada omitida por URL: [Salud y suplementos] Jabón en barra -> https://super.lider.cl/browse/higiene-y-cuidado-personal/jabones/jabn-en-barra/72387472_38253071_49365759
[DEBUG] Subcategoría duplicada omitida por URL: [Salud y suplementos] Jabones infantiles -> https://super.lider.cl/browse/higiene-y-cuidado-personal/jabones/jabones-infantiles/72387472_38253071_89204809
[DEBUG] Subcategoría duplicada omitida por URL: [Salud y suplementos] Calzones y copas menstruales -> https://super.lider.cl/browse/higiene-y-cuidado-personal/proteccion-femenina/calzones-y-copas-menstruales/72387472_69099803_67365333
[DEBUG] Subcategoría duplicada omitida por URL: [Salud y suplementos] Protectores diarios -> https://super.lider.cl/browse/higiene-y-cuidado-personal/proteccion-femenina/protectores-diarios/72387472_69099803_78052493
[DEBUG] Subcategoría duplicada omitida por URL: [Salud y suplementos] Toallas higienicas y tampones -> https://super.lider.cl/browse/higiene-y-cuidado-personal/proteccion-femenina/toallas-higienicas-y-tampones/72387472_69099803_69659719
[DEBUG] Subcategoría duplicada omitida por URL: [Salud y suplementos] Jabones intimos y pañitos -> https://super.lider.cl/browse/higiene-y-cuidado-personal/proteccion-femenina/jabones-intimos-y-panitos/72387472_69099803_12938180
[DEBUG] Subcategoría duplicada omitida por URL: [Salud y suplementos] Incontinencia -> https://super.lider.cl/browse/higiene-y-cuidado-personal/proteccion-femenina/incontinencia/72387472_69099803_06635681
[DEBUG] Subcategoría duplicada omitida por URL: [Salud y suplementos] Vitaminas y suplementos -> https://super.lider.cl/browse/higiene-y-cuidado-personal/salud-y-suplementos/vitaminas-y-suplementos/72387472_67725176_42056040
[DEBUG] Subcategoría duplicada omitida por URL: [Salud y suplementos] Primeros auxilios -> https://super.lider.cl/browse/higiene-y-cuidado-personal/salud-y-suplementos/primeros-auxilios/72387472_67725176_09893877
[DEBUG] Subcategoría duplicada omitida por URL: [Salud y suplementos] Bienestar sexual -> https://super.lider.cl/browse/higiene-y-cuidado-personal/salud-y-suplementos/bienestar-sexual/72387472_67725176_23429133
[DEBUG] Subcategoría duplicada omitida por URL: [Salud y suplementos] Lentes de descanso -> https://super.lider.cl/browse/higiene-y-cuidado-personal/cuidado-adulto-mayor/lentes-de-descanso/72387472_32027656_38373177
[DEBUG] Subcategoría duplicada omitida por URL: [Salud y suplementos] Pants y pañales -> https://super.lider.cl/browse/higiene-y-cuidado-personal/cuidado-adulto-mayor/pants-y-panales/72387472_32027656_20427727
[DEBUG] Subcategoría duplicada omitida por URL: [Salud y suplementos] Apósitos y toallas húmedas -> https://super.lider.cl/browse/higiene-y-cuidado-personal/cuidado-adulto-mayor/apositos-y-toallas-humedas/72387472_32027656_86394035
[DEBUG] Subcategoría duplicada omitida por URL: [Salud y suplementos] Protectores de cama y accesorios -> https://super.lider.cl/browse/higiene-y-cuidado-personal/cuidado-adulto-mayor/protectores-de-cama-y-accesorios/72387472_32027656_16241235
[DEBUG] Subcategoría duplicada omitida por URL: [Cuidado adulto mayor] Bloqueadores solares y after sun -> https://super.lider.cl/browse/higiene-y-cuidado-personal/protectores-solares/bloqueadores-solares-y-after-sun/72387472_47232852_19007172
[DEBUG] Subcategoría duplicada omitida por URL: [Cuidado adulto mayor] Bronceador y autobronceante -> https://super.lider.cl/browse/higiene-y-cuidado-personal/protectores-solares/bronceador-y-autobronceante/72387472_47232852_75116032
[DEBUG] Subcategoría duplicada omitida por URL: [Cuidado adulto mayor] Pasta Dental -> https://super.lider.cl/browse/higiene-y-cuidado-personal/cuidado-bucal/pasta-dental/72387472_88733049_71758797
[DEBUG] Subcategoría duplicada omitida por URL: [Cuidado adulto mayor] Cepillo Dental -> https://super.lider.cl/browse/higiene-y-cuidado-personal/cuidado-bucal/cepillo-dental/72387472_88733049_86524790
[DEBUG] Subcategoría duplicada omitida por URL: [Cuidado adulto mayor] Enjuague Bucal -> https://super.lider.cl/browse/higiene-y-cuidado-personal/cuidado-bucal/enjuague-bucal/72387472_88733049_57734500
[DEBUG] Subcategoría duplicada omitida por URL: [Cuidado adulto mayor] Hilo dental y accesorios -> https://super.lider.cl/browse/higiene-y-cuidado-personal/cuidado-bucal/hilo-dental-y-accesorios/72387472_88733049_08263719
[DEBUG] Subcategoría duplicada omitida por URL: [Cuidado adulto mayor] Desodorantes -> https://super.lider.cl/browse/higiene-y-cuidado-personal/desodorantes-y-cuidado-corporal/desodorantes/72387472_37200412_62400839
[DEBUG] Subcategoría duplicada omitida por URL: [Cuidado adulto mayor] Accesorios de baño -> https://super.lider.cl/browse/higiene-y-cuidado-personal/desodorantes-y-cuidado-corporal/accesorios-de-bao/72387472_37200412_30167695
[DEBUG] Subcategoría duplicada omitida por URL: [Cuidado adulto mayor] Jabón liquido -> https://super.lider.cl/browse/higiene-y-cuidado-personal/jabones/jabon-liquido/72387472_38253071_42509266
[DEBUG] Subcategoría duplicada omitida por URL: [Cuidado adulto mayor] Gel de ducha -> https://super.lider.cl/browse/higiene-y-cuidado-personal/jabones/gel-de-ducha/72387472_38253071_87395001
[DEBUG] Subcategoría duplicada omitida por URL: [Cuidado adulto mayor] Jabón en barra -> https://super.lider.cl/browse/higiene-y-cuidado-personal/jabones/jabn-en-barra/72387472_38253071_49365759
[DEBUG] Subcategoría duplicada omitida por URL: [Cuidado adulto mayor] Jabones infantiles -> https://super.lider.cl/browse/higiene-y-cuidado-personal/jabones/jabones-infantiles/72387472_38253071_89204809
[DEBUG] Subcategoría duplicada omitida por URL: [Cuidado adulto mayor] Calzones y copas menstruales -> https://super.lider.cl/browse/higiene-y-cuidado-personal/proteccion-femenina/calzones-y-copas-menstruales/72387472_69099803_67365333
[DEBUG] Subcategoría duplicada omitida por URL: [Cuidado adulto mayor] Protectores diarios -> https://super.lider.cl/browse/higiene-y-cuidado-personal/proteccion-femenina/protectores-diarios/72387472_69099803_78052493
[DEBUG] Subcategoría duplicada omitida por URL: [Cuidado adulto mayor] Toallas higienicas y tampones -> https://super.lider.cl/browse/higiene-y-cuidado-personal/proteccion-femenina/toallas-higienicas-y-tampones/72387472_69099803_69659719
[DEBUG] Subcategoría duplicada omitida por URL: [Cuidado adulto mayor] Jabones intimos y pañitos -> https://super.lider.cl/browse/higiene-y-cuidado-personal/proteccion-femenina/jabones-intimos-y-panitos/72387472_69099803_12938180
[DEBUG] Subcategoría duplicada omitida por URL: [Cuidado adulto mayor] Incontinencia -> https://super.lider.cl/browse/higiene-y-cuidado-personal/proteccion-femenina/incontinencia/72387472_69099803_06635681
[DEBUG] Subcategoría duplicada omitida por URL: [Cuidado adulto mayor] Vitaminas y suplementos -> https://super.lider.cl/browse/higiene-y-cuidado-personal/salud-y-suplementos/vitaminas-y-suplementos/72387472_67725176_42056040
[DEBUG] Subcategoría duplicada omitida por URL: [Cuidado adulto mayor] Primeros auxilios -> https://super.lider.cl/browse/higiene-y-cuidado-personal/salud-y-suplementos/primeros-auxilios/72387472_67725176_09893877
[DEBUG] Subcategoría duplicada omitida por URL: [Cuidado adulto mayor] Bienestar sexual -> https://super.lider.cl/browse/higiene-y-cuidado-personal/salud-y-suplementos/bienestar-sexual/72387472_67725176_23429133
[DEBUG] Subcategoría duplicada omitida por URL: [Cuidado adulto mayor] Lentes de descanso -> https://super.lider.cl/browse/higiene-y-cuidado-personal/cuidado-adulto-mayor/lentes-de-descanso/72387472_32027656_38373177
[DEBUG] Subcategoría duplicada omitida por URL: [Cuidado adulto mayor] Pants y pañales -> https://super.lider.cl/browse/higiene-y-cuidado-personal/cuidado-adulto-mayor/pants-y-panales/72387472_32027656_20427727
[DEBUG] Subcategoría duplicada omitida por URL: [Cuidado adulto mayor] Apósitos y toallas húmedas -> https://super.lider.cl/browse/higiene-y-cuidado-personal/cuidado-adulto-mayor/apositos-y-toallas-humedas/72387472_32027656_86394035
[DEBUG] Subcategoría duplicada omitida por URL: [Cuidado adulto mayor] Protectores de cama y accesorios -> https://super.lider.cl/browse/higiene-y-cuidado-personal/cuidado-adulto-mayor/protectores-de-cama-y-accesorios/72387472_32027656_16241235

[DEBUG] Subcategorías finales detectadas:
 - [Protectores solares] Bloqueadores solares y after sun -> https://super.lider.cl/browse/higiene-y-cuidado-personal/protectores-solares/bloqueadores-solares-y-after-sun/72387472_47232852_19007172
 - [Protectores solares] Bronceador y autobronceante -> https://super.lider.cl/browse/higiene-y-cuidado-personal/protectores-solares/bronceador-y-autobronceante/72387472_47232852_75116032
 - [Protectores solares] Pasta Dental -> https://super.lider.cl/browse/higiene-y-cuidado-personal/cuidado-bucal/pasta-dental/72387472_88733049_71758797
 - [Protectores solares] Cepillo Dental -> https://super.lider.cl/browse/higiene-y-cuidado-personal/cuidado-bucal/cepillo-dental/72387472_88733049_86524790
 - [Protectores solares] Enjuague Bucal -> https://super.lider.cl/browse/higiene-y-cuidado-personal/cuidado-bucal/enjuague-bucal/72387472_88733049_57734500
 - [Protectores solares] Hilo dental y accesorios -> https://super.lider.cl/browse/higiene-y-cuidado-personal/cuidado-bucal/hilo-dental-y-accesorios/72387472_88733049_08263719
 - [Protectores solares] Desodorantes -> https://super.lider.cl/browse/higiene-y-cuidado-personal/desodorantes-y-cuidado-corporal/desodorantes/72387472_37200412_62400839
 - [Protectores solares] Accesorios de baño -> https://super.lider.cl/browse/higiene-y-cuidado-personal/desodorantes-y-cuidado-corporal/accesorios-de-bao/72387472_37200412_30167695
 - [Protectores solares] Jabón liquido -> https://super.lider.cl/browse/higiene-y-cuidado-personal/jabones/jabon-liquido/72387472_38253071_42509266
 - [Protectores solares] Gel de ducha -> https://super.lider.cl/browse/higiene-y-cuidado-personal/jabones/gel-de-ducha/72387472_38253071_87395001
 - [Protectores solares] Jabón en barra -> https://super.lider.cl/browse/higiene-y-cuidado-personal/jabones/jabn-en-barra/72387472_38253071_49365759
 - [Protectores solares] Jabones infantiles -> https://super.lider.cl/browse/higiene-y-cuidado-personal/jabones/jabones-infantiles/72387472_38253071_89204809
 - [Protectores solares] Calzones y copas menstruales -> https://super.lider.cl/browse/higiene-y-cuidado-personal/proteccion-femenina/calzones-y-copas-menstruales/72387472_69099803_67365333
 - [Protectores solares] Protectores diarios -> https://super.lider.cl/browse/higiene-y-cuidado-personal/proteccion-femenina/protectores-diarios/72387472_69099803_78052493
 - [Protectores solares] Toallas higienicas y tampones -> https://super.lider.cl/browse/higiene-y-cuidado-personal/proteccion-femenina/toallas-higienicas-y-tampones/72387472_69099803_69659719
 - [Protectores solares] Jabones intimos y pañitos -> https://super.lider.cl/browse/higiene-y-cuidado-personal/proteccion-femenina/jabones-intimos-y-panitos/72387472_69099803_12938180
 - [Protectores solares] Incontinencia -> https://super.lider.cl/browse/higiene-y-cuidado-personal/proteccion-femenina/incontinencia/72387472_69099803_06635681
 - [Protectores solares] Vitaminas y suplementos -> https://super.lider.cl/browse/higiene-y-cuidado-personal/salud-y-suplementos/vitaminas-y-suplementos/72387472_67725176_42056040
 - [Protectores solares] Primeros auxilios -> https://super.lider.cl/browse/higiene-y-cuidado-personal/salud-y-suplementos/primeros-auxilios/72387472_67725176_09893877
 - [Protectores solares] Bienestar sexual -> https://super.lider.cl/browse/higiene-y-cuidado-personal/salud-y-suplementos/bienestar-sexual/72387472_67725176_23429133
 - [Protectores solares] Lentes de descanso -> https://super.lider.cl/browse/higiene-y-cuidado-personal/cuidado-adulto-mayor/lentes-de-descanso/72387472_32027656_38373177
 - [Protectores solares] Pants y pañales -> https://super.lider.cl/browse/higiene-y-cuidado-personal/cuidado-adulto-mayor/pants-y-panales/72387472_32027656_20427727
 - [Protectores solares] Apósitos y toallas húmedas -> https://super.lider.cl/browse/higiene-y-cuidado-personal/cuidado-adulto-mayor/apositos-y-toallas-humedas/72387472_32027656_86394035
 - [Protectores solares] Protectores de cama y accesorios -> https://super.lider.cl/browse/higiene-y-cuidado-personal/cuidado-adulto-mayor/protectores-de-cama-y-accesorios/72387472_32027656_16241235

[1/24] Scrape: [Protectores solares] Bloqueadores solares y after sun
    page 1: procesando DOM
      scroll round 1: anchors=18
      scroll round 2: anchors=18
      scroll round 3: anchors=18
      scroll round 4: anchors=18
      scroll round 5: anchors=18
      scroll round 6: anchors=18
      scroll round 7: anchors=18
      scroll round 8: anchors=18
    page 1: visibles=18, nuevos=18, acumulados=18
    page 1: sample_skus=['00780494501780', '00780494501563', '00780492001027', '00780492000999', '00780492000369', '00780494506493', '00780494501554', '00780492000684', '00780492000526', '00780494501467']
    page 1: no se pudo avanzar al paginador siguiente
  productos acumulados subcategoría: 18

[2/24] Scrape: [Protectores solares] Bronceador y autobronceante
    page 1: procesando DOM
      scroll round 1: anchors=0
      scroll round 2: anchors=0
      scroll round 3: anchors=0
      scroll round 4: anchors=0
      scroll round 5: anchors=0
      scroll round 6: anchors=0
      scroll round 7: anchors=0
      scroll round 8: anchors=0
    page 1: visibles=0, nuevos=0, acumulados=0
    page 1: sample_skus=[]
    page 1: no se pudo avanzar al paginador siguiente
  productos acumulados subcategoría: 0

[3/24] Scrape: [Protectores solares] Pasta Dental
    page 1: procesando DOM
      scroll round 1: anchors=24
      scroll round 2: anchors=36
      scroll round 3: anchors=53
      scroll round 4: anchors=53
      scroll round 5: anchors=53
      scroll round 6: anchors=53
      scroll round 7: anchors=53
      scroll round 8: anchors=53
    page 1: visibles=46, nuevos=46, acumulados=46
    page 1: sample_skus=['00770201061160', '00750954665938', '00750954600098', '00789102412302', '00770201061113', '00789102412318', '00780500018088', '00789600941929', '00780492585603', '00750954668235']
    page 2: procesando DOM
      scroll round 1: anchors=33
      scroll round 2: anchors=57
      scroll round 3: anchors=59
      scroll round 4: anchors=59
      scroll round 5: anchors=59
      scroll round 6: anchors=59
      scroll round 7: anchors=59
      scroll round 8: anchors=59
    page 2: visibles=51, nuevos=42, acumulados=88
    page 2: sample_skus=['00770201061160', '00750954665938', '00750954600098', '00789102412302', '00770201061113', '00789102412318', '00780500018090', '00780492554380', '00780491551740', '00779464017247']
    page 3: procesando DOM
      scroll round 1: anchors=33
      scroll round 2: anchors=45
      scroll round 3: anchors=45
      scroll round 4: anchors=45
      scroll round 5: anchors=45
      scroll round 6: anchors=45
      scroll round 7: anchors=45
      scroll round 8: anchors=45
    page 3: visibles=39, nuevos=30, acumulados=118
    page 3: sample_skus=['00770201061160', '00750954665938', '00750954600098', '00789102412302', '00770201061113', '00789102412318', '00789601552773', '00750954606186', '00893483913559', '00780500032431']
    page 4: procesando DOM
      scroll round 1: anchors=45
      scroll round 2: anchors=45
      scroll round 3: anchors=45
      scroll round 4: anchors=45
      scroll round 5: anchors=45
      scroll round 6: anchors=45
      scroll round 7: anchors=45
      scroll round 8: anchors=45
    page 4: visibles=39, nuevos=0, acumulados=118
    page 4: sample_skus=['00770201061160', '00750954665938', '00750954600098', '00789102412302', '00770201061113', '00789102412318', '00789601552773', '00750954606186', '00893483913559', '00780500032431']
    page 5: procesando DOM
      scroll round 1: anchors=45
      scroll round 2: anchors=45
      scroll round 3: anchors=45
      scroll round 4: anchors=45
      scroll round 5: anchors=45
      scroll round 6: anchors=45
      scroll round 7: anchors=45
      scroll round 8: anchors=45
    page 5: visibles=39, nuevos=0, acumulados=118
    page 5: sample_skus=['00770201061160', '00750954665938', '00750954600098', '00789102412302', '00770201061113', '00789102412318', '00789601552773', '00750954606186', '00893483913559', '00780500032431']
    stop: 2 páginas seguidas sin nuevos productos
  productos acumulados subcategoría: 118

[4/24] Scrape: [Protectores solares] Cepillo Dental
    page 1: procesando DOM
      scroll round 1: anchors=24
      scroll round 2: anchors=36
      scroll round 3: anchors=45
      scroll round 4: anchors=61
      scroll round 5: anchors=61
      scroll round 6: anchors=61
      scroll round 7: anchors=61
      scroll round 8: anchors=61
    page 1: visibles=49, nuevos=49, acumulados=49
    page 1: sample_skus=['00750954606855', '00770201013024', '00750954607439', '00770201013025', '00789102407300', '00750954607028', '00750954665822', '00779464017158', '00780500032316', '00750954607927']
    page 2: procesando DOM
      scroll round 1: anchors=40
      scroll round 2: anchors=64
      scroll round 3: anchors=66
      scroll round 4: anchors=66
      scroll round 5: anchors=66
      scroll round 6: anchors=66
      scroll round 7: anchors=66
      scroll round 8: anchors=66
    page 2: visibles=57, nuevos=41, acumulados=90
    page 2: sample_skus=['00750954606855', '00770201013024', '00750954607439', '00770201013025', '00789102407300', '00750954607028', '00750043517104', '00789601551617', '00789102431619', '00750954669371']
    page 3: procesando DOM
      scroll round 1: anchors=40
      scroll round 2: anchors=45
      scroll round 3: anchors=45
      scroll round 4: anchors=45
      scroll round 5: anchors=45
      scroll round 6: anchors=45
      scroll round 7: anchors=45
      scroll round 8: anchors=45
    page 3: visibles=38, nuevos=22, acumulados=112
    page 3: sample_skus=['00750954606855', '00770201013024', '00750954607439', '00770201013025', '00789102407300', '00750954607028', '00780466342001', '00750954669372', '00780466342019', '00301426001444']
    page 4: procesando DOM
      scroll round 1: anchors=45
      scroll round 2: anchors=45
      scroll round 3: anchors=45
      scroll round 4: anchors=45
      scroll round 5: anchors=45
      scroll round 6: anchors=45
      scroll round 7: anchors=45
      scroll round 8: anchors=45
    page 4: visibles=38, nuevos=0, acumulados=112
    page 4: sample_skus=['00750954606855', '00770201013024', '00750954607439', '00770201013025', '00789102407300', '00750954607028', '00780466342001', '00750954669372', '00780466342019', '00301426001444']
    page 5: procesando DOM
      scroll round 1: anchors=45
      scroll round 2: anchors=45
      scroll round 3: anchors=45
      scroll round 4: anchors=45
      scroll round 5: anchors=45
      scroll round 6: anchors=45
      scroll round 7: anchors=45
      scroll round 8: anchors=45
    page 5: visibles=38, nuevos=0, acumulados=112
    page 5: sample_skus=['00750954606855', '00770201013024', '00750954607439', '00770201013025', '00789102407300', '00750954607028', '00780466342001', '00750954669372', '00780466342019', '00301426001444']
    stop: 2 páginas seguidas sin nuevos productos
  productos acumulados subcategoría: 112

[5/24] Scrape: [Protectores solares] Enjuague Bucal
    page 1: procesando DOM
      scroll round 1: anchors=24
      scroll round 2: anchors=58
      scroll round 3: anchors=58
      scroll round 4: anchors=58
      scroll round 5: anchors=58
      scroll round 6: anchors=58
      scroll round 7: anchors=58
      scroll round 8: anchors=58
    page 1: visibles=45, nuevos=45, acumulados=45
    page 1: sample_skus=['00789102402801', '00789102413698', '00750954666699', '00789102402799', '00789102402883', '00789102404262', '00789102403962', '00770203543211', '00770203156332', '00068113103642']
    page 2: procesando DOM
      scroll round 1: anchors=58
      scroll round 2: anchors=58
      scroll round 3: anchors=58
      scroll round 4: anchors=58
      scroll round 5: anchors=58
      scroll round 6: anchors=58
      scroll round 7: anchors=58
      scroll round 8: anchors=58
    page 2: visibles=45, nuevos=0, acumulados=45
    page 2: sample_skus=['00789102402801', '00789102413698', '00750954666699', '00789102402799', '00789102402883', '00789102404262', '00789102403962', '00770203543211', '00770203156332', '00068113103642']
    page 3: procesando DOM
      scroll round 1: anchors=24
      scroll round 2: anchors=24
      scroll round 3: anchors=24
      scroll round 4: anchors=24
      scroll round 5: anchors=24
      scroll round 6: anchors=24
      scroll round 7: anchors=24
      scroll round 8: anchors=24
    page 3: visibles=17, nuevos=3, acumulados=48
    page 3: sample_skus=['00789102402801', '00789102413698', '00750954666699', '00789102402799', '00789102402883', '00789102404262', '00770203128835', '00770203124622', '00789102413611', '00770203543250']
    page 4: procesando DOM
      scroll round 1: anchors=24
      scroll round 2: anchors=24
      scroll round 3: anchors=24
      scroll round 4: anchors=24
      scroll round 5: anchors=24
      scroll round 6: anchors=24
      scroll round 7: anchors=24
      scroll round 8: anchors=24
    page 4: visibles=17, nuevos=0, acumulados=48
    page 4: sample_skus=['00789102402801', '00789102413698', '00750954666699', '00789102402799', '00789102402883', '00789102404262', '00770203128835', '00770203124622', '00789102413611', '00770203543250']
    page 5: procesando DOM
      scroll round 1: anchors=24
      scroll round 2: anchors=24
      scroll round 3: anchors=24
      scroll round 4: anchors=24
      scroll round 5: anchors=24
      scroll round 6: anchors=24
      scroll round 7: anchors=24
      scroll round 8: anchors=24
    page 5: visibles=17, nuevos=0, acumulados=48
    page 5: sample_skus=['00789102402801', '00789102413698', '00750954666699', '00789102402799', '00789102402883', '00789102404262', '00770203128835', '00770203124622', '00789102413611', '00770203543250']
    stop: 2 páginas seguidas sin nuevos productos
  productos acumulados subcategoría: 48

[6/24] Scrape: [Protectores solares] Hilo dental y accesorios
    page 1: procesando DOM
      scroll round 1: anchors=13
      scroll round 2: anchors=13
      scroll round 3: anchors=13
      scroll round 4: anchors=13
      scroll round 5: anchors=13
      scroll round 6: anchors=13
      scroll round 7: anchors=13
      scroll round 8: anchors=13
    page 1: visibles=13, nuevos=13, acumulados=13
    page 1: sample_skus=['00750043512974', '00789101003890', '00789102418312', '00750633939450', '00780466342021', '00779464017321', '00789105102982', '00780466342017', '00779464017273', '00779464017175']
    page 1: no se pudo avanzar al paginador siguiente
  productos acumulados subcategoría: 13

[7/24] Scrape: [Protectores solares] Desodorantes
    page 1: procesando DOM
      scroll round 1: anchors=24
      scroll round 2: anchors=65
      scroll round 3: anchors=65
      scroll round 4: anchors=65
      scroll round 5: anchors=65
      scroll round 6: anchors=65
      scroll round 7: anchors=65
      scroll round 8: anchors=65
    page 1: visibles=58, nuevos=58, acumulados=58
    page 1: sample_skus=['00750954605643', '00750954665194', '00770201047047', '00770201047048', '00750954604532', '00750954601554', '00779129303825', '00779129303826', '00779129305179', '00780490000004']
    page 2: procesando DOM
      scroll round 1: anchors=42
      scroll round 2: anchors=54
      scroll round 3: anchors=54
      scroll round 4: anchors=54
      scroll round 5: anchors=54
      scroll round 6: anchors=54
      scroll round 7: anchors=54
      scroll round 8: anchors=54
    page 2: visibles=46, nuevos=28, acumulados=86
    page 2: sample_skus=['00750954605643', '00750954665194', '00770201047047', '00770201047048', '00750954604532', '00750954601554', '00750043522226', '00000007502897', '00007940030054', '00000007892725']
    page 3: procesando DOM
      scroll round 1: anchors=42
      scroll round 2: anchors=66
      scroll round 3: anchors=68
      scroll round 4: anchors=68
      scroll round 5: anchors=68
      scroll round 6: anchors=68
      scroll round 7: anchors=68
      scroll round 8: anchors=68
    page 3: visibles=57, nuevos=39, acumulados=125
    page 3: sample_skus=['00750954605643', '00750954665194', '00770201047047', '00770201047048', '00750954604532', '00750954601554', '00000007502495', '00780490061095', '00750954669093', '00750043512940']
    page 4: procesando DOM
      scroll round 1: anchors=42
      scroll round 2: anchors=66
      scroll round 3: anchors=68
      scroll round 4: anchors=68
      scroll round 5: anchors=68
      scroll round 6: anchors=68
      scroll round 7: anchors=68
      scroll round 8: anchors=68
    page 4: visibles=61, nuevos=43, acumulados=168
    page 4: sample_skus=['00750954605643', '00750954665194', '00770201047047', '00770201047048', '00750954604532', '00750954601554', '00780500031276', '00750100130906', '00400590051306', '00779129304847']
    page 5: procesando DOM
      scroll round 1: anchors=42
      scroll round 2: anchors=66
      scroll round 3: anchors=68
      scroll round 4: anchors=68
      scroll round 5: anchors=68
      scroll round 6: anchors=68
      scroll round 7: anchors=68
      scroll round 8: anchors=68
    page 5: visibles=60, nuevos=42, acumulados=210
    page 5: sample_skus=['00750954605643', '00750954665194', '00770201047047', '00770201047048', '00750954604532', '00750954601554', '00750043518620', '00780500031891', '00779464017261', '00780500032384']
    page 6: procesando DOM
      scroll round 1: anchors=42
      scroll round 2: anchors=66
      scroll round 3: anchors=67
      scroll round 4: anchors=67
      scroll round 5: anchors=67
      scroll round 6: anchors=67
      scroll round 7: anchors=67
      scroll round 8: anchors=67
    page 6: visibles=60, nuevos=41, acumulados=251
    page 6: sample_skus=['00750954605643', '00750954665194', '00770201047047', '00770201047048', '00750954604532', '00750954601554', '00000007508163', '00750630625506', '00400590095092', '00780500032301']
    page 7: procesando DOM
      scroll round 1: anchors=25
      scroll round 2: anchors=25
      scroll round 3: anchors=25
      scroll round 4: anchors=25
      scroll round 5: anchors=25
      scroll round 6: anchors=25
      scroll round 7: anchors=25
      scroll round 8: anchors=25
    page 7: visibles=19, nuevos=0, acumulados=251
    page 7: sample_skus=['00750954605643', '00750954665194', '00770201047047', '00770201047048', '00750954604532', '00750954601554', '00750103590757', '00750954665198', '00750100130906', '00750043525072']
    page 8: procesando DOM
      scroll round 1: anchors=25
      scroll round 2: anchors=25
      scroll round 3: anchors=25
      scroll round 4: anchors=25
      scroll round 5: anchors=25
      scroll round 6: anchors=25
      scroll round 7: anchors=25
      scroll round 8: anchors=25
    page 8: visibles=19, nuevos=0, acumulados=251
    page 8: sample_skus=['00750954605643', '00750954665194', '00770201047047', '00770201047048', '00750954604532', '00750954601554', '00750103590757', '00750954665198', '00750100130906', '00750043525072']
    stop: 2 páginas seguidas sin nuevos productos
  productos acumulados subcategoría: 251

[8/24] Scrape: [Protectores solares] Accesorios de baño
    page 1: procesando DOM
      scroll round 1: anchors=13
      scroll round 2: anchors=13
      scroll round 3: anchors=13
      scroll round 4: anchors=13
      scroll round 5: anchors=13
      scroll round 6: anchors=13
      scroll round 7: anchors=13
      scroll round 8: anchors=13
    page 1: visibles=13, nuevos=13, acumulados=13
    page 1: sample_skus=['00104183840884', '00888825632948', '00888826988813', '00104183840883', '00104183895050', '00888816949912', '00888816949909', '00104183840885', '00888816949911', '00104183810150']
    page 1: no se pudo avanzar al paginador siguiente
  productos acumulados subcategoría: 13

[9/24] Scrape: [Protectores solares] Jabón liquido
    page 1: procesando DOM
      scroll round 1: anchors=24
      scroll round 2: anchors=36
      scroll round 3: anchors=48
      scroll round 4: anchors=48
      scroll round 5: anchors=48
      scroll round 6: anchors=48
      scroll round 7: anchors=48
      scroll round 8: anchors=48
    page 1: visibles=45, nuevos=45, acumulados=45
    page 1: sample_skus=['00780650098240', '00773021902139', '00780650098243', '00780492023023', '00780492000306', '00780500016688', '00780494503301', '00780492001082', '00780492001083', '00780492001044']
    page 2: procesando DOM
      scroll round 1: anchors=27
      scroll round 2: anchors=49
      scroll round 3: anchors=49
      scroll round 4: anchors=49
      scroll round 5: anchors=49
      scroll round 6: anchors=49
      scroll round 7: anchors=49
      scroll round 8: anchors=49
    page 2: visibles=46, nuevos=43, acumulados=88
    page 2: sample_skus=['00780650098240', '00773021902139', '00780650098243', '00780494503308', '00780494501209', '00780500032383', '00780494503300', '00780494505126', '00841113500811', '00780494501075']
    page 3: procesando DOM
      scroll round 1: anchors=27
      scroll round 2: anchors=33
      scroll round 3: anchors=33
      scroll round 4: anchors=33
      scroll round 5: anchors=33
      scroll round 6: anchors=33
      scroll round 7: anchors=33
      scroll round 8: anchors=33
    page 3: visibles=30, nuevos=27, acumulados=115
    page 3: sample_skus=['00780650098240', '00773021902139', '00780650098243', '00841113500813', '00780494501114', '00780494501116', '00750954666681', '00354962000605', '00789102403957', '00780500032390']
    page 4: procesando DOM
      scroll round 1: anchors=33
      scroll round 2: anchors=33
      scroll round 3: anchors=33
      scroll round 4: anchors=33
      scroll round 5: anchors=33
      scroll round 6: anchors=33
      scroll round 7: anchors=33
      scroll round 8: anchors=33
    page 4: visibles=30, nuevos=0, acumulados=115
    page 4: sample_skus=['00780650098240', '00773021902139', '00780650098243', '00841113500813', '00780494501114', '00780494501116', '00750954666681', '00354962000605', '00789102403957', '00780500032390']
    page 5: procesando DOM
      scroll round 1: anchors=33
      scroll round 2: anchors=33
      scroll round 3: anchors=33
      scroll round 4: anchors=33
      scroll round 5: anchors=33
      scroll round 6: anchors=33
      scroll round 7: anchors=33
      scroll round 8: anchors=33
    page 5: visibles=30, nuevos=0, acumulados=115
    page 5: sample_skus=['00780650098240', '00773021902139', '00780650098243', '00841113500813', '00780494501114', '00780494501116', '00750954666681', '00354962000605', '00789102403957', '00780500032390']
    stop: 2 páginas seguidas sin nuevos productos
  productos acumulados subcategoría: 115

[10/24] Scrape: [Protectores solares] Gel de ducha
    page 1: procesando DOM
      scroll round 1: anchors=7
      scroll round 2: anchors=7
      scroll round 3: anchors=7
      scroll round 4: anchors=7
      scroll round 5: anchors=7
      scroll round 6: anchors=7
      scroll round 7: anchors=7
      scroll round 8: anchors=7
    page 1: visibles=7, nuevos=7, acumulados=7
    page 1: sample_skus=['00400580831316', '00354962000749', '00354962000750', '00354962100785', '00354962100784', '00104183842298', '00104183842299']
    page 1: no se pudo avanzar al paginador siguiente
  productos acumulados subcategoría: 7

[11/24] Scrape: [Protectores solares] Jabón en barra
    page 1: procesando DOM
      scroll round 1: anchors=24
      scroll round 2: anchors=28
      scroll round 3: anchors=28
      scroll round 4: anchors=28
      scroll round 5: anchors=28
      scroll round 6: anchors=28
      scroll round 7: anchors=28
      scroll round 8: anchors=28
    page 1: visibles=26, nuevos=26, acumulados=26
    page 1: sample_skus=['00780650098242', '00773021902133', '00780504500301', '00789115004648', '00780499000001', '00779129303668', '00780499000008', '00789115004652', '00750954668338', '00789102411368']
    page 2: procesando DOM
      scroll round 1: anchors=28
      scroll round 2: anchors=28
      scroll round 3: anchors=28
      scroll round 4: anchors=28
      scroll round 5: anchors=28
      scroll round 6: anchors=28
      scroll round 7: anchors=28
      scroll round 8: anchors=28
    page 2: visibles=26, nuevos=0, acumulados=26
    page 2: sample_skus=['00780650098242', '00773021902133', '00780504500301', '00789115004648', '00780499000001', '00779129303668', '00780499000008', '00789115004652', '00750954668338', '00789102411368']
    page 3: procesando DOM
      scroll round 1: anchors=28
      scroll round 2: anchors=28
      scroll round 3: anchors=28
      scroll round 4: anchors=28
      scroll round 5: anchors=28
      scroll round 6: anchors=28
      scroll round 7: anchors=28
      scroll round 8: anchors=28
    page 3: visibles=26, nuevos=0, acumulados=26
    page 3: sample_skus=['00780650098242', '00773021902133', '00780504500301', '00789115004648', '00780499000001', '00779129303668', '00780499000008', '00789115004652', '00750954668338', '00789102411368']
    stop: 2 páginas seguidas sin nuevos productos
  productos acumulados subcategoría: 26

[12/24] Scrape: [Protectores solares] Jabones infantiles
    page 1: procesando DOM
      scroll round 1: anchors=4
      scroll round 2: anchors=4
      scroll round 3: anchors=4
      scroll round 4: anchors=4
      scroll round 5: anchors=4
      scroll round 6: anchors=4
      scroll round 7: anchors=4
      scroll round 8: anchors=4
    page 1: visibles=4, nuevos=4, acumulados=4
    page 1: sample_skus=['00780491552915', '00780491501230', '00780491552914', '00780491501073']
    page 1: no se pudo avanzar al paginador siguiente
  productos acumulados subcategoría: 4

[13/24] Scrape: [Protectores solares] Calzones y copas menstruales
    page 1: procesando DOM
      scroll round 1: anchors=5
      scroll round 2: anchors=5
      scroll round 3: anchors=5
      scroll round 4: anchors=5
      scroll round 5: anchors=5
      scroll round 6: anchors=5
      scroll round 7: anchors=5
      scroll round 8: anchors=5
    page 1: visibles=5, nuevos=5, acumulados=5
    page 1: sample_skus=['00770202618408', '00770202618509', '00770202615145', '00770202618407', '00780491845164']
    page 1: no se pudo avanzar al paginador siguiente
  productos acumulados subcategoría: 5

[14/24] Scrape: [Protectores solares] Protectores diarios
    page 1: procesando DOM
      scroll round 1: anchors=24
      scroll round 2: anchors=39
      scroll round 3: anchors=39
      scroll round 4: anchors=39
      scroll round 5: anchors=39
      scroll round 6: anchors=39
      scroll round 7: anchors=39
      scroll round 8: anchors=39
    page 1: visibles=30, nuevos=30, acumulados=30
    page 1: sample_skus=['00770202618090', '00770202614708', '00779001061675', '00770203150144', '00770203153915', '00770203195450', '00780960402846', '00780650096357', '00770202744094', '00770202618002']
    page 2: procesando DOM
      scroll round 1: anchors=39
      scroll round 2: anchors=39
      scroll round 3: anchors=39
      scroll round 4: anchors=39
      scroll round 5: anchors=39
      scroll round 6: anchors=39
      scroll round 7: anchors=39
      scroll round 8: anchors=39
    page 2: visibles=30, nuevos=0, acumulados=30
    page 2: sample_skus=['00770202618090', '00770202614708', '00779001061675', '00770203150144', '00770203153915', '00770203195450', '00780960402846', '00780650096357', '00770202744094', '00770202618002']
    page 3: procesando DOM
      scroll round 1: anchors=39
      scroll round 2: anchors=39
      scroll round 3: anchors=39
      scroll round 4: anchors=39
      scroll round 5: anchors=39
      scroll round 6: anchors=39
      scroll round 7: anchors=39
      scroll round 8: anchors=39
    page 3: visibles=30, nuevos=0, acumulados=30
    page 3: sample_skus=['00770202618090', '00770202614708', '00779001061675', '00770203150144', '00770203153915', '00770203195450', '00780960402846', '00780650096357', '00770202744094', '00770202618002']
    stop: 2 páginas seguidas sin nuevos productos
  productos acumulados subcategoría: 30

[15/24] Scrape: [Protectores solares] Toallas higienicas y tampones
    page 1: procesando DOM
      scroll round 1: anchors=24
      scroll round 2: anchors=36
      scroll round 3: anchors=50
      scroll round 4: anchors=50
      scroll round 5: anchors=50
      scroll round 6: anchors=50
      scroll round 7: anchors=50
      scroll round 8: anchors=50
    page 1: visibles=44, nuevos=44, acumulados=44
    page 1: sample_skus=['00770202615154', '00770202618033', '00780650096268', '00780650096072', '00780650096282', '00780650096259', '00770202618028', '00770202617362', '00750043513791', '00780960402697']
    page 2: procesando DOM
      scroll round 1: anchors=30
      scroll round 2: anchors=44
      scroll round 3: anchors=44
      scroll round 4: anchors=44
      scroll round 5: anchors=44
      scroll round 6: anchors=44
      scroll round 7: anchors=44
      scroll round 8: anchors=44
    page 2: visibles=38, nuevos=32, acumulados=76
    page 2: sample_skus=['00770202615154', '00770202618033', '00780650096268', '00780650096072', '00780650096282', '00780650096259', '00775918501054', '00750043513790', '00780960403170', '00780960401225']
    page 3: procesando DOM
      scroll round 1: anchors=44
      scroll round 2: anchors=44
      scroll round 3: anchors=44
      scroll round 4: anchors=44
      scroll round 5: anchors=44
      scroll round 6: anchors=44
      scroll round 7: anchors=44
      scroll round 8: anchors=44
    page 3: visibles=38, nuevos=0, acumulados=76
    page 3: sample_skus=['00770202615154', '00770202618033', '00780650096268', '00780650096072', '00780650096282', '00780650096259', '00775918501054', '00750043513790', '00780960403170', '00780960401225']
    page 4: procesando DOM
      scroll round 1: anchors=44
      scroll round 2: anchors=44
      scroll round 3: anchors=44
      scroll round 4: anchors=44
      scroll round 5: anchors=44
      scroll round 6: anchors=44
      scroll round 7: anchors=44
      scroll round 8: anchors=44
    page 4: visibles=38, nuevos=0, acumulados=76
    page 4: sample_skus=['00770202615154', '00770202618033', '00780650096268', '00780650096072', '00780650096282', '00780650096259', '00775918501054', '00750043513790', '00780960403170', '00780960401225']
    stop: 2 páginas seguidas sin nuevos productos
  productos acumulados subcategoría: 76

[16/24] Scrape: [Protectores solares] Jabones intimos y pañitos
    page 1: procesando DOM
      scroll round 1: anchors=13
      scroll round 2: anchors=13
      scroll round 3: anchors=13
      scroll round 4: anchors=13
      scroll round 5: anchors=13
      scroll round 6: anchors=13
      scroll round 7: anchors=13
      scroll round 8: anchors=13
    page 1: visibles=13, nuevos=13, acumulados=13
    page 1: sample_skus=['00770202617754', '00770202617766', '00770202619275', '00770202619627', '00697567042493', '00770202617890', '00789102402396', '00841113595506', '00750043520444', '00400580853855']
    page 1: no se pudo avanzar al paginador siguiente
  productos acumulados subcategoría: 13

[17/24] Scrape: [Protectores solares] Incontinencia
    page 1: procesando DOM
      scroll round 1: anchors=19
      scroll round 2: anchors=19
      scroll round 3: anchors=19
      scroll round 4: anchors=19
      scroll round 5: anchors=19
      scroll round 6: anchors=19
      scroll round 7: anchors=19
      scroll round 8: anchors=19
    page 1: visibles=19, nuevos=19, acumulados=19
    page 1: sample_skus=['00750101905110', '00750101905534', '00770202747044', '00779462600741', '00779462601085', '00780960402967', '00780650096284', '00779462601156', '00779462601149', '00770202747023']
    page 1: no se pudo avanzar al paginador siguiente
  productos acumulados subcategoría: 19

[18/24] Scrape: [Protectores solares] Vitaminas y suplementos
    page 1: procesando DOM
      scroll round 1: anchors=24
      scroll round 2: anchors=28
      scroll round 3: anchors=28
      scroll round 4: anchors=28
      scroll round 5: anchors=28
      scroll round 6: anchors=28
      scroll round 7: anchors=28
      scroll round 8: anchors=28
    page 1: visibles=28, nuevos=28, acumulados=28
    page 1: sample_skus=['00780467118017', '00780467118013', '00780467118048', '00780491845324', '00780491845338', '00780491845355', '00780491840411', '00780467391282', '00780491845358', '00780491845340']
    page 1: no se pudo avanzar al paginador siguiente
  productos acumulados subcategoría: 28

[19/24] Scrape: [Protectores solares] Primeros auxilios
    page 1: procesando DOM
      scroll round 1: anchors=24
      scroll round 2: anchors=44
      scroll round 3: anchors=44
      scroll round 4: anchors=44
      scroll round 5: anchors=44
      scroll round 6: anchors=44
      scroll round 7: anchors=44
      scroll round 8: anchors=44
    page 1: visibles=44, nuevos=44, acumulados=44
    page 1: sample_skus=['00780654500027', '00780466445003', '00780654500024', '00780654500010', '00780654500028', '00780493001540', '00780466445004', '00040000637590', '00780466445000', '00040000637592']
    page 2: procesando DOM
      scroll round 1: anchors=16
      scroll round 2: anchors=16
      scroll round 3: anchors=16
      scroll round 4: anchors=16
      scroll round 5: anchors=16
      scroll round 6: anchors=16
      scroll round 7: anchors=16
      scroll round 8: anchors=16
    page 2: visibles=16, nuevos=16, acumulados=60
    page 2: sample_skus=['00750105455004', '00780991210296', '00780466445001', '00780466445006', '00780491845369', '00068113116974', '00780507040081', '00780491553026', '00933034400128', '00780519000024']
    page 2: no se pudo avanzar al paginador siguiente
  productos acumulados subcategoría: 60

[20/24] Scrape: [Protectores solares] Bienestar sexual
    page 1: procesando DOM
      scroll round 1: anchors=24
      scroll round 2: anchors=26
      scroll round 3: anchors=26
      scroll round 4: anchors=26
      scroll round 5: anchors=26
      scroll round 6: anchors=26
      scroll round 7: anchors=26
      scroll round 8: anchors=26
    page 1: visibles=26, nuevos=26, acumulados=26
    page 1: sample_skus=['00780491845073', '00780491845030', '00780000400374', '00780491845094', '00505219700855', '00780491845095', '00780491840299', '00780491850094', '00750115973113', '00780501000407']
    page 1: no se pudo avanzar al paginador siguiente
  productos acumulados subcategoría: 26

[21/24] Scrape: [Protectores solares] Lentes de descanso
    page 1: procesando DOM
      scroll round 1: anchors=18
      scroll round 2: anchors=18
      scroll round 3: anchors=18
      scroll round 4: anchors=18
      scroll round 5: anchors=18
      scroll round 6: anchors=18
      scroll round 7: anchors=18
      scroll round 8: anchors=18
    page 1: visibles=18, nuevos=18, acumulados=18
    page 1: sample_skus=['00007760200444', '00900006243613', '00900004795264', '00900004901615', '00600276241802', '00600276241804', '00900006152584', '00900002761815', '00900002287628', '00900004596280']
    page 1: no se pudo avanzar al paginador siguiente
  productos acumulados subcategoría: 18

[22/24] Scrape: [Protectores solares] Pants y pañales
    page 1: procesando DOM
      scroll round 1: anchors=24
      scroll round 2: anchors=36
      scroll round 3: anchors=51
      scroll round 4: anchors=51
      scroll round 5: anchors=51
      scroll round 6: anchors=51
      scroll round 7: anchors=51
      scroll round 8: anchors=51
    page 1: visibles=42, nuevos=42, acumulados=42
    page 1: sample_skus=['00780650075251', '00780650077150', '00780650075250', '00780650077588', '00780650077149', '00780650077587', '00780460354223', '00780650077161', '00692873811265', '00692873811264']
    page 2: procesando DOM
      scroll round 1: anchors=51
      scroll round 2: anchors=51
      scroll round 3: anchors=51
      scroll round 4: anchors=51
      scroll round 5: anchors=51
      scroll round 6: anchors=51
      scroll round 7: anchors=51
      scroll round 8: anchors=51
    page 2: visibles=42, nuevos=0, acumulados=42
    page 2: sample_skus=['00780650075251', '00780650077150', '00780650075250', '00780650077588', '00780650077149', '00780650077587', '00780460354223', '00780650077161', '00692873811265', '00692873811264']
    page 3: procesando DOM
      scroll round 1: anchors=51
      scroll round 2: anchors=51
      scroll round 3: anchors=51
      scroll round 4: anchors=51
      scroll round 5: anchors=51
      scroll round 6: anchors=51
      scroll round 7: anchors=51
      scroll round 8: anchors=51
    page 3: visibles=42, nuevos=0, acumulados=42
    page 3: sample_skus=['00780650075251', '00780650077150', '00780650075250', '00780650077588', '00780650077149', '00780650077587', '00780460354223', '00780650077161', '00692873811265', '00692873811264']
    stop: 2 páginas seguidas sin nuevos productos
  productos acumulados subcategoría: 42

[23/24] Scrape: [Protectores solares] Apósitos y toallas húmedas
    page 1: procesando DOM
      scroll round 1: anchors=1
      scroll round 2: anchors=1
      scroll round 3: anchors=1
      scroll round 4: anchors=1
      scroll round 5: anchors=1
      scroll round 6: anchors=1
      scroll round 7: anchors=1
      scroll round 8: anchors=1
    page 1: visibles=1, nuevos=1, acumulados=1
    page 1: sample_skus=['00780650073114']
    page 1: no se pudo avanzar al paginador siguiente
  productos acumulados subcategoría: 1

[24/24] Scrape: [Protectores solares] Protectores de cama y accesorios
    page 1: procesando DOM
      scroll round 1: anchors=5
      scroll round 2: anchors=5
      scroll round 3: anchors=5
      scroll round 4: anchors=5
      scroll round 5: anchors=5
      scroll round 6: anchors=5
      scroll round 7: anchors=5
      scroll round 8: anchors=5
    page 1: visibles=5, nuevos=5, acumulados=5
    page 1: sample_skus=['00780654500001', '00697567042235', '00780650077105', '00750101905048', '00770202747204']
    page 1: no se pudo avanzar al paginador siguiente
  productos acumulados subcategoría: 5

Total filas: 1045
CSV generado: output\higiene_cuidado_personal\lider_higiene_cuidado_personal_20260317_011919.csv
