[DEBUG] Click en botón categorías con selector: text=Categorías

[DEBUG] Primeros 3000 caracteres del body tras abrir menú:

Saltar al contenido principal
Categorías
Todas las categorías
Marcas Propias
Marcas Americanas
La Boti
Carnes y Pescados
Despensa
Frutas y Verduras
Bebidas y Snacks
Frescos y Lácteos
Panadería y Pastelería
Congelados
Desayunos y Dulces
Limpieza y Aseo
Mundo Bebé y Juguetería
Chocolates
Colaciones
Platos Preparados
Mascotas
Hogar
Belleza
Higiene y Cuidado Personal
Parrillas y Jardín
Deporte y Aire Libre
Tecno y Electro
Librería y Cumpleaños
Ferretería
Automóvil
Vestuario
Soy Pyme
Salud y Estilos De Vida
Campañas
Ir a Mundo Lider
Vuelve a pedirlos
Tus productos
Ingresar
Cuenta
0
Tarjeta Lider Bci
Mi Club
Centro de ayuda
Supermercado
Precios Black en Todo
Precios Black en Todo
Lo que buscas en tecnología y hogar con el ahorro que esperabas
¡Descubre más!
Precios Bajos desde $1.000
Precios Bajos desde $1.000
Arma tu carrito sin pasarte del presupuesto
¡Descubre más!
Confía en Mr Músculo
Encuentra más por menos
¡Descubre más!
Patrocinado
Los favoritos de grandes y chicos
¡Que no falten en tu hogar!
¡Descubre más!
Patrocinado
Pañales Babysec talla grande
Comodidad para explorar
¡Descubre más!
Patrocinado
Más sabor con Hellmann’s Supreme
Cremosa y súper deliciosa
¡Descubre más!
Patrocinado
Prueba hoy la crema sin lactosa Nestlé
Perfecta en tus recetas
¡Descubre más!
Patrocinado
Pescadería de Pascua: Calidad y Frescura
Pescadería de Pascua: Calidad y Frescura
Variedad de pescados y mariscos para tu mesa esta temporada
¡Descubre más!
Pascua en Casa: Decoración y Juegos
Pascua en Casa: Decoración y Juegos
Todo para compartir con detalles únicos
¡Descubre más!
Diapositiva actual del carrusel 1 de 9
Productos a mil
Ver Todo
Productos a 1000
Productos a 2000
Productos a 3000
Campañas
The New Black
Feliz Pascua
Vuelta a Clases
Precios Bajos Siempre
Destacados
Lácteos
Mascotas
Bebidas y Snacks
Belleza
Beneficios adicionales
Revisa tus movimientos y descubre todo lo que has acumulado
Acumula Pesos Mi Club en todas tus compras y canjéalos cuando quieras
Paga con tu tarjeta Lider Bci y recibe parte de tu compra en Pesos Mi Club
Activa tu tarjeta Lider Bci y aprovecha este beneficio exclusivo. Tope $20.000
[DEBUG] Encontrado 'Desayunos y Dulces' con selector: text=Desayunos y Dulces

[DEBUG] Subcategorías detectadas:
 - [Café Té y Hierbas] Café Instantáneo -> https://super.lider.cl/browse/desayunos-y-dulces/cafe-te-y-hierbas/cafe-instantaneo/23483116_11894805_17324926
 - [Café Té y Hierbas] Café en Grano y Molido -> https://super.lider.cl/browse/desayunos-y-dulces/cafe-te-y-hierbas/cafe-en-grano-y-molido/23483116_11894805_93629287
 - [Café Té y Hierbas] Cápsulas de Café -> https://super.lider.cl/browse/desayunos-y-dulces/cafe-te-y-hierbas/capsulas-de-cafe/23483116_11894805_20654322
 - [Café Té y Hierbas] Café Descafeinado -> https://super.lider.cl/browse/desayunos-y-dulces/cafe-te-y-hierbas/cafe-descafeinado/23483116_11894805_27014801
 - [Café Té y Hierbas] Café Saborizados y Cremas -> https://super.lider.cl/browse/desayunos-y-dulces/cafe-te-y-hierbas/cafe-saborizados-y-cremas/23483116_11894805_25767631
 - [Café Té y Hierbas] Té Ceylan -> https://super.lider.cl/browse/desayunos-y-dulces/cafe-te-y-hierbas/te-ceylan/23483116_11894805_89993349
 - [Café Té y Hierbas] Té Especiales y Sabores -> https://super.lider.cl/browse/desayunos-y-dulces/cafe-te-y-hierbas/te-especiales-y-sabores/23483116_11894805_97536167
 - [Café Té y Hierbas] Hierbas y Yerba Mate -> https://super.lider.cl/browse/desayunos-y-dulces/cafe-te-y-hierbas/hierbas-y-yerba-mate/23483116_11894805_60147378
 - [Cereales] Barras de Cereal -> https://super.lider.cl/browse/desayunos-y-dulces/cereales/barras-de-cereal/23483116_70936805_13936422
 - [Cereales] Cereal Trigo Inflado -> https://super.lider.cl/browse/desayunos-y-dulces/cereales/cereal-trigo-inflado/23483116_70936805_48438644
 - [Cereales] Colaciones Escolares -> https://super.lider.cl/browse/desayunos-y-dulces/cereales/colaciones-escolares/23483116_70936805_64958996
 - [Cereales] Avenas -> https://super.lider.cl/browse/desayunos-y-dulces/cereales/avenas/23483116_70936805_84143698
 - [Galletas y Colaciones Dulces] Rellenas Bañadas -> https://super.lider.cl/browse/desayunos-y-dulces/galletas-y-colaciones-dulces/rellenas-banadas/23483116_20760251_12832369
 - [Galletas y Colaciones Dulces] Chips Chocolate -> https://super.lider.cl/browse/desayunos-y-dulces/galletas-y-colaciones-dulces/chips-chocolate/23483116_20760251_82235880
 - [Galletas y Colaciones Dulces] Clásicas Obleas y Champaña -> https://super.lider.cl/browse/desayunos-y-dulces/galletas-y-colaciones-dulces/clasicas-obleas-y-champana/23483116_20760251_78598382
 - [Galletas y Colaciones Dulces] Saludables -> https://super.lider.cl/browse/desayunos-y-dulces/galletas-y-colaciones-dulces/saludables/23483116_20760251_74336868
 - [Galletas y Colaciones Dulces] Galletas Colación -> https://super.lider.cl/browse/desayunos-y-dulces/galletas-y-colaciones-dulces/galletas-colacion/23483116_20760251_13232333
 - [Galletas y Colaciones Dulces] Galletones y Alfajores -> https://super.lider.cl/browse/desayunos-y-dulces/galletas-y-colaciones-dulces/galletones-y-alfajores/23483116_20760251_34760357
 - [Galletas y Colaciones Dulces] Quequitos y Bizcochos -> https://super.lider.cl/browse/desayunos-y-dulces/galletas-y-colaciones-dulces/quequitos-y-bizcochos/23483116_20760251_83587992
 - [Dulces Mermeladas y Manjar] Azúcar -> https://super.lider.cl/browse/desayunos-y-dulces/dulces-mermeladas-y-manjar/azucar/23483116_35492092_35385017
 - [Dulces Mermeladas y Manjar] Endulzante -> https://super.lider.cl/browse/desayunos-y-dulces/dulces-mermeladas-y-manjar/endulzante/23483116_35492092_77562456
 - [Dulces Mermeladas y Manjar] Manjar y Dulce de Leche -> https://super.lider.cl/browse/desayunos-y-dulces/dulces-mermeladas-y-manjar/manjar-y-dulce-de-leche/23483116_35492092_59812150
 - [Dulces Mermeladas y Manjar] Mermeladas -> https://super.lider.cl/browse/desayunos-y-dulces/dulces-mermeladas-y-manjar/mermeladas/23483116_35492092_42714329
 - [Dulces Mermeladas y Manjar] Miel y Dulces -> https://super.lider.cl/browse/desayunos-y-dulces/dulces-mermeladas-y-manjar/miel-y-dulces/23483116_35492092_56308533
 - [Chocolates y Candy] Caramelos Duros -> https://super.lider.cl/browse/desayunos-y-dulces/chocolates-y-candy/caramelos-duros/23483116_82062599_87916924
 - [Chocolates y Candy] Calugas y Masticables -> https://super.lider.cl/browse/desayunos-y-dulces/chocolates-y-candy/calugas-y-masticables/23483116_82062599_11451515
 - [Chocolates y Candy] Gomitas -> https://super.lider.cl/browse/desayunos-y-dulces/chocolates-y-candy/gomitas/23483116_82062599_92694896
 - [Chocolates y Candy] MarshMallows -> https://super.lider.cl/browse/desayunos-y-dulces/chocolates-y-candy/marshmallows/23483116_82062599_63895350
 - [Chocolates y Candy] Chicles Mentitas -> https://super.lider.cl/browse/desayunos-y-dulces/chocolates-y-candy/chicles-mentitas/23483116_82062599_23506684
 - [Chocolates y Candy] Artesanales -> https://super.lider.cl/browse/desayunos-y-dulces/chocolates-y-candy/artesanales/23483116_82062599_79292609
 - [Postres para Preparar] Gelatina en Polvo -> https://super.lider.cl/browse/desayunos-y-dulces/postres-para-preparar/gelatina-en-polvo/23483116_58016199_71040522
 - [Postres para Preparar] Flan y Budín -> https://super.lider.cl/browse/desayunos-y-dulces/postres-para-preparar/flan-y-budin/23483116_58016199_39076644
\n[1/32] Scrape: [Café Té y Hierbas] Café Instantáneo
  productos: 44
\n[2/32] Scrape: [Café Té y Hierbas] Café en Grano y Molido
  productos: 44
\n[3/32] Scrape: [Café Té y Hierbas] Cápsulas de Café
  productos: 44
\n[4/32] Scrape: [Café Té y Hierbas] Café Descafeinado
  productos: 12
\n[5/32] Scrape: [Café Té y Hierbas] Café Saborizados y Cremas
  productos: 44
\n[6/32] Scrape: [Café Té y Hierbas] Té Ceylan
  productos: 44
\n[7/32] Scrape: [Café Té y Hierbas] Té Especiales y Sabores
  productos: 44
\n[8/32] Scrape: [Café Té y Hierbas] Hierbas y Yerba Mate
  productos: 44
\n[9/32] Scrape: [Cereales] Barras de Cereal
  productos: 48
\n[10/32] Scrape: [Cereales] Cereal Trigo Inflado
  productos: 14
\n[11/32] Scrape: [Cereales] Colaciones Escolares
  productos: 48
\n[12/32] Scrape: [Cereales] Avenas
  productos: 41
\n[13/32] Scrape: [Galletas y Colaciones Dulces] Rellenas Bañadas
  productos: 44
\n[14/32] Scrape: [Galletas y Colaciones Dulces] Chips Chocolate
  productos: 17
\n[15/32] Scrape: [Galletas y Colaciones Dulces] Clásicas Obleas y Champaña
  productos: 44
\n[16/32] Scrape: [Galletas y Colaciones Dulces] Saludables
  productos: 44
\n[17/32] Scrape: [Galletas y Colaciones Dulces] Galletas Colación
  productos: 44
\n[18/32] Scrape: [Galletas y Colaciones Dulces] Galletones y Alfajores
  productos: 36
\n[19/32] Scrape: [Galletas y Colaciones Dulces] Quequitos y Bizcochos
  productos: 25
\n[20/32] Scrape: [Dulces Mermeladas y Manjar] Azúcar
  productos: 28
\n[21/32] Scrape: [Dulces Mermeladas y Manjar] Endulzante
  productos: 44
\n[22/32] Scrape: [Dulces Mermeladas y Manjar] Manjar y Dulce de Leche
  productos: 30
\n[23/32] Scrape: [Dulces Mermeladas y Manjar] Mermeladas
  productos: 44
\n[24/32] Scrape: [Dulces Mermeladas y Manjar] Miel y Dulces
  productos: 44
\n[25/32] Scrape: [Chocolates y Candy] Caramelos Duros
  productos: 37
\n[26/32] Scrape: [Chocolates y Candy] Calugas y Masticables
  productos: 41
\n[27/32] Scrape: [Chocolates y Candy] Gomitas
  productos: 44
\n[28/32] Scrape: [Chocolates y Candy] MarshMallows
  productos: 25
\n[29/32] Scrape: [Chocolates y Candy] Chicles Mentitas
  productos: 26
\n[30/32] Scrape: [Chocolates y Candy] Artesanales
  productos: 29
\n[31/32] Scrape: [Postres para Preparar] Gelatina en Polvo
  productos: 44
\n[32/32] Scrape: [Postres para Preparar] Flan y Budín
  productos: 22
\nTotal filas: 1183
CSV generado: output\desayunos_y_dulces\lider_desayunos_y_dulces_20260317_000412.csv
