
[DEBUG] Subcategorías finales detectadas:
 - [Perro] Alimento Seco -> https://super.lider.cl/browse/mascotas/perro/alimento-seco/07089592_29432822_59354834
 - [Perro] Alimento Humedo -> https://super.lider.cl/browse/mascotas/perro/alimento-humedo/07089592_29432822_02175062
 - [Perro] Snack y Premios -> https://super.lider.cl/browse/mascotas/perro/snack-y-premios/07089592_29432822_49543527
 - [Perro] Alimento Seco -> https://super.lider.cl/browse/mascotas/gato/alimento-seco/07089592_85723699_38537300
 - [Perro] Alimento Humedo -> https://super.lider.cl/browse/mascotas/gato/alimento-humedo/07089592_85723699_39598429
 - [Perro] Snack y Premios -> https://super.lider.cl/browse/mascotas/gato/snack-y-premios/07089592_85723699_83034796
 - [Perro] Alimento Conejo -> https://super.lider.cl/browse/mascotas/otras-mascotas/alimento-conejo/07089592_42714284_49619948
 - [Perro] Alimento Pajaro -> https://super.lider.cl/browse/mascotas/otras-mascotas/alimento-pajaro/07089592_42714284_59337773
 - [Perro] Alimento Roedor -> https://super.lider.cl/browse/mascotas/otras-mascotas/alimento-roedor/07089592_42714284_53427902
 - [Perro] Arena para Gato -> https://super.lider.cl/browse/mascotas/higiene-y-bienestar/arena-para-gato/07089592_02342029_67185424
 - [Perro] Bolsas y Accesorios Sanitarios -> https://super.lider.cl/browse/mascotas/higiene-y-bienestar/bolsas-y-accesorios-sanitarios/07089592_02342029_52790901
 - [Perro] Baño y Limpieza -> https://super.lider.cl/browse/mascotas/higiene-y-bienestar/bao-y-limpieza/07089592_02342029_81556437
 - [Perro] Collares arnes y correas -> https://super.lider.cl/browse/mascotas/accesorios-y-juguetes/collares-arnes-y-correas/07089592_73368248_78844187
 - [Perro] Casas platos y accesorios -> https://super.lider.cl/browse/mascotas/accesorios-y-juguetes/casas-platos-y-accesorios/07089592_73368248_54392300
 - [Perro] Juguetes y Rascadores -> https://super.lider.cl/browse/mascotas/accesorios-y-juguetes/juguetes-y-rascadores/07089592_73368248_99350993
 - [Gato] Alimento Seco -> https://super.lider.cl/browse/mascotas/perro/alimento-seco/07089592_29432822_59354834
 - [Gato] Alimento Humedo -> https://super.lider.cl/browse/mascotas/perro/alimento-humedo/07089592_29432822_02175062
 - [Gato] Snack y Premios -> https://super.lider.cl/browse/mascotas/perro/snack-y-premios/07089592_29432822_49543527
 - [Gato] Alimento Seco -> https://super.lider.cl/browse/mascotas/gato/alimento-seco/07089592_85723699_38537300
 - [Gato] Alimento Humedo -> https://super.lider.cl/browse/mascotas/gato/alimento-humedo/07089592_85723699_39598429
 - [Gato] Snack y Premios -> https://super.lider.cl/browse/mascotas/gato/snack-y-premios/07089592_85723699_83034796
 - [Gato] Alimento Conejo -> https://super.lider.cl/browse/mascotas/otras-mascotas/alimento-conejo/07089592_42714284_49619948
 - [Gato] Alimento Pajaro -> https://super.lider.cl/browse/mascotas/otras-mascotas/alimento-pajaro/07089592_42714284_59337773
 - [Gato] Alimento Roedor -> https://super.lider.cl/browse/mascotas/otras-mascotas/alimento-roedor/07089592_42714284_53427902
 - [Gato] Arena para Gato -> https://super.lider.cl/browse/mascotas/higiene-y-bienestar/arena-para-gato/07089592_02342029_67185424
 - [Gato] Bolsas y Accesorios Sanitarios -> https://super.lider.cl/browse/mascotas/higiene-y-bienestar/bolsas-y-accesorios-sanitarios/07089592_02342029_52790901
 - [Gato] Baño y Limpieza -> https://super.lider.cl/browse/mascotas/higiene-y-bienestar/bao-y-limpieza/07089592_02342029_81556437
 - [Gato] Collares arnes y correas -> https://super.lider.cl/browse/mascotas/accesorios-y-juguetes/collares-arnes-y-correas/07089592_73368248_78844187
 - [Gato] Casas platos y accesorios -> https://super.lider.cl/browse/mascotas/accesorios-y-juguetes/casas-platos-y-accesorios/07089592_73368248_54392300
 - [Gato] Juguetes y Rascadores -> https://super.lider.cl/browse/mascotas/accesorios-y-juguetes/juguetes-y-rascadores/07089592_73368248_99350993
 - [Otras Mascotas] Alimento Seco -> https://super.lider.cl/browse/mascotas/perro/alimento-seco/07089592_29432822_59354834
 - [Otras Mascotas] Alimento Humedo -> https://super.lider.cl/browse/mascotas/perro/alimento-humedo/07089592_29432822_02175062
 - [Otras Mascotas] Snack y Premios -> https://super.lider.cl/browse/mascotas/perro/snack-y-premios/07089592_29432822_49543527
 - [Otras Mascotas] Alimento Seco -> https://super.lider.cl/browse/mascotas/gato/alimento-seco/07089592_85723699_38537300
 - [Otras Mascotas] Alimento Humedo -> https://super.lider.cl/browse/mascotas/gato/alimento-humedo/07089592_85723699_39598429
 - [Otras Mascotas] Snack y Premios -> https://super.lider.cl/browse/mascotas/gato/snack-y-premios/07089592_85723699_83034796
 - [Otras Mascotas] Alimento Conejo -> https://super.lider.cl/browse/mascotas/otras-mascotas/alimento-conejo/07089592_42714284_49619948
 - [Otras Mascotas] Alimento Pajaro -> https://super.lider.cl/browse/mascotas/otras-mascotas/alimento-pajaro/07089592_42714284_59337773
 - [Otras Mascotas] Alimento Roedor -> https://super.lider.cl/browse/mascotas/otras-mascotas/alimento-roedor/07089592_42714284_53427902
 - [Otras Mascotas] Arena para Gato -> https://super.lider.cl/browse/mascotas/higiene-y-bienestar/arena-para-gato/07089592_02342029_67185424
 - [Otras Mascotas] Bolsas y Accesorios Sanitarios -> https://super.lider.cl/browse/mascotas/higiene-y-bienestar/bolsas-y-accesorios-sanitarios/07089592_02342029_52790901
 - [Otras Mascotas] Baño y Limpieza -> https://super.lider.cl/browse/mascotas/higiene-y-bienestar/bao-y-limpieza/07089592_02342029_81556437
 - [Otras Mascotas] Collares arnes y correas -> https://super.lider.cl/browse/mascotas/accesorios-y-juguetes/collares-arnes-y-correas/07089592_73368248_78844187
 - [Otras Mascotas] Casas platos y accesorios -> https://super.lider.cl/browse/mascotas/accesorios-y-juguetes/casas-platos-y-accesorios/07089592_73368248_54392300
 - [Otras Mascotas] Juguetes y Rascadores -> https://super.lider.cl/browse/mascotas/accesorios-y-juguetes/juguetes-y-rascadores/07089592_73368248_99350993
 - [Higiene y Bienestar] Alimento Seco -> https://super.lider.cl/browse/mascotas/perro/alimento-seco/07089592_29432822_59354834
 - [Higiene y Bienestar] Alimento Humedo -> https://super.lider.cl/browse/mascotas/perro/alimento-humedo/07089592_29432822_02175062
 - [Higiene y Bienestar] Snack y Premios -> https://super.lider.cl/browse/mascotas/perro/snack-y-premios/07089592_29432822_49543527
 - [Higiene y Bienestar] Alimento Seco -> https://super.lider.cl/browse/mascotas/gato/alimento-seco/07089592_85723699_38537300
 - [Higiene y Bienestar] Alimento Humedo -> https://super.lider.cl/browse/mascotas/gato/alimento-humedo/07089592_85723699_39598429
 - [Higiene y Bienestar] Snack y Premios -> https://super.lider.cl/browse/mascotas/gato/snack-y-premios/07089592_85723699_83034796
 - [Higiene y Bienestar] Alimento Conejo -> https://super.lider.cl/browse/mascotas/otras-mascotas/alimento-conejo/07089592_42714284_49619948
 - [Higiene y Bienestar] Alimento Pajaro -> https://super.lider.cl/browse/mascotas/otras-mascotas/alimento-pajaro/07089592_42714284_59337773
 - [Higiene y Bienestar] Alimento Roedor -> https://super.lider.cl/browse/mascotas/otras-mascotas/alimento-roedor/07089592_42714284_53427902
 - [Higiene y Bienestar] Arena para Gato -> https://super.lider.cl/browse/mascotas/higiene-y-bienestar/arena-para-gato/07089592_02342029_67185424
 - [Higiene y Bienestar] Bolsas y Accesorios Sanitarios -> https://super.lider.cl/browse/mascotas/higiene-y-bienestar/bolsas-y-accesorios-sanitarios/07089592_02342029_52790901
 - [Higiene y Bienestar] Baño y Limpieza -> https://super.lider.cl/browse/mascotas/higiene-y-bienestar/bao-y-limpieza/07089592_02342029_81556437
 - [Higiene y Bienestar] Collares arnes y correas -> https://super.lider.cl/browse/mascotas/accesorios-y-juguetes/collares-arnes-y-correas/07089592_73368248_78844187
 - [Higiene y Bienestar] Casas platos y accesorios -> https://super.lider.cl/browse/mascotas/accesorios-y-juguetes/casas-platos-y-accesorios/07089592_73368248_54392300
 - [Higiene y Bienestar] Juguetes y Rascadores -> https://super.lider.cl/browse/mascotas/accesorios-y-juguetes/juguetes-y-rascadores/07089592_73368248_99350993
 - [Accesorios y Juguetes] Alimento Seco -> https://super.lider.cl/browse/mascotas/perro/alimento-seco/07089592_29432822_59354834
 - [Accesorios y Juguetes] Alimento Humedo -> https://super.lider.cl/browse/mascotas/perro/alimento-humedo/07089592_29432822_02175062
 - [Accesorios y Juguetes] Snack y Premios -> https://super.lider.cl/browse/mascotas/perro/snack-y-premios/07089592_29432822_49543527
 - [Accesorios y Juguetes] Alimento Seco -> https://super.lider.cl/browse/mascotas/gato/alimento-seco/07089592_85723699_38537300
 - [Accesorios y Juguetes] Alimento Humedo -> https://super.lider.cl/browse/mascotas/gato/alimento-humedo/07089592_85723699_39598429
 - [Accesorios y Juguetes] Snack y Premios -> https://super.lider.cl/browse/mascotas/gato/snack-y-premios/07089592_85723699_83034796
 - [Accesorios y Juguetes] Alimento Conejo -> https://super.lider.cl/browse/mascotas/otras-mascotas/alimento-conejo/07089592_42714284_49619948
 - [Accesorios y Juguetes] Alimento Pajaro -> https://super.lider.cl/browse/mascotas/otras-mascotas/alimento-pajaro/07089592_42714284_59337773
 - [Accesorios y Juguetes] Alimento Roedor -> https://super.lider.cl/browse/mascotas/otras-mascotas/alimento-roedor/07089592_42714284_53427902
 - [Accesorios y Juguetes] Arena para Gato -> https://super.lider.cl/browse/mascotas/higiene-y-bienestar/arena-para-gato/07089592_02342029_67185424
 - [Accesorios y Juguetes] Bolsas y Accesorios Sanitarios -> https://super.lider.cl/browse/mascotas/higiene-y-bienestar/bolsas-y-accesorios-sanitarios/07089592_02342029_52790901
 - [Accesorios y Juguetes] Baño y Limpieza -> https://super.lider.cl/browse/mascotas/higiene-y-bienestar/bao-y-limpieza/07089592_02342029_81556437
 - [Accesorios y Juguetes] Collares arnes y correas -> https://super.lider.cl/browse/mascotas/accesorios-y-juguetes/collares-arnes-y-correas/07089592_73368248_78844187
 - [Accesorios y Juguetes] Casas platos y accesorios -> https://super.lider.cl/browse/mascotas/accesorios-y-juguetes/casas-platos-y-accesorios/07089592_73368248_54392300
 - [Accesorios y Juguetes] Juguetes y Rascadores -> https://super.lider.cl/browse/mascotas/accesorios-y-juguetes/juguetes-y-rascadores/07089592_73368248_99350993

[1/75] Scrape: [Perro] Alimento Seco
    page 1: procesando DOM
      scroll round 1: anchors=24
      scroll round 2: anchors=36
      scroll round 3: anchors=44
      scroll round 4: anchors=44
      scroll round 5: anchors=44
      scroll round 6: anchors=44
      scroll round 7: anchors=44
      scroll round 8: anchors=44
    page 1: visibles=44, nuevos=44, acumulados=44
    page 1: sample_skus=['00780192000083', '00780410000086', '00779745300033', '00844529057339', '00844529133306', '00780257554454', '00780443800158', '00780410000280', '00780257553244', '00779745300159']
    page 2: procesando DOM
      scroll round 1: anchors=18
      scroll round 2: anchors=18
      scroll round 3: anchors=18
      scroll round 4: anchors=18
      scroll round 5: anchors=18
      scroll round 6: anchors=18
      scroll round 7: anchors=18
      scroll round 8: anchors=18
    page 2: visibles=18, nuevos=18, acumulados=62
    page 2: sample_skus=['00040005088006', '00779745397250', '00761328722511', '00780257553361', '00844529056408', '00761328722553', '00040005088009', '00040005088007', '00040005088008', '00780443800153']
    page 2: no se pudo avanzar al paginador siguiente
  productos acumulados subcategoría: 62

[2/75] Scrape: [Perro] Alimento Humedo
    page 1: procesando DOM
      scroll round 1: anchors=24
      scroll round 2: anchors=36
      scroll round 3: anchors=36
      scroll round 4: anchors=36
      scroll round 5: anchors=36
      scroll round 6: anchors=36
      scroll round 7: anchors=36
      scroll round 8: anchors=36
    page 1: visibles=36, nuevos=36, acumulados=36
    page 1: sample_skus=['00779745300079', '00779745300047', '00779745300048', '00779745300080', '00085000671539', '00780410000174', '00779745397176', '00780410000175', '00085000671543', '00779745300046']
    page 1: no se pudo avanzar al paginador siguiente
  productos acumulados subcategoría: 36

[3/75] Scrape: [Perro] Snack y Premios
    page 1: procesando DOM
      scroll round 1: anchors=24
      scroll round 2: anchors=44
      scroll round 3: anchors=44
      scroll round 4: anchors=44
      scroll round 5: anchors=44
      scroll round 6: anchors=44
      scroll round 7: anchors=44
      scroll round 8: anchors=44
    page 1: visibles=44, nuevos=44, acumulados=44
    page 1: sample_skus=['00085000671539', '00789100009824', '00789602905236', '00779745397185', '00085000671543', '00780550500667', '00780460346599', '00074674766603', '00780460346597', '00789602905233']
    page 2: procesando DOM
      scroll round 1: anchors=24
      scroll round 2: anchors=36
      scroll round 3: anchors=36
      scroll round 4: anchors=36
      scroll round 5: anchors=36
      scroll round 6: anchors=36
      scroll round 7: anchors=36
      scroll round 8: anchors=36
    page 2: visibles=36, nuevos=36, acumulados=80
    page 2: sample_skus=['00085000671556', '00780465625062', '00074674766572', '00065952511102', '00400823959123', '00780445700203', '00780465625072', '00780467341014', '00065952511113', '00780467341011']
    page 2: no se pudo avanzar al paginador siguiente
  productos acumulados subcategoría: 80

[4/75] Scrape: [Perro] Alimento Seco
    page 1: procesando DOM
      scroll round 1: anchors=24
      scroll round 2: anchors=42
      scroll round 3: anchors=42
      scroll round 4: anchors=42
      scroll round 5: anchors=42
      scroll round 6: anchors=42
      scroll round 7: anchors=42
      scroll round 8: anchors=42
    page 1: visibles=42, nuevos=42, acumulados=42
    page 1: sample_skus=['00780257553466', '00761303595142', '00761303595120', '00844529059273', '00780192000140', '00779745397106', '00780192000164', '00779745397235', '00780443800368', '00761303932101']
    page 1: no se pudo avanzar al paginador siguiente
  productos acumulados subcategoría: 42

[5/75] Scrape: [Perro] Alimento Humedo
    page 1: procesando DOM
      scroll round 1: anchors=24
      scroll round 2: anchors=40
      scroll round 3: anchors=40
      scroll round 4: anchors=40
      scroll round 5: anchors=40
      scroll round 6: anchors=40
      scroll round 7: anchors=40
      scroll round 8: anchors=40
    page 1: visibles=40, nuevos=40, acumulados=40
    page 1: sample_skus=['00085595800657', '00779745300055', '00779745300042', '00005000029048', '00779745300041', '00085595800655', '00085595800666', '00789100024106', '00779745300040', '00005000029059']
    page 2: procesando DOM
      scroll round 1: anchors=40
      scroll round 2: anchors=40
      scroll round 3: anchors=40
      scroll round 4: anchors=40
      scroll round 5: anchors=40
      scroll round 6: anchors=40
      scroll round 7: anchors=40
      scroll round 8: anchors=40
    page 2: visibles=40, nuevos=0, acumulados=40
    page 2: sample_skus=['00085595800657', '00779745300055', '00779745300042', '00005000029048', '00779745300041', '00085595800655', '00085595800666', '00789100024106', '00779745300040', '00005000029059']
    page 3: procesando DOM
      scroll round 1: anchors=40
      scroll round 2: anchors=40
      scroll round 3: anchors=40
      scroll round 4: anchors=40
      scroll round 5: anchors=40
      scroll round 6: anchors=40
      scroll round 7: anchors=40
      scroll round 8: anchors=40
    page 3: visibles=40, nuevos=0, acumulados=40
    page 3: sample_skus=['00085595800657', '00779745300055', '00779745300042', '00005000029048', '00779745300041', '00085595800655', '00085595800666', '00789100024106', '00779745300040', '00005000029059']
    page 3: no se pudo avanzar al paginador siguiente
  productos acumulados subcategoría: 40

[6/75] Scrape: [Perro] Snack y Premios
    page 1: procesando DOM
      scroll round 1: anchors=24
      scroll round 2: anchors=36
      scroll round 3: anchors=44
      scroll round 4: anchors=44
      scroll round 5: anchors=44
      scroll round 6: anchors=44
      scroll round 7: anchors=44
      scroll round 8: anchors=44
    page 1: visibles=44, nuevos=44, acumulados=44
    page 1: sample_skus=['00085595800657', '00085595800655', '00085595800666', '00780445700263', '00789100024749', '00065952511111', '00780445700262', '00076506676528', '00789100011757', '00076506676524']
    page 2: procesando DOM
      scroll round 1: anchors=1
      scroll round 2: anchors=1
      scroll round 3: anchors=1
      scroll round 4: anchors=1
      scroll round 5: anchors=1
      scroll round 6: anchors=1
      scroll round 7: anchors=1
      scroll round 8: anchors=1
    page 2: visibles=1, nuevos=1, acumulados=45
    page 2: sample_skus=['00780465625209']
    page 2: no se pudo avanzar al paginador siguiente
  productos acumulados subcategoría: 45

[7/75] Scrape: [Perro] Alimento Conejo
    page 1: procesando DOM
      scroll round 1: anchors=1
      scroll round 2: anchors=1
      scroll round 3: anchors=1
      scroll round 4: anchors=1
      scroll round 5: anchors=1
      scroll round 6: anchors=1
      scroll round 7: anchors=1
      scroll round 8: anchors=1
    page 1: visibles=1, nuevos=1, acumulados=1
    page 1: sample_skus=['00780464753084']
    page 1: no se pudo avanzar al paginador siguiente
  productos acumulados subcategoría: 1

[8/75] Scrape: [Perro] Alimento Pajaro
    page 1: procesando DOM
      scroll round 1: anchors=2
      scroll round 2: anchors=2
      scroll round 3: anchors=2
      scroll round 4: anchors=2
      scroll round 5: anchors=2
      scroll round 6: anchors=2
      scroll round 7: anchors=2
      scroll round 8: anchors=2
    page 1: visibles=2, nuevos=2, acumulados=2
    page 1: sample_skus=['00780464753078', '00780464753080']
    page 1: no se pudo avanzar al paginador siguiente
  productos acumulados subcategoría: 2

[9/75] Scrape: [Perro] Alimento Roedor
    page 1: procesando DOM
      scroll round 1: anchors=2
      scroll round 2: anchors=2
      scroll round 3: anchors=2
      scroll round 4: anchors=2
      scroll round 5: anchors=2
      scroll round 6: anchors=2
      scroll round 7: anchors=2
      scroll round 8: anchors=2
    page 1: visibles=2, nuevos=2, acumulados=2
    page 1: sample_skus=['00780464753087', '00780410056202']
    page 1: no se pudo avanzar al paginador siguiente
  productos acumulados subcategoría: 2

[10/75] Scrape: [Perro] Arena para Gato
    page 1: procesando DOM
      scroll round 1: anchors=22
      scroll round 2: anchors=22
      scroll round 3: anchors=22
      scroll round 4: anchors=22
      scroll round 5: anchors=22
      scroll round 6: anchors=22
      scroll round 7: anchors=22
      scroll round 8: anchors=22
    page 1: visibles=22, nuevos=22, acumulados=22
    page 1: sample_skus=['00063424000439', '00780460346503', '00780460346530', '00780550500942', '00074674766576', '00063424000420', '00780460346528', '00780460346516', '00780460346525', '00780460346511']
    page 1: no se pudo avanzar al paginador siguiente
  productos acumulados subcategoría: 22

[11/75] Scrape: [Perro] Bolsas y Accesorios Sanitarios
    page 1: procesando DOM
      scroll round 1: anchors=24
      scroll round 2: anchors=24
      scroll round 3: anchors=24
      scroll round 4: anchors=24
      scroll round 5: anchors=24
      scroll round 6: anchors=24
      scroll round 7: anchors=24
      scroll round 8: anchors=24
    page 1: visibles=24, nuevos=24, acumulados=24
    page 1: sample_skus=['00104183841350', '00074674766589', '00065952511101', '00780000600510', '00074674766588', '00065952511106', '00780799157324', '00780799157406', '00780681002489', '00780681002649']
    page 1: no se pudo avanzar al paginador siguiente
  productos acumulados subcategoría: 24

[12/75] Scrape: [Perro] Baño y Limpieza
    page 1: procesando DOM
      scroll round 1: anchors=24
      scroll round 2: anchors=28
      scroll round 3: anchors=28
      scroll round 4: anchors=28
      scroll round 5: anchors=28
      scroll round 6: anchors=28
      scroll round 7: anchors=28
      scroll round 8: anchors=28
    page 1: visibles=28, nuevos=28, acumulados=28
    page 1: sample_skus=['00780465625050', '00780460346603', '00780465625049', '00780465625052', '00780000600447', '00040005067221', '00780799157331', '00780465625217', '00040005067220', '00780465625214']
    page 1: no se pudo avanzar al paginador siguiente
  productos acumulados subcategoría: 28

[13/75] Scrape: [Perro] Collares arnes y correas
    page 1: procesando DOM
      scroll round 1: anchors=15
      scroll round 2: anchors=15
      scroll round 3: anchors=15
      scroll round 4: anchors=15
      scroll round 5: anchors=15
      scroll round 6: anchors=15
      scroll round 7: anchors=15
      scroll round 8: anchors=15
    page 1: visibles=15, nuevos=15, acumulados=15
    page 1: sample_skus=['00780465625054', '00780799157377', '00780271020222', '00078918552309', '00780465625053', '00065952511096', '00063424000513', '00078918552269', '00063424000512', '00078918552229']
    page 1: no se pudo avanzar al paginador siguiente
  productos acumulados subcategoría: 15

[14/75] Scrape: [Perro] Casas platos y accesorios
    page 1: procesando DOM
      scroll round 1: anchors=13
      scroll round 2: anchors=13
      scroll round 3: anchors=13
      scroll round 4: anchors=13
      scroll round 5: anchors=13
      scroll round 6: anchors=13
      scroll round 7: anchors=13
      scroll round 8: anchors=13
    page 1: visibles=13, nuevos=13, acumulados=13
    page 1: sample_skus=['00780464753056', '00780465625039', '00074674766608', '00040005080565', '00078918552314', '00780799157323', '00078918552315', '00078918552264', '00780799157320', '00780799157321']
    page 1: no se pudo avanzar al paginador siguiente
  productos acumulados subcategoría: 13

[15/75] Scrape: [Perro] Juguetes y Rascadores
    page 1: procesando DOM
      scroll round 1: anchors=22
      scroll round 2: anchors=22
      scroll round 3: anchors=22
      scroll round 4: anchors=22
      scroll round 5: anchors=22
      scroll round 6: anchors=22
      scroll round 7: anchors=22
      scroll round 8: anchors=22
    page 1: visibles=22, nuevos=22, acumulados=22
    page 1: sample_skus=['00074674766591', '00780799157402', '00780799157397', '00780799157311', '00780799157314', '00780041020227', '00078918552252', '00780799157403', '00063424000429', '00074674766590']
    page 1: no se pudo avanzar al paginador siguiente
  productos acumulados subcategoría: 22

[16/75] Scrape: [Gato] Alimento Seco
    page 1: procesando DOM
      scroll round 1: anchors=24
      scroll round 2: anchors=44
      scroll round 3: anchors=44
      scroll round 4: anchors=44
      scroll round 5: anchors=44
      scroll round 6: anchors=44
      scroll round 7: anchors=44
      scroll round 8: anchors=44
    page 1: visibles=44, nuevos=44, acumulados=44
    page 1: sample_skus=['00780192000083', '00780410000086', '00779745300033', '00844529057339', '00844529133306', '00780257554454', '00780443800158', '00780410000280', '00780257553244', '00779745300159']
    page 2: procesando DOM
      scroll round 1: anchors=18
      scroll round 2: anchors=18
      scroll round 3: anchors=18
      scroll round 4: anchors=18
      scroll round 5: anchors=18
      scroll round 6: anchors=18
      scroll round 7: anchors=18
      scroll round 8: anchors=18
    page 2: visibles=18, nuevos=18, acumulados=62
    page 2: sample_skus=['00040005088006', '00779745397250', '00761328722511', '00780257553361', '00844529056408', '00761328722553', '00040005088009', '00040005088007', '00040005088008', '00780443800153']
    page 2: no se pudo avanzar al paginador siguiente
  productos acumulados subcategoría: 62

[17/75] Scrape: [Gato] Alimento Humedo
    page 1: procesando DOM
      scroll round 1: anchors=24
      scroll round 2: anchors=36
      scroll round 3: anchors=36
      scroll round 4: anchors=36
      scroll round 5: anchors=36
      scroll round 6: anchors=36
      scroll round 7: anchors=36
      scroll round 8: anchors=36
    page 1: visibles=36, nuevos=36, acumulados=36
    page 1: sample_skus=['00779745300079', '00779745300047', '00779745300048', '00779745300080', '00085000671539', '00780410000174', '00779745397176', '00780410000175', '00085000671543', '00779745300046']
    page 1: no se pudo avanzar al paginador siguiente
  productos acumulados subcategoría: 36

[18/75] Scrape: [Gato] Snack y Premios
    page 1: procesando DOM
      scroll round 1: anchors=24
      scroll round 2: anchors=44
      scroll round 3: anchors=44
      scroll round 4: anchors=44
      scroll round 5: anchors=44
      scroll round 6: anchors=44
      scroll round 7: anchors=44
      scroll round 8: anchors=44
    page 1: visibles=44, nuevos=44, acumulados=44
    page 1: sample_skus=['00085000671539', '00789100009824', '00789602905236', '00779745397185', '00085000671543', '00780550500667', '00780460346599', '00074674766603', '00780460346597', '00789602905233']
    page 2: procesando DOM
      scroll round 1: anchors=24
      scroll round 2: anchors=36
      scroll round 3: anchors=36
      scroll round 4: anchors=36
      scroll round 5: anchors=36
      scroll round 6: anchors=36
      scroll round 7: anchors=36
      scroll round 8: anchors=36
    page 2: visibles=36, nuevos=36, acumulados=80
    page 2: sample_skus=['00085000671556', '00780465625062', '00074674766572', '00065952511102', '00400823959123', '00780445700203', '00780465625072', '00780467341014', '00065952511113', '00780467341011']
    page 2: no se pudo avanzar al paginador siguiente
  productos acumulados subcategoría: 80

[19/75] Scrape: [Gato] Alimento Seco
    page 1: procesando DOM
      scroll round 1: anchors=24
      scroll round 2: anchors=42
      scroll round 3: anchors=42
      scroll round 4: anchors=42
      scroll round 5: anchors=42
      scroll round 6: anchors=42
      scroll round 7: anchors=42
      scroll round 8: anchors=42
    page 1: visibles=42, nuevos=42, acumulados=42
    page 1: sample_skus=['00780257553466', '00761303595142', '00761303595120', '00844529059273', '00780192000140', '00779745397106', '00780192000164', '00779745397235', '00780443800368', '00761303932101']
    page 1: no se pudo avanzar al paginador siguiente
  productos acumulados subcategoría: 42

[20/75] Scrape: [Gato] Alimento Humedo
    page 1: procesando DOM
      scroll round 1: anchors=24
      scroll round 2: anchors=40
      scroll round 3: anchors=40
      scroll round 4: anchors=40
      scroll round 5: anchors=40
      scroll round 6: anchors=40
      scroll round 7: anchors=40
      scroll round 8: anchors=40
    page 1: visibles=40, nuevos=40, acumulados=40
    page 1: sample_skus=['00085595800657', '00779745300055', '00779745300042', '00005000029048', '00779745300041', '00085595800655', '00085595800666', '00789100024106', '00779745300040', '00005000029059']
    page 2: procesando DOM
      scroll round 1: anchors=40
      scroll round 2: anchors=40
      scroll round 3: anchors=40
      scroll round 4: anchors=40
      scroll round 5: anchors=40
      scroll round 6: anchors=40
      scroll round 7: anchors=40
      scroll round 8: anchors=40
    page 2: visibles=40, nuevos=0, acumulados=40
    page 2: sample_skus=['00085595800657', '00779745300055', '00779745300042', '00005000029048', '00779745300041', '00085595800655', '00085595800666', '00789100024106', '00779745300040', '00005000029059']
    page 3: procesando DOM
      scroll round 1: anchors=40
      scroll round 2: anchors=40
      scroll round 3: anchors=40
      scroll round 4: anchors=40
      scroll round 5: anchors=40
      scroll round 6: anchors=40
      scroll round 7: anchors=40
      scroll round 8: anchors=40
    page 3: visibles=40, nuevos=0, acumulados=40
    page 3: sample_skus=['00085595800657', '00779745300055', '00779745300042', '00005000029048', '00779745300041', '00085595800655', '00085595800666', '00789100024106', '00779745300040', '00005000029059']
    page 3: no se pudo avanzar al paginador siguiente
  productos acumulados subcategoría: 40

[21/75] Scrape: [Gato] Snack y Premios
    page 1: procesando DOM
      scroll round 1: anchors=24
      scroll round 2: anchors=44
      scroll round 3: anchors=44
      scroll round 4: anchors=44
      scroll round 5: anchors=44
      scroll round 6: anchors=44
      scroll round 7: anchors=44
      scroll round 8: anchors=44
    page 1: visibles=44, nuevos=44, acumulados=44
    page 1: sample_skus=['00085595800657', '00085595800655', '00085595800666', '00780445700263', '00789100024749', '00065952511111', '00780445700262', '00076506676528', '00789100011757', '00076506676524']
    page 2: procesando DOM
      scroll round 1: anchors=1
      scroll round 2: anchors=1
      scroll round 3: anchors=1
      scroll round 4: anchors=1
      scroll round 5: anchors=1
      scroll round 6: anchors=1
      scroll round 7: anchors=1
      scroll round 8: anchors=1
    page 2: visibles=1, nuevos=1, acumulados=45
    page 2: sample_skus=['00780465625209']
    page 2: no se pudo avanzar al paginador siguiente
  productos acumulados subcategoría: 45

[22/75] Scrape: [Gato] Alimento Conejo
    page 1: procesando DOM
      scroll round 1: anchors=1
      scroll round 2: anchors=1
      scroll round 3: anchors=1
      scroll round 4: anchors=1
      scroll round 5: anchors=1
      scroll round 6: anchors=1
      scroll round 7: anchors=1
      scroll round 8: anchors=1
    page 1: visibles=1, nuevos=1, acumulados=1
    page 1: sample_skus=['00780464753084']
    page 1: no se pudo avanzar al paginador siguiente
  productos acumulados subcategoría: 1

[23/75] Scrape: [Gato] Alimento Pajaro
    page 1: procesando DOM
      scroll round 1: anchors=2
      scroll round 2: anchors=2
      scroll round 3: anchors=2
      scroll round 4: anchors=2
      scroll round 5: anchors=2
      scroll round 6: anchors=2
      scroll round 7: anchors=2
      scroll round 8: anchors=2
    page 1: visibles=2, nuevos=2, acumulados=2
    page 1: sample_skus=['00780464753078', '00780464753080']
    page 1: no se pudo avanzar al paginador siguiente
  productos acumulados subcategoría: 2

[24/75] Scrape: [Gato] Alimento Roedor
    page 1: procesando DOM
      scroll round 1: anchors=2
      scroll round 2: anchors=2
      scroll round 3: anchors=2
      scroll round 4: anchors=2
      scroll round 5: anchors=2
      scroll round 6: anchors=2
      scroll round 7: anchors=2
      scroll round 8: anchors=2
    page 1: visibles=2, nuevos=2, acumulados=2
    page 1: sample_skus=['00780464753087', '00780410056202']
    page 1: no se pudo avanzar al paginador siguiente
  productos acumulados subcategoría: 2

[25/75] Scrape: [Gato] Arena para Gato
    page 1: procesando DOM
      scroll round 1: anchors=22
      scroll round 2: anchors=22
      scroll round 3: anchors=22
      scroll round 4: anchors=22
      scroll round 5: anchors=22
      scroll round 6: anchors=22
      scroll round 7: anchors=22
      scroll round 8: anchors=22
    page 1: visibles=22, nuevos=22, acumulados=22
    page 1: sample_skus=['00063424000439', '00780460346503', '00780460346530', '00780550500942', '00074674766576', '00063424000420', '00780460346528', '00780460346516', '00780460346525', '00780460346511']
    page 1: no se pudo avanzar al paginador siguiente
  productos acumulados subcategoría: 22

[26/75] Scrape: [Gato] Bolsas y Accesorios Sanitarios
    page 1: procesando DOM
      scroll round 1: anchors=24
      scroll round 2: anchors=24
      scroll round 3: anchors=24
      scroll round 4: anchors=24
      scroll round 5: anchors=24
      scroll round 6: anchors=24
      scroll round 7: anchors=24
      scroll round 8: anchors=24
    page 1: visibles=24, nuevos=24, acumulados=24
    page 1: sample_skus=['00104183841350', '00074674766589', '00065952511101', '00780000600510', '00074674766588', '00065952511106', '00780799157324', '00780799157406', '00780681002489', '00780681002649']
    page 1: no se pudo avanzar al paginador siguiente
  productos acumulados subcategoría: 24

[27/75] Scrape: [Gato] Baño y Limpieza
    page 1: procesando DOM
      scroll round 1: anchors=24
      scroll round 2: anchors=28
      scroll round 3: anchors=28
      scroll round 4: anchors=28
      scroll round 5: anchors=28
      scroll round 6: anchors=28
      scroll round 7: anchors=28
      scroll round 8: anchors=28
    page 1: visibles=28, nuevos=28, acumulados=28
    page 1: sample_skus=['00780465625050', '00780460346603', '00780465625049', '00780465625052', '00780000600447', '00040005067221', '00780799157331', '00780465625217', '00040005067220', '00780465625214']
    page 1: no se pudo avanzar al paginador siguiente
  productos acumulados subcategoría: 28

[28/75] Scrape: [Gato] Collares arnes y correas
    page 1: procesando DOM
      scroll round 1: anchors=15
      scroll round 2: anchors=15
      scroll round 3: anchors=15
      scroll round 4: anchors=15
      scroll round 5: anchors=15
      scroll round 6: anchors=15
      scroll round 7: anchors=15
      scroll round 8: anchors=15
    page 1: visibles=15, nuevos=15, acumulados=15
    page 1: sample_skus=['00780465625054', '00780799157377', '00780271020222', '00078918552309', '00780465625053', '00065952511096', '00063424000513', '00078918552269', '00063424000512', '00078918552229']
    page 1: no se pudo avanzar al paginador siguiente
  productos acumulados subcategoría: 15

[29/75] Scrape: [Gato] Casas platos y accesorios
    page 1: procesando DOM
      scroll round 1: anchors=13
      scroll round 2: anchors=13
      scroll round 3: anchors=13
      scroll round 4: anchors=13
      scroll round 5: anchors=13
      scroll round 6: anchors=13
      scroll round 7: anchors=13
      scroll round 8: anchors=13
    page 1: visibles=13, nuevos=13, acumulados=13
    page 1: sample_skus=['00780464753056', '00780465625039', '00074674766608', '00040005080565', '00078918552314', '00780799157323', '00078918552315', '00078918552264', '00780799157320', '00780799157321']
    page 1: no se pudo avanzar al paginador siguiente
  productos acumulados subcategoría: 13

[30/75] Scrape: [Gato] Juguetes y Rascadores
    page 1: procesando DOM
      scroll round 1: anchors=22
      scroll round 2: anchors=22
      scroll round 3: anchors=22
      scroll round 4: anchors=22
      scroll round 5: anchors=22
      scroll round 6: anchors=22
      scroll round 7: anchors=22
      scroll round 8: anchors=22
    page 1: visibles=22, nuevos=22, acumulados=22
    page 1: sample_skus=['00074674766591', '00780799157402', '00780799157397', '00780799157311', '00780799157314', '00780041020227', '00078918552252', '00780799157403', '00063424000429', '00074674766590']
    page 1: no se pudo avanzar al paginador siguiente
  productos acumulados subcategoría: 22

[31/75] Scrape: [Otras Mascotas] Alimento Seco
    page 1: procesando DOM
      scroll round 1: anchors=24
      scroll round 2: anchors=44
      scroll round 3: anchors=44
      scroll round 4: anchors=44
      scroll round 5: anchors=44
      scroll round 6: anchors=44
      scroll round 7: anchors=44
      scroll round 8: anchors=44
    page 1: visibles=44, nuevos=44, acumulados=44
    page 1: sample_skus=['00780192000083', '00780410000086', '00779745300033', '00844529057339', '00844529133306', '00780257554454', '00780443800158', '00780410000280', '00780257553244', '00779745300159']
    page 2: procesando DOM
      scroll round 1: anchors=18
      scroll round 2: anchors=18
      scroll round 3: anchors=18
      scroll round 4: anchors=18
      scroll round 5: anchors=18
      scroll round 6: anchors=18
      scroll round 7: anchors=18
      scroll round 8: anchors=18
    page 2: visibles=18, nuevos=18, acumulados=62
    page 2: sample_skus=['00040005088006', '00779745397250', '00761328722511', '00780257553361', '00844529056408', '00761328722553', '00040005088009', '00040005088007', '00040005088008', '00780443800153']
    page 2: no se pudo avanzar al paginador siguiente
  productos acumulados subcategoría: 62

[32/75] Scrape: [Otras Mascotas] Alimento Humedo
    page 1: procesando DOM
      scroll round 1: anchors=24
      scroll round 2: anchors=36
      scroll round 3: anchors=36
      scroll round 4: anchors=36
      scroll round 5: anchors=36
      scroll round 6: anchors=36
      scroll round 7: anchors=36
      scroll round 8: anchors=36
    page 1: visibles=36, nuevos=36, acumulados=36
    page 1: sample_skus=['00779745300079', '00779745300047', '00779745300048', '00779745300080', '00085000671539', '00780410000174', '00779745397176', '00780410000175', '00085000671543', '00779745300046']
    page 1: no se pudo avanzar al paginador siguiente
  productos acumulados subcategoría: 36

[33/75] Scrape: [Otras Mascotas] Snack y Premios
    page 1: procesando DOM
      scroll round 1: anchors=24
      scroll round 2: anchors=36
      scroll round 3: anchors=44
      scroll round 4: anchors=44
      scroll round 5: anchors=44
      scroll round 6: anchors=44
      scroll round 7: anchors=44
      scroll round 8: anchors=44
    page 1: visibles=44, nuevos=44, acumulados=44
    page 1: sample_skus=['00085000671539', '00789100009824', '00789602905236', '00779745397185', '00085000671543', '00780550500667', '00780460346599', '00074674766603', '00780460346597', '00789602905233']
    page 2: procesando DOM
      scroll round 1: anchors=24
      scroll round 2: anchors=36
      scroll round 3: anchors=36
      scroll round 4: anchors=36
      scroll round 5: anchors=36
      scroll round 6: anchors=36
      scroll round 7: anchors=36
      scroll round 8: anchors=36
    page 2: visibles=36, nuevos=36, acumulados=80
    page 2: sample_skus=['00085000671556', '00780465625062', '00074674766572', '00065952511102', '00400823959123', '00780445700203', '00780465625072', '00780467341014', '00065952511113', '00780467341011']
    page 2: no se pudo avanzar al paginador siguiente
  productos acumulados subcategoría: 80

[34/75] Scrape: [Otras Mascotas] Alimento Seco
    page 1: procesando DOM
      scroll round 1: anchors=24
      scroll round 2: anchors=42
      scroll round 3: anchors=42
      scroll round 4: anchors=42
      scroll round 5: anchors=42
      scroll round 6: anchors=42
      scroll round 7: anchors=42
      scroll round 8: anchors=42
    page 1: visibles=42, nuevos=42, acumulados=42
    page 1: sample_skus=['00780257553466', '00761303595142', '00761303595120', '00844529059273', '00780192000140', '00779745397106', '00780192000164', '00779745397235', '00780443800368', '00761303932101']
    page 1: no se pudo avanzar al paginador siguiente
  productos acumulados subcategoría: 42

[35/75] Scrape: [Otras Mascotas] Alimento Humedo
    page 1: procesando DOM
      scroll round 1: anchors=24
      scroll round 2: anchors=40
      scroll round 3: anchors=40
      scroll round 4: anchors=40
      scroll round 5: anchors=40
      scroll round 6: anchors=40
      scroll round 7: anchors=40
      scroll round 8: anchors=40
    page 1: visibles=40, nuevos=40, acumulados=40
    page 1: sample_skus=['00085595800657', '00779745300055', '00779745300042', '00005000029048', '00779745300041', '00085595800655', '00789100024106', '00779745300040', '00005000029059', '00789100024113']
    page 2: procesando DOM
      scroll round 1: anchors=40
      scroll round 2: anchors=40
      scroll round 3: anchors=40
      scroll round 4: anchors=40
      scroll round 5: anchors=40
      scroll round 6: anchors=40
      scroll round 7: anchors=40
      scroll round 8: anchors=40
    page 2: visibles=40, nuevos=0, acumulados=40
    page 2: sample_skus=['00085595800657', '00779745300055', '00779745300042', '00005000029048', '00779745300041', '00085595800655', '00789100024106', '00779745300040', '00005000029059', '00789100024113']
    page 3: procesando DOM
      scroll round 1: anchors=40
      scroll round 2: anchors=40
      scroll round 3: anchors=40
      scroll round 4: anchors=40
      scroll round 5: anchors=40
      scroll round 6: anchors=40
      scroll round 7: anchors=40
      scroll round 8: anchors=40
    page 3: visibles=40, nuevos=0, acumulados=40
    page 3: sample_skus=['00085595800657', '00779745300055', '00779745300042', '00005000029048', '00779745300041', '00085595800655', '00789100024106', '00779745300040', '00005000029059', '00789100024113']
    page 3: no se pudo avanzar al paginador siguiente
  productos acumulados subcategoría: 40

[36/75] Scrape: [Otras Mascotas] Snack y Premios
    page 1: procesando DOM
      scroll round 1: anchors=24
      scroll round 2: anchors=36
      scroll round 3: anchors=44
      scroll round 4: anchors=44
      scroll round 5: anchors=44
      scroll round 6: anchors=44
      scroll round 7: anchors=44
      scroll round 8: anchors=44
    page 1: visibles=44, nuevos=44, acumulados=44
    page 1: sample_skus=['00085595800657', '00085595800655', '00780445700263', '00789100024749', '00065952511111', '00780445700262', '00076506676528', '00789100011757', '00076506676524', '00076506676526']
    page 2: procesando DOM
      scroll round 1: anchors=1
      scroll round 2: anchors=1
      scroll round 3: anchors=1
      scroll round 4: anchors=1
      scroll round 5: anchors=1
      scroll round 6: anchors=1
      scroll round 7: anchors=1
      scroll round 8: anchors=1
    page 2: visibles=1, nuevos=1, acumulados=45
    page 2: sample_skus=['00085595800666']
    page 2: no se pudo avanzar al paginador siguiente
  productos acumulados subcategoría: 45

[37/75] Scrape: [Otras Mascotas] Alimento Conejo
    page 1: procesando DOM
      scroll round 1: anchors=1
      scroll round 2: anchors=1
      scroll round 3: anchors=1
      scroll round 4: anchors=1
      scroll round 5: anchors=1
      scroll round 6: anchors=1
      scroll round 7: anchors=1
      scroll round 8: anchors=1
    page 1: visibles=1, nuevos=1, acumulados=1
    page 1: sample_skus=['00780464753084']
    page 1: no se pudo avanzar al paginador siguiente
  productos acumulados subcategoría: 1

[38/75] Scrape: [Otras Mascotas] Alimento Pajaro
    page 1: procesando DOM
      scroll round 1: anchors=2
      scroll round 2: anchors=2
      scroll round 3: anchors=2
      scroll round 4: anchors=2
      scroll round 5: anchors=2
      scroll round 6: anchors=2
      scroll round 7: anchors=2
      scroll round 8: anchors=2
    page 1: visibles=2, nuevos=2, acumulados=2
    page 1: sample_skus=['00780464753078', '00780464753080']
    page 1: no se pudo avanzar al paginador siguiente
  productos acumulados subcategoría: 2

[39/75] Scrape: [Otras Mascotas] Alimento Roedor
    page 1: procesando DOM
      scroll round 1: anchors=2
      scroll round 2: anchors=2
      scroll round 3: anchors=2
      scroll round 4: anchors=2
      scroll round 5: anchors=2
      scroll round 6: anchors=2
      scroll round 7: anchors=2
      scroll round 8: anchors=2
    page 1: visibles=2, nuevos=2, acumulados=2
    page 1: sample_skus=['00780464753087', '00780410056202']
    page 1: no se pudo avanzar al paginador siguiente
  productos acumulados subcategoría: 2

[40/75] Scrape: [Otras Mascotas] Arena para Gato
    page 1: procesando DOM
      scroll round 1: anchors=22
      scroll round 2: anchors=22
      scroll round 3: anchors=22
      scroll round 4: anchors=22
      scroll round 5: anchors=22
      scroll round 6: anchors=22
      scroll round 7: anchors=22
      scroll round 8: anchors=22
    page 1: visibles=22, nuevos=22, acumulados=22
    page 1: sample_skus=['00063424000439', '00780460346503', '00780460346530', '00780550500942', '00074674766576', '00063424000420', '00780460346528', '00780460346516', '00780460346511', '00780460346514']
    page 1: no se pudo avanzar al paginador siguiente
  productos acumulados subcategoría: 22

[41/75] Scrape: [Otras Mascotas] Bolsas y Accesorios Sanitarios
    page 1: procesando DOM
      scroll round 1: anchors=24
      scroll round 2: anchors=24
      scroll round 3: anchors=24
      scroll round 4: anchors=24
      scroll round 5: anchors=24
      scroll round 6: anchors=24
      scroll round 7: anchors=24
      scroll round 8: anchors=24
    page 1: visibles=24, nuevos=24, acumulados=24
    page 1: sample_skus=['00104183841350', '00074674766589', '00065952511101', '00780000600510', '00074674766588', '00065952511106', '00780799157324', '00780799157406', '00780681002489', '00780681002649']
    page 1: no se pudo avanzar al paginador siguiente
  productos acumulados subcategoría: 24

[42/75] Scrape: [Otras Mascotas] Baño y Limpieza
    page 1: procesando DOM
      scroll round 1: anchors=24
      scroll round 2: anchors=28
      scroll round 3: anchors=28
      scroll round 4: anchors=28
      scroll round 5: anchors=28
      scroll round 6: anchors=28
      scroll round 7: anchors=28
      scroll round 8: anchors=28
    page 1: visibles=28, nuevos=28, acumulados=28
    page 1: sample_skus=['00780465625050', '00780460346603', '00780465625049', '00780465625052', '00780000600447', '00040005067221', '00780799157331', '00780465625217', '00040005067220', '00780465625214']
    page 1: no se pudo avanzar al paginador siguiente
  productos acumulados subcategoría: 28

[43/75] Scrape: [Otras Mascotas] Collares arnes y correas
    page 1: procesando DOM
      scroll round 1: anchors=15
      scroll round 2: anchors=15
      scroll round 3: anchors=15
      scroll round 4: anchors=15
      scroll round 5: anchors=15
      scroll round 6: anchors=15
      scroll round 7: anchors=15
      scroll round 8: anchors=15
    page 1: visibles=15, nuevos=15, acumulados=15
    page 1: sample_skus=['00780465625054', '00780799157377', '00780271020222', '00078918552309', '00780465625053', '00065952511096', '00063424000513', '00078918552269', '00063424000512', '00078918552229']
    page 1: no se pudo avanzar al paginador siguiente
  productos acumulados subcategoría: 15

[44/75] Scrape: [Otras Mascotas] Casas platos y accesorios
    page 1: procesando DOM
      scroll round 1: anchors=13
      scroll round 2: anchors=13
      scroll round 3: anchors=13
      scroll round 4: anchors=13
      scroll round 5: anchors=13
      scroll round 6: anchors=13
      scroll round 7: anchors=13
      scroll round 8: anchors=13
    page 1: visibles=13, nuevos=13, acumulados=13
    page 1: sample_skus=['00780464753056', '00780465625039', '00074674766608', '00040005080565', '00078918552314', '00780799157323', '00078918552315', '00078918552264', '00780799157320', '00780799157321']
    page 1: no se pudo avanzar al paginador siguiente
  productos acumulados subcategoría: 13

[45/75] Scrape: [Otras Mascotas] Juguetes y Rascadores
    page 1: procesando DOM
      scroll round 1: anchors=22
      scroll round 2: anchors=22
      scroll round 3: anchors=22
      scroll round 4: anchors=22
      scroll round 5: anchors=22
      scroll round 6: anchors=22
      scroll round 7: anchors=22
      scroll round 8: anchors=22
    page 1: visibles=22, nuevos=22, acumulados=22
    page 1: sample_skus=['00074674766591', '00780799157402', '00780799157397', '00780799157311', '00780799157314', '00780041020227', '00078918552252', '00780799157403', '00063424000429', '00074674766590']
    page 1: no se pudo avanzar al paginador siguiente
  productos acumulados subcategoría: 22

[46/75] Scrape: [Higiene y Bienestar] Alimento Seco
    page 1: procesando DOM
      scroll round 1: anchors=24
      scroll round 2: anchors=44
      scroll round 3: anchors=44
      scroll round 4: anchors=44
      scroll round 5: anchors=44
      scroll round 6: anchors=44
      scroll round 7: anchors=44
      scroll round 8: anchors=44
    page 1: visibles=44, nuevos=44, acumulados=44
    page 1: sample_skus=['00780192000083', '00780410000086', '00779745300033', '00844529057339', '00844529133306', '00780257554454', '00780443800158', '00780410000280', '00780257553244', '00779745300159']
    page 2: procesando DOM
      scroll round 1: anchors=18
      scroll round 2: anchors=18
      scroll round 3: anchors=18
      scroll round 4: anchors=18
      scroll round 5: anchors=18
      scroll round 6: anchors=18
      scroll round 7: anchors=18
      scroll round 8: anchors=18
    page 2: visibles=18, nuevos=18, acumulados=62
    page 2: sample_skus=['00040005088006', '00779745397250', '00761328722511', '00780257553361', '00844529056408', '00761328722553', '00040005088009', '00040005088007', '00040005088008', '00780443800153']
    page 2: no se pudo avanzar al paginador siguiente
  productos acumulados subcategoría: 62

[47/75] Scrape: [Higiene y Bienestar] Alimento Humedo
    page 1: procesando DOM
      scroll round 1: anchors=24
      scroll round 2: anchors=36
      scroll round 3: anchors=36
      scroll round 4: anchors=36
      scroll round 5: anchors=36
      scroll round 6: anchors=36
      scroll round 7: anchors=36
      scroll round 8: anchors=36
    page 1: visibles=36, nuevos=36, acumulados=36
    page 1: sample_skus=['00779745300079', '00779745300047', '00779745300048', '00779745300080', '00085000671539', '00780410000174', '00779745397176', '00780410000175', '00085000671543', '00779745300046']
    page 1: no se pudo avanzar al paginador siguiente
  productos acumulados subcategoría: 36

[48/75] Scrape: [Higiene y Bienestar] Snack y Premios
    page 1: procesando DOM
      scroll round 1: anchors=24
      scroll round 2: anchors=44
      scroll round 3: anchors=44
      scroll round 4: anchors=44
      scroll round 5: anchors=44
      scroll round 6: anchors=44
      scroll round 7: anchors=44
      scroll round 8: anchors=44
    page 1: visibles=44, nuevos=44, acumulados=44
    page 1: sample_skus=['00085000671539', '00789100009824', '00789602905236', '00779745397185', '00085000671543', '00780550500667', '00780460346599', '00074674766603', '00780460346597', '00789602905233']
    page 2: procesando DOM
      scroll round 1: anchors=24
      scroll round 2: anchors=36
      scroll round 3: anchors=36
      scroll round 4: anchors=36
      scroll round 5: anchors=36
      scroll round 6: anchors=36
      scroll round 7: anchors=36
      scroll round 8: anchors=36
    page 2: visibles=36, nuevos=36, acumulados=80
    page 2: sample_skus=['00085000671556', '00780465625062', '00074674766572', '00065952511102', '00400823959123', '00780445700203', '00780465625072', '00780467341014', '00065952511113', '00780467341011']
    page 2: no se pudo avanzar al paginador siguiente
  productos acumulados subcategoría: 80

[49/75] Scrape: [Higiene y Bienestar] Alimento Seco
    page 1: procesando DOM
      scroll round 1: anchors=24
      scroll round 2: anchors=36
      scroll round 3: anchors=42
      scroll round 4: anchors=42
      scroll round 5: anchors=42
      scroll round 6: anchors=42
      scroll round 7: anchors=42
      scroll round 8: anchors=42
    page 1: visibles=42, nuevos=42, acumulados=42
    page 1: sample_skus=['00780257553466', '00761303595142', '00761303595120', '00844529059273', '00780192000140', '00779745397106', '00780192000164', '00779745397235', '00780443800368', '00761303932101']
    page 1: no se pudo avanzar al paginador siguiente
  productos acumulados subcategoría: 42

[50/75] Scrape: [Higiene y Bienestar] Alimento Humedo
    page 1: procesando DOM
      scroll round 1: anchors=24
      scroll round 2: anchors=40
      scroll round 3: anchors=40
      scroll round 4: anchors=40
      scroll round 5: anchors=40
      scroll round 6: anchors=40
      scroll round 7: anchors=40
      scroll round 8: anchors=40
    page 1: visibles=40, nuevos=40, acumulados=40
    page 1: sample_skus=['00085595800657', '00779745300055', '00779745300042', '00005000029048', '00779745300041', '00085595800655', '00789100024106', '00779745300040', '00005000029059', '00789100024113']
    page 2: procesando DOM
      scroll round 1: anchors=40
      scroll round 2: anchors=40
      scroll round 3: anchors=40
      scroll round 4: anchors=40
      scroll round 5: anchors=40
      scroll round 6: anchors=40
      scroll round 7: anchors=40
      scroll round 8: anchors=40
    page 2: visibles=40, nuevos=0, acumulados=40
    page 2: sample_skus=['00085595800657', '00779745300055', '00779745300042', '00005000029048', '00779745300041', '00085595800655', '00789100024106', '00779745300040', '00005000029059', '00789100024113']
    page 3: procesando DOM
      scroll round 1: anchors=40
      scroll round 2: anchors=40
      scroll round 3: anchors=40
      scroll round 4: anchors=40
      scroll round 5: anchors=40
      scroll round 6: anchors=40
      scroll round 7: anchors=40
      scroll round 8: anchors=40
    page 3: visibles=40, nuevos=0, acumulados=40
    page 3: sample_skus=['00085595800657', '00779745300055', '00779745300042', '00005000029048', '00779745300041', '00085595800655', '00789100024106', '00779745300040', '00005000029059', '00789100024113']
    page 3: no se pudo avanzar al paginador siguiente
  productos acumulados subcategoría: 40

[51/75] Scrape: [Higiene y Bienestar] Snack y Premios
    page 1: procesando DOM
      scroll round 1: anchors=24
      scroll round 2: anchors=44
      scroll round 3: anchors=44
      scroll round 4: anchors=44
      scroll round 5: anchors=44
      scroll round 6: anchors=44
      scroll round 7: anchors=44
      scroll round 8: anchors=44
    page 1: visibles=44, nuevos=44, acumulados=44
    page 1: sample_skus=['00085595800657', '00085595800655', '00780445700263', '00789100024749', '00065952511111', '00780445700262', '00076506676528', '00789100011757', '00076506676524', '00076506676526']
    page 2: procesando DOM
      scroll round 1: anchors=1
      scroll round 2: anchors=1
      scroll round 3: anchors=1
      scroll round 4: anchors=1
      scroll round 5: anchors=1
      scroll round 6: anchors=1
      scroll round 7: anchors=1
      scroll round 8: anchors=1
    page 2: visibles=1, nuevos=1, acumulados=45
    page 2: sample_skus=['00085595800666']
    page 2: no se pudo avanzar al paginador siguiente
  productos acumulados subcategoría: 45

[52/75] Scrape: [Higiene y Bienestar] Alimento Conejo
    page 1: procesando DOM
      scroll round 1: anchors=1
      scroll round 2: anchors=1
      scroll round 3: anchors=1
      scroll round 4: anchors=1
      scroll round 5: anchors=1
      scroll round 6: anchors=1
      scroll round 7: anchors=1
      scroll round 8: anchors=1
    page 1: visibles=1, nuevos=1, acumulados=1
    page 1: sample_skus=['00780464753084']
    page 1: no se pudo avanzar al paginador siguiente
  productos acumulados subcategoría: 1

[53/75] Scrape: [Higiene y Bienestar] Alimento Pajaro
    page 1: procesando DOM
      scroll round 1: anchors=2
      scroll round 2: anchors=2
      scroll round 3: anchors=2
      scroll round 4: anchors=2
      scroll round 5: anchors=2
      scroll round 6: anchors=2
      scroll round 7: anchors=2
      scroll round 8: anchors=2
    page 1: visibles=2, nuevos=2, acumulados=2
    page 1: sample_skus=['00780464753078', '00780464753080']
    page 1: no se pudo avanzar al paginador siguiente
  productos acumulados subcategoría: 2

[54/75] Scrape: [Higiene y Bienestar] Alimento Roedor
    page 1: procesando DOM
      scroll round 1: anchors=2
      scroll round 2: anchors=2
      scroll round 3: anchors=2
      scroll round 4: anchors=2
      scroll round 5: anchors=2
      scroll round 6: anchors=2
      scroll round 7: anchors=2
      scroll round 8: anchors=2
    page 1: visibles=2, nuevos=2, acumulados=2
    page 1: sample_skus=['00780464753087', '00780410056202']
    page 1: no se pudo avanzar al paginador siguiente
  productos acumulados subcategoría: 2

[55/75] Scrape: [Higiene y Bienestar] Arena para Gato
    page 1: procesando DOM
      scroll round 1: anchors=22
      scroll round 2: anchors=22
      scroll round 3: anchors=22
      scroll round 4: anchors=22
      scroll round 5: anchors=22
      scroll round 6: anchors=22
      scroll round 7: anchors=22
      scroll round 8: anchors=22
    page 1: visibles=22, nuevos=22, acumulados=22
    page 1: sample_skus=['00063424000439', '00780460346503', '00780460346530', '00780550500942', '00074674766576', '00063424000420', '00780460346528', '00780460346516', '00780460346511', '00780460346514']
    page 1: no se pudo avanzar al paginador siguiente
  productos acumulados subcategoría: 22

[56/75] Scrape: [Higiene y Bienestar] Bolsas y Accesorios Sanitarios
    page 1: procesando DOM
      scroll round 1: anchors=24
      scroll round 2: anchors=24
      scroll round 3: anchors=24
      scroll round 4: anchors=24
      scroll round 5: anchors=24
      scroll round 6: anchors=24
      scroll round 7: anchors=24
      scroll round 8: anchors=24
    page 1: visibles=24, nuevos=24, acumulados=24
    page 1: sample_skus=['00104183841350', '00074674766589', '00065952511101', '00780000600510', '00074674766588', '00065952511106', '00780799157324', '00780799157406', '00780681002489', '00780681002649']
    page 1: no se pudo avanzar al paginador siguiente
  productos acumulados subcategoría: 24

[57/75] Scrape: [Higiene y Bienestar] Baño y Limpieza
    page 1: procesando DOM
      scroll round 1: anchors=24
      scroll round 2: anchors=28
      scroll round 3: anchors=28
      scroll round 4: anchors=28
      scroll round 5: anchors=28
      scroll round 6: anchors=28
      scroll round 7: anchors=28
      scroll round 8: anchors=28
    page 1: visibles=28, nuevos=28, acumulados=28
    page 1: sample_skus=['00780465625050', '00780460346603', '00780465625049', '00780465625052', '00780000600447', '00040005067221', '00780799157331', '00780465625217', '00040005067220', '00780465625214']
    page 1: no se pudo avanzar al paginador siguiente
  productos acumulados subcategoría: 28

[58/75] Scrape: [Higiene y Bienestar] Collares arnes y correas
    page 1: procesando DOM
      scroll round 1: anchors=15
      scroll round 2: anchors=15
      scroll round 3: anchors=15
      scroll round 4: anchors=15
      scroll round 5: anchors=15
      scroll round 6: anchors=15
      scroll round 7: anchors=15
      scroll round 8: anchors=15
    page 1: visibles=15, nuevos=15, acumulados=15
    page 1: sample_skus=['00780465625054', '00780799157377', '00780271020222', '00078918552309', '00780465625053', '00065952511096', '00063424000513', '00078918552269', '00063424000512', '00078918552229']
    page 1: no se pudo avanzar al paginador siguiente
  productos acumulados subcategoría: 15

[59/75] Scrape: [Higiene y Bienestar] Casas platos y accesorios
    page 1: procesando DOM
      scroll round 1: anchors=13
      scroll round 2: anchors=13
      scroll round 3: anchors=13
      scroll round 4: anchors=13
      scroll round 5: anchors=13
      scroll round 6: anchors=13
      scroll round 7: anchors=13
      scroll round 8: anchors=13
    page 1: visibles=13, nuevos=13, acumulados=13
    page 1: sample_skus=['00780464753056', '00780465625039', '00074674766608', '00040005080565', '00078918552314', '00780799157323', '00078918552315', '00078918552264', '00780799157320', '00780799157321']
    page 1: no se pudo avanzar al paginador siguiente
  productos acumulados subcategoría: 13

[60/75] Scrape: [Higiene y Bienestar] Juguetes y Rascadores
    page 1: procesando DOM
      scroll round 1: anchors=22
      scroll round 2: anchors=22
      scroll round 3: anchors=22
      scroll round 4: anchors=22
      scroll round 5: anchors=22
      scroll round 6: anchors=22
      scroll round 7: anchors=22
      scroll round 8: anchors=22
    page 1: visibles=22, nuevos=22, acumulados=22
    page 1: sample_skus=['00074674766591', '00780799157402', '00780799157397', '00780799157311', '00780799157314', '00780041020227', '00078918552252', '00780799157403', '00063424000429', '00074674766590']
    page 1: no se pudo avanzar al paginador siguiente
  productos acumulados subcategoría: 22

[61/75] Scrape: [Accesorios y Juguetes] Alimento Seco
    page 1: procesando DOM
      scroll round 1: anchors=24
      scroll round 2: anchors=44
      scroll round 3: anchors=44
      scroll round 4: anchors=44
      scroll round 5: anchors=44
      scroll round 6: anchors=44
      scroll round 7: anchors=44
      scroll round 8: anchors=44
    page 1: visibles=44, nuevos=44, acumulados=44
    page 1: sample_skus=['00780192000083', '00780410000086', '00779745300033', '00844529057339', '00844529133306', '00780257554454', '00780443800158', '00780410000280', '00780257553244', '00779745300159']
    page 2: procesando DOM
      scroll round 1: anchors=18
      scroll round 2: anchors=18
      scroll round 3: anchors=18
      scroll round 4: anchors=18
      scroll round 5: anchors=18
      scroll round 6: anchors=18
      scroll round 7: anchors=18
      scroll round 8: anchors=18
    page 2: visibles=18, nuevos=18, acumulados=62
    page 2: sample_skus=['00040005088006', '00779745397250', '00761328722511', '00780257553361', '00844529056408', '00761328722553', '00040005088009', '00040005088007', '00040005088008', '00780443800153']
    page 2: no se pudo avanzar al paginador siguiente
  productos acumulados subcategoría: 62

[62/75] Scrape: [Accesorios y Juguetes] Alimento Humedo
    page 1: procesando DOM
      scroll round 1: anchors=24
      scroll round 2: anchors=36
      scroll round 3: anchors=36
      scroll round 4: anchors=36
      scroll round 5: anchors=36
      scroll round 6: anchors=36
      scroll round 7: anchors=36
      scroll round 8: anchors=36
    page 1: visibles=36, nuevos=36, acumulados=36
    page 1: sample_skus=['00779745300079', '00779745300047', '00779745300048', '00779745300080', '00085000671539', '00780410000174', '00779745397176', '00780410000175', '00085000671543', '00779745300046']
    page 1: no se pudo avanzar al paginador siguiente
  productos acumulados subcategoría: 36

[63/75] Scrape: [Accesorios y Juguetes] Snack y Premios
    page 1: procesando DOM
      scroll round 1: anchors=24
      scroll round 2: anchors=36
      scroll round 3: anchors=44
      scroll round 4: anchors=44
      scroll round 5: anchors=44
      scroll round 6: anchors=44
      scroll round 7: anchors=44
      scroll round 8: anchors=44
    page 1: visibles=44, nuevos=44, acumulados=44
    page 1: sample_skus=['00085000671539', '00789100009824', '00789602905236', '00779745397185', '00085000671543', '00780550500667', '00780460346599', '00074674766603', '00780460346597', '00789602905233']
    page 2: procesando DOM
      scroll round 1: anchors=24
      scroll round 2: anchors=36
      scroll round 3: anchors=36
      scroll round 4: anchors=36
      scroll round 5: anchors=36
      scroll round 6: anchors=36
      scroll round 7: anchors=36
      scroll round 8: anchors=36
    page 2: visibles=36, nuevos=36, acumulados=80
    page 2: sample_skus=['00085000671556', '00780465625062', '00074674766572', '00065952511102', '00400823959123', '00780445700203', '00780465625072', '00780467341014', '00065952511113', '00780467341011']
    page 2: no se pudo avanzar al paginador siguiente
  productos acumulados subcategoría: 80

[64/75] Scrape: [Accesorios y Juguetes] Alimento Seco
    page 1: procesando DOM
      scroll round 1: anchors=24
      scroll round 2: anchors=42
      scroll round 3: anchors=42
      scroll round 4: anchors=42
      scroll round 5: anchors=42
      scroll round 6: anchors=42
      scroll round 7: anchors=42
      scroll round 8: anchors=42
    page 1: visibles=42, nuevos=42, acumulados=42
    page 1: sample_skus=['00780257553466', '00761303595142', '00761303595120', '00844529059273', '00780192000140', '00779745397106', '00780192000164', '00779745397235', '00780443800368', '00761303932101']
    page 1: no se pudo avanzar al paginador siguiente
  productos acumulados subcategoría: 42

[65/75] Scrape: [Accesorios y Juguetes] Alimento Humedo
    page 1: procesando DOM
      scroll round 1: anchors=24
      scroll round 2: anchors=36
      scroll round 3: anchors=40
      scroll round 4: anchors=40
      scroll round 5: anchors=40
      scroll round 6: anchors=40
      scroll round 7: anchors=40
      scroll round 8: anchors=40
    page 1: visibles=40, nuevos=40, acumulados=40
    page 1: sample_skus=['00085595800657', '00779745300055', '00779745300042', '00005000029048', '00779745300041', '00085595800655', '00789100024106', '00779745300040', '00005000029059', '00789100024113']
    page 2: procesando DOM
      scroll round 1: anchors=40
      scroll round 2: anchors=40
      scroll round 3: anchors=40
      scroll round 4: anchors=40
      scroll round 5: anchors=40
      scroll round 6: anchors=40
      scroll round 7: anchors=40
      scroll round 8: anchors=40
    page 2: visibles=40, nuevos=0, acumulados=40
    page 2: sample_skus=['00085595800657', '00779745300055', '00779745300042', '00005000029048', '00779745300041', '00085595800655', '00789100024106', '00779745300040', '00005000029059', '00789100024113']
    page 3: procesando DOM
      scroll round 1: anchors=40
      scroll round 2: anchors=40
      scroll round 3: anchors=40
      scroll round 4: anchors=40
      scroll round 5: anchors=40
      scroll round 6: anchors=40
      scroll round 7: anchors=40
      scroll round 8: anchors=40
    page 3: visibles=40, nuevos=0, acumulados=40
    page 3: sample_skus=['00085595800657', '00779745300055', '00779745300042', '00005000029048', '00779745300041', '00085595800655', '00789100024106', '00779745300040', '00005000029059', '00789100024113']
    page 3: no se pudo avanzar al paginador siguiente
  productos acumulados subcategoría: 40

[66/75] Scrape: [Accesorios y Juguetes] Snack y Premios
    page 1: procesando DOM
      scroll round 1: anchors=24
      scroll round 2: anchors=36
      scroll round 3: anchors=44
      scroll round 4: anchors=44
      scroll round 5: anchors=44
      scroll round 6: anchors=44
      scroll round 7: anchors=44
      scroll round 8: anchors=44
    page 1: visibles=44, nuevos=44, acumulados=44
    page 1: sample_skus=['00085595800657', '00085595800655', '00780445700263', '00789100024749', '00065952511111', '00780445700262', '00076506676528', '00789100011757', '00076506676524', '00076506676526']
    page 2: procesando DOM
      scroll round 1: anchors=1
      scroll round 2: anchors=1
      scroll round 3: anchors=1
      scroll round 4: anchors=1
      scroll round 5: anchors=1
      scroll round 6: anchors=1
      scroll round 7: anchors=1
      scroll round 8: anchors=1
    page 2: visibles=1, nuevos=1, acumulados=45
    page 2: sample_skus=['00779745397382']
    page 2: no se pudo avanzar al paginador siguiente
  productos acumulados subcategoría: 45

[67/75] Scrape: [Accesorios y Juguetes] Alimento Conejo
    page 1: procesando DOM
      scroll round 1: anchors=1
      scroll round 2: anchors=1
      scroll round 3: anchors=1
      scroll round 4: anchors=1
      scroll round 5: anchors=1
      scroll round 6: anchors=1
      scroll round 7: anchors=1
      scroll round 8: anchors=1
    page 1: visibles=1, nuevos=1, acumulados=1
    page 1: sample_skus=['00780464753084']
    page 1: no se pudo avanzar al paginador siguiente
  productos acumulados subcategoría: 1

[68/75] Scrape: [Accesorios y Juguetes] Alimento Pajaro
    page 1: procesando DOM
      scroll round 1: anchors=2
      scroll round 2: anchors=2
      scroll round 3: anchors=2
      scroll round 4: anchors=2
      scroll round 5: anchors=2
      scroll round 6: anchors=2
      scroll round 7: anchors=2
      scroll round 8: anchors=2
    page 1: visibles=2, nuevos=2, acumulados=2
    page 1: sample_skus=['00780464753078', '00780464753080']
    page 1: no se pudo avanzar al paginador siguiente
  productos acumulados subcategoría: 2

[69/75] Scrape: [Accesorios y Juguetes] Alimento Roedor
    page 1: procesando DOM
      scroll round 1: anchors=2
      scroll round 2: anchors=2
      scroll round 3: anchors=2
      scroll round 4: anchors=2
      scroll round 5: anchors=2
      scroll round 6: anchors=2
      scroll round 7: anchors=2
      scroll round 8: anchors=2
    page 1: visibles=2, nuevos=2, acumulados=2
    page 1: sample_skus=['00780464753087', '00780410056202']
    page 1: no se pudo avanzar al paginador siguiente
  productos acumulados subcategoría: 2

[70/75] Scrape: [Accesorios y Juguetes] Arena para Gato
    page 1: procesando DOM
      scroll round 1: anchors=22
      scroll round 2: anchors=22
      scroll round 3: anchors=22
      scroll round 4: anchors=22
      scroll round 5: anchors=22
      scroll round 6: anchors=22
      scroll round 7: anchors=22
      scroll round 8: anchors=22
    page 1: visibles=22, nuevos=22, acumulados=22
    page 1: sample_skus=['00063424000439', '00780460346503', '00780460346530', '00780550500942', '00074674766576', '00063424000420', '00780460346528', '00780460346516', '00780460346511', '00780460346514']
    page 1: no se pudo avanzar al paginador siguiente
  productos acumulados subcategoría: 22

[71/75] Scrape: [Accesorios y Juguetes] Bolsas y Accesorios Sanitarios
    page 1: procesando DOM
      scroll round 1: anchors=24
      scroll round 2: anchors=24
      scroll round 3: anchors=24
      scroll round 4: anchors=24
      scroll round 5: anchors=24
      scroll round 6: anchors=24
      scroll round 7: anchors=24
      scroll round 8: anchors=24
    page 1: visibles=24, nuevos=24, acumulados=24
    page 1: sample_skus=['00104183841350', '00074674766589', '00065952511101', '00780000600510', '00074674766588', '00065952511106', '00780799157324', '00780799157406', '00780681002489', '00780681002649']
    page 1: no se pudo avanzar al paginador siguiente
  productos acumulados subcategoría: 24

[72/75] Scrape: [Accesorios y Juguetes] Baño y Limpieza
    page 1: procesando DOM
      scroll round 1: anchors=24
      scroll round 2: anchors=28
      scroll round 3: anchors=28
      scroll round 4: anchors=28
      scroll round 5: anchors=28
      scroll round 6: anchors=28
      scroll round 7: anchors=28
      scroll round 8: anchors=28
    page 1: visibles=28, nuevos=28, acumulados=28
    page 1: sample_skus=['00780465625050', '00780460346603', '00780465625049', '00780465625052', '00780000600447', '00040005067221', '00780799157331', '00780465625217', '00040005067220', '00780465625214']
    page 1: no se pudo avanzar al paginador siguiente
  productos acumulados subcategoría: 28

[73/75] Scrape: [Accesorios y Juguetes] Collares arnes y correas
    page 1: procesando DOM
      scroll round 1: anchors=15
      scroll round 2: anchors=15
      scroll round 3: anchors=15
      scroll round 4: anchors=15
      scroll round 5: anchors=15
      scroll round 6: anchors=15
      scroll round 7: anchors=15
      scroll round 8: anchors=15
    page 1: visibles=15, nuevos=15, acumulados=15
    page 1: sample_skus=['00780465625054', '00780799157377', '00780271020222', '00078918552309', '00780465625053', '00065952511096', '00063424000513', '00078918552269', '00063424000512', '00078918552229']
    page 1: no se pudo avanzar al paginador siguiente
  productos acumulados subcategoría: 15

[74/75] Scrape: [Accesorios y Juguetes] Casas platos y accesorios
    page 1: procesando DOM
      scroll round 1: anchors=13
      scroll round 2: anchors=13
      scroll round 3: anchors=13
      scroll round 4: anchors=13
      scroll round 5: anchors=13
      scroll round 6: anchors=13
      scroll round 7: anchors=13
      scroll round 8: anchors=13
    page 1: visibles=13, nuevos=13, acumulados=13
    page 1: sample_skus=['00780464753056', '00780465625039', '00074674766608', '00040005080565', '00078918552314', '00780799157323', '00078918552315', '00078918552264', '00780799157320', '00780799157321']
    page 1: no se pudo avanzar al paginador siguiente
  productos acumulados subcategoría: 13

[75/75] Scrape: [Accesorios y Juguetes] Juguetes y Rascadores
    page 1: procesando DOM
      scroll round 1: anchors=22
      scroll round 2: anchors=22
      scroll round 3: anchors=22
      scroll round 4: anchors=22
      scroll round 5: anchors=22
      scroll round 6: anchors=22
      scroll round 7: anchors=22
      scroll round 8: anchors=22
    page 1: visibles=22, nuevos=22, acumulados=22
    page 1: sample_skus=['00074674766591', '00780799157402', '00780799157397', '00780799157311', '00780799157314', '00780041020227', '00078918552252', '00780799157403', '00063424000429', '00074674766590']
    page 1: no se pudo avanzar al paginador siguiente
  productos acumulados subcategoría: 22

Total filas: 2165
CSV generado: output\mascotas\lider_mascotas_20260317_023443.csv
