[DEBUG] Click en botón categorías con selector: text=Categorías

[DEBUG] Primeros 3000 caracteres del body tras abrir menú:

Saltar al contenido principal
Categorías
Todas las categorías
Marcas Propias
Marcas Americanas
La Boti
Carnes y Pescados
Despensa
Frutas y Verduras
Bebidas y Snacks
Frescos y Lácteos
Panadería y Pastelería
Congelados
Desayunos y Dulces
Limpieza y Aseo
Mundo Bebé y Juguetería
Chocolates
Colaciones
Platos Preparados
Mascotas
Hogar
Belleza
Higiene y Cuidado Personal
Parrillas y Jardín
Deporte y Aire Libre
Tecno y Electro
Librería y Cumpleaños
Ferretería
Automóvil
Vestuario
Soy Pyme
Salud y Estilos De Vida
Campañas
Ir a Mundo Lider
Vuelve a pedirlos
Tus productos
Ingresar
Cuenta
0
Tarjeta Lider Bci
Mi Club
Centro de ayuda
Supermercado
Precios Black en Todo
Precios Black en Todo
Lo que buscas en tecnología y hogar con el ahorro que esperabas
¡Descubre más!
Precios Bajos desde $1.000
Precios Bajos desde $1.000
Arma tu carrito sin pasarte del presupuesto
¡Descubre más!
Confía en Mr Músculo
Encuentra más por menos
¡Descubre más!
Patrocinado
Los favoritos de grandes y chicos
¡Que no falten en tu hogar!
¡Descubre más!
Patrocinado
Pañales Babysec talla grande
Comodidad para explorar
¡Descubre más!
Patrocinado
Más sabor con Hellmann’s Supreme
Cremosa y súper deliciosa
¡Descubre más!
Patrocinado
Prueba hoy la crema sin lactosa Nestlé
Perfecta en tus recetas
¡Descubre más!
Patrocinado
Pescadería de Pascua: Calidad y Frescura
Pescadería de Pascua: Calidad y Frescura
Variedad de pescados y mariscos para tu mesa esta temporada
¡Descubre más!
Pascua en Casa: Decoración y Juegos
Pascua en Casa: Decoración y Juegos
Todo para compartir con detalles únicos
¡Descubre más!
Diapositiva actual del carrusel 1 de 9
Productos a mil
Ver Todo
Productos a 1000
Productos a 2000
Productos a 3000
Campañas
The New Black
Feliz Pascua
Vuelta a Clases
Precios Bajos Siempre
Destacados
Lácteos
Mascotas
Bebidas y Snacks
Belleza
Beneficios adicionales
Revisa tus movimientos y descubre todo lo que has acumulado
Acumula Pesos Mi Club en todas tus compras y canjéalos cuando quieras
Paga con tu tarjeta Lider Bci y recibe parte de tu compra en Pesos Mi Club
Activa tu tarjeta Lider Bci y aprovecha este beneficio exclusivo. Tope $20.000
[DEBUG] Encontrado 'Congelados' con selector: text=Congelados

[DEBUG] Subcategorías detectadas:
 - [Verduras y Frutas Congeladas] Verduras Congeladas -> https://super.lider.cl/browse/congelados/verduras-y-frutas-congeladas/verduras-congeladas/13010356_19939301_87269140
 - [Verduras y Frutas Congeladas] Papas Congeladas -> https://super.lider.cl/browse/congelados/verduras-y-frutas-congeladas/papas-congeladas/13010356_19939301_26661364
 - [Verduras y Frutas Congeladas] Frutas Congeladas -> https://super.lider.cl/browse/congelados/verduras-y-frutas-congeladas/frutas-congeladas/13010356_19939301_36133902
 - [Verduras y Frutas Congeladas] Pulpas de Fruta y Smoothies -> https://super.lider.cl/browse/congelados/verduras-y-frutas-congeladas/pulpas-de-fruta-y-smoothies/13010356_19939301_71703882
 - [Hamburguesas y Churrascos] Hamburguesas -> https://super.lider.cl/browse/congelados/hamburguesas-y-churrascos/hamburguesas/13010356_13257607_57000340
 - [Hamburguesas y Churrascos] Churrascos y Lomitos -> https://super.lider.cl/browse/congelados/hamburguesas-y-churrascos/churrascos-y-lomitos/13010356_13257607_83001412
 - [Hamburguesas y Churrascos] Apanados -> https://super.lider.cl/browse/congelados/hamburguesas-y-churrascos/apanados/13010356_13257607_99116249
 - [Hamburguesas y Churrascos] Vegetarianos -> https://super.lider.cl/browse/congelados/hamburguesas-y-churrascos/vegetarianos/13010356_13257607_91758612
 - [Comidas Congeladas] Platos Preparados -> https://super.lider.cl/browse/congelados/comidas-congeladas/platos-preparados/13010356_98401550_23299738
 - [Comidas Congeladas] Pizzas Congeladas -> https://super.lider.cl/browse/congelados/comidas-congeladas/pizzas-congeladas/13010356_98401550_14539867
 - [Comidas Congeladas] Cocktelería -> https://super.lider.cl/browse/congelados/comidas-congeladas/cockteleria/13010356_98401550_80735507
 - [Helados] Helados Premium -> https://super.lider.cl/browse/congelados/helados/helados-premium/13010356_52337906_31898396
 - [Helados] Helados Cremosos -> https://super.lider.cl/browse/congelados/helados/helados-cremosos/13010356_52337906_76671909
 - [Helados] Helados Multipack -> https://super.lider.cl/browse/congelados/helados/helados-multipack/13010356_52337906_37486933
 - [Helados] Helados de Agua -> https://super.lider.cl/browse/congelados/helados/helados-de-agua/13010356_52337906_32845082
 - [Helados] Helados Light Diet -> https://super.lider.cl/browse/congelados/helados/helados-light-diet/13010356_52337906_21304806
 - [Helados] Postres Congelados -> https://super.lider.cl/browse/congelados/helados/postres-congelados/13010356_52337906_18544276
\n[1/17] Scrape: [Verduras y Frutas Congeladas] Verduras Congeladas
  productos: 44
\n[2/17] Scrape: [Verduras y Frutas Congeladas] Papas Congeladas
  productos: 30
\n[3/17] Scrape: [Verduras y Frutas Congeladas] Frutas Congeladas
  productos: 39
\n[4/17] Scrape: [Verduras y Frutas Congeladas] Pulpas de Fruta y Smoothies
  productos: 29
\n[5/17] Scrape: [Hamburguesas y Churrascos] Hamburguesas
  productos: 44
\n[6/17] Scrape: [Hamburguesas y Churrascos] Churrascos y Lomitos
  productos: 20
\n[7/17] Scrape: [Hamburguesas y Churrascos] Apanados
  productos: 36
\n[8/17] Scrape: [Hamburguesas y Churrascos] Vegetarianos
  productos: 26
\n[9/17] Scrape: [Comidas Congeladas] Platos Preparados
  productos: 44
\n[10/17] Scrape: [Comidas Congeladas] Pizzas Congeladas
  productos: 27
\n[11/17] Scrape: [Comidas Congeladas] Cocktelería
  productos: 22
\n[12/17] Scrape: [Helados] Helados Premium
  productos: 44
\n[13/17] Scrape: [Helados] Helados Cremosos
  productos: 44
\n[14/17] Scrape: [Helados] Helados Multipack
  productos: 44
\n[15/17] Scrape: [Helados] Helados de Agua
  productos: 7
\n[16/17] Scrape: [Helados] Helados Light Diet
  productos: 13
\n[17/17] Scrape: [Helados] Postres Congelados
  productos: 31
\nTotal filas: 544
CSV generado: output\congelados\lider_congelados_20260316_235141.csv
