[DEBUG] Click en botón categorías con selector: text=Categorías

[DEBUG] Primeros 3000 caracteres del body tras abrir menú:

Saltar al contenido principal
Categorías
Todas las categorías
Marcas Propias
Marcas Americanas
La Boti
Carnes y Pescados
Despensa
Frutas y Verduras
Bebidas y Snacks
Frescos y Lácteos
Panadería y Pastelería
Congelados
Desayunos y Dulces
Limpieza y Aseo
Mundo Bebé y Juguetería
Chocolates
Colaciones
Platos Preparados
Mascotas
Hogar
Belleza
Higiene y Cuidado Personal
Parrillas y Jardín
Deporte y Aire Libre
Tecno y Electro
Librería y Cumpleaños
Ferretería
Automóvil
Vestuario
Soy Pyme
Salud y Estilos De Vida
Campañas
Ir a Mundo Lider
Vuelve a pedirlos
Tus productos
Ingresar
Cuenta
0
Tarjeta Lider Bci
Mi Club
Centro de ayuda
Supermercado
Precios Black en Todo
Precios Black en Todo
Lo que buscas en tecnología y hogar con el ahorro que esperabas
¡Descubre más!
Precios Bajos desde $1.000
Precios Bajos desde $1.000
Arma tu carrito sin pasarte del presupuesto
¡Descubre más!
Confía en Mr Músculo
Encuentra más por menos
¡Descubre más!
Patrocinado
Los favoritos de grandes y chicos
¡Que no falten en tu hogar!
¡Descubre más!
Patrocinado
Pañales Babysec talla grande
Comodidad para explorar
¡Descubre más!
Patrocinado
Más sabor con Hellmann’s Supreme
Cremosa y súper deliciosa
¡Descubre más!
Patrocinado
Prueba hoy la crema sin lactosa Nestlé
Perfecta en tus recetas
¡Descubre más!
Patrocinado
Pescadería de Pascua: Calidad y Frescura
Pescadería de Pascua: Calidad y Frescura
Variedad de pescados y mariscos para tu mesa esta temporada
¡Descubre más!
Pascua en Casa: Decoración y Juegos
Pascua en Casa: Decoración y Juegos
Todo para compartir con detalles únicos
¡Descubre más!
Diapositiva actual del carrusel 2 de 9
Productos a mil
Ver Todo
Productos a 1000
Productos a 2000
Productos a 3000
Campañas
The New Black
Feliz Pascua
Vuelta a Clases
Precios Bajos Siempre
Destacados
Lácteos
Mascotas
Bebidas y Snacks
Belleza
Beneficios adicionales
Revisa tus movimientos y descubre todo lo que has acumulado
Acumula Pesos Mi Club en todas tus compras y canjéalos cuando quieras
Paga con tu tarjeta Lider Bci y recibe parte de tu compra en Pesos Mi Club
Activa tu tarjeta Lider Bci y aprovecha este beneficio exclusivo. Tope $20.000
[DEBUG] Encontrado 'Despensa' con selector: text=Despensa

[DEBUG] Subcategorías detectadas:
 - [Pastas y Salsas] Pastas Cortas -> https://super.lider.cl/browse/despensa/pastas-y-salsas/pastas-cortas/46589040_59615139_15312906
 - [Pastas y Salsas] Pastas Largas -> https://super.lider.cl/browse/despensa/pastas-y-salsas/pastas-largas/46589040_59615139_38544442
 - [Pastas y Salsas] Lasañas y Rellenos -> https://super.lider.cl/browse/despensa/pastas-y-salsas/lasanas-y-rellenos/46589040_59615139_53114456
 - [Pastas y Salsas] Pastas Instantáneas -> https://super.lider.cl/browse/despensa/pastas-y-salsas/pastas-instantaneas/46589040_59615139_10063499
 - [Pastas y Salsas] Pastas Integrales -> https://super.lider.cl/browse/despensa/pastas-y-salsas/pastas-integrales/46589040_59615139_52948110
 - [Pastas y Salsas] Pastas sin gluten -> https://super.lider.cl/browse/despensa/pastas-y-salsas/pastas-sin-gluten/46589040_59615139_37142491
 - [Pastas y Salsas] Salsa para pastas -> https://super.lider.cl/browse/despensa/pastas-y-salsas/salsa-para-pastas/46589040_59615139_33207611
 - [Harinas y Polvos] Harinas Blancas -> https://super.lider.cl/browse/despensa/harinas-y-polvos/harinas-blancas/46589040_37852653_14516025
 - [Harinas y Polvos] Harinas Integrales -> https://super.lider.cl/browse/despensa/harinas-y-polvos/harinas-integrales/46589040_37852653_33035161
 - [Harinas y Polvos] Otras Harinas -> https://super.lider.cl/browse/despensa/harinas-y-polvos/otras-harinas/46589040_37852653_57307883
 - [Arroz y Legumbres] Arroz -> https://super.lider.cl/browse/despensa/arroz-y-legumbres/arroz/46589040_29552324_51088530
 - [Arroz y Legumbres] Arroz Integral -> https://super.lider.cl/browse/despensa/arroz-y-legumbres/arroz-integral/46589040_29552324_96333687
 - [Arroz y Legumbres] Arroz Preparado -> https://super.lider.cl/browse/despensa/arroz-y-legumbres/arroz-preparado/46589040_29552324_44081608
 - [Arroz y Legumbres] Legumbres -> https://super.lider.cl/browse/despensa/arroz-y-legumbres/legumbres/46589040_29552324_61354804
 - [Arroz y Legumbres] Semillas y Cereales -> https://super.lider.cl/browse/despensa/arroz-y-legumbres/semillas-y-cereales/46589040_29552324_54544672
 - [Salsas] Mayonesa -> https://super.lider.cl/browse/despensa/salsas/mayonesa/46589040_47278253_48348239
 - [Salsas] Ketchup -> https://super.lider.cl/browse/despensa/salsas/ketchup/46589040_47278253_63766474
 - [Salsas] Mostaza -> https://super.lider.cl/browse/despensa/salsas/mostaza/46589040_47278253_31552960
 - [Salsas] Ají -> https://super.lider.cl/browse/despensa/salsas/aji/46589040_47278253_87502381
 - [Salsas] Otras Salsas -> https://super.lider.cl/browse/despensa/salsas/otras-salsas/46589040_47278253_59885943
 - [Aceites y Aderezos] Aceites -> https://super.lider.cl/browse/despensa/aceites-y-aderezos/aceites/46589040_87511978_20015838
 - [Aceites y Aderezos] Aceites de Oliva -> https://super.lider.cl/browse/despensa/aceites-y-aderezos/aceites-de-oliva/46589040_87511978_77422961
 - [Aceites y Aderezos] Sal -> https://super.lider.cl/browse/despensa/aceites-y-aderezos/sal/46589040_87511978_65414892
 - [Aceites y Aderezos] Vinagres y Sucedáneos -> https://super.lider.cl/browse/despensa/aceites-y-aderezos/vinagres-y-sucedaneos/46589040_87511978_23197156
 - [Aceites y Aderezos] Condimentos -> https://super.lider.cl/browse/despensa/aceites-y-aderezos/condimentos/46589040_87511978_89739338
 - [Conservas] Pescados en Conserva -> https://super.lider.cl/browse/despensa/conservas/pescados-en-conserva/46589040_33283038_76234655
 - [Conservas] Mariscos en Conserva -> https://super.lider.cl/browse/despensa/conservas/mariscos-en-conserva/46589040_33283038_89578726
 - [Conservas] Verduras en Conserva -> https://super.lider.cl/browse/despensa/conservas/verduras-en-conserva/46589040_33283038_87516479
 - [Conservas] Frutas en Conserva -> https://super.lider.cl/browse/despensa/conservas/frutas-en-conserva/46589040_33283038_71899797
 - [Alimentos Instantáneos] Puré -> https://super.lider.cl/browse/despensa/alimentos-instantaneos/pure/46589040_52225904_49849286
 - [Alimentos Instantáneos] Rincón del Mundo -> https://super.lider.cl/browse/despensa/alimentos-instantaneos/rincon-del-mundo/46589040_52225904_23958702
 - [Alimentos Instantáneos] Sopas y Cremas -> https://super.lider.cl/browse/despensa/alimentos-instantaneos/sopas-y-cremas/46589040_52225904_18233142
 - [Alimentos Instantáneos] Comida Instantánea -> https://super.lider.cl/browse/despensa/alimentos-instantaneos/comida-instantanea/46589040_52225904_92188417
 - [Alimentos Instantáneos] Bases y Caldos -> https://super.lider.cl/browse/despensa/alimentos-instantaneos/bases-y-caldos/46589040_52225904_15412572
 - [Cocina Internacional] Cocina Árabe -> https://super.lider.cl/browse/despensa/cocina-internacional/cocina-arabe/46589040_15612080_70724381
 - [Cocina Internacional] Cocina India -> https://super.lider.cl/browse/despensa/cocina-internacional/cocina-india/46589040_15612080_16260289
 - [Cocina Internacional] Cocina Mexicana -> https://super.lider.cl/browse/despensa/cocina-internacional/cocina-mexicana/46589040_15612080_30423299
 - [Cocina Internacional] Cocina Oriental -> https://super.lider.cl/browse/despensa/cocina-internacional/cocina-oriental/46589040_15612080_84470856
 - [Cocina Internacional] Cocina Peruana -> https://super.lider.cl/browse/despensa/cocina-internacional/cocina-peruana/46589040_15612080_86977909
 - [Cocina Internacional] Cocina Thai -> https://super.lider.cl/browse/despensa/cocina-internacional/cocina-thai/46589040_15612080_24300106
\n[1/40] Scrape: [Pastas y Salsas] Pastas Cortas
  productos: 44
\n[2/40] Scrape: [Pastas y Salsas] Pastas Largas
  productos: 40
\n[3/40] Scrape: [Pastas y Salsas] Lasañas y Rellenos
  productos: 20
\n[4/40] Scrape: [Pastas y Salsas] Pastas Instantáneas
  productos: 20
\n[5/40] Scrape: [Pastas y Salsas] Pastas Integrales
  productos: 7
\n[6/40] Scrape: [Pastas y Salsas] Pastas sin gluten
  productos: 15
\n[7/40] Scrape: [Pastas y Salsas] Salsa para pastas
  productos: 44
\n[8/40] Scrape: [Harinas y Polvos] Harinas Blancas
  productos: 28
\n[9/40] Scrape: [Harinas y Polvos] Harinas Integrales
  productos: 8
\n[10/40] Scrape: [Harinas y Polvos] Otras Harinas
  productos: 21
\n[11/40] Scrape: [Arroz y Legumbres] Arroz
  productos: 27
\n[12/40] Scrape: [Arroz y Legumbres] Arroz Integral
  productos: 3
\n[13/40] Scrape: [Arroz y Legumbres] Arroz Preparado
  productos: 17
\n[14/40] Scrape: [Arroz y Legumbres] Legumbres
  productos: 44
\n[15/40] Scrape: [Arroz y Legumbres] Semillas y Cereales
  productos: 43
\n[16/40] Scrape: [Salsas] Mayonesa
  productos: 44
\n[17/40] Scrape: [Salsas] Ketchup
  productos: 23
\n[18/40] Scrape: [Salsas] Mostaza
  productos: 26
\n[19/40] Scrape: [Salsas] Ají
  productos: 24
\n[20/40] Scrape: [Salsas] Otras Salsas
  productos: 44
\n[21/40] Scrape: [Aceites y Aderezos] Aceites
  productos: 37
\n[22/40] Scrape: [Aceites y Aderezos] Aceites de Oliva
  productos: 44
\n[23/40] Scrape: [Aceites y Aderezos] Sal
  productos: 43
\n[24/40] Scrape: [Aceites y Aderezos] Vinagres y Sucedáneos
  productos: 44
\n[25/40] Scrape: [Aceites y Aderezos] Condimentos
  productos: 44
\n[26/40] Scrape: [Conservas] Pescados en Conserva
  productos: 35
\n[27/40] Scrape: [Conservas] Mariscos en Conserva
  productos: 43
\n[28/40] Scrape: [Conservas] Verduras en Conserva
  productos: 37
\n[29/40] Scrape: [Conservas] Frutas en Conserva
  productos: 35
\n[30/40] Scrape: [Alimentos Instantáneos] Puré
  productos: 10
\n[31/40] Scrape: [Alimentos Instantáneos] Rincón del Mundo
  productos: 44
\n[32/40] Scrape: [Alimentos Instantáneos] Sopas y Cremas
  productos: 44
\n[33/40] Scrape: [Alimentos Instantáneos] Comida Instantánea
  productos: 28
\n[34/40] Scrape: [Alimentos Instantáneos] Bases y Caldos
  productos: 44
\n[35/40] Scrape: [Cocina Internacional] Cocina Árabe
  productos: 8
\n[36/40] Scrape: [Cocina Internacional] Cocina India
[DEBUG-EMPTY] title=
[DEBUG-EMPTY] url=https://super.lider.cl/browse/despensa/cocina-internacional/cocina-india/46589040_15612080_16260289
[DEBUG-EMPTY] body primeros 1500 chars:\nSaltar al contenido principal
Categorías
Ir a Mundo Lider
Vuelve a pedirlos
Tus productos
Ingresar
Cuenta
0
Tarjeta Lider Bci
Mi Club
Centro de ayuda
No se pudo encontrar esta página.
¡Lo sentimos!
Volver al inicio
Revisar todas las categorías
¿Necesitas Ayuda?
Centro de ayuda
Servicio técnico
Consulta tu boleta
Devoluciones y cambios
Infórmate
Medios de pago
Pago 100% seguro
Beneficios Lider.cl
Tarjeta de regalo
Recetas Lider
Servifácil
Encuéntranos
Nuestros locales
Cobertura supermercado
Acerca de Lider
Acerca de nosotros
Términos y condiciones
Política de privacidad
Información legal
Trabaja en Lider
Vende con nosotros
Propiedad Intelectual
Inscríbete en Mi Club

Nuestras marcas

Lider.cl - Razón Social: Administradora de Supermercados Hiper Limitada, RUT: 76.134.941-4, es administrada y representada por Sermob Limitada, la que a su vez es representada por Eli Senerman. Dirección: Avda. Presidente Eduardo Frei Montalva 8301, comuna de Quilicura, Región Metropolitana, Chile.

Política privacidad
Volver arriba
  productos: 0
\n[37/40] Scrape: [Cocina Internacional] Cocina Mexicana
  productos: 11
\n[38/40] Scrape: [Cocina Internacional] Cocina Oriental
  productos: 9
\n[39/40] Scrape: [Cocina Internacional] Cocina Peruana
  productos: 11
\n[40/40] Scrape: [Cocina Internacional] Cocina Thai
  productos: 8
\nTotal filas: 1121
CSV generado: output\despensa\lider_despensa_20260317_002001.csv
