
Subcategorías:
- Vinos y Espumantes -> https://www.jumbo.cl/licores-bebidas-y-aguas/vinos/vinos-y-espumantes-destacados
- Vinos Tintos -> https://www.jumbo.cl/licores-bebidas-y-aguas/vinos/vinos-tintos
- Vinos Blancos -> https://www.jumbo.cl/licores-bebidas-y-aguas/vinos/vinos-blancos
- Vinos Rosé -> https://www.jumbo.cl/licores-bebidas-y-aguas/vinos/vinos-rose
- Vinos (Mostrar todo) -> https://www.jumbo.cl/licores-bebidas-y-aguas/vinos
- Cervezas Tradicionales -> https://www.jumbo.cl/licores-bebidas-y-aguas/cervezas/cervezas-tradicionales
- Cervezas Destacadas -> https://www.jumbo.cl/licores-bebidas-y-aguas/cervezas/cervezas-destacadas
- Cervezas Artesanales -> https://www.jumbo.cl/licores-bebidas-y-aguas/cervezas/cervezas-artesanales
- Cervezas sin Alcohol -> https://www.jumbo.cl/licores-bebidas-y-aguas/cervezas/cervezas-sin-alcohol
- Cervezas (Mostrar todo) -> https://www.jumbo.cl/licores-bebidas-y-aguas/cervezas
- Whisky -> https://www.jumbo.cl/licores-bebidas-y-aguas/destilados/whisky
- Pisco -> https://www.jumbo.cl/licores-bebidas-y-aguas/destilados/pisco
- Gin -> https://www.jumbo.cl/licores-bebidas-y-aguas/destilados/gin
- Tequila y Mezcal -> https://www.jumbo.cl/licores-bebidas-y-aguas/destilados/tequila-y-mezcal
- Destilados (Mostrar todo) -> https://www.jumbo.cl/licores-bebidas-y-aguas/destilados
- Bebidas en Lata e Individuales -> https://www.jumbo.cl/licores-bebidas-y-aguas/bebidas-gaseosas/bebidas-en-lata-e-individuales
- Bebidas Regulares -> https://www.jumbo.cl/licores-bebidas-y-aguas/bebidas-gaseosas/bebidas-regulares
- Bebidas Light o Zero Azúcar -> https://www.jumbo.cl/licores-bebidas-y-aguas/bebidas-gaseosas/bebidas-light-o-zero-azucar
- Bebidas Retornables -> https://www.jumbo.cl/licores-bebidas-y-aguas/bebidas-gaseosas/bebidas-retornables
- Bebidas (Mostrar todo) -> https://www.jumbo.cl/licores-bebidas-y-aguas/bebidas-gaseosas
- Jugos y Néctar -> https://www.jumbo.cl/licores-bebidas-y-aguas/jugos/jugos-y-nectar
- Jugos en Polvo -> https://www.jumbo.cl/licores-bebidas-y-aguas/jugos/jugos-en-polvo
- Jugos Individuales -> https://www.jumbo.cl/licores-bebidas-y-aguas/jugos/jugos-individuales
- Jugos Frescos -> https://www.jumbo.cl/licores-bebidas-y-aguas/jugos/jugos-frescos
- Jugos (Mostrar todo) -> https://www.jumbo.cl/licores-bebidas-y-aguas/jugos
- Aguas Minerales -> https://www.jumbo.cl/licores-bebidas-y-aguas/aguas/aguas-minerales
- Aguas Saborizadas -> https://www.jumbo.cl/licores-bebidas-y-aguas/aguas/aguas-saborizadas
- Aguas Purificadas -> https://www.jumbo.cl/licores-bebidas-y-aguas/aguas/aguas-purificadas
- Aguas (Mostrar todo) -> https://www.jumbo.cl/licores-bebidas-y-aguas/aguas
- Cóctel Ice y Ready to Drink -> https://www.jumbo.cl/licores-bebidas-y-aguas/cocteles/coctel-ice-y-ready-to-drink
- Mango y Pisco Sour -> https://www.jumbo.cl/licores-bebidas-y-aguas/cocteles/mango-y-pisco-sour
- Piña Colada y Otros -> https://www.jumbo.cl/licores-bebidas-y-aguas/cocteles/pina-colada-y-otros
- Mojitos y Margaritas -> https://www.jumbo.cl/licores-bebidas-y-aguas/cocteles/mojitos-y-margaritas
- Cócteles (Mostrar todo) -> https://www.jumbo.cl/licores-bebidas-y-aguas/cocteles
- Espumantes y Sidras -> https://www.jumbo.cl/licores-bebidas-y-aguas/espumantes-y-sidras
- Bebidas Energéticas -> https://www.jumbo.cl/licores-bebidas-y-aguas/bebidas-energeticas
- Spritz -> https://www.jumbo.cl/licores-bebidas-y-aguas/licores-y-spritz/spritz
- Licores de Crema -> https://www.jumbo.cl/licores-bebidas-y-aguas/licores-y-spritz/licores-de-crema
- Bajativos -> https://www.jumbo.cl/licores-bebidas-y-aguas/licores-y-spritz/bajativos
- Fernet y Licores de Hierba -> https://www.jumbo.cl/licores-bebidas-y-aguas/licores-y-spritz/fernet-y-licores-de-hierba
- Cervezas sin Alcohol (Sin Alcohol) -> https://www.jumbo.cl/licores-bebidas-y-aguas/sin-alcohol/cervezas-sin-alcohol
- Vinos y Espumantes sin Alcohol -> https://www.jumbo.cl/licores-bebidas-y-aguas/sin-alcohol/vinos-y-espumantes-sin-alcohol
- Cócteles y Licores sin Alcohol -> https://www.jumbo.cl/licores-bebidas-y-aguas/sin-alcohol/cocteles-y-licores-sin-alcohol
- Té Helado -> https://www.jumbo.cl/licores-bebidas-y-aguas/infusiones-frias/te-helado
- Kombucha -> https://www.jumbo.cl/licores-bebidas-y-aguas/infusiones-frias/kombucha
- Bebidas Isotónicas -> https://www.jumbo.cl/licores-bebidas-y-aguas/bebidas-isotonicas-y-sueros/bebidas-isotonicas
- Sueros -> https://www.jumbo.cl/licores-bebidas-y-aguas/bebidas-isotonicas-y-sueros/sueros
- Agua Tónica -> https://www.jumbo.cl/licores-bebidas-y-aguas/agua-tonica-y-ginger-beer/agua-tonica
- Ginger Beer -> https://www.jumbo.cl/licores-bebidas-y-aguas/agua-tonica-y-ginger-beer/ginger-beer

Scrape: Vinos y Espumantes
🧪 Dump BFF guardado: debug_bff\bff_vinos_y_espumantes_p1.json
  productos: 40

Scrape: Vinos Tintos
🧪 Dump BFF guardado: debug_bff\bff_vinos_tintos_p1.json
  productos: 40

Scrape: Vinos Blancos
🧪 Dump BFF guardado: debug_bff\bff_vinos_blancos_p1.json
  productos: 40

Scrape: Vinos Rosé
🧪 Dump BFF guardado: debug_bff\bff_vinos_ros_p1.json
  productos: 27

Scrape: Vinos (Mostrar todo)
🧪 Dump BFF guardado: debug_bff\bff_vinos_mostrar_todo_p1.json
  productos: 40

Scrape: Cervezas Tradicionales
🧪 Dump BFF guardado: debug_bff\bff_cervezas_tradicionales_p1.json
  productos: 40

Scrape: Cervezas Destacadas
🧪 Dump BFF guardado: debug_bff\bff_cervezas_destacadas_p1.json
  productos: 40

Scrape: Cervezas Artesanales
🧪 Dump BFF guardado: debug_bff\bff_cervezas_artesanales_p1.json
  productos: 40

Scrape: Cervezas sin Alcohol
🧪 Dump BFF guardado: debug_bff\bff_cervezas_sin_alcohol_p1.json
  productos: 30

Scrape: Cervezas (Mostrar todo)
🧪 Dump BFF guardado: debug_bff\bff_cervezas_mostrar_todo_p1.json
  productos: 40

Scrape: Whisky
🧪 Dump BFF guardado: debug_bff\bff_whisky_p1.json
  productos: 40

Scrape: Pisco
🧪 Dump BFF guardado: debug_bff\bff_pisco_p1.json
  productos: 40

Scrape: Gin
🧪 Dump BFF guardado: debug_bff\bff_gin_p1.json
  productos: 40

Scrape: Tequila y Mezcal
🧪 Dump BFF guardado: debug_bff\bff_tequila_y_mezcal_p1.json
  productos: 24

Scrape: Destilados (Mostrar todo)
🧪 Dump BFF guardado: debug_bff\bff_destilados_mostrar_todo_p1.json
  productos: 40

Scrape: Bebidas en Lata e Individuales
🧪 Dump BFF guardado: debug_bff\bff_bebidas_en_lata_e_individuales_p1.json
  productos: 40

Scrape: Bebidas Regulares
🧪 Dump BFF guardado: debug_bff\bff_bebidas_regulares_p1.json
  productos: 40

Scrape: Bebidas Light o Zero Azúcar
🧪 Dump BFF guardado: debug_bff\bff_bebidas_light_o_zero_az_car_p1.json
  productos: 40

Scrape: Bebidas Retornables
🧪 Dump BFF guardado: debug_bff\bff_bebidas_retornables_p1.json
  productos: 12

Scrape: Bebidas (Mostrar todo)
🧪 Dump BFF guardado: debug_bff\bff_bebidas_mostrar_todo_p1.json
  productos: 40

Scrape: Jugos y Néctar
🧪 Dump BFF guardado: debug_bff\bff_jugos_y_n_ctar_p1.json
  productos: 40

Scrape: Jugos en Polvo
🧪 Dump BFF guardado: debug_bff\bff_jugos_en_polvo_p1.json
  productos: 40

Scrape: Jugos Individuales
🧪 Dump BFF guardado: debug_bff\bff_jugos_individuales_p1.json
  productos: 40

Scrape: Jugos Frescos
🧪 Dump BFF guardado: debug_bff\bff_jugos_frescos_p1.json
  productos: 40

Scrape: Jugos (Mostrar todo)
🧪 Dump BFF guardado: debug_bff\bff_jugos_mostrar_todo_p1.json
  productos: 40

Scrape: Aguas Minerales
🧪 Dump BFF guardado: debug_bff\bff_aguas_minerales_p1.json
  productos: 40

Scrape: Aguas Saborizadas
🧪 Dump BFF guardado: debug_bff\bff_aguas_saborizadas_p1.json
  productos: 40

Scrape: Aguas Purificadas
🧪 Dump BFF guardado: debug_bff\bff_aguas_purificadas_p1.json
  productos: 32

Scrape: Aguas (Mostrar todo)
🧪 Dump BFF guardado: debug_bff\bff_aguas_mostrar_todo_p1.json
  productos: 40

Scrape: Cóctel Ice y Ready to Drink
🧪 Dump BFF guardado: debug_bff\bff_c_ctel_ice_y_ready_to_drink_p1.json
  productos: 37

Scrape: Mango y Pisco Sour
🧪 Dump BFF guardado: debug_bff\bff_mango_y_pisco_sour_p1.json
  productos: 40

Scrape: Piña Colada y Otros
🧪 Dump BFF guardado: debug_bff\bff_pi_a_colada_y_otros_p1.json
  productos: 22

Scrape: Mojitos y Margaritas
🧪 Dump BFF guardado: debug_bff\bff_mojitos_y_margaritas_p1.json
  productos: 11

Scrape: Cócteles (Mostrar todo)
🧪 Dump BFF guardado: debug_bff\bff_c_cteles_mostrar_todo_p1.json
  productos: 40

Scrape: Espumantes y Sidras
🧪 Dump BFF guardado: debug_bff\bff_espumantes_y_sidras_p1.json
  productos: 40

Scrape: Bebidas Energéticas
🧪 Dump BFF guardado: debug_bff\bff_bebidas_energ_ticas_p1.json
  productos: 40

Scrape: Spritz
🧪 Dump BFF guardado: debug_bff\bff_spritz_p1.json
  productos: 24

Scrape: Licores de Crema
🧪 Dump BFF guardado: debug_bff\bff_licores_de_crema_p1.json
  productos: 9

Scrape: Bajativos
🧪 Dump BFF guardado: debug_bff\bff_bajativos_p1.json
  productos: 5

Scrape: Fernet y Licores de Hierba
🧪 Dump BFF guardado: debug_bff\bff_fernet_y_licores_de_hierba_p1.json
  productos: 40

Scrape: Cervezas sin Alcohol (Sin Alcohol)
🧪 Dump BFF guardado: debug_bff\bff_cervezas_sin_alcohol_sin_alcohol_p1.json
  productos: 30

Scrape: Vinos y Espumantes sin Alcohol
🧪 Dump BFF guardado: debug_bff\bff_vinos_y_espumantes_sin_alcohol_p1.json
  productos: 10

Scrape: Cócteles y Licores sin Alcohol
🧪 Dump BFF guardado: debug_bff\bff_c_cteles_y_licores_sin_alcohol_p1.json
  productos: 6

Scrape: Té Helado
🧪 Dump BFF guardado: debug_bff\bff_t_helado_p1.json
  productos: 40

Scrape: Kombucha
🧪 Dump BFF guardado: debug_bff\bff_kombucha_p1.json
  productos: 28

Scrape: Bebidas Isotónicas
🧪 Dump BFF guardado: debug_bff\bff_bebidas_isot_nicas_p1.json
  productos: 35

Scrape: Sueros
🧪 Dump BFF guardado: debug_bff\bff_sueros_p1.json
  productos: 30

Scrape: Agua Tónica
🧪 Dump BFF guardado: debug_bff\bff_agua_t_nica_p1.json
  productos: 40

Scrape: Ginger Beer
🧪 Dump BFF guardado: debug_bff\bff_ginger_beer_p1.json
  productos: 37

Total filas: 1649
CSV generado: output\licores_bebidas_aguas\jumbo_licores_bebidas_y_aguas_20260303_152447.csv
