
Subcategorías:
- Frutas -> https://www.jumbo.cl/frutas-y-verduras/frutas
- Frutas Picadas -> https://www.jumbo.cl/frutas-y-verduras/frutas/frutas-picadas
- Verduras -> https://www.jumbo.cl/frutas-y-verduras/verduras
- Ensaladas -> https://www.jumbo.cl/frutas-y-verduras/verduras/ensaladas
- Hierbas y Especias -> https://www.jumbo.cl/frutas-y-verduras/verduras/hierbas-y-especias
- Aderezos -> https://www.jumbo.cl/frutas-y-verduras/verduras/aderezos
- Frutas Orgánicas -> https://www.jumbo.cl/frutas-y-verduras/frutas-y-verduras-organicas/frutas-organicas
- Verduras Orgánicas -> https://www.jumbo.cl/frutas-y-verduras/frutas-y-verduras-organicas/verduras-organicas
- Frutos Secos -> https://www.jumbo.cl/frutas-y-verduras/frutos-secos-y-semillas/frutos-secos
- Frutas Deshidratadas -> https://www.jumbo.cl/frutas-y-verduras/frutos-secos-y-semillas/frutas-deshidratadas
- Semillas y Granos -> https://www.jumbo.cl/frutas-y-verduras/frutos-secos-y-semillas/semillas-y-granos

Scrape: Frutas

--- XHR/Fetch candidatos (filtrado) ---
⚠️ 0 productos (no se detectó JSON de productos): https://www.jumbo.cl/frutas-y-verduras/frutas
  productos: 0

Scrape: Frutas Picadas

--- XHR/Fetch candidatos (filtrado) ---
⚠️ 0 productos (no se detectó JSON de productos): https://www.jumbo.cl/frutas-y-verduras/frutas/frutas-picadas
  productos: 0

Scrape: Verduras

--- XHR/Fetch candidatos (filtrado) ---
⚠️ 0 productos (no se detectó JSON de productos): https://www.jumbo.cl/frutas-y-verduras/verduras
  productos: 0

Scrape: Ensaladas

--- XHR/Fetch candidatos (filtrado) ---
⚠️ 0 productos (no se detectó JSON de productos): https://www.jumbo.cl/frutas-y-verduras/verduras/ensaladas
  productos: 0

Scrape: Hierbas y Especias

--- XHR/Fetch candidatos (filtrado) ---
⚠️ 0 productos (no se detectó JSON de productos): https://www.jumbo.cl/frutas-y-verduras/verduras/hierbas-y-especias
  productos: 0

Scrape: Aderezos

--- XHR/Fetch candidatos (filtrado) ---
⚠️ 0 productos (no se detectó JSON de productos): https://www.jumbo.cl/frutas-y-verduras/verduras/aderezos
  productos: 0

Scrape: Frutas Orgánicas

--- XHR/Fetch candidatos (filtrado) ---
⚠️ 0 productos (no se detectó JSON de productos): https://www.jumbo.cl/frutas-y-verduras/frutas-y-verduras-organicas/frutas-organicas
  productos: 0

Scrape: Verduras Orgánicas

--- XHR/Fetch candidatos (filtrado) ---
⚠️ 0 productos (no se detectó JSON de productos): https://www.jumbo.cl/frutas-y-verduras/frutas-y-verduras-organicas/verduras-organicas
  productos: 0

Scrape: Frutos Secos

--- XHR/Fetch candidatos (filtrado) ---
⚠️ 0 productos (no se detectó JSON de productos): https://www.jumbo.cl/frutas-y-verduras/frutos-secos-y-semillas/frutos-secos
  productos: 0

Scrape: Frutas Deshidratadas

--- XHR/Fetch candidatos (filtrado) ---
⚠️ 0 productos (no se detectó JSON de productos): https://www.jumbo.cl/frutas-y-verduras/frutos-secos-y-semillas/frutas-deshidratadas
  productos: 0

Scrape: Semillas y Granos

--- XHR/Fetch candidatos (filtrado) ---
⚠️ 0 productos (no se detectó JSON de productos): https://www.jumbo.cl/frutas-y-verduras/frutos-secos-y-semillas/semillas-y-granos
  productos: 0

Total filas: 0
CSV generado: output\frutas_verduras\jumbo_frutas_y_verduras_20260303_111447.csv
