
Subcategorías:
- Chocolates en Barra -> https://www.jumbo.cl/chocolates-galletas-y-snacks/chocolates/chocolates-en-barra
- Bombones y Trufas -> https://www.jumbo.cl/chocolates-galletas-y-snacks/chocolates/bombones-y-trufas
- Chocolates y Tentaciones -> https://www.jumbo.cl/chocolates-galletas-y-snacks/chocolates/chocolates-y-tentaciones
- Chocolates sin Azúcar -> https://www.jumbo.cl/chocolates-galletas-y-snacks/chocolates/chocolates-sin-azucar
- Galletas Rellenas y Bañadas -> https://www.jumbo.cl/chocolates-galletas-y-snacks/galletas-dulces/galletas-rellenas-y-banadas
- Galletas Mini -> https://www.jumbo.cl/chocolates-galletas-y-snacks/galletas-dulces/galletas-mini
- Galletas Tradicionales -> https://www.jumbo.cl/chocolates-galletas-y-snacks/galletas-dulces/galletas-tradicionales
- Galletas Obleas y Champagne -> https://www.jumbo.cl/chocolates-galletas-y-snacks/galletas-dulces/galletas-obleas-y-champagne
- Gomitas y Chicles -> https://www.jumbo.cl/chocolates-galletas-y-snacks/dulces/gomitas-y-chicles
- Masticables y Caramelos -> https://www.jumbo.cl/chocolates-galletas-y-snacks/dulces/calugas-masticables-y-caramelos
- Malvas, Marshmallows y Merenguitos -> https://www.jumbo.cl/chocolates-galletas-y-snacks/dulces/malvas-marshmallows-y-merenguitos
- Alfajores, Pasteles y Queques -> https://www.jumbo.cl/chocolates-galletas-y-snacks/dulces/alfajores-pasteles-y-queques
- Papas Fritas -> https://www.jumbo.cl/chocolates-galletas-y-snacks/snacks/papas-fritas
- Snacks Vegetales -> https://www.jumbo.cl/chocolates-galletas-y-snacks/snacks/snacks-vegetales
- Maní y Frutos Secos -> https://www.jumbo.cl/chocolates-galletas-y-snacks/snacks/mani-y-frutos-secos
- Ramitas, Suflés y Otros Snacks -> https://www.jumbo.cl/chocolates-galletas-y-snacks/snacks/ramitas-sufles-y-otros-snacks
- Galletas de Cóctel -> https://www.jumbo.cl/chocolates-galletas-y-snacks/galletas-saladas/galletas-de-coctel
- Galletas de Arroz y Quinoa -> https://www.jumbo.cl/chocolates-galletas-y-snacks/galletas-saladas/galletas-de-arroz-y-quinoa
- Galletas de Soda y Agua -> https://www.jumbo.cl/chocolates-galletas-y-snacks/galletas-saladas/galletas-de-soda-y-agua
- Galletas Integrales y Salvado -> https://www.jumbo.cl/chocolates-galletas-y-snacks/galletas-saladas/galletas-integrales-y-salvado
- Pastas Untables -> https://www.jumbo.cl/chocolates-galletas-y-snacks/pastas-para-coctel-y-untables/pastas-untables
- Salsas y Dip Untables -> https://www.jumbo.cl/chocolates-galletas-y-snacks/pastas-para-coctel-y-untables/salsas-y-dip-untables
- Hummus -> https://www.jumbo.cl/chocolates-galletas-y-snacks/pastas-para-coctel-y-untables/hummus

Scrape: Chocolates en Barra

--- XHR/Fetch candidatos (filtrado) ---
01. 200 https://assets.jumbo.cl/json/cms/page-57057.json
02. 200 https://assets.jumbo.cl/json/cms/page-16512.json
03. 200 https://assets.jumbo.cl/json/cms/page-11484.json
04. 200 https://assets.jumbo.cl/json/cms/page-11732.json
05. 200 https://assets.jumbo.cl/json/cms/list-category.json
06. 200 https://assets.jumbo.cl/json/cms/page-101453.json
07. 200 https://assets.jumbo.cl/json/cms/page-67845.json
08. 200 https://assets.jumbo.cl/json/cms/chocolates-en-barra.json
09. 200 https://assets.jumbo.cl/json/cms/chocolates-en-barra.json
10. 200 https://bff.jumbo.cl/catalog/plp
11. 200 https://assets.jumbo.cl/json/cms/page-121827.json
12. 200 https://assets.jumbo.cl/json/cms/chocolates-en-barra.json
  ERROR: 