Traceback (most recent call last):
  File "C:\Users\fvergram\OneDrive - NTT DATA EMEAL\Desktop\webscrapping\Supermercados\Unimarc\src\categorias\unimarc_panaderia.py", line 379, in <module>
    asyncio.run(main())
    ~~~~~~~~~~~^^^^^^^^
  File "C:\Python\Lib\asyncio\runners.py", line 194, in run
    return runner.run(main)
           ~~~~~~~~~~^^^^^^
  File "C:\Python\Lib\asyncio\runners.py", line 118, in run
    return self._loop.run_until_complete(task)
           ~~~~~~~~~~~~~~~~~~~~~~~~~~~~~^^^^^^
  File "C:\Python\Lib\asyncio\base_events.py", line 721, in run_until_complete
    return future.result()
           ~~~~~~~~~~~~~^^
  File "C:\Users\fvergram\OneDrive - NTT DATA EMEAL\Desktop\webscrapping\Supermercados\Unimarc\src\categorias\unimarc_panaderia.py", line 338, in main
    subcats = await get_subcats_from_menu(menu_page)
              ^^^^^^^^^^^^^^^^^^^^^^^^^^^^^^^^^^^^^^
  File "C:\Users\fvergram\OneDrive - NTT DATA EMEAL\Desktop\webscrapping\Supermercados\Unimarc\src\categorias\unimarc_panaderia.py", line 221, in get_subcats_from_menu
    await open_categories_and_select_left(page, SECTION_LEFT_TEXT)
  File "C:\Users\fvergram\OneDrive - NTT DATA EMEAL\Desktop\webscrapping\Supermercados\Unimarc\src\categorias\unimarc_panaderia.py", line 180, in open_categories_and_select_left
    await page.wait_for_load_state("networkidle")
  File "C:\Python\Lib\site-packages\playwright\async_api\_generated.py", line 9141, in wait_for_load_state
    await self._impl_obj.wait_for_load_state(state=state, timeout=timeout)
  File "C:\Python\Lib\site-packages\playwright\_impl\_page.py", line 572, in wait_for_load_state
    return await self._main_frame.wait_for_load_state(**locals_to_params(locals()))
           ^^^^^^^^^^^^^^^^^^^^^^^^^^^^^^^^^^^^^^^^^^^^^^^^^^^^^^^^^^^^^^^^^^^^^^^^
  File "C:\Python\Lib\site-packages\playwright\_impl\_frame.py", line 273, in wait_for_load_state
    return await self._wait_for_load_state_impl(state, timeout)
           ^^^^^^^^^^^^^^^^^^^^^^^^^^^^^^^^^^^^^^^^^^^^^^^^^^^^
  File "C:\Python\Lib\site-packages\playwright\_impl\_frame.py", line 301, in _wait_for_load_state_impl
    await waiter.result()
playwright._impl._errors.TimeoutError: Timeout 30000ms exceeded.
