
Subcategorías:
- Carnes Premium -> https://www.jumbo.cl/carnes-y-pescados/vacuno/carnes-premium
- Carnes Americana -> https://www.jumbo.cl/carnes-y-pescados/vacuno/carnes-americana
- Carnes para Parrilla -> https://www.jumbo.cl/carnes-y-pescados/vacuno/carnes-para-parrilla
- Carnes para Horno -> https://www.jumbo.cl/carnes-y-pescados/vacuno/carnes-para-horno
- Trutros y Pechugas a Granel -> https://www.jumbo.cl/carnes-y-pescados/pollo/trutros-y-pechugas-a-granel
- Filetes y Pechuga de Pollo -> https://www.jumbo.cl/carnes-y-pescados/pollo/filetes-y-pechugas-de-pollo
- Alitas y Trutros de Pollo -> https://www.jumbo.cl/carnes-y-pescados/pollo/alitas-y-trutros-de-pollo
- Pollo Entero -> https://www.jumbo.cl/carnes-y-pescados/pollo/pollo-entero
- Costillar y Costillitas -> https://www.jumbo.cl/carnes-y-pescados/cerdo-y-cordero/costillar-y-costillitas
- Chuletas y Filetes -> https://www.jumbo.cl/carnes-y-pescados/cerdo-y-cordero/chuletas-y-filetes
- Pulpa y Lomo de Cerdo -> https://www.jumbo.cl/carnes-y-pescados/cerdo-y-cordero/pulpa-y-lomo-de-cerdo
- Malaya y Otros Cortes -> https://www.jumbo.cl/carnes-y-pescados/cerdo-y-cordero/malaya-y-otros-cortes
- Filetes y Pechugas de Pavo -> https://www.jumbo.cl/carnes-y-pescados/pavo/filetes-y-pechugas-de-pavo
- Pavo Entero -> https://www.jumbo.cl/carnes-y-pescados/pavo/pavo-entero
- Trutros y Bistec de Pavo -> https://www.jumbo.cl/carnes-y-pescados/pavo/trutros-y-bistec-de-pavo
- Carne Molida y Albondigas de Pavo -> https://www.jumbo.cl/carnes-y-pescados/pavo/carne-molida-y-albondigas-de-pavo
- Pescados Frescos -> https://www.jumbo.cl/carnes-y-pescados/pescados/pescados-frescos
- Pescados Congelados -> https://www.jumbo.cl/carnes-y-pescados/pescados/pescados-congelados
- Pescados Apanados -> https://www.jumbo.cl/carnes-y-pescados/pescados/pescados-apanados
- Pescados Frescos Envasados -> https://www.jumbo.cl/carnes-y-pescados/pescados/pescados-frescos-envasados
- Camarones Crudos -> https://www.jumbo.cl/carnes-y-pescados/camarones/camarones-crudos
- Camarones Cocidos -> https://www.jumbo.cl/carnes-y-pescados/camarones/camarones-cocidos
- Camarones Apanados -> https://www.jumbo.cl/carnes-y-pescados/camarones/camarones-apanados
- Mariscos Frescos -> https://www.jumbo.cl/carnes-y-pescados/mariscos/mariscos-frescos
- Mariscos Congelados -> https://www.jumbo.cl/carnes-y-pescados/mariscos/mariscos-congelados
- Mariscos en Conserva -> https://www.jumbo.cl/carnes-y-pescados/mariscos/mariscos-en-conserva

Scrape: Carnes Premium

--- XHR/Fetch candidatos (filtrado) ---
⚠️ 0 productos (no se detectó JSON de productos): https://www.jumbo.cl/carnes-y-pescados/vacuno/carnes-premium
  productos: 0

Scrape: Carnes Americana

--- XHR/Fetch candidatos (filtrado) ---
⚠️ 0 productos (no se detectó JSON de productos): https://www.jumbo.cl/carnes-y-pescados/vacuno/carnes-americana
  productos: 0

Scrape: Carnes para Parrilla

--- XHR/Fetch candidatos (filtrado) ---
⚠️ 0 productos (no se detectó JSON de productos): https://www.jumbo.cl/carnes-y-pescados/vacuno/carnes-para-parrilla
  productos: 0

Scrape: Carnes para Horno

--- XHR/Fetch candidatos (filtrado) ---
⚠️ 0 productos (no se detectó JSON de productos): https://www.jumbo.cl/carnes-y-pescados/vacuno/carnes-para-horno
  productos: 0

Scrape: Trutros y Pechugas a Granel

--- XHR/Fetch candidatos (filtrado) ---
⚠️ 0 productos (no se detectó JSON de productos): https://www.jumbo.cl/carnes-y-pescados/pollo/trutros-y-pechugas-a-granel
  productos: 0

Scrape: Filetes y Pechuga de Pollo

--- XHR/Fetch candidatos (filtrado) ---
⚠️ 0 productos (no se detectó JSON de productos): https://www.jumbo.cl/carnes-y-pescados/pollo/filetes-y-pechugas-de-pollo
  productos: 0

Scrape: Alitas y Trutros de Pollo

--- XHR/Fetch candidatos (filtrado) ---
⚠️ 0 productos (no se detectó JSON de productos): https://www.jumbo.cl/carnes-y-pescados/pollo/alitas-y-trutros-de-pollo
  productos: 0

Scrape: Pollo Entero

--- XHR/Fetch candidatos (filtrado) ---
⚠️ 0 productos (no se detectó JSON de productos): https://www.jumbo.cl/carnes-y-pescados/pollo/pollo-entero
  productos: 0

Scrape: Costillar y Costillitas

--- XHR/Fetch candidatos (filtrado) ---
⚠️ 0 productos (no se detectó JSON de productos): https://www.jumbo.cl/carnes-y-pescados/cerdo-y-cordero/costillar-y-costillitas
  productos: 0

Scrape: Chuletas y Filetes

--- XHR/Fetch candidatos (filtrado) ---
⚠️ 0 productos (no se detectó JSON de productos): https://www.jumbo.cl/carnes-y-pescados/cerdo-y-cordero/chuletas-y-filetes
  productos: 0

Scrape: Pulpa y Lomo de Cerdo

--- XHR/Fetch candidatos (filtrado) ---
⚠️ 0 productos (no se detectó JSON de productos): https://www.jumbo.cl/carnes-y-pescados/cerdo-y-cordero/pulpa-y-lomo-de-cerdo
  productos: 0

Scrape: Malaya y Otros Cortes

--- XHR/Fetch candidatos (filtrado) ---
⚠️ 0 productos (no se detectó JSON de productos): https://www.jumbo.cl/carnes-y-pescados/cerdo-y-cordero/malaya-y-otros-cortes
  productos: 0

Scrape: Filetes y Pechugas de Pavo

--- XHR/Fetch candidatos (filtrado) ---
⚠️ 0 productos (no se detectó JSON de productos): https://www.jumbo.cl/carnes-y-pescados/pavo/filetes-y-pechugas-de-pavo
  productos: 0

Scrape: Pavo Entero

--- XHR/Fetch candidatos (filtrado) ---
⚠️ 0 productos (no se detectó JSON de productos): https://www.jumbo.cl/carnes-y-pescados/pavo/pavo-entero
  productos: 0

Scrape: Trutros y Bistec de Pavo

--- XHR/Fetch candidatos (filtrado) ---
⚠️ 0 productos (no se detectó JSON de productos): https://www.jumbo.cl/carnes-y-pescados/pavo/trutros-y-bistec-de-pavo
  productos: 0

Scrape: Carne Molida y Albondigas de Pavo

--- XHR/Fetch candidatos (filtrado) ---
⚠️ 0 productos (no se detectó JSON de productos): https://www.jumbo.cl/carnes-y-pescados/pavo/carne-molida-y-albondigas-de-pavo
  productos: 0

Scrape: Pescados Frescos

--- XHR/Fetch candidatos (filtrado) ---
⚠️ 0 productos (no se detectó JSON de productos): https://www.jumbo.cl/carnes-y-pescados/pescados/pescados-frescos
  productos: 0

Scrape: Pescados Congelados

--- XHR/Fetch candidatos (filtrado) ---
⚠️ 0 productos (no se detectó JSON de productos): https://www.jumbo.cl/carnes-y-pescados/pescados/pescados-congelados
  productos: 0

Scrape: Pescados Apanados

--- XHR/Fetch candidatos (filtrado) ---
⚠️ 0 productos (no se detectó JSON de productos): https://www.jumbo.cl/carnes-y-pescados/pescados/pescados-apanados
  productos: 0

Scrape: Pescados Frescos Envasados

--- XHR/Fetch candidatos (filtrado) ---
⚠️ 0 productos (no se detectó JSON de productos): https://www.jumbo.cl/carnes-y-pescados/pescados/pescados-frescos-envasados
  productos: 0

Scrape: Camarones Crudos

--- XHR/Fetch candidatos (filtrado) ---
⚠️ 0 productos (no se detectó JSON de productos): https://www.jumbo.cl/carnes-y-pescados/camarones/camarones-crudos
  productos: 0

Scrape: Camarones Cocidos

--- XHR/Fetch candidatos (filtrado) ---
⚠️ 0 productos (no se detectó JSON de productos): https://www.jumbo.cl/carnes-y-pescados/camarones/camarones-cocidos
  productos: 0

Scrape: Camarones Apanados

--- XHR/Fetch candidatos (filtrado) ---
⚠️ 0 productos (no se detectó JSON de productos): https://www.jumbo.cl/carnes-y-pescados/camarones/camarones-apanados
  productos: 0

Scrape: Mariscos Frescos

--- XHR/Fetch candidatos (filtrado) ---
⚠️ 0 productos (no se detectó JSON de productos): https://www.jumbo.cl/carnes-y-pescados/mariscos/mariscos-frescos
  productos: 0

Scrape: Mariscos Congelados

--- XHR/Fetch candidatos (filtrado) ---
⚠️ 0 productos (no se detectó JSON de productos): https://www.jumbo.cl/carnes-y-pescados/mariscos/mariscos-congelados
  productos: 0

Scrape: Mariscos en Conserva

--- XHR/Fetch candidatos (filtrado) ---
⚠️ 0 productos (no se detectó JSON de productos): https://www.jumbo.cl/carnes-y-pescados/mariscos/mariscos-en-conserva
  productos: 0

Total filas: 0
CSV generado: output\carnes_pescados\jumbo_carnes_y_pescados_20260302_190033.csv
