Traceback (most recent call last):
  File "C:\Users\fvergram\OneDrive - NTT DATA EMEAL\Desktop\webscrapping\Supermercados\Unimarc\src\categorias\unimarc_frutas.py", line 374, in <module>
    asyncio.run(main())
    ~~~~~~~~~~~^^^^^^^^
  File "C:\Python\Lib\asyncio\runners.py", line 194, in run
    return runner.run(main)
           ~~~~~~~~~~^^^^^^
  File "C:\Python\Lib\asyncio\runners.py", line 118, in run
    return self._loop.run_until_complete(task)
           ~~~~~~~~~~~~~~~~~~~~~~~~~~~~~^^^^^^
  File "C:\Python\Lib\asyncio\base_events.py", line 721, in run_until_complete
    return future.result()
           ~~~~~~~~~~~~~^^
  File "C:\Users\fvergram\OneDrive - NTT DATA EMEAL\Desktop\webscrapping\Supermercados\Unimarc\src\categorias\unimarc_frutas.py", line 330, in main
    subcats = await get_frutas_y_verduras_subcats_from_menu(menu_page)
              ^^^^^^^^^^^^^^^^^^^^^^^^^^^^^^^^^^^^^^^^^^^^^^^^^^^^^^^^
  File "C:\Users\fvergram\OneDrive - NTT DATA EMEAL\Desktop\webscrapping\Supermercados\Unimarc\src\categorias\unimarc_frutas.py", line 216, in get_frutas_y_verduras_subcats_from_menu
    out.extend(await get_links_under_group(page, g))
               ^^^^^^^^^^^^^^^^^^^^^^^^^^^^^^^^^^^^
  File "C:\Users\fvergram\OneDrive - NTT DATA EMEAL\Desktop\webscrapping\Supermercados\Unimarc\src\categorias\unimarc_frutas.py", line 190, in get_links_under_group
    name = (await a.inner_text()).strip()
            ^^^^^^^^^^^^^^^^^^^^
  File "C:\Python\Lib\site-packages\playwright\async_api\_generated.py", line 17033, in inner_text
    return mapping.from_maybe_impl(await self._impl_obj.inner_text(timeout=timeout))
                                   ^^^^^^^^^^^^^^^^^^^^^^^^^^^^^^^^^^^^^^^^^^^^^^^^
  File "C:\Python\Lib\site-packages\playwright\_impl\_locator.py", line 476, in inner_text
    return await self._frame.inner_text(
           ^^^^^^^^^^^^^^^^^^^^^^^^^^^^^
    ...<3 lines>...
    )
    ^
  File "C:\Python\Lib\site-packages\playwright\_impl\_frame.py", line 712, in inner_text
    return await self._channel.send(
           ^^^^^^^^^^^^^^^^^^^^^^^^^
        "innerText", self._timeout, locals_to_params(locals())
        ^^^^^^^^^^^^^^^^^^^^^^^^^^^^^^^^^^^^^^^^^^^^^^^^^^^^^^
    )
    ^
  File "C:\Python\Lib\site-packages\playwright\_impl\_connection.py", line 69, in send
    return await self._connection.wrap_api_call(
           ^^^^^^^^^^^^^^^^^^^^^^^^^^^^^^^^^^^^^
    ...<3 lines>...
    )
    ^
  File "C:\Python\Lib\site-packages\playwright\_impl\_connection.py", line 559, in wrap_api_call
    raise rewrite_error(error, f"{parsed_st['apiName']}: {error}") from None
playwright._impl._errors.TimeoutError: Locator.inner_text: Timeout 30000ms exceeded.
Call log:
  - waiting for locator("//*[self::div or self::section][.//text()[normalize-space()='Frutas']]").first.locator("a[href*='/category/']").nth(28)

