
Subcategorías detectadas en [Limpieza]: 36
 - Detergente | Detergente -> https://www.unimarc.cl/category/limpieza/detergente
 - Detergente | Detergente líquido -> https://www.unimarc.cl/category/limpieza/detergente/detergente-liquido
 - Detergente | Detergente polvo -> https://www.unimarc.cl/category/limpieza/detergente/detergente-polvo
 - Detergente | Detergente en cápsulas -> https://www.unimarc.cl/category/limpieza/detergente/detergente-en-capsulas
 - Detergente | Detergente en barra -> https://www.unimarc.cl/category/limpieza/detergente/detergente-en-barra
 - Detergente | Tratamiento ropa -> https://www.unimarc.cl/category/limpieza/detergente/tratamiento-ropa
 - Detergente | Suavizante -> https://www.unimarc.cl/category/limpieza/detergente/suavizante
 - Detergente | Papeles -> https://www.unimarc.cl/category/limpieza/papeles
 - Detergente | Papel higiénico -> https://www.unimarc.cl/category/limpieza/papeles/papel-higienico
 - Detergente | Toalla papel -> https://www.unimarc.cl/category/limpieza/papeles/toalla-papel
 - Detergente | Servilletas -> https://www.unimarc.cl/category/limpieza/papeles/servilletas
 - Detergente | Pañuelos desechables -> https://www.unimarc.cl/category/limpieza/papeles/panuelos-desechables
 - Detergente | Baño y cocina -> https://www.unimarc.cl/category/limpieza/bano-y-cocina
 - Detergente | Lavalozas y lavavajillas -> https://www.unimarc.cl/category/limpieza/bano-y-cocina/lavalozas-y-lavavajillas
 - Detergente | Limpiador crema -> https://www.unimarc.cl/category/limpieza/bano-y-cocina/limpiador-crema
 - Detergente | Limpiador antigrasa -> https://www.unimarc.cl/category/limpieza/bano-y-cocina/limpiador-antigrasa
 - Detergente | Limpiador baño -> https://www.unimarc.cl/category/limpieza/bano-y-cocina/limpiador-bano
 - Detergente | Cloro -> https://www.unimarc.cl/category/limpieza/bano-y-cocina/cloro
 - Detergente | Paños, esponjas y guantes -> https://www.unimarc.cl/category/limpieza/bano-y-cocina/panos-esponjas-y-guantes
 - Detergente | Sopapos -> https://www.unimarc.cl/category/limpieza/bano-y-cocina/sopapos
 - Detergente | Limpieza hogar -> https://www.unimarc.cl/category/limpieza/limpieza-hogar
 - Detergente | Aerosoles y desinfectantes -> https://www.unimarc.cl/category/limpieza/limpieza-hogar/aerosoles-y-desinfectantes
 - Detergente | Limpiador vidrios y multiusos -> https://www.unimarc.cl/category/limpieza/limpieza-hogar/limpiador-vidrios-y-multiusos
 - Detergente | Insecticidas -> https://www.unimarc.cl/category/limpieza/limpieza-hogar/insecticidas
 - Detergente | Velas y fósforos -> https://www.unimarc.cl/category/limpieza/limpieza-hogar/velas-y-fosforos
 - Detergente | Pisos y muebles -> https://www.unimarc.cl/category/limpieza/pisos-y-muebles
 - Detergente | Limpiador pisos -> https://www.unimarc.cl/category/limpieza/pisos-y-muebles/limpiador-pisos
 - Detergente | Limpiador alfombra -> https://www.unimarc.cl/category/limpieza/pisos-y-muebles/limpiador-alfombra
 - Detergente | Lustramuebles -> https://www.unimarc.cl/category/limpieza/pisos-y-muebles/lustramuebles
 - Detergente | Ceras -> https://www.unimarc.cl/category/limpieza/pisos-y-muebles/ceras
 - Detergente | Paños, traperos, mopas y baldes -> https://www.unimarc.cl/category/limpieza/pisos-y-muebles/panos-traperos-mopas-y-baldes
 - Detergente | Escobas, palas, virutillas y plumeros -> https://www.unimarc.cl/category/limpieza/pisos-y-muebles/escobas-palas-virutillas-y-plumeros
 - Detergente | Accesorios aseo -> https://www.unimarc.cl/category/limpieza/accesorios-aseo
 - Detergente | Bolsa basura -> https://www.unimarc.cl/category/limpieza/accesorios-aseo/bolsa-basura
 - Detergente | Limpieza calzado y ropa -> https://www.unimarc.cl/category/limpieza/accesorios-aseo/limpieza-calzado-y-ropa
 - Detergente | Otros accesorios aseo -> https://www.unimarc.cl/category/limpieza/accesorios-aseo/otros-accesorios-aseo

Scrape: [Detergente] Detergente
  productos únicos: 100

Scrape: [Detergente] Detergente líquido
  productos únicos: 36

Scrape: [Detergente] Detergente polvo
  productos únicos: 20

Scrape: [Detergente] Detergente en cápsulas
  productos únicos: 2

Scrape: [Detergente] Detergente en barra
  productos únicos: 3

Scrape: [Detergente] Tratamiento ropa
  productos únicos: 47

Scrape: [Detergente] Suavizante
  productos únicos: 35

Scrape: [Detergente] Papeles
  productos únicos: 81

Scrape: [Detergente] Papel higiénico
  productos únicos: 25

Scrape: [Detergente] Toalla papel
  productos únicos: 22

Scrape: [Detergente] Servilletas
  productos únicos: 23

Scrape: [Detergente] Pañuelos desechables
  productos únicos: 11

Scrape: [Detergente] Baño y cocina
  productos únicos: 100

Scrape: [Detergente] Lavalozas y lavavajillas
  productos únicos: 35

Scrape: [Detergente] Limpiador crema
  productos únicos: 5

Scrape: [Detergente] Limpiador antigrasa
  productos únicos: 18

Scrape: [Detergente] Limpiador baño
  productos únicos: 42

Scrape: [Detergente] Cloro
  productos únicos: 56

Scrape: [Detergente] Paños, esponjas y guantes
  productos únicos: 49

Scrape: [Detergente] Sopapos
  productos únicos: 3

Scrape: [Detergente] Limpieza hogar
  productos únicos: 100

Scrape: [Detergente] Aerosoles y desinfectantes
  productos únicos: 86

Scrape: [Detergente] Limpiador vidrios y multiusos
  productos únicos: 29

Scrape: [Detergente] Insecticidas
  productos únicos: 36

Scrape: [Detergente] Velas y fósforos
  productos únicos: 17

Scrape: [Detergente] Pisos y muebles
  productos únicos: 100

Scrape: [Detergente] Limpiador pisos
  productos únicos: 43

Scrape: [Detergente] Limpiador alfombra
  productos únicos: 1

Scrape: [Detergente] Lustramuebles
  productos únicos: 13

Scrape: [Detergente] Ceras
  productos únicos: 18

Scrape: [Detergente] Paños, traperos, mopas y baldes
  productos únicos: 32

Scrape: [Detergente] Escobas, palas, virutillas y plumeros
  productos únicos: 13

Scrape: [Detergente] Accesorios aseo
  productos únicos: 62

Scrape: [Detergente] Bolsa basura
  productos únicos: 37

Scrape: [Detergente] Limpieza calzado y ropa
  productos únicos: 24

Scrape: [Detergente] Otros accesorios aseo
  productos únicos: 1

Total filas: 1325
CSV generado: C:\Users\fvergram\OneDrive - NTT DATA EMEAL\Desktop\webscrapping\Supermercados\Unimarc\src\output\limpieza\unimarc_limpieza_subcats_20260220_185139.csv
