
Subcategorías detectadas en [Frutas y Verduras]: 33
 - Frutas | Frutas -> https://www.unimarc.cl/category/frutas-y-verduras/frutas
 - Frutas | Fruta -> https://www.unimarc.cl/category/frutas-y-verduras/frutas/fruta
 - Frutas | Fruta deshidratada -> https://www.unimarc.cl/category/frutas-y-verduras/frutas/fruta-deshidratada
 - Frutas | Fruta orgánica -> https://www.unimarc.cl/category/frutas-y-verduras/frutas/fruta-organica
 - Frutas | Verduras -> https://www.unimarc.cl/category/frutas-y-verduras/verduras
 - Frutas | Verduras -> https://www.unimarc.cl/category/frutas-y-verduras/verduras/verduras
 - Frutas | Ensaladas listas -> https://www.unimarc.cl/category/frutas-y-verduras/verduras/ensaladas-listas
 - Frutas | Verduras orgánicas -> https://www.unimarc.cl/category/frutas-y-verduras/verduras/verduras-organicas
 - Frutas | Frutos secos -> https://www.unimarc.cl/category/frutas-y-verduras/frutos-secos
 - Frutas | Frutos secos -> https://www.unimarc.cl/category/frutas-y-verduras/frutos-secos/frutos-secos
 - Frutas | Frutos secos orgánicos -> https://www.unimarc.cl/category/frutas-y-verduras/frutos-secos/frutos-secos-organicos
 - Verduras | Frutas -> https://www.unimarc.cl/category/frutas-y-verduras/frutas
 - Verduras | Fruta -> https://www.unimarc.cl/category/frutas-y-verduras/frutas/fruta
 - Verduras | Fruta deshidratada -> https://www.unimarc.cl/category/frutas-y-verduras/frutas/fruta-deshidratada
 - Verduras | Fruta orgánica -> https://www.unimarc.cl/category/frutas-y-verduras/frutas/fruta-organica
 - Verduras | Verduras -> https://www.unimarc.cl/category/frutas-y-verduras/verduras
 - Verduras | Verduras -> https://www.unimarc.cl/category/frutas-y-verduras/verduras/verduras
 - Verduras | Ensaladas listas -> https://www.unimarc.cl/category/frutas-y-verduras/verduras/ensaladas-listas
 - Verduras | Verduras orgánicas -> https://www.unimarc.cl/category/frutas-y-verduras/verduras/verduras-organicas
 - Verduras | Frutos secos -> https://www.unimarc.cl/category/frutas-y-verduras/frutos-secos
 - Verduras | Frutos secos -> https://www.unimarc.cl/category/frutas-y-verduras/frutos-secos/frutos-secos
 - Verduras | Frutos secos orgánicos -> https://www.unimarc.cl/category/frutas-y-verduras/frutos-secos/frutos-secos-organicos
 - Frutos secos | Frutas -> https://www.unimarc.cl/category/frutas-y-verduras/frutas
 - Frutos secos | Fruta -> https://www.unimarc.cl/category/frutas-y-verduras/frutas/fruta
 - Frutos secos | Fruta deshidratada -> https://www.unimarc.cl/category/frutas-y-verduras/frutas/fruta-deshidratada
 - Frutos secos | Fruta orgánica -> https://www.unimarc.cl/category/frutas-y-verduras/frutas/fruta-organica
 - Frutos secos | Verduras -> https://www.unimarc.cl/category/frutas-y-verduras/verduras
 - Frutos secos | Verduras -> https://www.unimarc.cl/category/frutas-y-verduras/verduras/verduras
 - Frutos secos | Ensaladas listas -> https://www.unimarc.cl/category/frutas-y-verduras/verduras/ensaladas-listas
 - Frutos secos | Verduras orgánicas -> https://www.unimarc.cl/category/frutas-y-verduras/verduras/verduras-organicas
 - Frutos secos | Frutos secos -> https://www.unimarc.cl/category/frutas-y-verduras/frutos-secos
 - Frutos secos | Frutos secos -> https://www.unimarc.cl/category/frutas-y-verduras/frutos-secos/frutos-secos
 - Frutos secos | Frutos secos orgánicos -> https://www.unimarc.cl/category/frutas-y-verduras/frutos-secos/frutos-secos-organicos

Scrape: [Frutas] Frutas
  productos únicos: 54

Scrape: [Frutas] Fruta
  productos únicos: 49

Scrape: [Frutas] Fruta deshidratada
  productos únicos: 5

Scrape: [Frutas] Fruta orgánica
  productos únicos: 0

Scrape: [Frutas] Verduras
  productos únicos: 100

Scrape: [Frutas] Verduras
  productos únicos: 100

Scrape: [Frutas] Ensaladas listas
  productos únicos: 50

Scrape: [Frutas] Verduras orgánicas
  productos únicos: 7

Scrape: [Frutas] Frutos secos
  productos únicos: 31

Scrape: [Frutas] Frutos secos
  productos únicos: 31

Scrape: [Frutas] Frutos secos orgánicos
  productos únicos: 0

Scrape: [Verduras] Frutas
  productos únicos: 54

Scrape: [Verduras] Fruta
  productos únicos: 49

Scrape: [Verduras] Fruta deshidratada
  productos únicos: 5

Scrape: [Verduras] Fruta orgánica
  productos únicos: 0

Scrape: [Verduras] Verduras
  productos únicos: 100

Scrape: [Verduras] Verduras
  productos únicos: 100

Scrape: [Verduras] Ensaladas listas
  productos únicos: 50

Scrape: [Verduras] Verduras orgánicas
  productos únicos: 7

Scrape: [Verduras] Frutos secos
  productos únicos: 31

Scrape: [Verduras] Frutos secos
  productos únicos: 31

Scrape: [Verduras] Frutos secos orgánicos
  productos únicos: 0

Scrape: [Frutos secos] Frutas
  productos únicos: 54

Scrape: [Frutos secos] Fruta
  productos únicos: 49

Scrape: [Frutos secos] Fruta deshidratada
  productos únicos: 5

Scrape: [Frutos secos] Fruta orgánica
  productos únicos: 0

Scrape: [Frutos secos] Verduras
  productos únicos: 100

Scrape: [Frutos secos] Verduras
  productos únicos: 100

Scrape: [Frutos secos] Ensaladas listas
  productos únicos: 50

Scrape: [Frutos secos] Verduras orgánicas
  productos únicos: 7

Scrape: [Frutos secos] Frutos secos
  productos únicos: 31

Scrape: [Frutos secos] Frutos secos
  productos únicos: 31

Scrape: [Frutos secos] Frutos secos orgánicos
  productos únicos: 0

Total filas: 427
CSV generado: C:\Users\fvergram\OneDrive - NTT DATA EMEAL\Desktop\webscrapping\Supermercados\Unimarc\src\output\frutas_verduras\unimarc_frutas-y-verduras_subcats_20260220_172729.csv
