
Subcategorías detectadas en [Perfumería]: 336
 - Cuidado capilar | Cuidado capilar -> https://www.unimarc.cl/category/perfumeria/cuidado-capilar
 - Cuidado capilar | Shampoo -> https://www.unimarc.cl/category/perfumeria/cuidado-capilar/shampoo
 - Cuidado capilar | Acondicionador -> https://www.unimarc.cl/category/perfumeria/cuidado-capilar/acondicionador
 - Cuidado capilar | Cremas para peinar -> https://www.unimarc.cl/category/perfumeria/cuidado-capilar/cremas-para-peinar
 - Cuidado capilar | Coloración y tinturas -> https://www.unimarc.cl/category/perfumeria/cuidado-capilar/coloracion-y-tinturas
 - Cuidado capilar | Fijadores -> https://www.unimarc.cl/category/perfumeria/cuidado-capilar/fijadores
 - Cuidado capilar | Cepillos, peinetas y accesorios -> https://www.unimarc.cl/category/perfumeria/cuidado-capilar/cepillos-peinetas-y-accesorios
 - Cuidado capilar | Cuidado bucal -> https://www.unimarc.cl/category/perfumeria/cuidado-bucal
 - Cuidado capilar | Pasta dental -> https://www.unimarc.cl/category/perfumeria/cuidado-bucal/pasta-dental
 - Cuidado capilar | Cepillos -> https://www.unimarc.cl/category/perfumeria/cuidado-bucal/cepillos
 - Cuidado capilar | Enjuague bucal y sedas -> https://www.unimarc.cl/category/perfumeria/cuidado-bucal/enjuague-bucal-y-sedas
 - Cuidado capilar | Cuidado personal -> https://www.unimarc.cl/category/perfumeria/cuidado-personal
 - Cuidado capilar | Jabón en barra -> https://www.unimarc.cl/category/perfumeria/cuidado-personal/jabon-en-barra
 - Cuidado capilar | Jabón líquido -> https://www.unimarc.cl/category/perfumeria/cuidado-personal/jabon-liquido
 - Cuidado capilar | Gel de ducha -> https://www.unimarc.cl/category/perfumeria/cuidado-personal/gel-de-ducha
 - Cuidado capilar | Alcohol gel -> https://www.unimarc.cl/category/perfumeria/cuidado-personal/alcohol-gel
 - Cuidado capilar | Cosméticos y desmaquillantes -> https://www.unimarc.cl/category/perfumeria/cuidado-personal/cosmeticos-y-desmaquillantes
 - Cuidado capilar | Cuidado pies -> https://www.unimarc.cl/category/perfumeria/cuidado-personal/cuidado-pies
 - Cuidado capilar | Esponjas y accesorios -> https://www.unimarc.cl/category/perfumeria/cuidado-personal/esponjas-y-accesorios
 - Cuidado capilar | Cuidado corporal y facial -> https://www.unimarc.cl/category/perfumeria/cuidado-corporal-y-facial
 - Cuidado capilar | Cremas corporales -> https://www.unimarc.cl/category/perfumeria/cuidado-corporal-y-facial/cremas-corporales
 - Cuidado capilar | Cremas de mano -> https://www.unimarc.cl/category/perfumeria/cuidado-corporal-y-facial/cremas-de-mano
 - Cuidado capilar | Protección solar -> https://www.unimarc.cl/category/perfumeria/cuidado-corporal-y-facial/proteccion-solar
 - Cuidado capilar | Cremas faciales -> https://www.unimarc.cl/category/perfumeria/cuidado-corporal-y-facial/cremas-faciales
 - Cuidado capilar | Cuidado femenino -> https://www.unimarc.cl/category/perfumeria/cuidado-femenino
 - Cuidado capilar | Protección femenina -> https://www.unimarc.cl/category/perfumeria/cuidado-femenino/proteccion-femenina
 - Cuidado capilar | Desodorante -> https://www.unimarc.cl/category/perfumeria/cuidado-femenino/desodorante
 - Cuidado capilar | Depilación -> https://www.unimarc.cl/category/perfumeria/cuidado-femenino/depilacion
 - Cuidado capilar | Colonia -> https://www.unimarc.cl/category/perfumeria/cuidado-femenino/colonia
 - Cuidado capilar | Cuidado masculino -> https://www.unimarc.cl/category/perfumeria/cuidado-masculino
 - Cuidado capilar | Desodorantes -> https://www.unimarc.cl/category/perfumeria/cuidado-masculino/desodorantes
 - Cuidado capilar | Afeitadoras y repuestos -> https://www.unimarc.cl/category/perfumeria/cuidado-masculino/afeitadoras-y-repuestos
 - Cuidado capilar | Crema, gel y espuma de afeitar -> https://www.unimarc.cl/category/perfumeria/cuidado-masculino/crema-gel-y-espuma-de-afeitar
 - Cuidado capilar | Colonias -> https://www.unimarc.cl/category/perfumeria/cuidado-masculino/colonias
 - Cuidado capilar | Cuidado adulto -> https://www.unimarc.cl/category/perfumeria/cuidado-adulto
 - Cuidado capilar | Pañales y pants -> https://www.unimarc.cl/category/perfumeria/cuidado-adulto/panales-y-pants
 - Cuidado capilar | Protectores y toallas húmedas -> https://www.unimarc.cl/category/perfumeria/cuidado-adulto/protectores-y-toallas-humedas
 - Cuidado capilar | Protección cama -> https://www.unimarc.cl/category/perfumeria/cuidado-adulto/proteccion-cama
 - Cuidado capilar | Farmacia -> https://www.unimarc.cl/category/perfumeria/farmacia
 - Cuidado capilar | Primeros auxilios -> https://www.unimarc.cl/category/perfumeria/farmacia/primeros-auxilios
 - Cuidado capilar | Preservativos y lubricantes -> https://www.unimarc.cl/category/perfumeria/farmacia/preservativos-y-lubricantes
 - Cuidado capilar | Vitaminas y suplementos -> https://www.unimarc.cl/category/perfumeria/farmacia/vitaminas-y-suplementos
 - Cuidado bucal | Cuidado capilar -> https://www.unimarc.cl/category/perfumeria/cuidado-capilar
 - Cuidado bucal | Shampoo -> https://www.unimarc.cl/category/perfumeria/cuidado-capilar/shampoo
 - Cuidado bucal | Acondicionador -> https://www.unimarc.cl/category/perfumeria/cuidado-capilar/acondicionador
 - Cuidado bucal | Cremas para peinar -> https://www.unimarc.cl/category/perfumeria/cuidado-capilar/cremas-para-peinar
 - Cuidado bucal | Coloración y tinturas -> https://www.unimarc.cl/category/perfumeria/cuidado-capilar/coloracion-y-tinturas
 - Cuidado bucal | Fijadores -> https://www.unimarc.cl/category/perfumeria/cuidado-capilar/fijadores
 - Cuidado bucal | Cepillos, peinetas y accesorios -> https://www.unimarc.cl/category/perfumeria/cuidado-capilar/cepillos-peinetas-y-accesorios
 - Cuidado bucal | Cuidado bucal -> https://www.unimarc.cl/category/perfumeria/cuidado-bucal
 - Cuidado bucal | Pasta dental -> https://www.unimarc.cl/category/perfumeria/cuidado-bucal/pasta-dental
 - Cuidado bucal | Cepillos -> https://www.unimarc.cl/category/perfumeria/cuidado-bucal/cepillos
 - Cuidado bucal | Enjuague bucal y sedas -> https://www.unimarc.cl/category/perfumeria/cuidado-bucal/enjuague-bucal-y-sedas
 - Cuidado bucal | Cuidado personal -> https://www.unimarc.cl/category/perfumeria/cuidado-personal
 - Cuidado bucal | Jabón en barra -> https://www.unimarc.cl/category/perfumeria/cuidado-personal/jabon-en-barra
 - Cuidado bucal | Jabón líquido -> https://www.unimarc.cl/category/perfumeria/cuidado-personal/jabon-liquido
 - Cuidado bucal | Gel de ducha -> https://www.unimarc.cl/category/perfumeria/cuidado-personal/gel-de-ducha
 - Cuidado bucal | Alcohol gel -> https://www.unimarc.cl/category/perfumeria/cuidado-personal/alcohol-gel
 - Cuidado bucal | Cosméticos y desmaquillantes -> https://www.unimarc.cl/category/perfumeria/cuidado-personal/cosmeticos-y-desmaquillantes
 - Cuidado bucal | Cuidado pies -> https://www.unimarc.cl/category/perfumeria/cuidado-personal/cuidado-pies
 - Cuidado bucal | Esponjas y accesorios -> https://www.unimarc.cl/category/perfumeria/cuidado-personal/esponjas-y-accesorios
 - Cuidado bucal | Cuidado corporal y facial -> https://www.unimarc.cl/category/perfumeria/cuidado-corporal-y-facial
 - Cuidado bucal | Cremas corporales -> https://www.unimarc.cl/category/perfumeria/cuidado-corporal-y-facial/cremas-corporales
 - Cuidado bucal | Cremas de mano -> https://www.unimarc.cl/category/perfumeria/cuidado-corporal-y-facial/cremas-de-mano
 - Cuidado bucal | Protección solar -> https://www.unimarc.cl/category/perfumeria/cuidado-corporal-y-facial/proteccion-solar
 - Cuidado bucal | Cremas faciales -> https://www.unimarc.cl/category/perfumeria/cuidado-corporal-y-facial/cremas-faciales
 - Cuidado bucal | Cuidado femenino -> https://www.unimarc.cl/category/perfumeria/cuidado-femenino
 - Cuidado bucal | Protección femenina -> https://www.unimarc.cl/category/perfumeria/cuidado-femenino/proteccion-femenina
 - Cuidado bucal | Desodorante -> https://www.unimarc.cl/category/perfumeria/cuidado-femenino/desodorante
 - Cuidado bucal | Depilación -> https://www.unimarc.cl/category/perfumeria/cuidado-femenino/depilacion
 - Cuidado bucal | Colonia -> https://www.unimarc.cl/category/perfumeria/cuidado-femenino/colonia
 - Cuidado bucal | Cuidado masculino -> https://www.unimarc.cl/category/perfumeria/cuidado-masculino
 - Cuidado bucal | Desodorantes -> https://www.unimarc.cl/category/perfumeria/cuidado-masculino/desodorantes
 - Cuidado bucal | Afeitadoras y repuestos -> https://www.unimarc.cl/category/perfumeria/cuidado-masculino/afeitadoras-y-repuestos
 - Cuidado bucal | Crema, gel y espuma de afeitar -> https://www.unimarc.cl/category/perfumeria/cuidado-masculino/crema-gel-y-espuma-de-afeitar
 - Cuidado bucal | Colonias -> https://www.unimarc.cl/category/perfumeria/cuidado-masculino/colonias
 - Cuidado bucal | Cuidado adulto -> https://www.unimarc.cl/category/perfumeria/cuidado-adulto
 - Cuidado bucal | Pañales y pants -> https://www.unimarc.cl/category/perfumeria/cuidado-adulto/panales-y-pants
 - Cuidado bucal | Protectores y toallas húmedas -> https://www.unimarc.cl/category/perfumeria/cuidado-adulto/protectores-y-toallas-humedas
 - Cuidado bucal | Protección cama -> https://www.unimarc.cl/category/perfumeria/cuidado-adulto/proteccion-cama
 - Cuidado bucal | Farmacia -> https://www.unimarc.cl/category/perfumeria/farmacia
 - Cuidado bucal | Primeros auxilios -> https://www.unimarc.cl/category/perfumeria/farmacia/primeros-auxilios
 - Cuidado bucal | Preservativos y lubricantes -> https://www.unimarc.cl/category/perfumeria/farmacia/preservativos-y-lubricantes
 - Cuidado bucal | Vitaminas y suplementos -> https://www.unimarc.cl/category/perfumeria/farmacia/vitaminas-y-suplementos
 - Cuidado personal | Cuidado capilar -> https://www.unimarc.cl/category/perfumeria/cuidado-capilar
 - Cuidado personal | Shampoo -> https://www.unimarc.cl/category/perfumeria/cuidado-capilar/shampoo
 - Cuidado personal | Acondicionador -> https://www.unimarc.cl/category/perfumeria/cuidado-capilar/acondicionador
 - Cuidado personal | Cremas para peinar -> https://www.unimarc.cl/category/perfumeria/cuidado-capilar/cremas-para-peinar
 - Cuidado personal | Coloración y tinturas -> https://www.unimarc.cl/category/perfumeria/cuidado-capilar/coloracion-y-tinturas
 - Cuidado personal | Fijadores -> https://www.unimarc.cl/category/perfumeria/cuidado-capilar/fijadores
 - Cuidado personal | Cepillos, peinetas y accesorios -> https://www.unimarc.cl/category/perfumeria/cuidado-capilar/cepillos-peinetas-y-accesorios
 - Cuidado personal | Cuidado bucal -> https://www.unimarc.cl/category/perfumeria/cuidado-bucal
 - Cuidado personal | Pasta dental -> https://www.unimarc.cl/category/perfumeria/cuidado-bucal/pasta-dental
 - Cuidado personal | Cepillos -> https://www.unimarc.cl/category/perfumeria/cuidado-bucal/cepillos
 - Cuidado personal | Enjuague bucal y sedas -> https://www.unimarc.cl/category/perfumeria/cuidado-bucal/enjuague-bucal-y-sedas
 - Cuidado personal | Cuidado personal -> https://www.unimarc.cl/category/perfumeria/cuidado-personal
 - Cuidado personal | Jabón en barra -> https://www.unimarc.cl/category/perfumeria/cuidado-personal/jabon-en-barra
 - Cuidado personal | Jabón líquido -> https://www.unimarc.cl/category/perfumeria/cuidado-personal/jabon-liquido
 - Cuidado personal | Gel de ducha -> https://www.unimarc.cl/category/perfumeria/cuidado-personal/gel-de-ducha
 - Cuidado personal | Alcohol gel -> https://www.unimarc.cl/category/perfumeria/cuidado-personal/alcohol-gel
 - Cuidado personal | Cosméticos y desmaquillantes -> https://www.unimarc.cl/category/perfumeria/cuidado-personal/cosmeticos-y-desmaquillantes
 - Cuidado personal | Cuidado pies -> https://www.unimarc.cl/category/perfumeria/cuidado-personal/cuidado-pies
 - Cuidado personal | Esponjas y accesorios -> https://www.unimarc.cl/category/perfumeria/cuidado-personal/esponjas-y-accesorios
 - Cuidado personal | Cuidado corporal y facial -> https://www.unimarc.cl/category/perfumeria/cuidado-corporal-y-facial
 - Cuidado personal | Cremas corporales -> https://www.unimarc.cl/category/perfumeria/cuidado-corporal-y-facial/cremas-corporales
 - Cuidado personal | Cremas de mano -> https://www.unimarc.cl/category/perfumeria/cuidado-corporal-y-facial/cremas-de-mano
 - Cuidado personal | Protección solar -> https://www.unimarc.cl/category/perfumeria/cuidado-corporal-y-facial/proteccion-solar
 - Cuidado personal | Cremas faciales -> https://www.unimarc.cl/category/perfumeria/cuidado-corporal-y-facial/cremas-faciales
 - Cuidado personal | Cuidado femenino -> https://www.unimarc.cl/category/perfumeria/cuidado-femenino
 - Cuidado personal | Protección femenina -> https://www.unimarc.cl/category/perfumeria/cuidado-femenino/proteccion-femenina
 - Cuidado personal | Desodorante -> https://www.unimarc.cl/category/perfumeria/cuidado-femenino/desodorante
 - Cuidado personal | Depilación -> https://www.unimarc.cl/category/perfumeria/cuidado-femenino/depilacion
 - Cuidado personal | Colonia -> https://www.unimarc.cl/category/perfumeria/cuidado-femenino/colonia
 - Cuidado personal | Cuidado masculino -> https://www.unimarc.cl/category/perfumeria/cuidado-masculino
 - Cuidado personal | Desodorantes -> https://www.unimarc.cl/category/perfumeria/cuidado-masculino/desodorantes
 - Cuidado personal | Afeitadoras y repuestos -> https://www.unimarc.cl/category/perfumeria/cuidado-masculino/afeitadoras-y-repuestos
 - Cuidado personal | Crema, gel y espuma de afeitar -> https://www.unimarc.cl/category/perfumeria/cuidado-masculino/crema-gel-y-espuma-de-afeitar
 - Cuidado personal | Colonias -> https://www.unimarc.cl/category/perfumeria/cuidado-masculino/colonias
 - Cuidado personal | Cuidado adulto -> https://www.unimarc.cl/category/perfumeria/cuidado-adulto
 - Cuidado personal | Pañales y pants -> https://www.unimarc.cl/category/perfumeria/cuidado-adulto/panales-y-pants
 - Cuidado personal | Protectores y toallas húmedas -> https://www.unimarc.cl/category/perfumeria/cuidado-adulto/protectores-y-toallas-humedas
 - Cuidado personal | Protección cama -> https://www.unimarc.cl/category/perfumeria/cuidado-adulto/proteccion-cama
 - Cuidado personal | Farmacia -> https://www.unimarc.cl/category/perfumeria/farmacia
 - Cuidado personal | Primeros auxilios -> https://www.unimarc.cl/category/perfumeria/farmacia/primeros-auxilios
 - Cuidado personal | Preservativos y lubricantes -> https://www.unimarc.cl/category/perfumeria/farmacia/preservativos-y-lubricantes
 - Cuidado personal | Vitaminas y suplementos -> https://www.unimarc.cl/category/perfumeria/farmacia/vitaminas-y-suplementos
 - Cuidado corporal y facial | Cuidado capilar -> https://www.unimarc.cl/category/perfumeria/cuidado-capilar
 - Cuidado corporal y facial | Shampoo -> https://www.unimarc.cl/category/perfumeria/cuidado-capilar/shampoo
 - Cuidado corporal y facial | Acondicionador -> https://www.unimarc.cl/category/perfumeria/cuidado-capilar/acondicionador
 - Cuidado corporal y facial | Cremas para peinar -> https://www.unimarc.cl/category/perfumeria/cuidado-capilar/cremas-para-peinar
 - Cuidado corporal y facial | Coloración y tinturas -> https://www.unimarc.cl/category/perfumeria/cuidado-capilar/coloracion-y-tinturas
 - Cuidado corporal y facial | Fijadores -> https://www.unimarc.cl/category/perfumeria/cuidado-capilar/fijadores
 - Cuidado corporal y facial | Cepillos, peinetas y accesorios -> https://www.unimarc.cl/category/perfumeria/cuidado-capilar/cepillos-peinetas-y-accesorios
 - Cuidado corporal y facial | Cuidado bucal -> https://www.unimarc.cl/category/perfumeria/cuidado-bucal
 - Cuidado corporal y facial | Pasta dental -> https://www.unimarc.cl/category/perfumeria/cuidado-bucal/pasta-dental
 - Cuidado corporal y facial | Cepillos -> https://www.unimarc.cl/category/perfumeria/cuidado-bucal/cepillos
 - Cuidado corporal y facial | Enjuague bucal y sedas -> https://www.unimarc.cl/category/perfumeria/cuidado-bucal/enjuague-bucal-y-sedas
 - Cuidado corporal y facial | Cuidado personal -> https://www.unimarc.cl/category/perfumeria/cuidado-personal
 - Cuidado corporal y facial | Jabón en barra -> https://www.unimarc.cl/category/perfumeria/cuidado-personal/jabon-en-barra
 - Cuidado corporal y facial | Jabón líquido -> https://www.unimarc.cl/category/perfumeria/cuidado-personal/jabon-liquido
 - Cuidado corporal y facial | Gel de ducha -> https://www.unimarc.cl/category/perfumeria/cuidado-personal/gel-de-ducha
 - Cuidado corporal y facial | Alcohol gel -> https://www.unimarc.cl/category/perfumeria/cuidado-personal/alcohol-gel
 - Cuidado corporal y facial | Cosméticos y desmaquillantes -> https://www.unimarc.cl/category/perfumeria/cuidado-personal/cosmeticos-y-desmaquillantes
 - Cuidado corporal y facial | Cuidado pies -> https://www.unimarc.cl/category/perfumeria/cuidado-personal/cuidado-pies
 - Cuidado corporal y facial | Esponjas y accesorios -> https://www.unimarc.cl/category/perfumeria/cuidado-personal/esponjas-y-accesorios
 - Cuidado corporal y facial | Cuidado corporal y facial -> https://www.unimarc.cl/category/perfumeria/cuidado-corporal-y-facial
 - Cuidado corporal y facial | Cremas corporales -> https://www.unimarc.cl/category/perfumeria/cuidado-corporal-y-facial/cremas-corporales
 - Cuidado corporal y facial | Cremas de mano -> https://www.unimarc.cl/category/perfumeria/cuidado-corporal-y-facial/cremas-de-mano
 - Cuidado corporal y facial | Protección solar -> https://www.unimarc.cl/category/perfumeria/cuidado-corporal-y-facial/proteccion-solar
 - Cuidado corporal y facial | Cremas faciales -> https://www.unimarc.cl/category/perfumeria/cuidado-corporal-y-facial/cremas-faciales
 - Cuidado corporal y facial | Cuidado femenino -> https://www.unimarc.cl/category/perfumeria/cuidado-femenino
 - Cuidado corporal y facial | Protección femenina -> https://www.unimarc.cl/category/perfumeria/cuidado-femenino/proteccion-femenina
 - Cuidado corporal y facial | Desodorante -> https://www.unimarc.cl/category/perfumeria/cuidado-femenino/desodorante
 - Cuidado corporal y facial | Depilación -> https://www.unimarc.cl/category/perfumeria/cuidado-femenino/depilacion
 - Cuidado corporal y facial | Colonia -> https://www.unimarc.cl/category/perfumeria/cuidado-femenino/colonia
 - Cuidado corporal y facial | Cuidado masculino -> https://www.unimarc.cl/category/perfumeria/cuidado-masculino
 - Cuidado corporal y facial | Desodorantes -> https://www.unimarc.cl/category/perfumeria/cuidado-masculino/desodorantes
 - Cuidado corporal y facial | Afeitadoras y repuestos -> https://www.unimarc.cl/category/perfumeria/cuidado-masculino/afeitadoras-y-repuestos
 - Cuidado corporal y facial | Crema, gel y espuma de afeitar -> https://www.unimarc.cl/category/perfumeria/cuidado-masculino/crema-gel-y-espuma-de-afeitar
 - Cuidado corporal y facial | Colonias -> https://www.unimarc.cl/category/perfumeria/cuidado-masculino/colonias
 - Cuidado corporal y facial | Cuidado adulto -> https://www.unimarc.cl/category/perfumeria/cuidado-adulto
 - Cuidado corporal y facial | Pañales y pants -> https://www.unimarc.cl/category/perfumeria/cuidado-adulto/panales-y-pants
 - Cuidado corporal y facial | Protectores y toallas húmedas -> https://www.unimarc.cl/category/perfumeria/cuidado-adulto/protectores-y-toallas-humedas
 - Cuidado corporal y facial | Protección cama -> https://www.unimarc.cl/category/perfumeria/cuidado-adulto/proteccion-cama
 - Cuidado corporal y facial | Farmacia -> https://www.unimarc.cl/category/perfumeria/farmacia
 - Cuidado corporal y facial | Primeros auxilios -> https://www.unimarc.cl/category/perfumeria/farmacia/primeros-auxilios
 - Cuidado corporal y facial | Preservativos y lubricantes -> https://www.unimarc.cl/category/perfumeria/farmacia/preservativos-y-lubricantes
 - Cuidado corporal y facial | Vitaminas y suplementos -> https://www.unimarc.cl/category/perfumeria/farmacia/vitaminas-y-suplementos
 - Cuidado femenino | Cuidado capilar -> https://www.unimarc.cl/category/perfumeria/cuidado-capilar
 - Cuidado femenino | Shampoo -> https://www.unimarc.cl/category/perfumeria/cuidado-capilar/shampoo
 - Cuidado femenino | Acondicionador -> https://www.unimarc.cl/category/perfumeria/cuidado-capilar/acondicionador
 - Cuidado femenino | Cremas para peinar -> https://www.unimarc.cl/category/perfumeria/cuidado-capilar/cremas-para-peinar
 - Cuidado femenino | Coloración y tinturas -> https://www.unimarc.cl/category/perfumeria/cuidado-capilar/coloracion-y-tinturas
 - Cuidado femenino | Fijadores -> https://www.unimarc.cl/category/perfumeria/cuidado-capilar/fijadores
 - Cuidado femenino | Cepillos, peinetas y accesorios -> https://www.unimarc.cl/category/perfumeria/cuidado-capilar/cepillos-peinetas-y-accesorios
 - Cuidado femenino | Cuidado bucal -> https://www.unimarc.cl/category/perfumeria/cuidado-bucal
 - Cuidado femenino | Pasta dental -> https://www.unimarc.cl/category/perfumeria/cuidado-bucal/pasta-dental
 - Cuidado femenino | Cepillos -> https://www.unimarc.cl/category/perfumeria/cuidado-bucal/cepillos
 - Cuidado femenino | Enjuague bucal y sedas -> https://www.unimarc.cl/category/perfumeria/cuidado-bucal/enjuague-bucal-y-sedas
 - Cuidado femenino | Cuidado personal -> https://www.unimarc.cl/category/perfumeria/cuidado-personal
 - Cuidado femenino | Jabón en barra -> https://www.unimarc.cl/category/perfumeria/cuidado-personal/jabon-en-barra
 - Cuidado femenino | Jabón líquido -> https://www.unimarc.cl/category/perfumeria/cuidado-personal/jabon-liquido
 - Cuidado femenino | Gel de ducha -> https://www.unimarc.cl/category/perfumeria/cuidado-personal/gel-de-ducha
 - Cuidado femenino | Alcohol gel -> https://www.unimarc.cl/category/perfumeria/cuidado-personal/alcohol-gel
 - Cuidado femenino | Cosméticos y desmaquillantes -> https://www.unimarc.cl/category/perfumeria/cuidado-personal/cosmeticos-y-desmaquillantes
 - Cuidado femenino | Cuidado pies -> https://www.unimarc.cl/category/perfumeria/cuidado-personal/cuidado-pies
 - Cuidado femenino | Esponjas y accesorios -> https://www.unimarc.cl/category/perfumeria/cuidado-personal/esponjas-y-accesorios
 - Cuidado femenino | Cuidado corporal y facial -> https://www.unimarc.cl/category/perfumeria/cuidado-corporal-y-facial
 - Cuidado femenino | Cremas corporales -> https://www.unimarc.cl/category/perfumeria/cuidado-corporal-y-facial/cremas-corporales
 - Cuidado femenino | Cremas de mano -> https://www.unimarc.cl/category/perfumeria/cuidado-corporal-y-facial/cremas-de-mano
 - Cuidado femenino | Protección solar -> https://www.unimarc.cl/category/perfumeria/cuidado-corporal-y-facial/proteccion-solar
 - Cuidado femenino | Cremas faciales -> https://www.unimarc.cl/category/perfumeria/cuidado-corporal-y-facial/cremas-faciales
 - Cuidado femenino | Cuidado femenino -> https://www.unimarc.cl/category/perfumeria/cuidado-femenino
 - Cuidado femenino | Protección femenina -> https://www.unimarc.cl/category/perfumeria/cuidado-femenino/proteccion-femenina
 - Cuidado femenino | Desodorante -> https://www.unimarc.cl/category/perfumeria/cuidado-femenino/desodorante
 - Cuidado femenino | Depilación -> https://www.unimarc.cl/category/perfumeria/cuidado-femenino/depilacion
 - Cuidado femenino | Colonia -> https://www.unimarc.cl/category/perfumeria/cuidado-femenino/colonia
 - Cuidado femenino | Cuidado masculino -> https://www.unimarc.cl/category/perfumeria/cuidado-masculino
 - Cuidado femenino | Desodorantes -> https://www.unimarc.cl/category/perfumeria/cuidado-masculino/desodorantes
 - Cuidado femenino | Afeitadoras y repuestos -> https://www.unimarc.cl/category/perfumeria/cuidado-masculino/afeitadoras-y-repuestos
 - Cuidado femenino | Crema, gel y espuma de afeitar -> https://www.unimarc.cl/category/perfumeria/cuidado-masculino/crema-gel-y-espuma-de-afeitar
 - Cuidado femenino | Colonias -> https://www.unimarc.cl/category/perfumeria/cuidado-masculino/colonias
 - Cuidado femenino | Cuidado adulto -> https://www.unimarc.cl/category/perfumeria/cuidado-adulto
 - Cuidado femenino | Pañales y pants -> https://www.unimarc.cl/category/perfumeria/cuidado-adulto/panales-y-pants
 - Cuidado femenino | Protectores y toallas húmedas -> https://www.unimarc.cl/category/perfumeria/cuidado-adulto/protectores-y-toallas-humedas
 - Cuidado femenino | Protección cama -> https://www.unimarc.cl/category/perfumeria/cuidado-adulto/proteccion-cama
 - Cuidado femenino | Farmacia -> https://www.unimarc.cl/category/perfumeria/farmacia
 - Cuidado femenino | Primeros auxilios -> https://www.unimarc.cl/category/perfumeria/farmacia/primeros-auxilios
 - Cuidado femenino | Preservativos y lubricantes -> https://www.unimarc.cl/category/perfumeria/farmacia/preservativos-y-lubricantes
 - Cuidado femenino | Vitaminas y suplementos -> https://www.unimarc.cl/category/perfumeria/farmacia/vitaminas-y-suplementos
 - Cuidado masculino | Cuidado capilar -> https://www.unimarc.cl/category/perfumeria/cuidado-capilar
 - Cuidado masculino | Shampoo -> https://www.unimarc.cl/category/perfumeria/cuidado-capilar/shampoo
 - Cuidado masculino | Acondicionador -> https://www.unimarc.cl/category/perfumeria/cuidado-capilar/acondicionador
 - Cuidado masculino | Cremas para peinar -> https://www.unimarc.cl/category/perfumeria/cuidado-capilar/cremas-para-peinar
 - Cuidado masculino | Coloración y tinturas -> https://www.unimarc.cl/category/perfumeria/cuidado-capilar/coloracion-y-tinturas
 - Cuidado masculino | Fijadores -> https://www.unimarc.cl/category/perfumeria/cuidado-capilar/fijadores
 - Cuidado masculino | Cepillos, peinetas y accesorios -> https://www.unimarc.cl/category/perfumeria/cuidado-capilar/cepillos-peinetas-y-accesorios
 - Cuidado masculino | Cuidado bucal -> https://www.unimarc.cl/category/perfumeria/cuidado-bucal
 - Cuidado masculino | Pasta dental -> https://www.unimarc.cl/category/perfumeria/cuidado-bucal/pasta-dental
 - Cuidado masculino | Cepillos -> https://www.unimarc.cl/category/perfumeria/cuidado-bucal/cepillos
 - Cuidado masculino | Enjuague bucal y sedas -> https://www.unimarc.cl/category/perfumeria/cuidado-bucal/enjuague-bucal-y-sedas
 - Cuidado masculino | Cuidado personal -> https://www.unimarc.cl/category/perfumeria/cuidado-personal
 - Cuidado masculino | Jabón en barra -> https://www.unimarc.cl/category/perfumeria/cuidado-personal/jabon-en-barra
 - Cuidado masculino | Jabón líquido -> https://www.unimarc.cl/category/perfumeria/cuidado-personal/jabon-liquido
 - Cuidado masculino | Gel de ducha -> https://www.unimarc.cl/category/perfumeria/cuidado-personal/gel-de-ducha
 - Cuidado masculino | Alcohol gel -> https://www.unimarc.cl/category/perfumeria/cuidado-personal/alcohol-gel
 - Cuidado masculino | Cosméticos y desmaquillantes -> https://www.unimarc.cl/category/perfumeria/cuidado-personal/cosmeticos-y-desmaquillantes
 - Cuidado masculino | Cuidado pies -> https://www.unimarc.cl/category/perfumeria/cuidado-personal/cuidado-pies
 - Cuidado masculino | Esponjas y accesorios -> https://www.unimarc.cl/category/perfumeria/cuidado-personal/esponjas-y-accesorios
 - Cuidado masculino | Cuidado corporal y facial -> https://www.unimarc.cl/category/perfumeria/cuidado-corporal-y-facial
 - Cuidado masculino | Cremas corporales -> https://www.unimarc.cl/category/perfumeria/cuidado-corporal-y-facial/cremas-corporales
 - Cuidado masculino | Cremas de mano -> https://www.unimarc.cl/category/perfumeria/cuidado-corporal-y-facial/cremas-de-mano
 - Cuidado masculino | Protección solar -> https://www.unimarc.cl/category/perfumeria/cuidado-corporal-y-facial/proteccion-solar
 - Cuidado masculino | Cremas faciales -> https://www.unimarc.cl/category/perfumeria/cuidado-corporal-y-facial/cremas-faciales
 - Cuidado masculino | Cuidado femenino -> https://www.unimarc.cl/category/perfumeria/cuidado-femenino
 - Cuidado masculino | Protección femenina -> https://www.unimarc.cl/category/perfumeria/cuidado-femenino/proteccion-femenina
 - Cuidado masculino | Desodorante -> https://www.unimarc.cl/category/perfumeria/cuidado-femenino/desodorante
 - Cuidado masculino | Depilación -> https://www.unimarc.cl/category/perfumeria/cuidado-femenino/depilacion
 - Cuidado masculino | Colonia -> https://www.unimarc.cl/category/perfumeria/cuidado-femenino/colonia
 - Cuidado masculino | Cuidado masculino -> https://www.unimarc.cl/category/perfumeria/cuidado-masculino
 - Cuidado masculino | Desodorantes -> https://www.unimarc.cl/category/perfumeria/cuidado-masculino/desodorantes
 - Cuidado masculino | Afeitadoras y repuestos -> https://www.unimarc.cl/category/perfumeria/cuidado-masculino/afeitadoras-y-repuestos
 - Cuidado masculino | Crema, gel y espuma de afeitar -> https://www.unimarc.cl/category/perfumeria/cuidado-masculino/crema-gel-y-espuma-de-afeitar
 - Cuidado masculino | Colonias -> https://www.unimarc.cl/category/perfumeria/cuidado-masculino/colonias
 - Cuidado masculino | Cuidado adulto -> https://www.unimarc.cl/category/perfumeria/cuidado-adulto
 - Cuidado masculino | Pañales y pants -> https://www.unimarc.cl/category/perfumeria/cuidado-adulto/panales-y-pants
 - Cuidado masculino | Protectores y toallas húmedas -> https://www.unimarc.cl/category/perfumeria/cuidado-adulto/protectores-y-toallas-humedas
 - Cuidado masculino | Protección cama -> https://www.unimarc.cl/category/perfumeria/cuidado-adulto/proteccion-cama
 - Cuidado masculino | Farmacia -> https://www.unimarc.cl/category/perfumeria/farmacia
 - Cuidado masculino | Primeros auxilios -> https://www.unimarc.cl/category/perfumeria/farmacia/primeros-auxilios
 - Cuidado masculino | Preservativos y lubricantes -> https://www.unimarc.cl/category/perfumeria/farmacia/preservativos-y-lubricantes
 - Cuidado masculino | Vitaminas y suplementos -> https://www.unimarc.cl/category/perfumeria/farmacia/vitaminas-y-suplementos
 - Cuidado adulto | Cuidado capilar -> https://www.unimarc.cl/category/perfumeria/cuidado-capilar
 - Cuidado adulto | Shampoo -> https://www.unimarc.cl/category/perfumeria/cuidado-capilar/shampoo
 - Cuidado adulto | Acondicionador -> https://www.unimarc.cl/category/perfumeria/cuidado-capilar/acondicionador
 - Cuidado adulto | Cremas para peinar -> https://www.unimarc.cl/category/perfumeria/cuidado-capilar/cremas-para-peinar
 - Cuidado adulto | Coloración y tinturas -> https://www.unimarc.cl/category/perfumeria/cuidado-capilar/coloracion-y-tinturas
 - Cuidado adulto | Fijadores -> https://www.unimarc.cl/category/perfumeria/cuidado-capilar/fijadores
 - Cuidado adulto | Cepillos, peinetas y accesorios -> https://www.unimarc.cl/category/perfumeria/cuidado-capilar/cepillos-peinetas-y-accesorios
 - Cuidado adulto | Cuidado bucal -> https://www.unimarc.cl/category/perfumeria/cuidado-bucal
 - Cuidado adulto | Pasta dental -> https://www.unimarc.cl/category/perfumeria/cuidado-bucal/pasta-dental
 - Cuidado adulto | Cepillos -> https://www.unimarc.cl/category/perfumeria/cuidado-bucal/cepillos
 - Cuidado adulto | Enjuague bucal y sedas -> https://www.unimarc.cl/category/perfumeria/cuidado-bucal/enjuague-bucal-y-sedas
 - Cuidado adulto | Cuidado personal -> https://www.unimarc.cl/category/perfumeria/cuidado-personal
 - Cuidado adulto | Jabón en barra -> https://www.unimarc.cl/category/perfumeria/cuidado-personal/jabon-en-barra
 - Cuidado adulto | Jabón líquido -> https://www.unimarc.cl/category/perfumeria/cuidado-personal/jabon-liquido
 - Cuidado adulto | Gel de ducha -> https://www.unimarc.cl/category/perfumeria/cuidado-personal/gel-de-ducha
 - Cuidado adulto | Alcohol gel -> https://www.unimarc.cl/category/perfumeria/cuidado-personal/alcohol-gel
 - Cuidado adulto | Cosméticos y desmaquillantes -> https://www.unimarc.cl/category/perfumeria/cuidado-personal/cosmeticos-y-desmaquillantes
 - Cuidado adulto | Cuidado pies -> https://www.unimarc.cl/category/perfumeria/cuidado-personal/cuidado-pies
 - Cuidado adulto | Esponjas y accesorios -> https://www.unimarc.cl/category/perfumeria/cuidado-personal/esponjas-y-accesorios
 - Cuidado adulto | Cuidado corporal y facial -> https://www.unimarc.cl/category/perfumeria/cuidado-corporal-y-facial
 - Cuidado adulto | Cremas corporales -> https://www.unimarc.cl/category/perfumeria/cuidado-corporal-y-facial/cremas-corporales
 - Cuidado adulto | Cremas de mano -> https://www.unimarc.cl/category/perfumeria/cuidado-corporal-y-facial/cremas-de-mano
 - Cuidado adulto | Protección solar -> https://www.unimarc.cl/category/perfumeria/cuidado-corporal-y-facial/proteccion-solar
 - Cuidado adulto | Cremas faciales -> https://www.unimarc.cl/category/perfumeria/cuidado-corporal-y-facial/cremas-faciales
 - Cuidado adulto | Cuidado femenino -> https://www.unimarc.cl/category/perfumeria/cuidado-femenino
 - Cuidado adulto | Protección femenina -> https://www.unimarc.cl/category/perfumeria/cuidado-femenino/proteccion-femenina
 - Cuidado adulto | Desodorante -> https://www.unimarc.cl/category/perfumeria/cuidado-femenino/desodorante
 - Cuidado adulto | Depilación -> https://www.unimarc.cl/category/perfumeria/cuidado-femenino/depilacion
 - Cuidado adulto | Colonia -> https://www.unimarc.cl/category/perfumeria/cuidado-femenino/colonia
 - Cuidado adulto | Cuidado masculino -> https://www.unimarc.cl/category/perfumeria/cuidado-masculino
 - Cuidado adulto | Desodorantes -> https://www.unimarc.cl/category/perfumeria/cuidado-masculino/desodorantes
 - Cuidado adulto | Afeitadoras y repuestos -> https://www.unimarc.cl/category/perfumeria/cuidado-masculino/afeitadoras-y-repuestos
 - Cuidado adulto | Crema, gel y espuma de afeitar -> https://www.unimarc.cl/category/perfumeria/cuidado-masculino/crema-gel-y-espuma-de-afeitar
 - Cuidado adulto | Colonias -> https://www.unimarc.cl/category/perfumeria/cuidado-masculino/colonias
 - Cuidado adulto | Cuidado adulto -> https://www.unimarc.cl/category/perfumeria/cuidado-adulto
 - Cuidado adulto | Pañales y pants -> https://www.unimarc.cl/category/perfumeria/cuidado-adulto/panales-y-pants
 - Cuidado adulto | Protectores y toallas húmedas -> https://www.unimarc.cl/category/perfumeria/cuidado-adulto/protectores-y-toallas-humedas
 - Cuidado adulto | Protección cama -> https://www.unimarc.cl/category/perfumeria/cuidado-adulto/proteccion-cama
 - Cuidado adulto | Farmacia -> https://www.unimarc.cl/category/perfumeria/farmacia
 - Cuidado adulto | Primeros auxilios -> https://www.unimarc.cl/category/perfumeria/farmacia/primeros-auxilios
 - Cuidado adulto | Preservativos y lubricantes -> https://www.unimarc.cl/category/perfumeria/farmacia/preservativos-y-lubricantes
 - Cuidado adulto | Vitaminas y suplementos -> https://www.unimarc.cl/category/perfumeria/farmacia/vitaminas-y-suplementos
 - Farmacia | Cuidado capilar -> https://www.unimarc.cl/category/perfumeria/cuidado-capilar
 - Farmacia | Shampoo -> https://www.unimarc.cl/category/perfumeria/cuidado-capilar/shampoo
 - Farmacia | Acondicionador -> https://www.unimarc.cl/category/perfumeria/cuidado-capilar/acondicionador
 - Farmacia | Cremas para peinar -> https://www.unimarc.cl/category/perfumeria/cuidado-capilar/cremas-para-peinar
 - Farmacia | Coloración y tinturas -> https://www.unimarc.cl/category/perfumeria/cuidado-capilar/coloracion-y-tinturas
 - Farmacia | Fijadores -> https://www.unimarc.cl/category/perfumeria/cuidado-capilar/fijadores
 - Farmacia | Cepillos, peinetas y accesorios -> https://www.unimarc.cl/category/perfumeria/cuidado-capilar/cepillos-peinetas-y-accesorios
 - Farmacia | Cuidado bucal -> https://www.unimarc.cl/category/perfumeria/cuidado-bucal
 - Farmacia | Pasta dental -> https://www.unimarc.cl/category/perfumeria/cuidado-bucal/pasta-dental
 - Farmacia | Cepillos -> https://www.unimarc.cl/category/perfumeria/cuidado-bucal/cepillos
 - Farmacia | Enjuague bucal y sedas -> https://www.unimarc.cl/category/perfumeria/cuidado-bucal/enjuague-bucal-y-sedas
 - Farmacia | Cuidado personal -> https://www.unimarc.cl/category/perfumeria/cuidado-personal
 - Farmacia | Jabón en barra -> https://www.unimarc.cl/category/perfumeria/cuidado-personal/jabon-en-barra
 - Farmacia | Jabón líquido -> https://www.unimarc.cl/category/perfumeria/cuidado-personal/jabon-liquido
 - Farmacia | Gel de ducha -> https://www.unimarc.cl/category/perfumeria/cuidado-personal/gel-de-ducha
 - Farmacia | Alcohol gel -> https://www.unimarc.cl/category/perfumeria/cuidado-personal/alcohol-gel
 - Farmacia | Cosméticos y desmaquillantes -> https://www.unimarc.cl/category/perfumeria/cuidado-personal/cosmeticos-y-desmaquillantes
 - Farmacia | Cuidado pies -> https://www.unimarc.cl/category/perfumeria/cuidado-personal/cuidado-pies
 - Farmacia | Esponjas y accesorios -> https://www.unimarc.cl/category/perfumeria/cuidado-personal/esponjas-y-accesorios
 - Farmacia | Cuidado corporal y facial -> https://www.unimarc.cl/category/perfumeria/cuidado-corporal-y-facial
 - Farmacia | Cremas corporales -> https://www.unimarc.cl/category/perfumeria/cuidado-corporal-y-facial/cremas-corporales
 - Farmacia | Cremas de mano -> https://www.unimarc.cl/category/perfumeria/cuidado-corporal-y-facial/cremas-de-mano
 - Farmacia | Protección solar -> https://www.unimarc.cl/category/perfumeria/cuidado-corporal-y-facial/proteccion-solar
 - Farmacia | Cremas faciales -> https://www.unimarc.cl/category/perfumeria/cuidado-corporal-y-facial/cremas-faciales
 - Farmacia | Cuidado femenino -> https://www.unimarc.cl/category/perfumeria/cuidado-femenino
 - Farmacia | Protección femenina -> https://www.unimarc.cl/category/perfumeria/cuidado-femenino/proteccion-femenina
 - Farmacia | Desodorante -> https://www.unimarc.cl/category/perfumeria/cuidado-femenino/desodorante
 - Farmacia | Depilación -> https://www.unimarc.cl/category/perfumeria/cuidado-femenino/depilacion
 - Farmacia | Colonia -> https://www.unimarc.cl/category/perfumeria/cuidado-femenino/colonia
 - Farmacia | Cuidado masculino -> https://www.unimarc.cl/category/perfumeria/cuidado-masculino
 - Farmacia | Desodorantes -> https://www.unimarc.cl/category/perfumeria/cuidado-masculino/desodorantes
 - Farmacia | Afeitadoras y repuestos -> https://www.unimarc.cl/category/perfumeria/cuidado-masculino/afeitadoras-y-repuestos
 - Farmacia | Crema, gel y espuma de afeitar -> https://www.unimarc.cl/category/perfumeria/cuidado-masculino/crema-gel-y-espuma-de-afeitar
 - Farmacia | Colonias -> https://www.unimarc.cl/category/perfumeria/cuidado-masculino/colonias
 - Farmacia | Cuidado adulto -> https://www.unimarc.cl/category/perfumeria/cuidado-adulto
 - Farmacia | Pañales y pants -> https://www.unimarc.cl/category/perfumeria/cuidado-adulto/panales-y-pants
 - Farmacia | Protectores y toallas húmedas -> https://www.unimarc.cl/category/perfumeria/cuidado-adulto/protectores-y-toallas-humedas
 - Farmacia | Protección cama -> https://www.unimarc.cl/category/perfumeria/cuidado-adulto/proteccion-cama
 - Farmacia | Farmacia -> https://www.unimarc.cl/category/perfumeria/farmacia
 - Farmacia | Primeros auxilios -> https://www.unimarc.cl/category/perfumeria/farmacia/primeros-auxilios
 - Farmacia | Preservativos y lubricantes -> https://www.unimarc.cl/category/perfumeria/farmacia/preservativos-y-lubricantes
 - Farmacia | Vitaminas y suplementos -> https://www.unimarc.cl/category/perfumeria/farmacia/vitaminas-y-suplementos

Scrape: [Cuidado capilar] Cuidado capilar
  productos únicos: 100

Scrape: [Cuidado capilar] Shampoo
  productos únicos: 100

Scrape: [Cuidado capilar] Acondicionador
  productos únicos: 100

Scrape: [Cuidado capilar] Cremas para peinar
  productos únicos: 92

Scrape: [Cuidado capilar] Coloración y tinturas
  productos únicos: 100

Scrape: [Cuidado capilar] Fijadores
  productos únicos: 11

Scrape: [Cuidado capilar] Cepillos, peinetas y accesorios
  productos únicos: 7

Scrape: [Cuidado capilar] Cuidado bucal
  productos únicos: 100

Scrape: [Cuidado capilar] Pasta dental
  productos únicos: 84

Scrape: [Cuidado capilar] Cepillos
  productos únicos: 59

Scrape: [Cuidado capilar] Enjuague bucal y sedas
  productos únicos: 23

Scrape: [Cuidado capilar] Cuidado personal
  productos únicos: 100

Scrape: [Cuidado capilar] Jabón en barra
  productos únicos: 23

Scrape: [Cuidado capilar] Jabón líquido
  productos únicos: 49

Scrape: [Cuidado capilar] Gel de ducha
  productos únicos: 3

Scrape: [Cuidado capilar] Alcohol gel
  productos únicos: 3

Scrape: [Cuidado capilar] Cosméticos y desmaquillantes
  productos únicos: 39

Scrape: [Cuidado capilar] Cuidado pies
  productos únicos: 10

Scrape: [Cuidado capilar] Esponjas y accesorios
  productos únicos: 3

Scrape: [Cuidado capilar] Cuidado corporal y facial
  productos únicos: 87

Scrape: [Cuidado capilar] Cremas corporales
  productos únicos: 34

Scrape: [Cuidado capilar] Cremas de mano
  productos únicos: 7

Scrape: [Cuidado capilar] Protección solar
  productos únicos: 11

Scrape: [Cuidado capilar] Cremas faciales
  productos únicos: 35

Scrape: [Cuidado capilar] Cuidado femenino
  productos únicos: 100

Scrape: [Cuidado capilar] Protección femenina
  productos únicos: 100

Scrape: [Cuidado capilar] Desodorante
  productos únicos: 100

Scrape: [Cuidado capilar] Depilación
  productos únicos: 26

Scrape: [Cuidado capilar] Colonia
  productos únicos: 13

Scrape: [Cuidado capilar] Cuidado masculino
  productos únicos: 100

Scrape: [Cuidado capilar] Desodorantes
  productos únicos: 93

Scrape: [Cuidado capilar] Afeitadoras y repuestos
  productos únicos: 39

Scrape: [Cuidado capilar] Crema, gel y espuma de afeitar
  productos únicos: 11

Scrape: [Cuidado capilar] Colonias
  productos únicos: 3

Scrape: [Cuidado capilar] Cuidado adulto
  productos únicos: 42

Scrape: [Cuidado capilar] Pañales y pants
  productos únicos: 33

Scrape: [Cuidado capilar] Protectores y toallas húmedas
  productos únicos: 7

Scrape: [Cuidado capilar] Protección cama
  productos únicos: 2

Scrape: [Cuidado capilar] Farmacia
  productos únicos: 18

Scrape: [Cuidado capilar] Primeros auxilios
  productos únicos: 12

Scrape: [Cuidado capilar] Preservativos y lubricantes
  productos únicos: 6

Scrape: [Cuidado capilar] Vitaminas y suplementos
  productos únicos: 0

Scrape: [Cuidado bucal] Cuidado capilar
  productos únicos: 100

Scrape: [Cuidado bucal] Shampoo
  productos únicos: 100

Scrape: [Cuidado bucal] Acondicionador
  productos únicos: 100

Scrape: [Cuidado bucal] Cremas para peinar
  productos únicos: 92

Scrape: [Cuidado bucal] Coloración y tinturas
  productos únicos: 100

Scrape: [Cuidado bucal] Fijadores
  productos únicos: 11

Scrape: [Cuidado bucal] Cepillos, peinetas y accesorios
  productos únicos: 7

Scrape: [Cuidado bucal] Cuidado bucal
  productos únicos: 100

Scrape: [Cuidado bucal] Pasta dental
  productos únicos: 84

Scrape: [Cuidado bucal] Cepillos
  productos únicos: 59

Scrape: [Cuidado bucal] Enjuague bucal y sedas
  productos únicos: 23

Scrape: [Cuidado bucal] Cuidado personal
  productos únicos: 100

Scrape: [Cuidado bucal] Jabón en barra
  productos únicos: 23

Scrape: [Cuidado bucal] Jabón líquido
  productos únicos: 49

Scrape: [Cuidado bucal] Gel de ducha
  productos únicos: 3

Scrape: [Cuidado bucal] Alcohol gel
  productos únicos: 3

Scrape: [Cuidado bucal] Cosméticos y desmaquillantes
  productos únicos: 39

Scrape: [Cuidado bucal] Cuidado pies
  productos únicos: 10

Scrape: [Cuidado bucal] Esponjas y accesorios
  productos únicos: 3

Scrape: [Cuidado bucal] Cuidado corporal y facial
  productos únicos: 87

Scrape: [Cuidado bucal] Cremas corporales
  productos únicos: 34

Scrape: [Cuidado bucal] Cremas de mano
  productos únicos: 7

Scrape: [Cuidado bucal] Protección solar
  productos únicos: 11

Scrape: [Cuidado bucal] Cremas faciales
  productos únicos: 35

Scrape: [Cuidado bucal] Cuidado femenino
  productos únicos: 100

Scrape: [Cuidado bucal] Protección femenina
  productos únicos: 100

Scrape: [Cuidado bucal] Desodorante
  productos únicos: 100

Scrape: [Cuidado bucal] Depilación
  productos únicos: 26

Scrape: [Cuidado bucal] Colonia
  productos únicos: 13

Scrape: [Cuidado bucal] Cuidado masculino
  productos únicos: 100

Scrape: [Cuidado bucal] Desodorantes
  productos únicos: 93

Scrape: [Cuidado bucal] Afeitadoras y repuestos
  productos únicos: 39

Scrape: [Cuidado bucal] Crema, gel y espuma de afeitar
  productos únicos: 11

Scrape: [Cuidado bucal] Colonias
  productos únicos: 3

Scrape: [Cuidado bucal] Cuidado adulto
  productos únicos: 42

Scrape: [Cuidado bucal] Pañales y pants
  productos únicos: 33

Scrape: [Cuidado bucal] Protectores y toallas húmedas
  productos únicos: 7

Scrape: [Cuidado bucal] Protección cama
  productos únicos: 2

Scrape: [Cuidado bucal] Farmacia
  productos únicos: 18

Scrape: [Cuidado bucal] Primeros auxilios
  productos únicos: 12

Scrape: [Cuidado bucal] Preservativos y lubricantes
  productos únicos: 6

Scrape: [Cuidado bucal] Vitaminas y suplementos
  productos únicos: 0

Scrape: [Cuidado personal] Cuidado capilar
  productos únicos: 100

Scrape: [Cuidado personal] Shampoo
  productos únicos: 100

Scrape: [Cuidado personal] Acondicionador
  productos únicos: 100

Scrape: [Cuidado personal] Cremas para peinar
  productos únicos: 92

Scrape: [Cuidado personal] Coloración y tinturas
  productos únicos: 100

Scrape: [Cuidado personal] Fijadores
  productos únicos: 11

Scrape: [Cuidado personal] Cepillos, peinetas y accesorios
  productos únicos: 7

Scrape: [Cuidado personal] Cuidado bucal
  productos únicos: 100

Scrape: [Cuidado personal] Pasta dental
  productos únicos: 84

Scrape: [Cuidado personal] Cepillos
  productos únicos: 59

Scrape: [Cuidado personal] Enjuague bucal y sedas
  productos únicos: 23

Scrape: [Cuidado personal] Cuidado personal
  productos únicos: 100

Scrape: [Cuidado personal] Jabón en barra
  productos únicos: 23

Scrape: [Cuidado personal] Jabón líquido
  productos únicos: 49

Scrape: [Cuidado personal] Gel de ducha
  productos únicos: 3

Scrape: [Cuidado personal] Alcohol gel
  productos únicos: 3

Scrape: [Cuidado personal] Cosméticos y desmaquillantes
  productos únicos: 39

Scrape: [Cuidado personal] Cuidado pies
  productos únicos: 10

Scrape: [Cuidado personal] Esponjas y accesorios
  productos únicos: 3

Scrape: [Cuidado personal] Cuidado corporal y facial
  productos únicos: 87

Scrape: [Cuidado personal] Cremas corporales
  productos únicos: 34

Scrape: [Cuidado personal] Cremas de mano
  productos únicos: 7

Scrape: [Cuidado personal] Protección solar
  productos únicos: 11

Scrape: [Cuidado personal] Cremas faciales
  productos únicos: 35

Scrape: [Cuidado personal] Cuidado femenino
  productos únicos: 100

Scrape: [Cuidado personal] Protección femenina
  productos únicos: 100

Scrape: [Cuidado personal] Desodorante
  productos únicos: 100

Scrape: [Cuidado personal] Depilación
  productos únicos: 26

Scrape: [Cuidado personal] Colonia
  productos únicos: 13

Scrape: [Cuidado personal] Cuidado masculino
  productos únicos: 100

Scrape: [Cuidado personal] Desodorantes
  productos únicos: 93

Scrape: [Cuidado personal] Afeitadoras y repuestos
  productos únicos: 39

Scrape: [Cuidado personal] Crema, gel y espuma de afeitar
  productos únicos: 11

Scrape: [Cuidado personal] Colonias
  productos únicos: 3

Scrape: [Cuidado personal] Cuidado adulto
  productos únicos: 42

Scrape: [Cuidado personal] Pañales y pants
  productos únicos: 33

Scrape: [Cuidado personal] Protectores y toallas húmedas
  productos únicos: 7

Scrape: [Cuidado personal] Protección cama
  productos únicos: 2

Scrape: [Cuidado personal] Farmacia
  productos únicos: 18

Scrape: [Cuidado personal] Primeros auxilios
  productos únicos: 12

Scrape: [Cuidado personal] Preservativos y lubricantes
  productos únicos: 6

Scrape: [Cuidado personal] Vitaminas y suplementos
  productos únicos: 0

Scrape: [Cuidado corporal y facial] Cuidado capilar
  productos únicos: 100

Scrape: [Cuidado corporal y facial] Shampoo
  productos únicos: 100

Scrape: [Cuidado corporal y facial] Acondicionador
  productos únicos: 100

Scrape: [Cuidado corporal y facial] Cremas para peinar
  productos únicos: 92

Scrape: [Cuidado corporal y facial] Coloración y tinturas
  productos únicos: 100

Scrape: [Cuidado corporal y facial] Fijadores
  productos únicos: 11

Scrape: [Cuidado corporal y facial] Cepillos, peinetas y accesorios
  productos únicos: 7

Scrape: [Cuidado corporal y facial] Cuidado bucal
  productos únicos: 100

Scrape: [Cuidado corporal y facial] Pasta dental
  productos únicos: 84

Scrape: [Cuidado corporal y facial] Cepillos
  productos únicos: 59

Scrape: [Cuidado corporal y facial] Enjuague bucal y sedas
  productos únicos: 23

Scrape: [Cuidado corporal y facial] Cuidado personal
  productos únicos: 100

Scrape: [Cuidado corporal y facial] Jabón en barra
  productos únicos: 23

Scrape: [Cuidado corporal y facial] Jabón líquido
  productos únicos: 49

Scrape: [Cuidado corporal y facial] Gel de ducha
  productos únicos: 3

Scrape: [Cuidado corporal y facial] Alcohol gel
  productos únicos: 3

Scrape: [Cuidado corporal y facial] Cosméticos y desmaquillantes
  productos únicos: 39

Scrape: [Cuidado corporal y facial] Cuidado pies
  productos únicos: 10

Scrape: [Cuidado corporal y facial] Esponjas y accesorios
  productos únicos: 3

Scrape: [Cuidado corporal y facial] Cuidado corporal y facial
  productos únicos: 87

Scrape: [Cuidado corporal y facial] Cremas corporales
  productos únicos: 34

Scrape: [Cuidado corporal y facial] Cremas de mano
  productos únicos: 7

Scrape: [Cuidado corporal y facial] Protección solar
  productos únicos: 11

Scrape: [Cuidado corporal y facial] Cremas faciales
  productos únicos: 35

Scrape: [Cuidado corporal y facial] Cuidado femenino
  productos únicos: 100

Scrape: [Cuidado corporal y facial] Protección femenina
  productos únicos: 100

Scrape: [Cuidado corporal y facial] Desodorante
  productos únicos: 100

Scrape: [Cuidado corporal y facial] Depilación
  productos únicos: 26

Scrape: [Cuidado corporal y facial] Colonia
  productos únicos: 13

Scrape: [Cuidado corporal y facial] Cuidado masculino
  productos únicos: 100

Scrape: [Cuidado corporal y facial] Desodorantes
  productos únicos: 93

Scrape: [Cuidado corporal y facial] Afeitadoras y repuestos
  productos únicos: 39

Scrape: [Cuidado corporal y facial] Crema, gel y espuma de afeitar
  productos únicos: 11

Scrape: [Cuidado corporal y facial] Colonias
  productos únicos: 3

Scrape: [Cuidado corporal y facial] Cuidado adulto
  productos únicos: 42

Scrape: [Cuidado corporal y facial] Pañales y pants
  productos únicos: 33

Scrape: [Cuidado corporal y facial] Protectores y toallas húmedas
  productos únicos: 7

Scrape: [Cuidado corporal y facial] Protección cama
  productos únicos: 2

Scrape: [Cuidado corporal y facial] Farmacia
  productos únicos: 18

Scrape: [Cuidado corporal y facial] Primeros auxilios
  productos únicos: 12

Scrape: [Cuidado corporal y facial] Preservativos y lubricantes
  productos únicos: 6

Scrape: [Cuidado corporal y facial] Vitaminas y suplementos
  productos únicos: 0

Scrape: [Cuidado femenino] Cuidado capilar
  productos únicos: 100

Scrape: [Cuidado femenino] Shampoo
  productos únicos: 100

Scrape: [Cuidado femenino] Acondicionador
  productos únicos: 100

Scrape: [Cuidado femenino] Cremas para peinar
  productos únicos: 92

Scrape: [Cuidado femenino] Coloración y tinturas
  productos únicos: 100

Scrape: [Cuidado femenino] Fijadores
  productos únicos: 11

Scrape: [Cuidado femenino] Cepillos, peinetas y accesorios
  productos únicos: 7

Scrape: [Cuidado femenino] Cuidado bucal
  productos únicos: 100

Scrape: [Cuidado femenino] Pasta dental
  productos únicos: 84

Scrape: [Cuidado femenino] Cepillos
  productos únicos: 59

Scrape: [Cuidado femenino] Enjuague bucal y sedas
  productos únicos: 23

Scrape: [Cuidado femenino] Cuidado personal
  productos únicos: 100

Scrape: [Cuidado femenino] Jabón en barra
  productos únicos: 23

Scrape: [Cuidado femenino] Jabón líquido
  productos únicos: 49

Scrape: [Cuidado femenino] Gel de ducha
  productos únicos: 3

Scrape: [Cuidado femenino] Alcohol gel
  productos únicos: 3

Scrape: [Cuidado femenino] Cosméticos y desmaquillantes
  productos únicos: 39

Scrape: [Cuidado femenino] Cuidado pies
  productos únicos: 10

Scrape: [Cuidado femenino] Esponjas y accesorios
  productos únicos: 3

Scrape: [Cuidado femenino] Cuidado corporal y facial
  productos únicos: 87

Scrape: [Cuidado femenino] Cremas corporales
  productos únicos: 34

Scrape: [Cuidado femenino] Cremas de mano
  productos únicos: 7

Scrape: [Cuidado femenino] Protección solar
  productos únicos: 11

Scrape: [Cuidado femenino] Cremas faciales
  productos únicos: 35

Scrape: [Cuidado femenino] Cuidado femenino
  productos únicos: 100

Scrape: [Cuidado femenino] Protección femenina
  productos únicos: 100

Scrape: [Cuidado femenino] Desodorante
  productos únicos: 100

Scrape: [Cuidado femenino] Depilación
  productos únicos: 26

Scrape: [Cuidado femenino] Colonia
  productos únicos: 13

Scrape: [Cuidado femenino] Cuidado masculino
  productos únicos: 100

Scrape: [Cuidado femenino] Desodorantes
  productos únicos: 93

Scrape: [Cuidado femenino] Afeitadoras y repuestos
  productos únicos: 39

Scrape: [Cuidado femenino] Crema, gel y espuma de afeitar
  productos únicos: 11

Scrape: [Cuidado femenino] Colonias
  productos únicos: 3

Scrape: [Cuidado femenino] Cuidado adulto
  productos únicos: 42

Scrape: [Cuidado femenino] Pañales y pants
  productos únicos: 33

Scrape: [Cuidado femenino] Protectores y toallas húmedas
  productos únicos: 7

Scrape: [Cuidado femenino] Protección cama
  productos únicos: 2

Scrape: [Cuidado femenino] Farmacia
  productos únicos: 18

Scrape: [Cuidado femenino] Primeros auxilios
  productos únicos: 12

Scrape: [Cuidado femenino] Preservativos y lubricantes
  productos únicos: 6

Scrape: [Cuidado femenino] Vitaminas y suplementos
  productos únicos: 0

Scrape: [Cuidado masculino] Cuidado capilar
  productos únicos: 100

Scrape: [Cuidado masculino] Shampoo
  productos únicos: 100

Scrape: [Cuidado masculino] Acondicionador
  productos únicos: 100

Scrape: [Cuidado masculino] Cremas para peinar
  productos únicos: 92

Scrape: [Cuidado masculino] Coloración y tinturas
  productos únicos: 100

Scrape: [Cuidado masculino] Fijadores
  productos únicos: 11

Scrape: [Cuidado masculino] Cepillos, peinetas y accesorios
  productos únicos: 7

Scrape: [Cuidado masculino] Cuidado bucal
  productos únicos: 100

Scrape: [Cuidado masculino] Pasta dental
  productos únicos: 84

Scrape: [Cuidado masculino] Cepillos
  productos únicos: 59

Scrape: [Cuidado masculino] Enjuague bucal y sedas
  productos únicos: 23

Scrape: [Cuidado masculino] Cuidado personal
  productos únicos: 100

Scrape: [Cuidado masculino] Jabón en barra
  productos únicos: 23

Scrape: [Cuidado masculino] Jabón líquido
  productos únicos: 49

Scrape: [Cuidado masculino] Gel de ducha
  productos únicos: 3

Scrape: [Cuidado masculino] Alcohol gel
  productos únicos: 3

Scrape: [Cuidado masculino] Cosméticos y desmaquillantes
  productos únicos: 39

Scrape: [Cuidado masculino] Cuidado pies
  productos únicos: 10

Scrape: [Cuidado masculino] Esponjas y accesorios
  productos únicos: 3

Scrape: [Cuidado masculino] Cuidado corporal y facial
  productos únicos: 87

Scrape: [Cuidado masculino] Cremas corporales
  productos únicos: 34

Scrape: [Cuidado masculino] Cremas de mano
  productos únicos: 7

Scrape: [Cuidado masculino] Protección solar
  productos únicos: 11

Scrape: [Cuidado masculino] Cremas faciales
  productos únicos: 35

Scrape: [Cuidado masculino] Cuidado femenino
  productos únicos: 100

Scrape: [Cuidado masculino] Protección femenina
  productos únicos: 100

Scrape: [Cuidado masculino] Desodorante
  productos únicos: 100

Scrape: [Cuidado masculino] Depilación
  productos únicos: 26

Scrape: [Cuidado masculino] Colonia
  productos únicos: 13

Scrape: [Cuidado masculino] Cuidado masculino
  productos únicos: 100

Scrape: [Cuidado masculino] Desodorantes
  productos únicos: 93

Scrape: [Cuidado masculino] Afeitadoras y repuestos
  productos únicos: 39

Scrape: [Cuidado masculino] Crema, gel y espuma de afeitar
  productos únicos: 11

Scrape: [Cuidado masculino] Colonias
  productos únicos: 3

Scrape: [Cuidado masculino] Cuidado adulto
  productos únicos: 42

Scrape: [Cuidado masculino] Pañales y pants
  productos únicos: 33

Scrape: [Cuidado masculino] Protectores y toallas húmedas
  productos únicos: 7

Scrape: [Cuidado masculino] Protección cama
  productos únicos: 2

Scrape: [Cuidado masculino] Farmacia
  productos únicos: 18

Scrape: [Cuidado masculino] Primeros auxilios
  productos únicos: 12

Scrape: [Cuidado masculino] Preservativos y lubricantes
  productos únicos: 6

Scrape: [Cuidado masculino] Vitaminas y suplementos
  productos únicos: 0

Scrape: [Cuidado adulto] Cuidado capilar
  productos únicos: 100

Scrape: [Cuidado adulto] Shampoo
  productos únicos: 100

Scrape: [Cuidado adulto] Acondicionador
  productos únicos: 100

Scrape: [Cuidado adulto] Cremas para peinar
  productos únicos: 92

Scrape: [Cuidado adulto] Coloración y tinturas
  productos únicos: 100

Scrape: [Cuidado adulto] Fijadores
  productos únicos: 11

Scrape: [Cuidado adulto] Cepillos, peinetas y accesorios
  productos únicos: 7

Scrape: [Cuidado adulto] Cuidado bucal
  productos únicos: 100

Scrape: [Cuidado adulto] Pasta dental
  productos únicos: 84

Scrape: [Cuidado adulto] Cepillos
  productos únicos: 59

Scrape: [Cuidado adulto] Enjuague bucal y sedas
  productos únicos: 23

Scrape: [Cuidado adulto] Cuidado personal
  productos únicos: 100

Scrape: [Cuidado adulto] Jabón en barra
  productos únicos: 23

Scrape: [Cuidado adulto] Jabón líquido
  productos únicos: 49

Scrape: [Cuidado adulto] Gel de ducha
  productos únicos: 3

Scrape: [Cuidado adulto] Alcohol gel
  productos únicos: 3

Scrape: [Cuidado adulto] Cosméticos y desmaquillantes
  productos únicos: 39

Scrape: [Cuidado adulto] Cuidado pies
  productos únicos: 10

Scrape: [Cuidado adulto] Esponjas y accesorios
  productos únicos: 3

Scrape: [Cuidado adulto] Cuidado corporal y facial
  productos únicos: 87

Scrape: [Cuidado adulto] Cremas corporales
  productos únicos: 34

Scrape: [Cuidado adulto] Cremas de mano
  productos únicos: 7

Scrape: [Cuidado adulto] Protección solar
  productos únicos: 11

Scrape: [Cuidado adulto] Cremas faciales
  productos únicos: 35

Scrape: [Cuidado adulto] Cuidado femenino
  productos únicos: 100

Scrape: [Cuidado adulto] Protección femenina
  productos únicos: 100

Scrape: [Cuidado adulto] Desodorante
  productos únicos: 100

Scrape: [Cuidado adulto] Depilación
  productos únicos: 26

Scrape: [Cuidado adulto] Colonia
  productos únicos: 13

Scrape: [Cuidado adulto] Cuidado masculino
  productos únicos: 100

Scrape: [Cuidado adulto] Desodorantes
  productos únicos: 93

Scrape: [Cuidado adulto] Afeitadoras y repuestos
  productos únicos: 39

Scrape: [Cuidado adulto] Crema, gel y espuma de afeitar
  productos únicos: 11

Scrape: [Cuidado adulto] Colonias
  productos únicos: 3

Scrape: [Cuidado adulto] Cuidado adulto
  productos únicos: 42

Scrape: [Cuidado adulto] Pañales y pants
  productos únicos: 33

Scrape: [Cuidado adulto] Protectores y toallas húmedas
  productos únicos: 7

Scrape: [Cuidado adulto] Protección cama
  productos únicos: 2

Scrape: [Cuidado adulto] Farmacia
  productos únicos: 18

Scrape: [Cuidado adulto] Primeros auxilios
  productos únicos: 12

Scrape: [Cuidado adulto] Preservativos y lubricantes
  productos únicos: 6

Scrape: [Cuidado adulto] Vitaminas y suplementos
  productos únicos: 0

Scrape: [Farmacia] Cuidado capilar
  productos únicos: 100

Scrape: [Farmacia] Shampoo
  productos únicos: 100

Scrape: [Farmacia] Acondicionador
  productos únicos: 100

Scrape: [Farmacia] Cremas para peinar
  productos únicos: 92

Scrape: [Farmacia] Coloración y tinturas
  productos únicos: 100

Scrape: [Farmacia] Fijadores
  productos únicos: 11

Scrape: [Farmacia] Cepillos, peinetas y accesorios
  productos únicos: 7

Scrape: [Farmacia] Cuidado bucal
  productos únicos: 100

Scrape: [Farmacia] Pasta dental
  productos únicos: 84

Scrape: [Farmacia] Cepillos
  productos únicos: 59

Scrape: [Farmacia] Enjuague bucal y sedas
  productos únicos: 23

Scrape: [Farmacia] Cuidado personal
  productos únicos: 100

Scrape: [Farmacia] Jabón en barra
  productos únicos: 23

Scrape: [Farmacia] Jabón líquido
  productos únicos: 49

Scrape: [Farmacia] Gel de ducha
  productos únicos: 3

Scrape: [Farmacia] Alcohol gel
  productos únicos: 3

Scrape: [Farmacia] Cosméticos y desmaquillantes
  productos únicos: 39

Scrape: [Farmacia] Cuidado pies
  productos únicos: 10

Scrape: [Farmacia] Esponjas y accesorios
  productos únicos: 3

Scrape: [Farmacia] Cuidado corporal y facial
  productos únicos: 87

Scrape: [Farmacia] Cremas corporales
  productos únicos: 34

Scrape: [Farmacia] Cremas de mano
  productos únicos: 7

Scrape: [Farmacia] Protección solar
  productos únicos: 11

Scrape: [Farmacia] Cremas faciales
  productos únicos: 35

Scrape: [Farmacia] Cuidado femenino
  productos únicos: 100

Scrape: [Farmacia] Protección femenina
  productos únicos: 100

Scrape: [Farmacia] Desodorante
  productos únicos: 100

Scrape: [Farmacia] Depilación
  productos únicos: 26

Scrape: [Farmacia] Colonia
  productos únicos: 13

Scrape: [Farmacia] Cuidado masculino
  productos únicos: 100

Scrape: [Farmacia] Desodorantes
  productos únicos: 93

Scrape: [Farmacia] Afeitadoras y repuestos
  productos únicos: 39

Scrape: [Farmacia] Crema, gel y espuma de afeitar
  productos únicos: 11

Scrape: [Farmacia] Colonias
  productos únicos: 3

Scrape: [Farmacia] Cuidado adulto
  productos únicos: 42

Scrape: [Farmacia] Pañales y pants
  productos únicos: 33

Scrape: [Farmacia] Protectores y toallas húmedas
  productos únicos: 7

Scrape: [Farmacia] Protección cama
  productos únicos: 2

Scrape: [Farmacia] Farmacia
  productos únicos: 18

Scrape: [Farmacia] Primeros auxilios
  productos únicos: 12

Scrape: [Farmacia] Preservativos y lubricantes
  productos únicos: 6

Scrape: [Farmacia] Vitaminas y suplementos
  productos únicos: 0

Total filas: 1885
CSV generado: C:\Users\fvergram\OneDrive - NTT DATA EMEAL\Desktop\webscrapping\Supermercados\Unimarc\src\output\perfumerias\unimarc_perfumeria_subcats_20260220_200815.csv
